[Info] [carb] Logging to file: /home/jingxiang/workspace/agenticsim-runtime/.venv/lib/python3.11/site-packages/isaacsim/kit/logs/Kit/Isaac-Sim Python/5.1/kit_20260715_155650.log
2026-07-15T07:56:50Z [0ms] [Warning] [carb.crashreporter-breakpad.plugin] [previous crash] preventing upload of minidump due to user opt-out: '/home/jingxiang/workspace/agenticsim-runtime/.venv/lib/python3.11/site-packages/isaacsim/kit/data/Kit/Isaac-Sim Python/5.1/cc42f149-c97a-484f-4e970ebc-3249862a.dmp'
[0.032s] [ext: omni.kit.async_engine-0.0.3] startup
[0.104s] [ext: omni.metrics.core-0.0.3] startup
[0.105s] [ext: omni.client.lib-1.1.0] startup
[0.113s] [ext: omni.blobkey-1.1.2] startup
[0.113s] [ext: omni.stats-1.0.1] startup
[0.114s] [ext: omni.datastore-0.0.0] startup
[0.118s] [ext: omni.client-1.3.0] startup
[0.121s] [ext: omni.ujitso.default-1.0.0] startup
[0.122s] [ext: omni.hsscclient-1.1.2] startup
[0.125s] [ext: omni.gpu_foundation.shadercache.vulkan-1.0.0] startup
[0.126s] [ext: omni.assets.plugins-0.0.0] startup
[0.127s] [ext: omni.gpu_foundation-0.0.0] startup
[0.133s] [ext: carb.windowing.plugins-1.0.0] startup
2026-07-15T07:56:50Z [124ms] [Warning] [carb.windowing-glfw.plugin] GLFW initialization failed.
2026-07-15T07:56:50Z [124ms] [Warning] [carb] Failed to startup plugin carb.windowing-glfw.plugin (interfaces: [carb::windowing::IGLContext v1.0],[carb::windowing::IWindowing v1.5]) (impl: carb.windowing-glfw.plugin)
[0.134s] [ext: omni.kit.renderer.init-0.0.0] startup
2026-07-15T07:56:50Z [134ms] [Warning] [omni.platforminfo.plugin] failed to open the default display.  Can't verify X Server version.

|---------------------------------------------------------------------------------------------|
| Driver Version: 580.159.03    | Graphics API: Vulkan
|=============================================================================================|
| GPU | Name                             | Active | LDA | GPU Memory | Vendor-ID | LUID       |
|     |                                  |        |     |            | Device-ID | UUID       |
|     |                                  |        |     |            | Bus-ID    |            |
|---------------------------------------------------------------------------------------------|
| 0   | NVIDIA GeForce RTX 5090          | Yes: 0 |     | 32607   MB | 10de      | 0          |
|     |                                  |        |     |            | 2b85      | f854badd.. |
|     |                                  |        |     |            | 1         |            |
|=============================================================================================|
| OS: 24.04.4 LTS (Noble Numbat) ubuntu, Version: 24.04.4, Kernel: 6.17.0-35-generic
| Processor: AMD Ryzen 7 7800X3D 8-Core Processor
| Cores: 8 | Logical Cores: 16
|---------------------------------------------------------------------------------------------|
| Total Memory (MB): 63405 | Free Memory: 59423
| Total Page/Swap (MB): 62499 | Free Page/Swap: 62499
|---------------------------------------------------------------------------------------------|
2026-07-15T07:56:50Z [700ms] [Warning] [gpu.foundation.plugin] IOMMU is enabled.
[0.816s] [ext: omni.materialx.libs-1.0.7] startup
[0.821s] [ext: omni.kit.telemetry-0.5.2] startup
[0.841s] [ext: omni.usd.config-1.0.6] startup
[0.844s] [ext: omni.gpucompute.plugins-0.0.0] startup
[0.845s] [ext: omni.usd.libs-1.0.1] startup
[0.901s] [ext: omni.kit.loop-isaac-1.3.7] startup
[0.901s] [ext: omni.kit.test-2.0.1] startup
[0.937s] [ext: omni.mdl-56.0.3] startup
[0.995s] [ext: omni.iray.libs-0.0.0] startup
[1.000s] [ext: omni.mdl.neuraylib-0.2.12] startup
[1.002s] [ext: omni.kit.usd.mdl-1.1.5] startup
[1.065s] [ext: omni.kit.pipapi-0.0.0] startup
[1.065s] [ext: omni.appwindow-1.1.10] startup
2026-07-15T07:56:51Z [1,056ms] [Warning] [carb.windowing-glfw.plugin] GLFW initialization failed.
2026-07-15T07:56:51Z [1,056ms] [Warning] [carb] Failed to startup plugin carb.windowing-glfw.plugin (interfaces: [carb::windowing::IGLContext v1.0],[carb::windowing::IWindowing v1.5]) (impl: carb.windowing-glfw.plugin)
[1.067s] [ext: omni.kit.renderer.core-1.1.0] startup
2026-07-15T07:56:51Z [1,069ms] [Warning] [carb.windowing-glfw.plugin] GLFW initialization failed.
2026-07-15T07:56:51Z [1,069ms] [Warning] [carb] Failed to startup plugin carb.windowing-glfw.plugin (interfaces: [carb::windowing::IGLContext v1.0],[carb::windowing::IWindowing v1.5]) (impl: carb.windowing-glfw.plugin)
2026-07-15T07:56:51Z [1,074ms] [Warning] [carb.windowing-glfw.plugin] GLFW initialization failed.
2026-07-15T07:56:51Z [1,074ms] [Warning] [carb] Failed to startup plugin carb.windowing-glfw.plugin (interfaces: [carb::windowing::IGLContext v1.0],[carb::windowing::IWindowing v1.5]) (impl: carb.windowing-glfw.plugin)
[1.085s] [ext: omni.kit.renderer.capture-0.0.0] startup
[1.087s] [ext: omni.kit.renderer.imgui-2.0.5] startup
2026-07-15T07:56:51Z [1,080ms] [Warning] [carb.windowing-glfw.plugin] GLFW initialization failed.
2026-07-15T07:56:51Z [1,080ms] [Warning] [carb] Failed to startup plugin carb.windowing-glfw.plugin (interfaces: [carb::windowing::IGLContext v1.0],[carb::windowing::IWindowing v1.5]) (impl: carb.windowing-glfw.plugin)
2026-07-15T07:56:51Z [1,081ms] [Warning] [carb.windowing-glfw.plugin] GLFW initialization failed.
2026-07-15T07:56:51Z [1,081ms] [Warning] [carb] Failed to startup plugin carb.windowing-glfw.plugin (interfaces: [carb::windowing::IGLContext v1.0],[carb::windowing::IWindowing v1.5]) (impl: carb.windowing-glfw.plugin)
2026-07-15T07:56:51Z [1,081ms] [Warning] [carb.windowing-glfw.plugin] GLFW initialization failed.
2026-07-15T07:56:51Z [1,081ms] [Warning] [carb] Failed to startup plugin carb.windowing-glfw.plugin (interfaces: [carb::windowing::IGLContext v1.0],[carb::windowing::IWindowing v1.5]) (impl: carb.windowing-glfw.plugin)
[1.132s] [ext: omni.ui-2.27.1] startup
[1.138s] [ext: omni.kit.mainwindow-1.0.3] startup
[1.139s] [ext: carb.audio-0.1.0] startup
[1.143s] [ext: omni.uiaudio-1.0.0] startup
[1.143s] [ext: omni.kit.uiapp-0.0.0] startup
[1.143s] [ext: omni.usd.schema.metrics.assembler-107.3.1] startup
[1.145s] [ext: omni.usd.schema.physx-107.3.26] startup
[1.164s] [ext: omni.usd.schema.geospatial-0.0.0] startup
[1.166s] [ext: omni.usd.schema.audio-0.0.0] startup
[1.167s] [ext: omni.usd.schema.anim-0.0.0] startup
[1.178s] [ext: omni.usd.schema.flow-107.1.1] startup
[1.178s] [ext: omni.usd_resolver-1.0.0] startup
[1.181s] [ext: omni.usd.core-1.5.3] startup
[1.182s] [ext: omni.usd.schema.omni_sensors-0.0.0] startup
[1.191s] [ext: omni.usd.schema.semantics-0.0.0] startup
[1.193s] [ext: omni.usd.schema.omniscripting-1.0.0] startup
[1.195s] [ext: omni.usd.schema.omni_lens_distortion-0.0.0] startup
[1.196s] [ext: omni.usd.schema.omnigraph-1.0.0] startup
[1.198s] [ext: omni.kit.window.popup_dialog-2.0.24] startup
[1.201s] [ext: omni.graph.exec-0.9.6] startup
[1.201s] [ext: omni.kit.widget.nucleus_connector-2.0.1] startup
[1.202s] [ext: omni.kit.usd_undo-0.1.8] startup
[1.202s] [ext: omni.kit.exec.core-0.13.4] startup
[1.203s] [ext: omni.kit.actions.core-1.0.0] startup
[1.205s] [ext: omni.resourcemonitor-107.0.1] startup
[1.206s] [ext: omni.activity.core-1.0.3] startup
[1.207s] [ext: omni.timeline-1.0.14] startup
[1.209s] [ext: omni.kit.commands-1.4.10] startup
[1.211s] [ext: usdrt.scenegraph-7.6.1] startup
[1.233s] [ext: omni.kit.audiodeviceenum-1.0.2] startup
[1.234s] [ext: omni.hydra.usdrt_delegate-7.5.1] startup
[1.238s] [ext: omni.hydra.scene_delegate-0.3.4] startup
[1.241s] [ext: omni.usd-1.13.10] startup
[1.258s] [ext: omni.inspect-1.0.2] startup
[1.258s] [ext: omni.kit.notification_manager-1.0.10] startup
[1.259s] [ext: omni.graph.core-2.184.5] startup
[1.261s] [ext: isaacsim.core.deprecation_manager-0.2.7] startup
[1.261s] [ext: omni.anim.graph.schema-107.3.3] startup
[1.265s] [ext: omni.usd.schema.isaac-3.0.5] startup
[1.265s] [ext: omni.anim.navigation.schema-107.3.3] startup
[1.267s] [ext: omni.kit.asset_converter-5.0.17] startup
[1.274s] [ext: isaacsim.robot.schema-3.6.0] startup
[1.279s] [ext: omni.usd.schema.render_settings.rtx-0.0.0] startup
[1.279s] [ext: omni.kit.menu.core-1.1.2] startup
[1.280s] [ext: omni.kit.widget.path_field-2.0.11] startup
[1.280s] [ext: omni.kit.widget.context_menu-1.2.5] startup
[1.281s] [ext: omni.kit.widget.browser_bar-2.0.10] startup
[1.281s] [ext: omni.kit.clipboard-1.0.5] startup
[1.282s] [ext: omni.kit.numpy.common-0.1.3] startup
[1.282s] [ext: omni.kit.widget.options_menu-1.1.6] startup
[1.284s] [ext: omni.kit.helper.file_utils-0.1.9] startup
[1.285s] [ext: omni.ui.scene-1.11.5] startup
[1.288s] [ext: omni.kit.widget.options_button-1.0.3] startup
[1.288s] [ext: omni.kit.widget.filebrowser-2.12.3] startup
[1.291s] [ext: omni.kit.usd.layers-2.2.11] startup
[1.295s] [ext: omni.kit.window.filepicker-2.13.4] startup
[1.303s] [ext: omni.kit.hotkeys.core-1.3.10] startup
[1.305s] [ext: omni.kit.context_menu-1.8.6] startup
[1.306s] [ext: omni.kit.property.adapter.core-1.0.2] startup
[1.308s] [ext: omni.kit.window.file_exporter-1.0.33] startup
[1.309s] [ext: omni.kit.widget.searchfield-1.1.8] startup
[1.309s] [ext: omni.kit.widget.filter-1.1.4] startup
[1.310s] [ext: omni.kit.widget.graph-2.0.0] startup
[1.313s] [ext: omni.kit.widget.stage-3.1.4] startup
[1.318s] [ext: omni.kit.property.adapter.usd-1.0.2] startup
[1.319s] [ext: omni.kit.property.adapter.fabric-1.0.3] startup
[1.320s] [ext: omni.kit.graph.delegate.default-1.2.3] startup
[1.320s] [ext: omni.kit.window.file_importer-1.1.18] startup
[1.320s] [ext: omni.kit.stage_template.core-1.1.22] startup
[1.321s] [ext: omni.kit.menu.utils-2.0.5] startup
[1.323s] [ext: omni.kit.window.file-2.0.5] startup
[1.325s] [ext: omni.kit.widget.highlight_label-1.0.3] startup
[1.325s] [ext: omni.kit.window.drop_support-1.0.5] startup
[1.326s] [ext: omni.kit.window.content_browser_registry-0.0.6] startup
[1.326s] [ext: omni.kit.window.property-1.12.1] startup
[1.327s] [ext: omni.kit.window.content_browser-3.1.3] startup
[1.334s] [ext: isaacsim.core.version-2.0.6] startup
[1.334s] [ext: omni.kit.property.usd-4.5.12] startup
[1.340s] [ext: omni.kit.graph.editor.core-1.5.3] startup
[1.341s] [ext: omni.kit.material.library-2.0.7] startup
[1.344s] [ext: omni.kit.graph.usd.commands-1.3.1] startup
[1.344s] [ext: omni.kvdb-107.3.26] startup
[1.345s] [ext: omni.usdphysics-107.3.26] startup
[1.346s] [ext: omni.physx.foundation-107.3.26] startup
[1.347s] [ext: omni.localcache-107.3.26] startup
[1.348s] [ext: omni.convexdecomposition-107.3.26] startup
[1.350s] [ext: omni.physics-107.3.26] startup
[1.352s] [ext: omni.physx.cooking-107.3.26] startup
[1.354s] [ext: omni.physics.stageupdate-107.3.26] startup
[1.355s] [ext: omni.physx-107.3.26] startup
[1.360s] [ext: omni.index.libs-380600.8087.0] startup
[1.360s] [ext: omni.physics.physx-107.3.26] startup
2026-07-15T07:56:51Z [1,351ms] [Warning] [carb] Acquiring non optional plugin interface which is not listed as dependency: [omni::physx::IPhysxBenchmarks v1.0] (plugin: <default plugin>), by client: omni.physics.physx.plugin. Add it to CARB_PLUGIN_IMPL_DEPS() macro of a client.
[1.361s] [ext: omni.index-1.0.1] startup
[1.362s] [ext: omni.volume-0.5.2] startup
[1.363s] [ext: omni.ujitso.client-0.0.0] startup
[1.364s] [ext: omni.hydra.rtx.shadercache.vulkan-1.0.0] startup
[1.364s] [ext: omni.kit.widget.searchable_combobox-1.0.6] startup
[1.365s] [ext: omni.hydra.rtx-1.0.0] startup
2026-07-15T07:56:51Z [1,367ms] [Warning] [omni.log] Source: omni.hydra was already registered.
[1.390s] [ext: omni.kit.widget.settings-1.2.6] startup
[1.391s] [ext: omni.kit.hydra_texture-1.4.6] startup
[1.393s] [ext: omni.graph.tools-1.79.2] startup
[1.407s] [ext: omni.kit.window.preferences-1.8.0] startup
[1.410s] [ext: omni.kit.widget.material_preview-1.0.16] startup
[1.410s] [ext: omni.graph-1.141.2] startup
[1.435s] [ext: omni.kit.window.material_graph-1.9.1] startup
[1.441s] [ext: omni.isaac.dynamic_control-2.0.7] startup
2026-07-15T07:56:51Z [1,433ms] [Warning] [omni.isaac.dynamic_control] omni.isaac.dynamic_control is deprecated as of Isaac Sim 4.5. No action is needed from end-users.
[1.444s] [ext: isaacsim.storage.native-1.5.1] startup
[1.445s] [ext: omni.graph.scriptnode-1.50.0] startup
[1.446s] [ext: omni.hydra.engine.stats-1.0.3] startup
[1.449s] [ext: omni.kit.viewport.legacy_gizmos-1.0.19] startup
[1.451s] [ext: omni.kit.raycast.query-1.1.0] startup
[1.456s] [ext: omni.graph.action_core-1.1.7] startup
[1.458s] [ext: omni.kit.viewport.scene_camera_model-1.0.6] startup
[1.462s] [ext: omni.graph.image.core-0.6.1] startup
[1.463s] [ext: omni.kit.widget.viewport-107.1.3] startup
[1.465s] [ext: omni.kit.viewport.registry-104.0.6] startup
[1.466s] [ext: omni.usd.metrics.assembler-107.3.1] startup
[1.468s] [ext: omni.kit.viewport.window-107.2.0] startup
[1.481s] [ext: omni.kit.viewport.menubar.core-107.2.1] startup
[1.488s] [ext: omni.graph.image.nodes-1.3.1] startup
[1.489s] [ext: omni.usd.metrics.assembler.physics-107.3.26] startup
[1.490s] [ext: omni.warp.core-1.8.2] startup
[1.611s] [ext: omni.kit.viewport.utility-1.1.2] startup
[1.612s] [ext: omni.physics.tensors-107.3.26] startup
[1.616s] [ext: omni.syntheticdata-0.6.13] startup
[1.632s] [ext: isaacsim.test.docstring-1.1.0] startup
[1.637s] [ext: isaacsim.core.utils-3.5.1] startup
[1.640s] [ext: omni.physx.tensors-107.3.26] startup
[1.644s] [ext: omni.graph.nodes-1.170.10] startup
[1.651s] [ext: omni.graph.action_nodes-1.50.4] startup
[1.653s] [ext: omni.kit.primitive.mesh-1.0.17] startup
[1.659s] [ext: isaacsim.core.simulation_manager-1.4.4] startup
[2.617s] [ext: omni.graph.ui_nodes-1.50.5] startup
[2.620s] [ext: omni.graph.action-1.130.0] startup
[2.622s] [ext: omni.kit.stage_templates-2.0.0] startup
[2.625s] [ext: isaacsim.core.prims-0.6.1] startup
[2.644s] [ext: omni.warp-1.8.2] startup
[2.649s] [ext: omni.videoencoding-0.1.2] startup
[2.653s] [ext: isaacsim.core.api-4.8.0] startup
[2.670s] [ext: isaacsim.core.experimental.utils-0.3.0] startup
[2.680s] [ext: omni.replicator.core-1.12.27] startup
2026-07-15T07:56:52Z [2,683ms] [Warning] [pxr.Semantics] pxr.Semantics is deprecated - please use Semantics instead
2026-07-15T07:56:52Z [2,777ms] [Warning] [omni.graph.core.plugin] Found duplicate of category 'Replicator' - was 'Annotators', adding 'Fabric Reader'
2026-07-15T07:56:52Z [2,777ms] [Warning] [omni.graph.core.plugin] Category 'Replicator' not accepted on node type 'omni.replicator.core.FabricReader' in extension 'omni.replicator.core'
2026-07-15T07:56:52Z [2,777ms] [Warning] [omni.replicator.core.scripts.extension] No material configuration file, adding configuration to material settings directly.
[2.789s] [ext: isaacsim.core.experimental.prims-0.8.1] startup
[2.821s] [ext: omni.kit.window.extensions-1.4.27] startup
[2.830s] [ext: isaacsim.core.experimental.objects-0.4.0] startup
[2.833s] [ext: omni.ui_query-1.1.8] startup
[2.836s] [ext: omni.kit.manipulator.viewport-107.0.1] startup
[2.839s] [ext: isaacsim.robot.surface_gripper-3.3.1] startup
[2.842s] [ext: omni.kit.ui_test-1.3.7] startup
[2.848s] [ext: omni.graph.visualization.nodes-2.1.3] startup
[2.868s] [ext: isaacsim.robot_motion.lula-4.0.8] startup
[2.875s] [ext: isaacsim.core.nodes-3.4.3] startup
[2.883s] [ext: isaacsim.gui.components-1.2.1] startup
[2.895s] [ext: isaacsim.robot_motion.motion_generation-8.0.26] startup
[2.909s] [ext: isaacsim.robot.manipulators-3.3.6] startup
[2.924s] [ext: isaacsim.core.experimental.materials-0.4.0] startup
[2.936s] [ext: isaacsim.robot.manipulators.examples-1.1.2] startup
[2.940s] [ext: isaacsim.cortex.framework-1.0.12] startup
[2.945s] [ext: isaacsim.cortex.behaviors-2.0.14] startup
[2.947s] [ext: omni.isaac.cortex.sample_behaviors-2.0.5] startup
2026-07-15T07:56:53Z [2,939ms] [Warning] [omni.isaac.cortex] omni.isaac.cortex has been deprecated in favor of isaacsim.cortex.framework. Please update your code accordingly.
2026-07-15T07:56:53Z [2,940ms] [Warning] [omni.isaac.cortex.sample_behaviors] omni.isaac.cortex.sample_behaviors has been deprecated in favor of isaacsim.cortex.behaviors. Please update your code accordingly.
[2.952s] [ext: omni.kit.widget.zoombar-1.0.6] startup
[2.958s] [ext: isaacsim.gui.content_browser-0.1.11] startup
[2.965s] [ext: omni.kit.browser.core-2.3.13] startup
[2.973s] [ext: omni.kit.widget.stage_icons-1.0.8] startup
[2.980s] [ext: omni.kit.widget.prompt-1.0.7] startup
[2.982s] [ext: omni.kit.usd.collect-2.4.5] startup
[2.985s] [ext: omni.kit.browser.folder.core-1.10.9] startup
[2.990s] [ext: omni.kit.window.stage-2.6.1] startup
[2.995s] [ext: omni.kit.usdz_export-1.0.9] startup
[2.997s] [ext: omni.kit.tool.collect-2.2.18] startup
[3.000s] [ext: omni.kit.menu.stage-1.2.7] startup
[3.001s] [ext: omni.kit.tool.asset_importer-4.3.2] startup
[3.034s] [ext: isaacsim.robot.wheeled_robots-4.0.24] startup
[3.054s] [ext: isaacsim.examples.browser-0.2.1] startup
[3.106s] [ext: isaacsim.asset.importer.urdf-2.4.30] startup
[3.361s] [ext: omni.isaac.wheeled_robots-3.0.7] startup
2026-07-15T07:56:53Z [3,352ms] [Warning] [omni.isaac.wheeled_robots] omni.isaac.wheeled_robots has been deprecated in favor of isaacsim.robot.wheeled_robots. Please update your code accordingly.
2026-07-15T07:56:53Z [3,352ms] [Warning] [omni.isaac.wheeled_robots.controllers] omni.isaac.wheeled_robots has been deprecated in favor of isaacsim.robot.wheeled_robots. Please update your code accordingly.
2026-07-15T07:56:53Z [3,352ms] [Warning] [omni.isaac.wheeled_robots.controllers.ackermann_controller] omni.isaac.wheeled_robots has been deprecated in favor of isaacsim.robot.wheeled_robots. Please update your code accordingly.
2026-07-15T07:56:53Z [3,353ms] [Warning] [omni.isaac.wheeled_robots.controllers.differential_controller] omni.isaac.wheeled_robots has been deprecated in favor of isaacsim.robot.wheeled_robots. Please update your code accordingly.
2026-07-15T07:56:53Z [3,353ms] [Warning] [omni.isaac.wheeled_robots.controllers.holonomic_controller] omni.isaac.wheeled_robots has been deprecated in favor of isaacsim.robot.wheeled_robots. Please update your code accordingly.
2026-07-15T07:56:53Z [3,353ms] [Warning] [omni.isaac.wheeled_robots.controllers.quintic_path_planner] omni.isaac.wheeled_robots has been deprecated in favor of isaacsim.robot.wheeled_robots. Please update your code accordingly.
2026-07-15T07:56:53Z [3,353ms] [Warning] [omni.isaac.wheeled_robots.controllers.stanley_control] omni.isaac.wheeled_robots has been deprecated in favor of isaacsim.robot.wheeled_robots. Please update your code accordingly.
2026-07-15T07:56:53Z [3,353ms] [Warning] [omni.isaac.wheeled_robots.controllers.wheel_base_pose_controller] omni.isaac.wheeled_robots has been deprecated in favor of isaacsim.robot.wheeled_robots. Please update your code accordingly.
2026-07-15T07:56:53Z [3,353ms] [Warning] [omni.isaac.wheeled_robots.impl] omni.isaac.wheeled_robots has been deprecated in favor of isaacsim.robot.wheeled_robots. Please update your code accordingly.
2026-07-15T07:56:53Z [3,353ms] [Warning] [omni.isaac.wheeled_robots.robots] omni.isaac.wheeled_robots has been deprecated in favor of isaacsim.robot.wheeled_robots. Please update your code accordingly.
2026-07-15T07:56:53Z [3,354ms] [Warning] [omni.isaac.wheeled_robots.robots.holonomic_robot_usd_setup] omni.isaac.wheeled_robots has been deprecated in favor of isaacsim.robot.wheeled_robots. Please update your code accordingly.
2026-07-15T07:56:53Z [3,355ms] [Warning] [omni.isaac.wheeled_robots.robots.wheeled_robot] omni.isaac.wheeled_robots has been deprecated in favor of isaacsim.robot.wheeled_robots. Please update your code accordingly.
[3.367s] [ext: isaacsim.simulation_app-2.12.2] startup
[3.368s] [ext: omni.isaac.franka-1.0.7] startup
2026-07-15T07:56:53Z [3,360ms] [Warning] [omni.isaac.franka] omni.isaac.franka has been deprecated in favor of isaacsim.robot.manipulators.examples.franka. Please update your code accordingly.
2026-07-15T07:56:53Z [3,360ms] [Warning] [omni.isaac.franka.franka] omni.isaac.franka has been deprecated in favor of isaacsim.robot.manipulators.examples.franka. Please update your code accordingly.
2026-07-15T07:56:53Z [3,374ms] [Warning] [omni.isaac.franka.kinematics_solver] omni.isaac.franka has been deprecated in favor of isaacsim.robot.manipulators.examples.franka. Please update your code accordingly.
[3.384s] [ext: omni.isaac.kit-2.0.6] startup
2026-07-15T07:56:53Z [3,376ms] [Warning] [omni.isaac.kit] omni.isaac.kit has been deprecated in favor of isaacsim.simulation_app. Please update your code accordingly.
[3.386s] [ext: omni.kit.selection-0.1.6] startup
[3.387s] [ext: omni.isaac.lula-4.0.6] startup
2026-07-15T07:56:53Z [3,378ms] [Warning] [omni.isaac.lula] omni.isaac.lula has been deprecated in favor of isaacsim.robot_motion.lula. Please update your code accordingly.
[3.388s] [ext: isaacsim.robot_motion.lula_test_widget-1.0.12] startup
[3.390s] [ext: isaacsim.asset.browser-1.3.23] startup
[3.446s] [ext: omni.kit.viewport.actions-107.0.2] startup
[3.450s] [ext: isaacsim.gui.menu-2.4.4] startup
[3.453s] [ext: omni.isaac.manipulators-3.0.7] startup
2026-07-15T07:56:53Z [3,445ms] [Warning] [omni.isaac.manipulators] omni.isaac.manipulators has been deprecated in favor of isaacsim.robot.manipulators. Please update your code accordingly.
2026-07-15T07:56:53Z [3,445ms] [Warning] [omni.isaac.manipulators.controllers] omni.isaac.manipulators has been deprecated in favor of isaacsim.robot.manipulators. Please update your code accordingly.
2026-07-15T07:56:53Z [3,445ms] [Warning] [omni.isaac.manipulators.controllers.pick_place_controller] omni.isaac.manipulators has been deprecated in favor of isaacsim.robot.manipulators. Please update your code accordingly.
2026-07-15T07:56:53Z [3,445ms] [Warning] [omni.isaac.manipulators.controllers.stacking_controller] omni.isaac.manipulators has been deprecated in favor of isaacsim.robot.manipulators. Please update your code accordingly.
2026-07-15T07:56:53Z [3,446ms] [Warning] [omni.isaac.manipulators.grippers] omni.isaac.manipulators has been deprecated in favor of isaacsim.robot.manipulators. Please update your code accordingly.
2026-07-15T07:56:53Z [3,447ms] [Warning] [omni.isaac.manipulators.grippers.gripper] omni.isaac.manipulators has been deprecated in favor of isaacsim.robot.manipulators. Please update your code accordingly.
2026-07-15T07:56:53Z [3,447ms] [Warning] [omni.isaac.manipulators.grippers.parallel_gripper] omni.isaac.manipulators has been deprecated in favor of isaacsim.robot.manipulators. Please update your code accordingly.
2026-07-15T07:56:53Z [3,447ms] [Warning] [omni.isaac.manipulators.grippers.surface_gripper] omni.isaac.manipulators has been deprecated in favor of isaacsim.robot.manipulators. Please update your code accordingly.
2026-07-15T07:56:53Z [3,447ms] [Warning] [omni.isaac.manipulators.manipulators] omni.isaac.manipulators has been deprecated in favor of isaacsim.robot.manipulators. Please update your code accordingly.
2026-07-15T07:56:53Z [3,447ms] [Warning] [omni.isaac.manipulators.manipulators.single_manipulator] omni.isaac.manipulators has been deprecated in favor of isaacsim.robot.manipulators. Please update your code accordingly.
[3.457s] [ext: omni.isaac.lula_test_widget-1.0.6] startup
2026-07-15T07:56:53Z [3,448ms] [Warning] [omni.isaac.lula_test_widget] omni.isaac.lula_test_widget has been deprecated in favor of isaacsim.robot_motion.lula_test_widget. Please update your code accordingly.
[3.459s] [ext: omni.isaac.asset_browser-1.0.6] startup
2026-07-15T07:56:53Z [3,450ms] [Warning] [omni.isaac.asset_browser] omni.isaac.asset_browser has been deprecated in favor of isaacsim.asset.browser. Please update your code accordingly.
[3.460s] [ext: omni.kit.viewport.menubar.display-107.0.3] startup
[3.465s] [ext: omni.isaac.menu-1.0.6] startup
2026-07-15T07:56:53Z [3,455ms] [Warning] [omni.isaac.menu] omni.isaac.menu has been deprecated in favor of isaacsim.gui.menu. Please update your code accordingly.
[3.465s] [ext: omni.isaac.motion_generation-8.0.7] startup
2026-07-15T07:56:53Z [3,456ms] [Warning] [omni.isaac.motion_generation] omni.isaac.motion_generation has been deprecated in favor of isaacsim.robot_motion.motion_generation. Please update your code accordingly.
2026-07-15T07:56:53Z [3,456ms] [Warning] [omni.isaac.motion_generation.articulation_kinematics_solver] omni.isaac.motion_generation has been deprecated in favor of isaacsim.robot_motion.motion_generation. Please update your code accordingly.
2026-07-15T07:56:53Z [3,457ms] [Warning] [omni.isaac.motion_generation.articulation_motion_policy] omni.isaac.motion_generation has been deprecated in favor of isaacsim.robot_motion.motion_generation. Please update your code accordingly.
2026-07-15T07:56:53Z [3,457ms] [Warning] [omni.isaac.motion_generation.articulation_trajectory] omni.isaac.motion_generation has been deprecated in favor of isaacsim.robot_motion.motion_generation. Please update your code accordingly.
2026-07-15T07:56:53Z [3,458ms] [Warning] [omni.isaac.motion_generation.kinematics_interface] omni.isaac.motion_generation has been deprecated in favor of isaacsim.robot_motion.motion_generation. Please update your code accordingly.
2026-07-15T07:56:53Z [3,458ms] [Warning] [omni.isaac.motion_generation.lula] omni.isaac.motion_generation has been deprecated in favor of isaacsim.robot_motion.motion_generation. Please update your code accordingly.
2026-07-15T07:56:53Z [3,458ms] [Warning] [omni.isaac.motion_generation.lula.kinematics] omni.isaac.motion_generation has been deprecated in favor of isaacsim.robot_motion.motion_generation. Please update your code accordingly.
2026-07-15T07:56:53Z [3,458ms] [Warning] [omni.isaac.motion_generation.lula.motion_policies] omni.isaac.motion_generation has been deprecated in favor of isaacsim.robot_motion.motion_generation. Please update your code accordingly.
2026-07-15T07:56:53Z [3,458ms] [Warning] [omni.isaac.motion_generation.lula.path_planners] omni.isaac.motion_generation has been deprecated in favor of isaacsim.robot_motion.motion_generation. Please update your code accordingly.
2026-07-15T07:56:53Z [3,458ms] [Warning] [omni.isaac.motion_generation.lula.trajectory_generator] omni.isaac.motion_generation has been deprecated in favor of isaacsim.robot_motion.motion_generation. Please update your code accordingly.
2026-07-15T07:56:53Z [3,458ms] [Warning] [omni.isaac.motion_generation.motion_policy_controller] omni.isaac.motion_generation has been deprecated in favor of isaacsim.robot_motion.motion_generation. Please update your code accordingly.
2026-07-15T07:56:53Z [3,458ms] [Warning] [omni.isaac.motion_generation.motion_policy_interface] omni.isaac.motion_generation has been deprecated in favor of isaacsim.robot_motion.motion_generation. Please update your code accordingly.
2026-07-15T07:56:53Z [3,458ms] [Warning] [omni.isaac.motion_generation.path_planner_visualizer] omni.isaac.motion_generation has been deprecated in favor of isaacsim.robot_motion.motion_generation. Please update your code accordingly.
2026-07-15T07:56:53Z [3,458ms] [Warning] [omni.isaac.motion_generation.path_planning_interface] omni.isaac.motion_generation has been deprecated in favor of isaacsim.robot_motion.motion_generation. Please update your code accordingly.
2026-07-15T07:56:53Z [3,458ms] [Warning] [omni.isaac.motion_generation.trajectory] omni.isaac.motion_generation has been deprecated in favor of isaacsim.robot_motion.motion_generation. Please update your code accordingly.
2026-07-15T07:56:53Z [3,458ms] [Warning] [omni.isaac.motion_generation.world_interface] omni.isaac.motion_generation has been deprecated in favor of isaacsim.robot_motion.motion_generation. Please update your code accordingly.
[3.469s] [ext: omni.isaac.assets_check-0.3.13] startup
2026-07-15T07:56:53Z [3,460ms] [Warning] [omni.isaac.assets_check] omni.isaac.assets_check has been deprecated in favor of isaacsim.asset.browser. Please update your code accordingly.
[3.470s] [ext: isaacsim.gui.sensors.icon-2.0.3] startup
[3.479s] [ext: isaacsim.asset.importer.mjcf-2.5.13] startup
[3.482s] [ext: omni.sensors.nv.common-3.0.0] startup
[3.490s] [ext: isaacsim.sensors.physics-0.4.3] startup
[3.495s] [ext: omni.sensors.net-1.0.0] startup
[3.498s] [ext: omni.isaac.nucleus-1.0.6] startup
2026-07-15T07:56:53Z [3,488ms] [Warning] [omni.isaac.nucleus] omni.isaac.nucleus has been deprecated in favor of isaacsim.storage.native. Please update your code accordingly.
2026-07-15T07:56:53Z [3,488ms] [Warning] [omni.isaac.nucleus.nucleus] omni.isaac.nucleus.nucleus has been deprecated in favor of isaacsim.storage.native. Please update your code accordingly.
[3.499s] [ext: omni.sensors.nv.materials-2.0.0] startup
[3.504s] [ext: isaacsim.robot.policy.examples-4.1.11] startup
[3.505s] [ext: omni.sensors.nv.wpm-3.0.0] startup
[3.507s] [ext: omni.sensors.nv.lidar-3.0.0] startup
[3.513s] [ext: isaacsim.util.debug_draw-3.1.0] startup
[3.516s] [ext: omni.sensors.nv.radar-3.0.0] startup
[3.519s] [ext: omni.sensors.nv.ids-2.0.0] startup
[3.521s] [ext: isaacsim.core.cloner-1.4.10] startup
[3.523s] [ext: isaacsim.sensors.physx-2.3.2] startup
[3.526s] [ext: isaacsim.sensors.rtx-15.8.4] startup
[3.532s] [ext: isaacsim.sensors.camera-1.3.6] startup
[3.537s] [ext: omni.isaac.quadruped-3.0.7] startup
2026-07-15T07:56:53Z [3,528ms] [Warning] [omni.isaac.quadruped] omni.isaac.quadruped has been deprecated in favor of isaacsim.robot.policy.examples. Please update your code accordingly.
[3.540s] [ext: omni.isaac.cloner-1.0.7] startup
2026-07-15T07:56:53Z [3,535ms] [Warning] [omni.isaac.cloner] omni.isaac.cloner has been deprecated in favor of isaacsim.core.cloner. Please update your code accordingly.
[3.545s] [ext: omni.isaac.range_sensor-4.0.6] startup
2026-07-15T07:56:53Z [3,537ms] [Warning] [omni.isaac.range_sensor] omni.isaac.range_sensor has been deprecated in favor of isaacsim.sensors.physx. Please update your code accordingly.
2026-07-15T07:56:53Z [3,538ms] [Warning] [omni.isaac.range_sensor.commands] omni.isaac.range_sensor.commands has been deprecated in favor of isaacsim.sensors.physx.commands. Please update your code accordingly.
[3.549s] [ext: omni.isaac.sensor-13.0.7] startup
2026-07-15T07:56:53Z [3,540ms] [Warning] [omni.isaac.sensor] omni.isaac.sensor has been deprecated in favor of isaacsim.sensors.camera, isaacsim.sensors.physics, isaacsim.sensors.physx, and isaacsim.sensors.rtx. Please update your code accordingly.
2026-07-15T07:56:53Z [3,540ms] [Warning] [omni.isaac.sensor.camera] omni.isaac.sensor.camera has been deprecated in favor of isaacsim.sensors.camera.camera. Please update your code accordingly.
2026-07-15T07:56:53Z [3,541ms] [Warning] [omni.isaac.sensor.camera_view] omni.isaac.sensor.camera_view has been deprecated in favor of isaacsim.sensors.camera.camera_view. Please update your code accordingly.
2026-07-15T07:56:53Z [3,541ms] [Warning] [omni.isaac.sensor.commands] omni.isaac.sensor.commands has been deprecated in favor of isaacsim.sensors.physics.commands, isaacsim.sensors.physx.commands, and isaacsim.sensors.rtx.commands. Please update your code accordingly.
2026-07-15T07:56:53Z [3,542ms] [Warning] [omni.isaac.sensor.contact_sensor] omni.isaac.sensor.contact_sensor has been deprecated in favor of isaacsim.sensors.physics.contact_sensor. Please update your code accordingly.
2026-07-15T07:56:53Z [3,542ms] [Warning] [omni.isaac.sensor.imu_sensor] omni.isaac.sensor.imu_sensor has been deprecated in favor of isaacsim.sensors.physics.imu_sensor. Please update your code accordingly.
2026-07-15T07:56:53Z [3,542ms] [Warning] [omni.isaac.sensor.lidar_rtx] omni.isaac.sensor.lidar_rtx has been deprecated in favor of isaacsim.sensors.rtx.lidar_rtx. Please update your code accordingly.
2026-07-15T07:56:53Z [3,542ms] [Warning] [omni.isaac.sensor.rotating_lidar_physX] omni.isaac.sensor.imu_sensor has been deprecated in favor of isaacsim.sensors.physix.rotating_lidar_physX. Please update your code accordingly.
2026-07-15T07:56:53Z [3,542ms] [Warning] [omni.isaac.sensor.scripts.samples.contact_sensor] omni.isaac.sensor.scripts.samples.contact_sensor has been deprecated in favor of isaacsim.sensors.physics.scripts.samples.contact_sensor. Please update your code accordingly.
2026-07-15T07:56:53Z [3,542ms] [Warning] [omni.isaac.sensor.scripts.samples.imu_sensor] omni.isaac.sensor.scripts.samples.imu_sensor has been deprecated in favor of isaacsim.sensors.physics.scripts.samples.imu_sensor. Please update your code accordingly.
2026-07-15T07:56:53Z [3,542ms] [Warning] [omni.isaac.sensor.scripts.samples.lightbeam_sensor] omni.isaac.sensor.scripts.samples.lightbeam_sensor has been deprecated in favor of isaacsim.sensors.physx.scripts.samples.lightbeam_sensor. Please update your code accordingly.
[3.553s] [ext: omni.kit.menu.create-2.0.1] startup
[3.555s] [ext: omni.kit.widget.toolbar-2.0.1] startup
[3.565s] [ext: omni.kit.manipulator.transform-107.0.0] startup
[3.568s] [ext: omni.isaac.core-4.0.7] startup
2026-07-15T07:56:53Z [3,558ms] [Warning] [omni.isaac.core.physics_context.physics_context] omni.isaac.core.physics_context.physics_context has been deprecated in favor of isaacsim.core.api.physics_context.physics_context. Please update your code accordingly.
2026-07-15T07:56:53Z [3,558ms] [Warning] [omni.isaac.core.simulation_context.simulation_context] omni.isaac.core.simulation_context.simulation_context has been deprecated in favor of isaacsim.core.api.simulation_context.simulation_context. Please update your code accordingly.
2026-07-15T07:56:53Z [3,558ms] [Warning] [omni.isaac.core.world.world] omni.isaac.core.world.world has been deprecated in favor of isaacsim.core.api.world.world. Please update your code accordingly.
2026-07-15T07:56:53Z [3,558ms] [Warning] [omni.isaac.core] omni.isaac.core has been deprecated in favor of isaacsim.core.api. Please update your code accordingly.
[3.569s] [ext: omni.kit.scripting-107.3.2] startup
[3.573s] [ext: omni.kit.manipulator.tool.snap-1.5.13] startup
[3.576s] [ext: omni.kit.manipulator.selector-1.1.3] startup
[3.577s] [ext: isaacsim.app.about-2.0.11] startup
[3.581s] [ext: isaacsim.replicator.behavior-1.1.16] startup
[3.581s] [ext: omni.kit.viewport.manipulator.transform-107.0.4] startup
[3.583s] [ext: omni.isaac.window.about-2.0.7] startup
2026-07-15T07:56:53Z [3,574ms] [Warning] [omni.isaac.window.about] omni.isaac.window.about has been deprecated in favor of isaacsim.app.about. Please update your code accordingly.
2026-07-15T07:56:53Z [3,574ms] [Warning] [omni.isaac.window.about.about] omni.isaac.window.about.about has been deprecated in favor of isaacsim.app.about.about. Please update your code accordingly.
[3.585s] [ext: omni.fabric.commands-1.1.6] startup
[3.587s] [ext: omni.kit.manipulator.prim.core-107.0.8] startup
[3.591s] [ext: omni.kit.property.audio-1.0.16] startup
[3.592s] [ext: omni.kit.property.camera-1.0.10] startup
[3.593s] [ext: omni.kit.property.geometry-2.0.4] startup
[3.595s] [ext: omni.hydra.scene_api-0.1.2] startup
[3.598s] [ext: omni.kit.property.light-1.0.12] startup
[3.607s] [ext: omni.kit.manipulator.prim.fabric-107.0.4] startup
[3.608s] [ext: omni.kit.manipulator.prim.usd-107.0.3] startup
[3.609s] [ext: omni.kit.property.material-1.11.9] startup
[3.613s] [ext: omni.kit.property.render-1.2.1] startup
[3.614s] [ext: omni.kit.property.transform-1.5.13] startup
[3.616s] [ext: isaacsim.gui.property-1.1.3] startup
[3.618s] [ext: omni.kit.manipulator.camera-106.0.4] startup
[3.621s] [ext: omni.kit.manipulator.prim-107.0.0] startup
[3.621s] [ext: omni.isaac.surface_gripper-2.0.6] startup
2026-07-15T07:56:53Z [3,611ms] [Warning] [omni.isaac.surface_gripper] omni.isaac.surface_gripper has been deprecated in favor of isaacsim.robot.surface_gripper. Please update your code accordingly.
[3.621s] [ext: omni.kit.manipulator.selection-106.0.1] startup
[3.623s] [ext: omni.kit.property.bundle-1.4.1] startup
[3.625s] [ext: omni.kit.property.isaac-1.0.6] startup
2026-07-15T07:56:53Z [3,615ms] [Warning] [omni.kit.property.isaac] omni.kit.property.isaac has been deprecated in favor of isaacsim.gui.property. Please update your code accordingly.
2026-07-15T07:56:53Z [3,615ms] [Warning] [omni.kit.property.isaac.widgets] omni.kit.property.isaac.widgets has been deprecated in favor of isaacsim.gui.property.widgets. Please update your code accordingly.
[3.626s] [ext: omni.isaac.universal_robots-1.0.6] startup
2026-07-15T07:56:53Z [3,616ms] [Warning] [omni.isaac.universal_robots] omni.isaac.universal_robots has been deprecated in favor of isaacsim.robot.manipulators.examples.universal_robots. Please update your code accordingly.
2026-07-15T07:56:53Z [3,616ms] [Warning] [omni.isaac.universal_robots.kinematics_solver] omni.isaac.franka has been deprecated in favor of isaacsim.robot.manipulators.examples.universal_robots. Please update your code accordingly.
2026-07-15T07:56:53Z [3,617ms] [Warning] [omni.isaac.universal_robots.ur10] omni.isaac.franka has been deprecated in favor of isaacsim.robot.manipulators.examples.universal_robots. Please update your code accordingly.
[3.628s] [ext: omni.isaac.core_nodes-2.0.6] startup
2026-07-15T07:56:53Z [3,619ms] [Warning] [omni.isaac.core_nodes] omni.isaac.core_nodes has been deprecated in favor of isaacsim.core.nodes. Please update your code accordingly.
[3.630s] [ext: omni.kit.viewport.menubar.camera-107.0.6] startup
[3.636s] [ext: omni.kit.viewport.menubar.lighting-107.3.1] startup
[3.637s] [ext: isaacsim.replicator.writers-1.0.17] startup
[3.646s] [ext: omni.kit.viewport.menubar.render-107.0.10] startup
[3.650s] [ext: omni.kit.viewport.menubar.settings-107.0.3] startup
[3.657s] [ext: omni.kit.window.console-1.1.4] startup
[3.659s] [ext: isaacsim.replicator.domain_randomization-1.0.16] startup
[3.661s] [ext: isaacsim.replicator.examples-1.3.6] startup
[3.663s] [ext: omni.ocio-0.1.1] startup
[3.665s] [ext: omni.rtx.window.settings-0.6.19] startup
[3.672s] [ext: omni.kit.window.status_bar-0.1.9] startup
[3.677s] [ext: omni.kit.window.toolbar-2.0.0] startup
[3.683s] [ext: omni.replicator.isaac-2.0.8] startup
2026-07-15T07:56:53Z [3,674ms] [Warning] [omni.replicator.isaac] omni.replicator.isaac has been deprecated in favor of isaacsim.replicator.domain_randomization, isaacsim.replicator.examples, isaacsim.replicator.writers. Please update your code accordingly.
[3.684s] [ext: omni.replicator.replicator_yaml-2.0.11] startup
[3.698s] [ext: omni.rtx.settings.core-0.6.5] startup
[3.701s] [ext: omni.usd.metrics.assembler.ui-107.3.1] startup
[3.710s] [ext: omni.isaac.utils-2.0.6] startup
[3.711s] [ext: semantics.schema.editor-2.0.2] startup
[3.714s] [ext: omni.kit.ui.actions-1.0.5] startup
[3.716s] [ext: semantics.schema.property-2.0.1] startup
[3.717s] [ext: omni.isaac.version-2.0.7] startup
2026-07-15T07:56:53Z [3,707ms] [Warning] [omni.isaac.version] omni.isaac.version has been deprecated in favor of isaacsim.core.version. Please update your code accordingly.
[3.718s] [ext: omni.isaac.cortex-1.0.5] startup
[3.719s] [ext: omni.anim.curve.core-1.3.1] startup
[3.725s] [ext: isaacsim.core.throttling-2.2.2] startup
[3.726s] [ext: omni.kit.menu.common-2.0.1] startup
[3.728s] [ext: isaacsim.exp.base-5.1.0] startup
[3.728s] [ext: isaacsim.exp.base.python-5.1.0] startup
[3.729s] Simulation App Starting
2026-07-15T07:56:53Z [3,790ms] [Warning] [omni.fabric.plugin] Warning: attribute viewportHandle not found for bucket id 9

[3.813s] app ready
[5.546s] Simulation App Startup Complete
[8.643s] Simulation App Shutting Down
