[Info] [carb] Logging to file: /home/jingxiang/workspace/agenticsim-runtime/.venv/lib/python3.11/site-packages/isaacsim/kit/logs/Kit/Isaac-Sim Python/5.1/kit_20260715_145053.log
2026-07-15T06:50:53Z [0ms] [Warning] [carb.crashreporter-breakpad.plugin] [previous crash] preventing upload of minidump due to user opt-out: '/home/jingxiang/workspace/agenticsim-runtime/.venv/lib/python3.11/site-packages/isaacsim/kit/data/Kit/Isaac-Sim Python/5.1/cc42f149-c97a-484f-4e970ebc-3249862a.dmp'
[0.031s] [ext: omni.kit.async_engine-0.0.3] startup
[0.102s] [ext: omni.metrics.core-0.0.3] startup
[0.103s] [ext: omni.client.lib-1.1.0] startup
[0.111s] [ext: omni.blobkey-1.1.2] startup
[0.111s] [ext: omni.stats-1.0.1] startup
[0.112s] [ext: omni.datastore-0.0.0] startup
[0.116s] [ext: omni.client-1.3.0] startup
[0.119s] [ext: omni.ujitso.default-1.0.0] startup
[0.120s] [ext: omni.hsscclient-1.1.2] startup
[0.123s] [ext: omni.gpu_foundation.shadercache.vulkan-1.0.0] startup
[0.124s] [ext: omni.assets.plugins-0.0.0] startup
[0.125s] [ext: omni.gpu_foundation-0.0.0] startup
[0.132s] [ext: carb.windowing.plugins-1.0.0] startup
2026-07-15T06:50:53Z [122ms] [Warning] [carb.windowing-glfw.plugin] GLFW initialization failed.
2026-07-15T06:50:53Z [122ms] [Warning] [carb] Failed to startup plugin carb.windowing-glfw.plugin (interfaces: [carb::windowing::IGLContext v1.0],[carb::windowing::IWindowing v1.5]) (impl: carb.windowing-glfw.plugin)
[0.132s] [ext: omni.kit.renderer.init-0.0.0] startup
2026-07-15T06:50:53Z [132ms] [Warning] [omni.platforminfo.plugin] failed to open the default display.  Can't verify X Server version.

|---------------------------------------------------------------------------------------------|
| Driver Version: 580.159.03    | Graphics API: Vulkan
|=============================================================================================|
| GPU | Name                             | Active | LDA | GPU Memory | Vendor-ID | LUID       |
|     |                                  |        |     |            | Device-ID | UUID       |
|     |                                  |        |     |            | Bus-ID    |            |
|---------------------------------------------------------------------------------------------|
| 0   | NVIDIA GeForce RTX 5090          | Yes: 0 |     | 32607   MB | 10de      | 0          |
|     |                                  |        |     |            | 2b85      | f854badd.. |
|     |                                  |        |     |            | 1         |            |
|=============================================================================================|
| OS: 24.04.4 LTS (Noble Numbat) ubuntu, Version: 24.04.4, Kernel: 6.17.0-35-generic
| Processor: AMD Ryzen 7 7800X3D 8-Core Processor
| Cores: 8 | Logical Cores: 16
|---------------------------------------------------------------------------------------------|
| Total Memory (MB): 63405 | Free Memory: 59396
| Total Page/Swap (MB): 62499 | Free Page/Swap: 62499
|---------------------------------------------------------------------------------------------|
2026-07-15T06:50:53Z [663ms] [Warning] [gpu.foundation.plugin] IOMMU is enabled.
[0.781s] [ext: omni.materialx.libs-1.0.7] startup
[0.787s] [ext: omni.kit.telemetry-0.5.2] startup
[0.806s] [ext: omni.usd.config-1.0.6] startup
[0.809s] [ext: omni.gpucompute.plugins-0.0.0] startup
[0.810s] [ext: omni.usd.libs-1.0.1] startup
[0.866s] [ext: omni.kit.loop-isaac-1.3.7] startup
[0.866s] [ext: omni.kit.test-2.0.1] startup
[0.902s] [ext: omni.mdl-56.0.3] startup
[0.962s] [ext: omni.iray.libs-0.0.0] startup
[0.967s] [ext: omni.mdl.neuraylib-0.2.12] startup
[0.969s] [ext: omni.kit.usd.mdl-1.1.5] startup
[1.030s] [ext: omni.kit.pipapi-0.0.0] startup
[1.030s] [ext: omni.appwindow-1.1.10] startup
2026-07-15T06:50:54Z [1,021ms] [Warning] [carb.windowing-glfw.plugin] GLFW initialization failed.
2026-07-15T06:50:54Z [1,021ms] [Warning] [carb] Failed to startup plugin carb.windowing-glfw.plugin (interfaces: [carb::windowing::IGLContext v1.0],[carb::windowing::IWindowing v1.5]) (impl: carb.windowing-glfw.plugin)
[1.032s] [ext: omni.kit.renderer.core-1.1.0] startup
2026-07-15T06:50:54Z [1,033ms] [Warning] [carb.windowing-glfw.plugin] GLFW initialization failed.
2026-07-15T06:50:54Z [1,033ms] [Warning] [carb] Failed to startup plugin carb.windowing-glfw.plugin (interfaces: [carb::windowing::IGLContext v1.0],[carb::windowing::IWindowing v1.5]) (impl: carb.windowing-glfw.plugin)
2026-07-15T06:50:54Z [1,039ms] [Warning] [carb.windowing-glfw.plugin] GLFW initialization failed.
2026-07-15T06:50:54Z [1,039ms] [Warning] [carb] Failed to startup plugin carb.windowing-glfw.plugin (interfaces: [carb::windowing::IGLContext v1.0],[carb::windowing::IWindowing v1.5]) (impl: carb.windowing-glfw.plugin)
[1.050s] [ext: omni.kit.renderer.capture-0.0.0] startup
[1.052s] [ext: omni.kit.renderer.imgui-2.0.5] startup
2026-07-15T06:50:54Z [1,045ms] [Warning] [carb.windowing-glfw.plugin] GLFW initialization failed.
2026-07-15T06:50:54Z [1,045ms] [Warning] [carb] Failed to startup plugin carb.windowing-glfw.plugin (interfaces: [carb::windowing::IGLContext v1.0],[carb::windowing::IWindowing v1.5]) (impl: carb.windowing-glfw.plugin)
2026-07-15T06:50:54Z [1,046ms] [Warning] [carb.windowing-glfw.plugin] GLFW initialization failed.
2026-07-15T06:50:54Z [1,046ms] [Warning] [carb] Failed to startup plugin carb.windowing-glfw.plugin (interfaces: [carb::windowing::IGLContext v1.0],[carb::windowing::IWindowing v1.5]) (impl: carb.windowing-glfw.plugin)
2026-07-15T06:50:54Z [1,046ms] [Warning] [carb.windowing-glfw.plugin] GLFW initialization failed.
2026-07-15T06:50:54Z [1,046ms] [Warning] [carb] Failed to startup plugin carb.windowing-glfw.plugin (interfaces: [carb::windowing::IGLContext v1.0],[carb::windowing::IWindowing v1.5]) (impl: carb.windowing-glfw.plugin)
[1.098s] [ext: omni.ui-2.27.1] startup
[1.104s] [ext: omni.kit.mainwindow-1.0.3] startup
[1.105s] [ext: carb.audio-0.1.0] startup
[1.109s] [ext: omni.uiaudio-1.0.0] startup
[1.109s] [ext: omni.kit.uiapp-0.0.0] startup
[1.109s] [ext: omni.usd.schema.metrics.assembler-107.3.1] startup
[1.111s] [ext: omni.usd.schema.physx-107.3.26] startup
[1.130s] [ext: omni.usd.schema.geospatial-0.0.0] startup
[1.132s] [ext: omni.usd.schema.audio-0.0.0] startup
[1.133s] [ext: omni.usd.schema.anim-0.0.0] startup
[1.144s] [ext: omni.usd.schema.flow-107.1.1] startup
[1.144s] [ext: omni.usd_resolver-1.0.0] startup
[1.147s] [ext: omni.usd.core-1.5.3] startup
[1.148s] [ext: omni.usd.schema.omni_sensors-0.0.0] startup
[1.157s] [ext: omni.usd.schema.semantics-0.0.0] startup
[1.159s] [ext: omni.usd.schema.omniscripting-1.0.0] startup
[1.161s] [ext: omni.usd.schema.omni_lens_distortion-0.0.0] startup
[1.161s] [ext: omni.usd.schema.omnigraph-1.0.0] startup
[1.164s] [ext: omni.kit.window.popup_dialog-2.0.24] startup
[1.166s] [ext: omni.graph.exec-0.9.6] startup
[1.167s] [ext: omni.kit.widget.nucleus_connector-2.0.1] startup
[1.168s] [ext: omni.kit.usd_undo-0.1.8] startup
[1.168s] [ext: omni.kit.exec.core-0.13.4] startup
[1.169s] [ext: omni.kit.actions.core-1.0.0] startup
[1.171s] [ext: omni.resourcemonitor-107.0.1] startup
[1.172s] [ext: omni.activity.core-1.0.3] startup
[1.173s] [ext: omni.timeline-1.0.14] startup
[1.174s] [ext: omni.kit.commands-1.4.10] startup
[1.177s] [ext: usdrt.scenegraph-7.6.1] startup
[1.199s] [ext: omni.kit.audiodeviceenum-1.0.2] startup
[1.200s] [ext: omni.hydra.usdrt_delegate-7.5.1] startup
[1.204s] [ext: omni.hydra.scene_delegate-0.3.4] startup
[1.207s] [ext: omni.usd-1.13.10] startup
[1.223s] [ext: omni.inspect-1.0.2] startup
[1.224s] [ext: omni.kit.notification_manager-1.0.10] startup
[1.225s] [ext: omni.graph.core-2.184.5] startup
[1.226s] [ext: isaacsim.core.deprecation_manager-0.2.7] startup
[1.227s] [ext: omni.anim.graph.schema-107.3.3] startup
[1.230s] [ext: omni.usd.schema.isaac-3.0.5] startup
[1.230s] [ext: omni.anim.navigation.schema-107.3.3] startup
[1.232s] [ext: omni.kit.asset_converter-5.0.17] startup
[1.240s] [ext: isaacsim.robot.schema-3.6.0] startup
[1.244s] [ext: omni.usd.schema.render_settings.rtx-0.0.0] startup
[1.245s] [ext: omni.kit.menu.core-1.1.2] startup
[1.245s] [ext: omni.kit.widget.path_field-2.0.11] startup
[1.245s] [ext: omni.kit.widget.context_menu-1.2.5] startup
[1.246s] [ext: omni.kit.widget.browser_bar-2.0.10] startup
[1.246s] [ext: omni.kit.clipboard-1.0.5] startup
[1.247s] [ext: omni.kit.numpy.common-0.1.3] startup
[1.248s] [ext: omni.kit.widget.options_menu-1.1.6] startup
[1.249s] [ext: omni.kit.helper.file_utils-0.1.9] startup
[1.250s] [ext: omni.ui.scene-1.11.5] startup
[1.253s] [ext: omni.kit.widget.options_button-1.0.3] startup
[1.253s] [ext: omni.kit.widget.filebrowser-2.12.3] startup
[1.256s] [ext: omni.kit.usd.layers-2.2.11] startup
[1.260s] [ext: omni.kit.window.filepicker-2.13.4] startup
[1.268s] [ext: omni.kit.hotkeys.core-1.3.10] startup
[1.270s] [ext: omni.kit.context_menu-1.8.6] startup
[1.271s] [ext: omni.kit.property.adapter.core-1.0.2] startup
[1.272s] [ext: omni.kit.window.file_exporter-1.0.33] startup
[1.273s] [ext: omni.kit.widget.searchfield-1.1.8] startup
[1.274s] [ext: omni.kit.widget.filter-1.1.4] startup
[1.275s] [ext: omni.kit.widget.graph-2.0.0] startup
[1.278s] [ext: omni.kit.widget.stage-3.1.4] startup
[1.284s] [ext: omni.kit.property.adapter.usd-1.0.2] startup
[1.285s] [ext: omni.kit.property.adapter.fabric-1.0.3] startup
[1.286s] [ext: omni.kit.graph.delegate.default-1.2.3] startup
[1.286s] [ext: omni.kit.window.file_importer-1.1.18] startup
[1.286s] [ext: omni.kit.stage_template.core-1.1.22] startup
[1.287s] [ext: omni.kit.menu.utils-2.0.5] startup
[1.289s] [ext: omni.kit.window.file-2.0.5] startup
[1.291s] [ext: omni.kit.widget.highlight_label-1.0.3] startup
[1.291s] [ext: omni.kit.window.drop_support-1.0.5] startup
[1.292s] [ext: omni.kit.window.content_browser_registry-0.0.6] startup
[1.292s] [ext: omni.kit.window.property-1.12.1] startup
[1.294s] [ext: omni.kit.window.content_browser-3.1.3] startup
[1.300s] [ext: isaacsim.core.version-2.0.6] startup
[1.301s] [ext: omni.kit.property.usd-4.5.12] startup
[1.307s] [ext: omni.kit.graph.editor.core-1.5.3] startup
[1.308s] [ext: omni.kit.material.library-2.0.7] startup
[1.311s] [ext: omni.kit.graph.usd.commands-1.3.1] startup
[1.311s] [ext: omni.kvdb-107.3.26] startup
[1.312s] [ext: omni.usdphysics-107.3.26] startup
[1.313s] [ext: omni.physx.foundation-107.3.26] startup
[1.314s] [ext: omni.localcache-107.3.26] startup
[1.315s] [ext: omni.convexdecomposition-107.3.26] startup
[1.317s] [ext: omni.physics-107.3.26] startup
[1.319s] [ext: omni.physx.cooking-107.3.26] startup
[1.321s] [ext: omni.physics.stageupdate-107.3.26] startup
[1.322s] [ext: omni.physx-107.3.26] startup
[1.327s] [ext: omni.index.libs-380600.8087.0] startup
[1.328s] [ext: omni.physics.physx-107.3.26] startup
2026-07-15T06:50:54Z [1,318ms] [Warning] [carb] Acquiring non optional plugin interface which is not listed as dependency: [omni::physx::IPhysxBenchmarks v1.0] (plugin: <default plugin>), by client: omni.physics.physx.plugin. Add it to CARB_PLUGIN_IMPL_DEPS() macro of a client.
[1.329s] [ext: omni.index-1.0.1] startup
[1.329s] [ext: omni.volume-0.5.2] startup
[1.331s] [ext: omni.ujitso.client-0.0.0] startup
[1.331s] [ext: omni.hydra.rtx.shadercache.vulkan-1.0.0] startup
[1.332s] [ext: omni.kit.widget.searchable_combobox-1.0.6] startup
[1.332s] [ext: omni.hydra.rtx-1.0.0] startup
2026-07-15T06:50:54Z [1,335ms] [Warning] [omni.log] Source: omni.hydra was already registered.
[1.358s] [ext: omni.kit.widget.settings-1.2.6] startup
[1.359s] [ext: omni.kit.hydra_texture-1.4.6] startup
[1.361s] [ext: omni.graph.tools-1.79.2] startup
[1.374s] [ext: omni.kit.window.preferences-1.8.0] startup
[1.377s] [ext: omni.kit.widget.material_preview-1.0.16] startup
[1.378s] [ext: omni.graph-1.141.2] startup
[1.402s] [ext: omni.kit.window.material_graph-1.9.1] startup
[1.407s] [ext: omni.isaac.dynamic_control-2.0.7] startup
2026-07-15T06:50:54Z [1,400ms] [Warning] [omni.isaac.dynamic_control] omni.isaac.dynamic_control is deprecated as of Isaac Sim 4.5. No action is needed from end-users.
[1.410s] [ext: isaacsim.storage.native-1.5.1] startup
[1.412s] [ext: omni.graph.scriptnode-1.50.0] startup
[1.413s] [ext: omni.hydra.engine.stats-1.0.3] startup
[1.416s] [ext: omni.kit.viewport.legacy_gizmos-1.0.19] startup
[1.418s] [ext: omni.kit.raycast.query-1.1.0] startup
[1.421s] [ext: omni.graph.action_core-1.1.7] startup
[1.424s] [ext: omni.kit.viewport.scene_camera_model-1.0.6] startup
[1.427s] [ext: omni.graph.image.core-0.6.1] startup
[1.427s] [ext: omni.kit.widget.viewport-107.1.3] startup
[1.431s] [ext: omni.kit.viewport.registry-104.0.6] startup
[1.432s] [ext: omni.usd.metrics.assembler-107.3.1] startup
[1.434s] [ext: omni.kit.viewport.window-107.2.0] startup
[1.447s] [ext: omni.kit.viewport.menubar.core-107.2.1] startup
[1.455s] [ext: omni.graph.image.nodes-1.3.1] startup
[1.456s] [ext: omni.usd.metrics.assembler.physics-107.3.26] startup
[1.457s] [ext: omni.warp.core-1.8.2] startup
[1.577s] [ext: omni.kit.viewport.utility-1.1.2] startup
[1.578s] [ext: omni.physics.tensors-107.3.26] startup
[1.582s] [ext: omni.syntheticdata-0.6.13] startup
[1.597s] [ext: isaacsim.test.docstring-1.1.0] startup
[1.603s] [ext: isaacsim.core.utils-3.5.1] startup
[1.605s] [ext: omni.physx.tensors-107.3.26] startup
[1.610s] [ext: omni.graph.nodes-1.170.10] startup
[1.617s] [ext: omni.graph.action_nodes-1.50.4] startup
[1.619s] [ext: omni.kit.primitive.mesh-1.0.17] startup
[1.625s] [ext: isaacsim.core.simulation_manager-1.4.4] startup
[2.561s] [ext: omni.graph.ui_nodes-1.50.5] startup
[2.565s] [ext: omni.graph.action-1.130.0] startup
[2.566s] [ext: omni.kit.stage_templates-2.0.0] startup
[2.570s] [ext: isaacsim.core.prims-0.6.1] startup
[2.589s] [ext: omni.warp-1.8.2] startup
[2.594s] [ext: omni.videoencoding-0.1.2] startup
[2.597s] [ext: isaacsim.core.api-4.8.0] startup
[2.621s] [ext: isaacsim.core.experimental.utils-0.3.0] startup
[2.630s] [ext: omni.replicator.core-1.12.27] startup
2026-07-15T06:50:55Z [2,641ms] [Warning] [pxr.Semantics] pxr.Semantics is deprecated - please use Semantics instead
2026-07-15T06:50:55Z [2,718ms] [Warning] [omni.graph.core.plugin] Found duplicate of category 'Replicator' - was 'Annotators', adding 'Fabric Reader'
2026-07-15T06:50:55Z [2,718ms] [Warning] [omni.graph.core.plugin] Category 'Replicator' not accepted on node type 'omni.replicator.core.FabricReader' in extension 'omni.replicator.core'
2026-07-15T06:50:55Z [2,719ms] [Warning] [omni.replicator.core.scripts.extension] No material configuration file, adding configuration to material settings directly.
[2.731s] [ext: isaacsim.core.experimental.prims-0.8.1] startup
[2.766s] [ext: omni.kit.window.extensions-1.4.27] startup
[2.774s] [ext: isaacsim.core.experimental.objects-0.4.0] startup
[2.780s] [ext: omni.ui_query-1.1.8] startup
[2.782s] [ext: omni.kit.manipulator.viewport-107.0.1] startup
[2.784s] [ext: isaacsim.robot.surface_gripper-3.3.1] startup
[2.790s] [ext: omni.kit.ui_test-1.3.7] startup
[2.794s] [ext: omni.graph.visualization.nodes-2.1.3] startup
[2.817s] [ext: isaacsim.robot_motion.lula-4.0.8] startup
[2.823s] [ext: isaacsim.core.nodes-3.4.3] startup
[2.835s] [ext: isaacsim.gui.components-1.2.1] startup
[2.846s] [ext: isaacsim.robot_motion.motion_generation-8.0.26] startup
[2.865s] [ext: isaacsim.robot.manipulators-3.3.6] startup
[2.872s] [ext: isaacsim.core.experimental.materials-0.4.0] startup
[2.883s] [ext: isaacsim.robot.manipulators.examples-1.1.2] startup
[2.887s] [ext: isaacsim.cortex.framework-1.0.12] startup
[2.890s] [ext: isaacsim.cortex.behaviors-2.0.14] startup
[2.893s] [ext: omni.isaac.cortex.sample_behaviors-2.0.5] startup
2026-07-15T06:50:55Z [2,886ms] [Warning] [omni.isaac.cortex] omni.isaac.cortex has been deprecated in favor of isaacsim.cortex.framework. Please update your code accordingly.
2026-07-15T06:50:55Z [2,886ms] [Warning] [omni.isaac.cortex.sample_behaviors] omni.isaac.cortex.sample_behaviors has been deprecated in favor of isaacsim.cortex.behaviors. Please update your code accordingly.
[2.899s] [ext: omni.kit.widget.zoombar-1.0.6] startup
[2.905s] [ext: isaacsim.gui.content_browser-0.1.11] startup
[2.911s] [ext: omni.kit.browser.core-2.3.13] startup
[2.925s] [ext: omni.kit.widget.stage_icons-1.0.8] startup
[2.927s] [ext: omni.kit.widget.prompt-1.0.7] startup
[2.928s] [ext: omni.kit.usd.collect-2.4.5] startup
[2.931s] [ext: omni.kit.browser.folder.core-1.10.9] startup
[2.936s] [ext: omni.kit.window.stage-2.6.1] startup
[2.941s] [ext: omni.kit.usdz_export-1.0.9] startup
[2.944s] [ext: omni.kit.tool.collect-2.2.18] startup
[2.947s] [ext: omni.kit.menu.stage-1.2.7] startup
[2.953s] [ext: omni.kit.tool.asset_importer-4.3.2] startup
[2.983s] [ext: isaacsim.robot.wheeled_robots-4.0.24] startup
[3.048s] [ext: isaacsim.examples.browser-0.2.1] startup
[3.105s] [ext: isaacsim.asset.importer.urdf-2.4.30] startup
[3.308s] [ext: omni.isaac.wheeled_robots-3.0.7] startup
2026-07-15T06:50:56Z [3,299ms] [Warning] [omni.isaac.wheeled_robots] omni.isaac.wheeled_robots has been deprecated in favor of isaacsim.robot.wheeled_robots. Please update your code accordingly.
2026-07-15T06:50:56Z [3,299ms] [Warning] [omni.isaac.wheeled_robots.controllers] omni.isaac.wheeled_robots has been deprecated in favor of isaacsim.robot.wheeled_robots. Please update your code accordingly.
2026-07-15T06:50:56Z [3,299ms] [Warning] [omni.isaac.wheeled_robots.controllers.ackermann_controller] omni.isaac.wheeled_robots has been deprecated in favor of isaacsim.robot.wheeled_robots. Please update your code accordingly.
2026-07-15T06:50:56Z [3,301ms] [Warning] [omni.isaac.wheeled_robots.controllers.differential_controller] omni.isaac.wheeled_robots has been deprecated in favor of isaacsim.robot.wheeled_robots. Please update your code accordingly.
2026-07-15T06:50:56Z [3,301ms] [Warning] [omni.isaac.wheeled_robots.controllers.holonomic_controller] omni.isaac.wheeled_robots has been deprecated in favor of isaacsim.robot.wheeled_robots. Please update your code accordingly.
2026-07-15T06:50:56Z [3,304ms] [Warning] [omni.isaac.wheeled_robots.controllers.quintic_path_planner] omni.isaac.wheeled_robots has been deprecated in favor of isaacsim.robot.wheeled_robots. Please update your code accordingly.
2026-07-15T06:50:56Z [3,304ms] [Warning] [omni.isaac.wheeled_robots.controllers.stanley_control] omni.isaac.wheeled_robots has been deprecated in favor of isaacsim.robot.wheeled_robots. Please update your code accordingly.
2026-07-15T06:50:56Z [3,304ms] [Warning] [omni.isaac.wheeled_robots.controllers.wheel_base_pose_controller] omni.isaac.wheeled_robots has been deprecated in favor of isaacsim.robot.wheeled_robots. Please update your code accordingly.
2026-07-15T06:50:56Z [3,304ms] [Warning] [omni.isaac.wheeled_robots.impl] omni.isaac.wheeled_robots has been deprecated in favor of isaacsim.robot.wheeled_robots. Please update your code accordingly.
2026-07-15T06:50:56Z [3,304ms] [Warning] [omni.isaac.wheeled_robots.robots] omni.isaac.wheeled_robots has been deprecated in favor of isaacsim.robot.wheeled_robots. Please update your code accordingly.
2026-07-15T06:50:56Z [3,304ms] [Warning] [omni.isaac.wheeled_robots.robots.holonomic_robot_usd_setup] omni.isaac.wheeled_robots has been deprecated in favor of isaacsim.robot.wheeled_robots. Please update your code accordingly.
2026-07-15T06:50:56Z [3,304ms] [Warning] [omni.isaac.wheeled_robots.robots.wheeled_robot] omni.isaac.wheeled_robots has been deprecated in favor of isaacsim.robot.wheeled_robots. Please update your code accordingly.
[3.315s] [ext: isaacsim.simulation_app-2.12.2] startup
[3.316s] [ext: omni.isaac.franka-1.0.7] startup
2026-07-15T06:50:56Z [3,307ms] [Warning] [omni.isaac.franka] omni.isaac.franka has been deprecated in favor of isaacsim.robot.manipulators.examples.franka. Please update your code accordingly.
2026-07-15T06:50:56Z [3,307ms] [Warning] [omni.isaac.franka.franka] omni.isaac.franka has been deprecated in favor of isaacsim.robot.manipulators.examples.franka. Please update your code accordingly.
2026-07-15T06:50:56Z [3,320ms] [Warning] [omni.isaac.franka.kinematics_solver] omni.isaac.franka has been deprecated in favor of isaacsim.robot.manipulators.examples.franka. Please update your code accordingly.
[3.331s] [ext: omni.isaac.kit-2.0.6] startup
2026-07-15T06:50:56Z [3,322ms] [Warning] [omni.isaac.kit] omni.isaac.kit has been deprecated in favor of isaacsim.simulation_app. Please update your code accordingly.
[3.332s] [ext: omni.kit.selection-0.1.6] startup
[3.334s] [ext: omni.isaac.lula-4.0.6] startup
2026-07-15T06:50:56Z [3,324ms] [Warning] [omni.isaac.lula] omni.isaac.lula has been deprecated in favor of isaacsim.robot_motion.lula. Please update your code accordingly.
[3.334s] [ext: isaacsim.robot_motion.lula_test_widget-1.0.12] startup
[3.336s] [ext: isaacsim.asset.browser-1.3.23] startup
[3.395s] [ext: omni.kit.viewport.actions-107.0.2] startup
[3.399s] [ext: isaacsim.gui.menu-2.4.4] startup
[3.402s] [ext: omni.isaac.manipulators-3.0.7] startup
2026-07-15T06:50:56Z [3,393ms] [Warning] [omni.isaac.manipulators] omni.isaac.manipulators has been deprecated in favor of isaacsim.robot.manipulators. Please update your code accordingly.
2026-07-15T06:50:56Z [3,393ms] [Warning] [omni.isaac.manipulators.controllers] omni.isaac.manipulators has been deprecated in favor of isaacsim.robot.manipulators. Please update your code accordingly.
2026-07-15T06:50:56Z [3,394ms] [Warning] [omni.isaac.manipulators.controllers.pick_place_controller] omni.isaac.manipulators has been deprecated in favor of isaacsim.robot.manipulators. Please update your code accordingly.
2026-07-15T06:50:56Z [3,394ms] [Warning] [omni.isaac.manipulators.controllers.stacking_controller] omni.isaac.manipulators has been deprecated in favor of isaacsim.robot.manipulators. Please update your code accordingly.
2026-07-15T06:50:56Z [3,394ms] [Warning] [omni.isaac.manipulators.grippers] omni.isaac.manipulators has been deprecated in favor of isaacsim.robot.manipulators. Please update your code accordingly.
2026-07-15T06:50:56Z [3,395ms] [Warning] [omni.isaac.manipulators.grippers.gripper] omni.isaac.manipulators has been deprecated in favor of isaacsim.robot.manipulators. Please update your code accordingly.
2026-07-15T06:50:56Z [3,395ms] [Warning] [omni.isaac.manipulators.grippers.parallel_gripper] omni.isaac.manipulators has been deprecated in favor of isaacsim.robot.manipulators. Please update your code accordingly.
2026-07-15T06:50:56Z [3,395ms] [Warning] [omni.isaac.manipulators.grippers.surface_gripper] omni.isaac.manipulators has been deprecated in favor of isaacsim.robot.manipulators. Please update your code accordingly.
2026-07-15T06:50:56Z [3,395ms] [Warning] [omni.isaac.manipulators.manipulators] omni.isaac.manipulators has been deprecated in favor of isaacsim.robot.manipulators. Please update your code accordingly.
2026-07-15T06:50:56Z [3,395ms] [Warning] [omni.isaac.manipulators.manipulators.single_manipulator] omni.isaac.manipulators has been deprecated in favor of isaacsim.robot.manipulators. Please update your code accordingly.
[3.406s] [ext: omni.isaac.lula_test_widget-1.0.6] startup
2026-07-15T06:50:56Z [3,397ms] [Warning] [omni.isaac.lula_test_widget] omni.isaac.lula_test_widget has been deprecated in favor of isaacsim.robot_motion.lula_test_widget. Please update your code accordingly.
[3.407s] [ext: omni.isaac.asset_browser-1.0.6] startup
2026-07-15T06:50:56Z [3,399ms] [Warning] [omni.isaac.asset_browser] omni.isaac.asset_browser has been deprecated in favor of isaacsim.asset.browser. Please update your code accordingly.
[3.409s] [ext: omni.kit.viewport.menubar.display-107.0.3] startup
[3.414s] [ext: omni.isaac.menu-1.0.6] startup
2026-07-15T06:50:56Z [3,404ms] [Warning] [omni.isaac.menu] omni.isaac.menu has been deprecated in favor of isaacsim.gui.menu. Please update your code accordingly.
[3.414s] [ext: omni.isaac.motion_generation-8.0.7] startup
2026-07-15T06:50:56Z [3,405ms] [Warning] [omni.isaac.motion_generation] omni.isaac.motion_generation has been deprecated in favor of isaacsim.robot_motion.motion_generation. Please update your code accordingly.
2026-07-15T06:50:56Z [3,405ms] [Warning] [omni.isaac.motion_generation.articulation_kinematics_solver] omni.isaac.motion_generation has been deprecated in favor of isaacsim.robot_motion.motion_generation. Please update your code accordingly.
2026-07-15T06:50:56Z [3,405ms] [Warning] [omni.isaac.motion_generation.articulation_motion_policy] omni.isaac.motion_generation has been deprecated in favor of isaacsim.robot_motion.motion_generation. Please update your code accordingly.
2026-07-15T06:50:56Z [3,406ms] [Warning] [omni.isaac.motion_generation.articulation_trajectory] omni.isaac.motion_generation has been deprecated in favor of isaacsim.robot_motion.motion_generation. Please update your code accordingly.
2026-07-15T06:50:56Z [3,406ms] [Warning] [omni.isaac.motion_generation.kinematics_interface] omni.isaac.motion_generation has been deprecated in favor of isaacsim.robot_motion.motion_generation. Please update your code accordingly.
2026-07-15T06:50:56Z [3,407ms] [Warning] [omni.isaac.motion_generation.lula] omni.isaac.motion_generation has been deprecated in favor of isaacsim.robot_motion.motion_generation. Please update your code accordingly.
2026-07-15T06:50:56Z [3,407ms] [Warning] [omni.isaac.motion_generation.lula.kinematics] omni.isaac.motion_generation has been deprecated in favor of isaacsim.robot_motion.motion_generation. Please update your code accordingly.
2026-07-15T06:50:56Z [3,407ms] [Warning] [omni.isaac.motion_generation.lula.motion_policies] omni.isaac.motion_generation has been deprecated in favor of isaacsim.robot_motion.motion_generation. Please update your code accordingly.
2026-07-15T06:50:56Z [3,407ms] [Warning] [omni.isaac.motion_generation.lula.path_planners] omni.isaac.motion_generation has been deprecated in favor of isaacsim.robot_motion.motion_generation. Please update your code accordingly.
2026-07-15T06:50:56Z [3,407ms] [Warning] [omni.isaac.motion_generation.lula.trajectory_generator] omni.isaac.motion_generation has been deprecated in favor of isaacsim.robot_motion.motion_generation. Please update your code accordingly.
2026-07-15T06:50:56Z [3,407ms] [Warning] [omni.isaac.motion_generation.motion_policy_controller] omni.isaac.motion_generation has been deprecated in favor of isaacsim.robot_motion.motion_generation. Please update your code accordingly.
2026-07-15T06:50:56Z [3,407ms] [Warning] [omni.isaac.motion_generation.motion_policy_interface] omni.isaac.motion_generation has been deprecated in favor of isaacsim.robot_motion.motion_generation. Please update your code accordingly.
2026-07-15T06:50:56Z [3,407ms] [Warning] [omni.isaac.motion_generation.path_planner_visualizer] omni.isaac.motion_generation has been deprecated in favor of isaacsim.robot_motion.motion_generation. Please update your code accordingly.
2026-07-15T06:50:56Z [3,407ms] [Warning] [omni.isaac.motion_generation.path_planning_interface] omni.isaac.motion_generation has been deprecated in favor of isaacsim.robot_motion.motion_generation. Please update your code accordingly.
2026-07-15T06:50:56Z [3,407ms] [Warning] [omni.isaac.motion_generation.trajectory] omni.isaac.motion_generation has been deprecated in favor of isaacsim.robot_motion.motion_generation. Please update your code accordingly.
2026-07-15T06:50:56Z [3,407ms] [Warning] [omni.isaac.motion_generation.world_interface] omni.isaac.motion_generation has been deprecated in favor of isaacsim.robot_motion.motion_generation. Please update your code accordingly.
[3.418s] [ext: omni.isaac.assets_check-0.3.13] startup
2026-07-15T06:50:56Z [3,408ms] [Warning] [omni.isaac.assets_check] omni.isaac.assets_check has been deprecated in favor of isaacsim.asset.browser. Please update your code accordingly.
[3.419s] [ext: isaacsim.gui.sensors.icon-2.0.3] startup
[3.427s] [ext: isaacsim.asset.importer.mjcf-2.5.13] startup
[3.431s] [ext: omni.sensors.nv.common-3.0.0] startup
[3.439s] [ext: isaacsim.sensors.physics-0.4.3] startup
[3.443s] [ext: omni.sensors.net-1.0.0] startup
[3.445s] [ext: omni.isaac.nucleus-1.0.6] startup
2026-07-15T06:50:56Z [3,436ms] [Warning] [omni.isaac.nucleus] omni.isaac.nucleus has been deprecated in favor of isaacsim.storage.native. Please update your code accordingly.
2026-07-15T06:50:56Z [3,436ms] [Warning] [omni.isaac.nucleus.nucleus] omni.isaac.nucleus.nucleus has been deprecated in favor of isaacsim.storage.native. Please update your code accordingly.
[3.446s] [ext: omni.sensors.nv.materials-2.0.0] startup
[3.451s] [ext: isaacsim.robot.policy.examples-4.1.11] startup
[3.454s] [ext: omni.sensors.nv.wpm-3.0.0] startup
[3.457s] [ext: omni.sensors.nv.lidar-3.0.0] startup
[3.462s] [ext: isaacsim.util.debug_draw-3.1.0] startup
[3.464s] [ext: omni.sensors.nv.radar-3.0.0] startup
[3.468s] [ext: omni.sensors.nv.ids-2.0.0] startup
[3.469s] [ext: isaacsim.core.cloner-1.4.10] startup
[3.471s] [ext: isaacsim.sensors.physx-2.3.2] startup
[3.473s] [ext: isaacsim.sensors.rtx-15.8.4] startup
[3.479s] [ext: isaacsim.sensors.camera-1.3.6] startup
[3.484s] [ext: omni.isaac.quadruped-3.0.7] startup
2026-07-15T06:50:56Z [3,476ms] [Warning] [omni.isaac.quadruped] omni.isaac.quadruped has been deprecated in favor of isaacsim.robot.policy.examples. Please update your code accordingly.
[3.488s] [ext: omni.isaac.cloner-1.0.7] startup
2026-07-15T06:50:56Z [3,481ms] [Warning] [omni.isaac.cloner] omni.isaac.cloner has been deprecated in favor of isaacsim.core.cloner. Please update your code accordingly.
[3.491s] [ext: omni.isaac.range_sensor-4.0.6] startup
2026-07-15T06:50:56Z [3,485ms] [Warning] [omni.isaac.range_sensor] omni.isaac.range_sensor has been deprecated in favor of isaacsim.sensors.physx. Please update your code accordingly.
2026-07-15T06:50:56Z [3,485ms] [Warning] [omni.isaac.range_sensor.commands] omni.isaac.range_sensor.commands has been deprecated in favor of isaacsim.sensors.physx.commands. Please update your code accordingly.
[3.497s] [ext: omni.isaac.sensor-13.0.7] startup
2026-07-15T06:50:56Z [3,488ms] [Warning] [omni.isaac.sensor] omni.isaac.sensor has been deprecated in favor of isaacsim.sensors.camera, isaacsim.sensors.physics, isaacsim.sensors.physx, and isaacsim.sensors.rtx. Please update your code accordingly.
2026-07-15T06:50:56Z [3,489ms] [Warning] [omni.isaac.sensor.camera] omni.isaac.sensor.camera has been deprecated in favor of isaacsim.sensors.camera.camera. Please update your code accordingly.
2026-07-15T06:50:56Z [3,489ms] [Warning] [omni.isaac.sensor.camera_view] omni.isaac.sensor.camera_view has been deprecated in favor of isaacsim.sensors.camera.camera_view. Please update your code accordingly.
2026-07-15T06:50:56Z [3,489ms] [Warning] [omni.isaac.sensor.commands] omni.isaac.sensor.commands has been deprecated in favor of isaacsim.sensors.physics.commands, isaacsim.sensors.physx.commands, and isaacsim.sensors.rtx.commands. Please update your code accordingly.
2026-07-15T06:50:56Z [3,489ms] [Warning] [omni.isaac.sensor.contact_sensor] omni.isaac.sensor.contact_sensor has been deprecated in favor of isaacsim.sensors.physics.contact_sensor. Please update your code accordingly.
2026-07-15T06:50:56Z [3,489ms] [Warning] [omni.isaac.sensor.imu_sensor] omni.isaac.sensor.imu_sensor has been deprecated in favor of isaacsim.sensors.physics.imu_sensor. Please update your code accordingly.
2026-07-15T06:50:56Z [3,490ms] [Warning] [omni.isaac.sensor.lidar_rtx] omni.isaac.sensor.lidar_rtx has been deprecated in favor of isaacsim.sensors.rtx.lidar_rtx. Please update your code accordingly.
2026-07-15T06:50:56Z [3,490ms] [Warning] [omni.isaac.sensor.rotating_lidar_physX] omni.isaac.sensor.imu_sensor has been deprecated in favor of isaacsim.sensors.physix.rotating_lidar_physX. Please update your code accordingly.
2026-07-15T06:50:56Z [3,490ms] [Warning] [omni.isaac.sensor.scripts.samples.contact_sensor] omni.isaac.sensor.scripts.samples.contact_sensor has been deprecated in favor of isaacsim.sensors.physics.scripts.samples.contact_sensor. Please update your code accordingly.
2026-07-15T06:50:56Z [3,490ms] [Warning] [omni.isaac.sensor.scripts.samples.imu_sensor] omni.isaac.sensor.scripts.samples.imu_sensor has been deprecated in favor of isaacsim.sensors.physics.scripts.samples.imu_sensor. Please update your code accordingly.
2026-07-15T06:50:56Z [3,490ms] [Warning] [omni.isaac.sensor.scripts.samples.lightbeam_sensor] omni.isaac.sensor.scripts.samples.lightbeam_sensor has been deprecated in favor of isaacsim.sensors.physx.scripts.samples.lightbeam_sensor. Please update your code accordingly.
[3.501s] [ext: omni.kit.menu.create-2.0.1] startup
[3.503s] [ext: omni.kit.widget.toolbar-2.0.1] startup
[3.513s] [ext: omni.kit.manipulator.transform-107.0.0] startup
[3.516s] [ext: omni.isaac.core-4.0.7] startup
2026-07-15T06:50:56Z [3,507ms] [Warning] [omni.isaac.core.physics_context.physics_context] omni.isaac.core.physics_context.physics_context has been deprecated in favor of isaacsim.core.api.physics_context.physics_context. Please update your code accordingly.
2026-07-15T06:50:56Z [3,507ms] [Warning] [omni.isaac.core.simulation_context.simulation_context] omni.isaac.core.simulation_context.simulation_context has been deprecated in favor of isaacsim.core.api.simulation_context.simulation_context. Please update your code accordingly.
2026-07-15T06:50:56Z [3,507ms] [Warning] [omni.isaac.core.world.world] omni.isaac.core.world.world has been deprecated in favor of isaacsim.core.api.world.world. Please update your code accordingly.
2026-07-15T06:50:56Z [3,507ms] [Warning] [omni.isaac.core] omni.isaac.core has been deprecated in favor of isaacsim.core.api. Please update your code accordingly.
[3.517s] [ext: omni.kit.scripting-107.3.2] startup
[3.522s] [ext: omni.kit.manipulator.tool.snap-1.5.13] startup
[3.525s] [ext: omni.kit.manipulator.selector-1.1.3] startup
[3.526s] [ext: isaacsim.app.about-2.0.11] startup
[3.529s] [ext: isaacsim.replicator.behavior-1.1.16] startup
[3.530s] [ext: omni.kit.viewport.manipulator.transform-107.0.4] startup
[3.531s] [ext: omni.isaac.window.about-2.0.7] startup
2026-07-15T06:50:56Z [3,522ms] [Warning] [omni.isaac.window.about] omni.isaac.window.about has been deprecated in favor of isaacsim.app.about. Please update your code accordingly.
2026-07-15T06:50:56Z [3,523ms] [Warning] [omni.isaac.window.about.about] omni.isaac.window.about.about has been deprecated in favor of isaacsim.app.about.about. Please update your code accordingly.
[3.533s] [ext: omni.fabric.commands-1.1.6] startup
[3.535s] [ext: omni.kit.manipulator.prim.core-107.0.8] startup
[3.539s] [ext: omni.kit.property.audio-1.0.16] startup
[3.541s] [ext: omni.kit.property.camera-1.0.10] startup
[3.542s] [ext: omni.kit.property.geometry-2.0.4] startup
[3.544s] [ext: omni.hydra.scene_api-0.1.2] startup
[3.547s] [ext: omni.kit.property.light-1.0.12] startup
[3.555s] [ext: omni.kit.manipulator.prim.fabric-107.0.4] startup
[3.556s] [ext: omni.kit.manipulator.prim.usd-107.0.3] startup
[3.558s] [ext: omni.kit.property.material-1.11.9] startup
[3.561s] [ext: omni.kit.property.render-1.2.1] startup
[3.562s] [ext: omni.kit.property.transform-1.5.13] startup
[3.565s] [ext: isaacsim.gui.property-1.1.3] startup
[3.566s] [ext: omni.kit.manipulator.camera-106.0.4] startup
[3.569s] [ext: omni.kit.manipulator.prim-107.0.0] startup
[3.569s] [ext: omni.isaac.surface_gripper-2.0.6] startup
2026-07-15T06:50:56Z [3,559ms] [Warning] [omni.isaac.surface_gripper] omni.isaac.surface_gripper has been deprecated in favor of isaacsim.robot.surface_gripper. Please update your code accordingly.
[3.570s] [ext: omni.kit.manipulator.selection-106.0.1] startup
[3.573s] [ext: omni.kit.property.bundle-1.4.1] startup
[3.573s] [ext: omni.kit.property.isaac-1.0.6] startup
2026-07-15T06:50:56Z [3,564ms] [Warning] [omni.kit.property.isaac] omni.kit.property.isaac has been deprecated in favor of isaacsim.gui.property. Please update your code accordingly.
2026-07-15T06:50:56Z [3,564ms] [Warning] [omni.kit.property.isaac.widgets] omni.kit.property.isaac.widgets has been deprecated in favor of isaacsim.gui.property.widgets. Please update your code accordingly.
[3.574s] [ext: omni.isaac.universal_robots-1.0.6] startup
2026-07-15T06:50:56Z [3,565ms] [Warning] [omni.isaac.universal_robots] omni.isaac.universal_robots has been deprecated in favor of isaacsim.robot.manipulators.examples.universal_robots. Please update your code accordingly.
2026-07-15T06:50:56Z [3,565ms] [Warning] [omni.isaac.universal_robots.kinematics_solver] omni.isaac.franka has been deprecated in favor of isaacsim.robot.manipulators.examples.universal_robots. Please update your code accordingly.
2026-07-15T06:50:56Z [3,565ms] [Warning] [omni.isaac.universal_robots.ur10] omni.isaac.franka has been deprecated in favor of isaacsim.robot.manipulators.examples.universal_robots. Please update your code accordingly.
[3.576s] [ext: omni.isaac.core_nodes-2.0.6] startup
2026-07-15T06:50:56Z [3,567ms] [Warning] [omni.isaac.core_nodes] omni.isaac.core_nodes has been deprecated in favor of isaacsim.core.nodes. Please update your code accordingly.
[3.578s] [ext: omni.kit.viewport.menubar.camera-107.0.6] startup
[3.584s] [ext: omni.kit.viewport.menubar.lighting-107.3.1] startup
[3.585s] [ext: isaacsim.replicator.writers-1.0.17] startup
[3.595s] [ext: omni.kit.viewport.menubar.render-107.0.10] startup
[3.598s] [ext: omni.kit.viewport.menubar.settings-107.0.3] startup
[3.603s] [ext: omni.kit.window.console-1.1.4] startup
[3.608s] [ext: isaacsim.replicator.domain_randomization-1.0.16] startup
[3.609s] [ext: isaacsim.replicator.examples-1.3.6] startup
[3.611s] [ext: omni.ocio-0.1.1] startup
[3.614s] [ext: omni.rtx.window.settings-0.6.19] startup
[3.620s] [ext: omni.kit.window.status_bar-0.1.9] startup
[3.627s] [ext: omni.kit.window.toolbar-2.0.0] startup
[3.632s] [ext: omni.replicator.isaac-2.0.8] startup
2026-07-15T06:50:56Z [3,622ms] [Warning] [omni.replicator.isaac] omni.replicator.isaac has been deprecated in favor of isaacsim.replicator.domain_randomization, isaacsim.replicator.examples, isaacsim.replicator.writers. Please update your code accordingly.
[3.633s] [ext: omni.replicator.replicator_yaml-2.0.11] startup
[3.648s] [ext: omni.rtx.settings.core-0.6.5] startup
[3.651s] [ext: omni.usd.metrics.assembler.ui-107.3.1] startup
[3.659s] [ext: omni.isaac.utils-2.0.6] startup
[3.660s] [ext: semantics.schema.editor-2.0.2] startup
[3.664s] [ext: omni.kit.ui.actions-1.0.5] startup
[3.665s] [ext: semantics.schema.property-2.0.1] startup
[3.666s] [ext: omni.isaac.version-2.0.7] startup
2026-07-15T06:50:56Z [3,657ms] [Warning] [omni.isaac.version] omni.isaac.version has been deprecated in favor of isaacsim.core.version. Please update your code accordingly.
[3.667s] [ext: omni.isaac.cortex-1.0.5] startup
[3.668s] [ext: omni.anim.curve.core-1.3.1] startup
[3.674s] [ext: isaacsim.core.throttling-2.2.2] startup
[3.676s] [ext: omni.kit.menu.common-2.0.1] startup
[3.678s] [ext: isaacsim.exp.base-5.1.0] startup
[3.678s] [ext: isaacsim.exp.base.python-5.1.0] startup
[3.679s] Simulation App Starting
2026-07-15T06:50:56Z [3,759ms] [Warning] [omni.fabric.plugin] Warning: attribute viewportHandle not found for bucket id 9

[3.804s] app ready
[5.527s] Simulation App Startup Complete
[8.513s] Simulation App Shutting Down
