{
  "asset_id": "dex_cube_discovered",
  "representations": [
    {
      "backend": "portable",
      "format": "obj_source",
      "metadata": {
        "original_download": "/home/jingxiang/workspace/alchedata-self-improving-agents/runs/openxsim_four_workflows/assets/dex_cube_discovered/cache/033a71c6f740be62d5ec/dex_cube.obj",
        "preserved_source": true
      },
      "role": "source",
      "sha256": "2b88294ed0228f1df0c6d070bdecaef10c214d9cea8e5edf393d3eaddc4b014d",
      "size_bytes": 1151,
      "uri": "/home/jingxiang/workspace/alchedata-self-improving-agents/runs/openxsim_four_workflows/assets/dex_cube_discovered/compiled/dex_cube_discovered/source.obj"
    },
    {
      "backend": "portable",
      "format": "obj",
      "metadata": {
        "normalization": {
          "face_count": 6,
          "material_path": "/home/jingxiang/workspace/alchedata-self-improving-agents/runs/openxsim_four_workflows/assets/dex_cube_discovered/compiled/dex_cube_discovered/default_material.mtl",
          "material_status": "generated_default_material",
          "normalized_bounds": {
            "extent": [
              1.0,
              1.0,
              1.0
            ],
            "maximum": [
              0.5,
              0.5,
              0.5
            ],
            "minimum": [
              -0.5,
              -0.5,
              -0.5
            ]
          },
          "scale_factor": 0.5,
          "source_bounds": {
            "extent": [
              2.0,
              2.0,
              2.0
            ],
            "maximum": [
              1.0,
              1.0,
              1.0
            ],
            "minimum": [
              -1.0,
              -1.0,
              -1.0
            ]
          },
          "source_center": [
            0.0,
            0.0,
            0.0
          ],
          "target_max_extent_m": 1.0,
          "vertex_count": 8
        }
      },
      "role": "visual",
      "sha256": "346faf82f5604d17fb237fc8f0d4f5a79a5f98b80889d5f5d8eca97c8a8e474c",
      "size_bytes": 277,
      "uri": "/home/jingxiang/workspace/alchedata-self-improving-agents/runs/openxsim_four_workflows/assets/dex_cube_discovered/compiled/dex_cube_discovered/dex_cube_discovered.normalized.obj"
    },
    {
      "backend": "portable",
      "format": "obj_collision_proxy",
      "metadata": {
        "strategy": "axis_aligned_convex_box"
      },
      "role": "collision",
      "sha256": "00072e978907a9e7c4823c1bb99f3da6ca09173171023be5df989e225de6456f",
      "size_bytes": 224,
      "uri": "/home/jingxiang/workspace/alchedata-self-improving-agents/runs/openxsim_four_workflows/assets/dex_cube_discovered/compiled/dex_cube_discovered/dex_cube_discovered.collision_box.obj"
    },
    {
      "backend": "isaacsim",
      "format": "usda",
      "metadata": {
        "converted_from": "obj"
      },
      "role": "visual_and_collision",
      "sha256": "ba6d294cc8083a1080ea3ebeadf405ca31308bd76c01fb8eaf55b2223b217507",
      "size_bytes": 581,
      "uri": "/home/jingxiang/workspace/alchedata-self-improving-agents/runs/openxsim_four_workflows/assets/dex_cube_discovered/compiled/dex_cube_discovered/dex_cube_discovered.usda"
    },
    {
      "backend": "mujoco",
      "format": "mjcf",
      "metadata": {
        "converted_from": "obj"
      },
      "role": "visual_and_collision",
      "sha256": "1c9fb3ecd33a5a8b739baed64c95cc50837d2ce8787944575510209037a856a9",
      "size_bytes": 491,
      "uri": "/home/jingxiang/workspace/alchedata-self-improving-agents/runs/openxsim_four_workflows/assets/dex_cube_discovered/compiled/dex_cube_discovered/dex_cube_discovered.xml"
    },
    {
      "backend": "portable",
      "format": "urdf",
      "metadata": {
        "converted_from": "obj"
      },
      "role": "visual_and_collision",
      "sha256": "cb5fa66ee80ff89beb3930389f53bb10b7fe367952acbabe374435293414f798",
      "size_bytes": 276,
      "uri": "/home/jingxiang/workspace/alchedata-self-improving-agents/runs/openxsim_four_workflows/assets/dex_cube_discovered/compiled/dex_cube_discovered/dex_cube_discovered.urdf"
    },
    {
      "backend": "sapien",
      "format": "sapien_manifest",
      "metadata": {
        "converted_from": "obj"
      },
      "role": "visual_and_collision",
      "sha256": "aad7880b17426514d817ec0650afd8544e5ece88bec489fde44c91a19606ead1",
      "size_bytes": 1401,
      "uri": "/home/jingxiang/workspace/alchedata-self-improving-agents/runs/openxsim_four_workflows/assets/dex_cube_discovered/compiled/dex_cube_discovered/sapien_asset.json"
    },
    {
      "backend": "metasim",
      "format": "metasim_object",
      "metadata": {
        "converted_from": "obj"
      },
      "role": "visual_and_collision",
      "sha256": "571db9d526a50d96aeba4d3b4b158b07da1bbf539718917f58095beee250fb68",
      "size_bytes": 671,
      "uri": "/home/jingxiang/workspace/alchedata-self-improving-agents/runs/openxsim_four_workflows/assets/dex_cube_discovered/compiled/dex_cube_discovered/metasim_object.json"
    },
    {
      "backend": "portable",
      "format": "validation_manifest",
      "metadata": {},
      "role": "validation",
      "sha256": "96da423e1ba4f12d20a0814c2a327e5fc21f19b081cdd2992ded57a7317d3a32",
      "size_bytes": 1871,
      "uri": "/home/jingxiang/workspace/alchedata-self-improving-agents/runs/openxsim_four_workflows/assets/dex_cube_discovered/compiled/dex_cube_discovered/asset_validation.json"
    }
  ],
  "selected_candidate": "github:google-deepmind/mujoco_menagerie:tetheria_aero_hand_open/assets/dex_cube.obj"
}
