/home/yuhang/miniconda3/envs/env-gen-yuxin/lib/python3.10/site-packages/sapien/__init__.py:2: UserWarning: pkg_resources is deprecated as an API. See https://setuptools.pypa.io/en/latest/pkg_resources.html. The pkg_resources package is slated for removal as early as 2025-11-30. Refrain from using this package or pin to Setuptools<81.
  import pkg_resources
/home/yuhang/workspace/robot-harness-gen-env/external/RoboTwin/envs/curobo/src/curobo/opt/opt_base.py:298: UserWarning: Sparse invariant checks are implicitly disabled. Memory errors (e.g. SEGFAULT) will occur when operating on a sparse tensor which violates the invariants, but checks incur performance overhead. To silence this warning, explicitly opt in or out. See `torch.sparse.check_sparse_tensor_invariants.__doc__` for guidance.  (Triggered internally at /pytorch/aten/src/ATen/Context.cpp:760.)
  self.problem_kernel_ = torch.sparse_coo_tensor(
[2026-08-19 15:15:49.085] [svulkan2] [error] OIDN Error: unsupported device type: CUDA
[2026-08-19 15:15:49.100] [svulkan2] [error] OIDN Error: invalid handle
[2026-08-19 15:15:49.112] [svulkan2] [error] OIDN Error: invalid handle
[2026-08-19 15:15:49.123] [svulkan2] [error] OIDN Error: invalid handle
[2026-08-19 15:15:49.134] [svulkan2] [error] OIDN Error: invalid handle
[2026-08-19 15:15:49.145] [svulkan2] [error] OIDN Error: invalid handle
[2026-08-19 15:15:49.156] [svulkan2] [error] OIDN Error: invalid handle
[2026-08-19 15:15:49.167] [svulkan2] [error] OIDN Error: invalid handle
[2026-08-19 15:15:49.178] [svulkan2] [error] OIDN Error: invalid handle
[2026-08-19 15:15:49.189] [svulkan2] [error] OIDN Error: invalid handle
[2026-08-19 15:15:49.201] [svulkan2] [error] OIDN Error: invalid handle
[2026-08-19 15:15:49.268] [svulkan2] [error] OIDN Error: invalid handle
[2026-08-19 15:15:49.285] [svulkan2] [error] OIDN Error: invalid handle
[2026-08-19 15:15:49.298] [svulkan2] [error] OIDN Error: invalid handle
[2026-08-19 15:15:49.334] [svulkan2] [error] OIDN Error: invalid handle
[2026-08-19 15:15:49.366] [svulkan2] [error] OIDN Error: invalid handle
missing pytorch3d
Warp DeprecationWarning: The symbol `warp.torch.device_from_torch` will soon be removed from the public API. Use `warp.device_from_torch` instead.
PASS scene=place_a_cup_on_the_table_a0da361e77 fail=0 video_frames=12
