Collecting hydra-core==1.3.2 (from -r /home/jingxiang/workspace/agenticsim-runtime/candidates/labutopia/requirements.txt (line 1))
  Using cached hydra_core-1.3.2-py3-none-any.whl.metadata (5.5 kB)
Collecting omegaconf==2.3.0 (from -r /home/jingxiang/workspace/agenticsim-runtime/candidates/labutopia/requirements.txt (line 2))
  Using cached omegaconf-2.3.0-py3-none-any.whl.metadata (3.9 kB)
Collecting h5py==3.15.1 (from -r /home/jingxiang/workspace/agenticsim-runtime/candidates/labutopia/requirements.txt (line 3))
  Using cached h5py-3.15.1-cp311-cp311-manylinux_2_27_x86_64.manylinux_2_28_x86_64.whl.metadata (3.0 kB)
Collecting numcodecs==0.16.5 (from -r /home/jingxiang/workspace/agenticsim-runtime/candidates/labutopia/requirements.txt (line 4))
  Using cached numcodecs-0.16.5-cp311-cp311-manylinux2014_x86_64.manylinux_2_17_x86_64.manylinux_2_28_x86_64.whl.metadata (3.4 kB)
Collecting opencv-python==4.9.0.80 (from -r /home/jingxiang/workspace/agenticsim-runtime/candidates/labutopia/requirements.txt (line 5))
  Using cached opencv_python-4.9.0.80-cp37-abi3-manylinux_2_17_x86_64.manylinux2014_x86_64.whl.metadata (20 kB)
Collecting pandas==2.3.3 (from -r /home/jingxiang/workspace/agenticsim-runtime/candidates/labutopia/requirements.txt (line 6))
  Using cached pandas-2.3.3-cp311-cp311-manylinux_2_24_x86_64.manylinux_2_28_x86_64.whl.metadata (91 kB)
Collecting scipy==1.15.3 (from -r /home/jingxiang/workspace/agenticsim-runtime/candidates/labutopia/requirements.txt (line 7))
  Downloading scipy-1.15.3-cp311-cp311-manylinux_2_17_x86_64.manylinux2014_x86_64.whl.metadata (61 kB)
Collecting zarr==3.1.5 (from -r /home/jingxiang/workspace/agenticsim-runtime/candidates/labutopia/requirements.txt (line 8))
  Using cached zarr-3.1.5-py3-none-any.whl.metadata (10 kB)
Collecting tqdm==4.67.1 (from -r /home/jingxiang/workspace/agenticsim-runtime/candidates/labutopia/requirements.txt (line 9))
  Using cached tqdm-4.67.1-py3-none-any.whl.metadata (57 kB)
Collecting einops==0.8.1 (from -r /home/jingxiang/workspace/agenticsim-runtime/candidates/labutopia/requirements.txt (line 10))
  Using cached einops-0.8.1-py3-none-any.whl.metadata (13 kB)
Collecting wandb==0.23.1 (from -r /home/jingxiang/workspace/agenticsim-runtime/candidates/labutopia/requirements.txt (line 11))
  Using cached wandb-0.23.1-py3-none-manylinux_2_28_x86_64.whl.metadata (12 kB)
Collecting threadpoolctl==3.6.0 (from -r /home/jingxiang/workspace/agenticsim-runtime/candidates/labutopia/requirements.txt (line 12))
  Using cached threadpoolctl-3.6.0-py3-none-any.whl.metadata (13 kB)
Collecting matplotlib==3.10.3 (from -r /home/jingxiang/workspace/agenticsim-runtime/candidates/labutopia/requirements.txt (line 13))
  Downloading matplotlib-3.10.3-cp311-cp311-manylinux_2_17_x86_64.manylinux2014_x86_64.whl.metadata (11 kB)
Collecting dill==0.4.0 (from -r /home/jingxiang/workspace/agenticsim-runtime/candidates/labutopia/requirements.txt (line 14))
  Using cached dill-0.4.0-py3-none-any.whl.metadata (10 kB)
Collecting pydantic==2.11.10 (from -r /home/jingxiang/workspace/agenticsim-runtime/candidates/labutopia/requirements.txt (line 15))
  Downloading pydantic-2.11.10-py3-none-any.whl.metadata (68 kB)
Collecting rtree==1.3.0 (from -r /home/jingxiang/workspace/agenticsim-runtime/candidates/labutopia/requirements.txt (line 16))
  Downloading Rtree-1.3.0-py3-none-manylinux2014_x86_64.manylinux_2_17_x86_64.whl.metadata (2.1 kB)
Collecting diffusers==0.35.2 (from -r /home/jingxiang/workspace/agenticsim-runtime/candidates/labutopia/requirements.txt (line 17))
  Using cached diffusers-0.35.2-py3-none-any.whl.metadata (20 kB)
Collecting pytorch-lightning==1.9.5 (from -r /home/jingxiang/workspace/agenticsim-runtime/candidates/labutopia/requirements.txt (line 18))
  Using cached pytorch_lightning-1.9.5-py3-none-any.whl.metadata (23 kB)
Collecting lightning-bolts==0.7.0 (from -r /home/jingxiang/workspace/agenticsim-runtime/candidates/labutopia/requirements.txt (line 19))
  Using cached lightning_bolts-0.7.0-py3-none-any.whl.metadata (9.5 kB)
Collecting tyro==0.8.5 (from -r /home/jingxiang/workspace/agenticsim-runtime/candidates/labutopia/requirements.txt (line 20))
  Using cached tyro-0.8.5-py3-none-any.whl.metadata (8.2 kB)
Collecting typing_extensions==4.12.2 (from -r /home/jingxiang/workspace/agenticsim-runtime/candidates/labutopia/requirements.txt (line 21))
  Using cached typing_extensions-4.12.2-py3-none-any.whl.metadata (3.0 kB)
Collecting numpy==1.26.0 (from -r /home/jingxiang/workspace/agenticsim-runtime/candidates/labutopia/requirements.txt (line 22))
  Downloading numpy-1.26.0-cp311-cp311-manylinux_2_17_x86_64.manylinux2014_x86_64.whl.metadata (58 kB)
Collecting sentry-sdk==2.29.1 (from -r /home/jingxiang/workspace/agenticsim-runtime/candidates/labutopia/requirements.txt (line 23))
  Downloading sentry_sdk-2.29.1-py2.py3-none-any.whl.metadata (10 kB)
Collecting antlr4-python3-runtime==4.9.* (from hydra-core==1.3.2->-r /home/jingxiang/workspace/agenticsim-runtime/candidates/labutopia/requirements.txt (line 1))
  Using cached antlr4_python3_runtime-4.9.3-py3-none-any.whl
Collecting packaging (from hydra-core==1.3.2->-r /home/jingxiang/workspace/agenticsim-runtime/candidates/labutopia/requirements.txt (line 1))
  Using cached packaging-26.2-py3-none-any.whl.metadata (3.5 kB)
Collecting PyYAML>=5.1.0 (from omegaconf==2.3.0->-r /home/jingxiang/workspace/agenticsim-runtime/candidates/labutopia/requirements.txt (line 2))
  Downloading pyyaml-6.0.3-cp311-cp311-manylinux2014_x86_64.manylinux_2_17_x86_64.manylinux_2_28_x86_64.whl.metadata (2.4 kB)
Collecting python-dateutil>=2.8.2 (from pandas==2.3.3->-r /home/jingxiang/workspace/agenticsim-runtime/candidates/labutopia/requirements.txt (line 6))
  Using cached python_dateutil-2.9.0.post0-py2.py3-none-any.whl.metadata (8.4 kB)
Collecting pytz>=2020.1 (from pandas==2.3.3->-r /home/jingxiang/workspace/agenticsim-runtime/candidates/labutopia/requirements.txt (line 6))
  Using cached pytz-2026.2-py2.py3-none-any.whl.metadata (22 kB)
Collecting tzdata>=2022.7 (from pandas==2.3.3->-r /home/jingxiang/workspace/agenticsim-runtime/candidates/labutopia/requirements.txt (line 6))
  Using cached tzdata-2026.3-py2.py3-none-any.whl.metadata (1.4 kB)
Collecting donfig>=0.8 (from zarr==3.1.5->-r /home/jingxiang/workspace/agenticsim-runtime/candidates/labutopia/requirements.txt (line 8))
  Using cached donfig-0.8.1.post1-py3-none-any.whl.metadata (5.0 kB)
Collecting google-crc32c>=1.5 (from zarr==3.1.5->-r /home/jingxiang/workspace/agenticsim-runtime/candidates/labutopia/requirements.txt (line 8))
  Using cached google_crc32c-1.8.0-cp311-cp311-manylinux1_x86_64.manylinux2014_x86_64.manylinux_2_17_x86_64.manylinux_2_5_x86_64.whl.metadata (1.7 kB)
Collecting click>=8.0.1 (from wandb==0.23.1->-r /home/jingxiang/workspace/agenticsim-runtime/candidates/labutopia/requirements.txt (line 11))
  Using cached click-8.4.2-py3-none-any.whl.metadata (2.6 kB)
Collecting gitpython!=3.1.29,>=1.0.0 (from wandb==0.23.1->-r /home/jingxiang/workspace/agenticsim-runtime/candidates/labutopia/requirements.txt (line 11))
  Using cached gitpython-3.1.51-py3-none-any.whl.metadata (14 kB)
Collecting platformdirs (from wandb==0.23.1->-r /home/jingxiang/workspace/agenticsim-runtime/candidates/labutopia/requirements.txt (line 11))
  Using cached platformdirs-4.10.0-py3-none-any.whl.metadata (5.5 kB)
Collecting protobuf!=4.21.0,!=5.28.0,<7,>=3.19.0 (from wandb==0.23.1->-r /home/jingxiang/workspace/agenticsim-runtime/candidates/labutopia/requirements.txt (line 11))
  Using cached protobuf-6.33.6-cp39-abi3-manylinux2014_x86_64.whl.metadata (593 bytes)
Collecting requests<3,>=2.0.0 (from wandb==0.23.1->-r /home/jingxiang/workspace/agenticsim-runtime/candidates/labutopia/requirements.txt (line 11))
  Using cached requests-2.34.2-py3-none-any.whl.metadata (4.8 kB)
Collecting annotated-types>=0.6.0 (from pydantic==2.11.10->-r /home/jingxiang/workspace/agenticsim-runtime/candidates/labutopia/requirements.txt (line 15))
  Using cached annotated_types-0.7.0-py3-none-any.whl.metadata (15 kB)
Collecting pydantic-core==2.33.2 (from pydantic==2.11.10->-r /home/jingxiang/workspace/agenticsim-runtime/candidates/labutopia/requirements.txt (line 15))
  Downloading pydantic_core-2.33.2-cp311-cp311-manylinux_2_17_x86_64.manylinux2014_x86_64.whl.metadata (6.8 kB)
Collecting typing-inspection>=0.4.0 (from pydantic==2.11.10->-r /home/jingxiang/workspace/agenticsim-runtime/candidates/labutopia/requirements.txt (line 15))
  Using cached typing_inspection-0.4.2-py3-none-any.whl.metadata (2.6 kB)
Collecting contourpy>=1.0.1 (from matplotlib==3.10.3->-r /home/jingxiang/workspace/agenticsim-runtime/candidates/labutopia/requirements.txt (line 13))
  Downloading contourpy-1.3.3-cp311-cp311-manylinux_2_27_x86_64.manylinux_2_28_x86_64.whl.metadata (5.5 kB)
Collecting cycler>=0.10 (from matplotlib==3.10.3->-r /home/jingxiang/workspace/agenticsim-runtime/candidates/labutopia/requirements.txt (line 13))
  Using cached cycler-0.12.1-py3-none-any.whl.metadata (3.8 kB)
Collecting fonttools>=4.22.0 (from matplotlib==3.10.3->-r /home/jingxiang/workspace/agenticsim-runtime/candidates/labutopia/requirements.txt (line 13))
  Downloading fonttools-4.63.0-cp311-cp311-manylinux2014_x86_64.manylinux_2_17_x86_64.whl.metadata (118 kB)
Collecting kiwisolver>=1.3.1 (from matplotlib==3.10.3->-r /home/jingxiang/workspace/agenticsim-runtime/candidates/labutopia/requirements.txt (line 13))
  Downloading kiwisolver-1.5.0-cp311-cp311-manylinux2014_x86_64.manylinux_2_17_x86_64.whl.metadata (5.1 kB)
Collecting pillow>=8 (from matplotlib==3.10.3->-r /home/jingxiang/workspace/agenticsim-runtime/candidates/labutopia/requirements.txt (line 13))
  Downloading pillow-12.3.0-cp311-cp311-manylinux_2_27_x86_64.manylinux_2_28_x86_64.whl.metadata (9.1 kB)
Collecting pyparsing>=2.3.1 (from matplotlib==3.10.3->-r /home/jingxiang/workspace/agenticsim-runtime/candidates/labutopia/requirements.txt (line 13))
  Using cached pyparsing-3.3.2-py3-none-any.whl.metadata (5.8 kB)
Collecting importlib_metadata (from diffusers==0.35.2->-r /home/jingxiang/workspace/agenticsim-runtime/candidates/labutopia/requirements.txt (line 17))
  Using cached importlib_metadata-9.0.0-py3-none-any.whl.metadata (4.5 kB)
Collecting filelock (from diffusers==0.35.2->-r /home/jingxiang/workspace/agenticsim-runtime/candidates/labutopia/requirements.txt (line 17))
  Using cached filelock-3.29.7-py3-none-any.whl.metadata (2.0 kB)
Collecting huggingface-hub>=0.34.0 (from diffusers==0.35.2->-r /home/jingxiang/workspace/agenticsim-runtime/candidates/labutopia/requirements.txt (line 17))
  Using cached huggingface_hub-1.23.0-py3-none-any.whl.metadata (14 kB)
Collecting regex!=2019.12.17 (from diffusers==0.35.2->-r /home/jingxiang/workspace/agenticsim-runtime/candidates/labutopia/requirements.txt (line 17))
  Using cached regex-2026.7.10-cp311-cp311-manylinux2014_x86_64.manylinux_2_17_x86_64.manylinux_2_28_x86_64.whl.metadata (40 kB)
Collecting safetensors>=0.3.1 (from diffusers==0.35.2->-r /home/jingxiang/workspace/agenticsim-runtime/candidates/labutopia/requirements.txt (line 17))
  Using cached safetensors-0.8.0-cp310-abi3-manylinux_2_17_x86_64.manylinux2014_x86_64.whl.metadata (4.2 kB)
Collecting torch>=1.10.0 (from pytorch-lightning==1.9.5->-r /home/jingxiang/workspace/agenticsim-runtime/candidates/labutopia/requirements.txt (line 18))
  Downloading torch-2.13.0-cp311-cp311-manylinux_2_28_x86_64.whl.metadata (38 kB)
Collecting fsspec>2021.06.0 (from fsspec[http]>2021.06.0->pytorch-lightning==1.9.5->-r /home/jingxiang/workspace/agenticsim-runtime/candidates/labutopia/requirements.txt (line 18))
  Using cached fsspec-2026.6.0-py3-none-any.whl.metadata (10 kB)
Collecting torchmetrics>=0.7.0 (from pytorch-lightning==1.9.5->-r /home/jingxiang/workspace/agenticsim-runtime/candidates/labutopia/requirements.txt (line 18))
  Using cached torchmetrics-1.9.0-py3-none-any.whl.metadata (23 kB)
Collecting lightning-utilities>=0.6.0.post0 (from pytorch-lightning==1.9.5->-r /home/jingxiang/workspace/agenticsim-runtime/candidates/labutopia/requirements.txt (line 18))
  Using cached lightning_utilities-0.15.3-py3-none-any.whl.metadata (5.5 kB)
Collecting torchvision>=0.10.0 (from lightning-bolts==0.7.0->-r /home/jingxiang/workspace/agenticsim-runtime/candidates/labutopia/requirements.txt (line 19))
  Downloading torchvision-0.28.0-cp311-cp311-manylinux_2_28_x86_64.whl.metadata (5.6 kB)
Collecting tensorboard>=2.9.1 (from lightning-bolts==0.7.0->-r /home/jingxiang/workspace/agenticsim-runtime/candidates/labutopia/requirements.txt (line 19))
  Using cached tensorboard-2.21.0-py3-none-any.whl.metadata (1.8 kB)
Collecting docstring-parser>=0.16 (from tyro==0.8.5->-r /home/jingxiang/workspace/agenticsim-runtime/candidates/labutopia/requirements.txt (line 20))
  Using cached docstring_parser-0.18.0-py3-none-any.whl.metadata (3.5 kB)
Collecting rich>=11.1.0 (from tyro==0.8.5->-r /home/jingxiang/workspace/agenticsim-runtime/candidates/labutopia/requirements.txt (line 20))
  Using cached rich-15.0.0-py3-none-any.whl.metadata (18 kB)
Collecting shtab>=1.5.6 (from tyro==0.8.5->-r /home/jingxiang/workspace/agenticsim-runtime/candidates/labutopia/requirements.txt (line 20))
  Using cached shtab-1.8.1-py3-none-any.whl.metadata (7.2 kB)
Collecting urllib3>=1.26.11 (from sentry-sdk==2.29.1->-r /home/jingxiang/workspace/agenticsim-runtime/candidates/labutopia/requirements.txt (line 23))
  Using cached urllib3-2.7.0-py3-none-any.whl.metadata (6.9 kB)
Collecting certifi (from sentry-sdk==2.29.1->-r /home/jingxiang/workspace/agenticsim-runtime/candidates/labutopia/requirements.txt (line 23))
  Using cached certifi-2026.6.17-py3-none-any.whl.metadata (2.5 kB)
Collecting charset_normalizer<4,>=2 (from requests<3,>=2.0.0->wandb==0.23.1->-r /home/jingxiang/workspace/agenticsim-runtime/candidates/labutopia/requirements.txt (line 11))
  Downloading charset_normalizer-3.4.9-cp311-cp311-manylinux2014_x86_64.manylinux_2_17_x86_64.manylinux_2_28_x86_64.whl.metadata (41 kB)
Collecting idna<4,>=2.5 (from requests<3,>=2.0.0->wandb==0.23.1->-r /home/jingxiang/workspace/agenticsim-runtime/candidates/labutopia/requirements.txt (line 11))
  Using cached idna-3.18-py3-none-any.whl.metadata (6.1 kB)
Collecting aiohttp!=4.0.0a0,!=4.0.0a1 (from fsspec[http]>2021.06.0->pytorch-lightning==1.9.5->-r /home/jingxiang/workspace/agenticsim-runtime/candidates/labutopia/requirements.txt (line 18))
  Downloading aiohttp-3.14.1-cp311-cp311-manylinux2014_x86_64.manylinux_2_17_x86_64.manylinux_2_28_x86_64.whl.metadata (8.3 kB)
Collecting aiohappyeyeballs>=2.5.0 (from aiohttp!=4.0.0a0,!=4.0.0a1->fsspec[http]>2021.06.0->pytorch-lightning==1.9.5->-r /home/jingxiang/workspace/agenticsim-runtime/candidates/labutopia/requirements.txt (line 18))
  Downloading aiohappyeyeballs-2.7.1-py3-none-any.whl.metadata (5.9 kB)
Collecting aiosignal>=1.4.0 (from aiohttp!=4.0.0a0,!=4.0.0a1->fsspec[http]>2021.06.0->pytorch-lightning==1.9.5->-r /home/jingxiang/workspace/agenticsim-runtime/candidates/labutopia/requirements.txt (line 18))
  Using cached aiosignal-1.4.0-py3-none-any.whl.metadata (3.7 kB)
Collecting attrs>=17.3.0 (from aiohttp!=4.0.0a0,!=4.0.0a1->fsspec[http]>2021.06.0->pytorch-lightning==1.9.5->-r /home/jingxiang/workspace/agenticsim-runtime/candidates/labutopia/requirements.txt (line 18))
  Using cached attrs-26.1.0-py3-none-any.whl.metadata (8.8 kB)
Collecting frozenlist>=1.1.1 (from aiohttp!=4.0.0a0,!=4.0.0a1->fsspec[http]>2021.06.0->pytorch-lightning==1.9.5->-r /home/jingxiang/workspace/agenticsim-runtime/candidates/labutopia/requirements.txt (line 18))
  Downloading frozenlist-1.8.0-cp311-cp311-manylinux1_x86_64.manylinux_2_28_x86_64.manylinux_2_5_x86_64.whl.metadata (20 kB)
Collecting multidict<7.0,>=4.5 (from aiohttp!=4.0.0a0,!=4.0.0a1->fsspec[http]>2021.06.0->pytorch-lightning==1.9.5->-r /home/jingxiang/workspace/agenticsim-runtime/candidates/labutopia/requirements.txt (line 18))
  Downloading multidict-6.7.1-cp311-cp311-manylinux2014_x86_64.manylinux_2_17_x86_64.manylinux_2_28_x86_64.whl.metadata (5.3 kB)
Collecting propcache>=0.2.0 (from aiohttp!=4.0.0a0,!=4.0.0a1->fsspec[http]>2021.06.0->pytorch-lightning==1.9.5->-r /home/jingxiang/workspace/agenticsim-runtime/candidates/labutopia/requirements.txt (line 18))
  Downloading propcache-0.5.2-cp311-cp311-manylinux2014_x86_64.manylinux_2_17_x86_64.manylinux_2_28_x86_64.whl.metadata (16 kB)
Collecting yarl<2.0,>=1.17.0 (from aiohttp!=4.0.0a0,!=4.0.0a1->fsspec[http]>2021.06.0->pytorch-lightning==1.9.5->-r /home/jingxiang/workspace/agenticsim-runtime/candidates/labutopia/requirements.txt (line 18))
  Downloading yarl-1.24.2-cp311-cp311-manylinux2014_x86_64.manylinux_2_17_x86_64.manylinux_2_28_x86_64.whl.metadata (94 kB)
Collecting gitdb<5,>=4.0.1 (from gitpython!=3.1.29,>=1.0.0->wandb==0.23.1->-r /home/jingxiang/workspace/agenticsim-runtime/candidates/labutopia/requirements.txt (line 11))
  Using cached gitdb-4.0.12-py3-none-any.whl.metadata (1.2 kB)
Collecting smmap<6,>=3.0.1 (from gitdb<5,>=4.0.1->gitpython!=3.1.29,>=1.0.0->wandb==0.23.1->-r /home/jingxiang/workspace/agenticsim-runtime/candidates/labutopia/requirements.txt (line 11))
  Using cached smmap-5.0.3-py3-none-any.whl.metadata (4.6 kB)
Collecting hf-xet<2.0.0,>=1.5.1 (from huggingface-hub>=0.34.0->diffusers==0.35.2->-r /home/jingxiang/workspace/agenticsim-runtime/candidates/labutopia/requirements.txt (line 17))
  Using cached hf_xet-1.5.1-cp37-abi3-manylinux2014_x86_64.manylinux_2_17_x86_64.whl.metadata (4.9 kB)
Collecting httpx<1,>=0.23.0 (from huggingface-hub>=0.34.0->diffusers==0.35.2->-r /home/jingxiang/workspace/agenticsim-runtime/candidates/labutopia/requirements.txt (line 17))
  Using cached httpx-0.28.1-py3-none-any.whl.metadata (7.1 kB)
Collecting anyio (from httpx<1,>=0.23.0->huggingface-hub>=0.34.0->diffusers==0.35.2->-r /home/jingxiang/workspace/agenticsim-runtime/candidates/labutopia/requirements.txt (line 17))
  Downloading anyio-4.14.2-py3-none-any.whl.metadata (4.6 kB)
Collecting httpcore==1.* (from httpx<1,>=0.23.0->huggingface-hub>=0.34.0->diffusers==0.35.2->-r /home/jingxiang/workspace/agenticsim-runtime/candidates/labutopia/requirements.txt (line 17))
  Using cached httpcore-1.0.9-py3-none-any.whl.metadata (21 kB)
Collecting h11>=0.16 (from httpcore==1.*->httpx<1,>=0.23.0->huggingface-hub>=0.34.0->diffusers==0.35.2->-r /home/jingxiang/workspace/agenticsim-runtime/candidates/labutopia/requirements.txt (line 17))
  Using cached h11-0.16.0-py3-none-any.whl.metadata (8.3 kB)
Collecting six>=1.5 (from python-dateutil>=2.8.2->pandas==2.3.3->-r /home/jingxiang/workspace/agenticsim-runtime/candidates/labutopia/requirements.txt (line 6))
  Using cached six-1.17.0-py2.py3-none-any.whl.metadata (1.7 kB)
Collecting markdown-it-py>=2.2.0 (from rich>=11.1.0->tyro==0.8.5->-r /home/jingxiang/workspace/agenticsim-runtime/candidates/labutopia/requirements.txt (line 20))
  Using cached markdown_it_py-4.2.0-py3-none-any.whl.metadata (7.4 kB)
Collecting pygments<3.0.0,>=2.13.0 (from rich>=11.1.0->tyro==0.8.5->-r /home/jingxiang/workspace/agenticsim-runtime/candidates/labutopia/requirements.txt (line 20))
  Using cached pygments-2.20.0-py3-none-any.whl.metadata (2.5 kB)
Collecting mdurl~=0.1 (from markdown-it-py>=2.2.0->rich>=11.1.0->tyro==0.8.5->-r /home/jingxiang/workspace/agenticsim-runtime/candidates/labutopia/requirements.txt (line 20))
  Using cached mdurl-0.1.2-py3-none-any.whl.metadata (1.6 kB)
Collecting absl-py>=0.4 (from tensorboard>=2.9.1->lightning-bolts==0.7.0->-r /home/jingxiang/workspace/agenticsim-runtime/candidates/labutopia/requirements.txt (line 19))
  Using cached absl_py-2.5.0-py3-none-any.whl.metadata (3.3 kB)
Collecting grpcio<2.0,>=1.74.0 (from tensorboard>=2.9.1->lightning-bolts==0.7.0->-r /home/jingxiang/workspace/agenticsim-runtime/candidates/labutopia/requirements.txt (line 19))
  Using cached grpcio-1.82.1-cp311-cp311-manylinux2014_x86_64.manylinux_2_17_x86_64.whl.metadata (3.7 kB)
Collecting markdown>=2.6.8 (from tensorboard>=2.9.1->lightning-bolts==0.7.0->-r /home/jingxiang/workspace/agenticsim-runtime/candidates/labutopia/requirements.txt (line 19))
  Using cached markdown-3.10.2-py3-none-any.whl.metadata (5.1 kB)
Collecting setuptools>=41.0.0 (from tensorboard>=2.9.1->lightning-bolts==0.7.0->-r /home/jingxiang/workspace/agenticsim-runtime/candidates/labutopia/requirements.txt (line 19))
  Using cached setuptools-83.0.0-py3-none-any.whl.metadata (6.6 kB)
Collecting tensorboard-data-server<0.8.0,>=0.7.0 (from tensorboard>=2.9.1->lightning-bolts==0.7.0->-r /home/jingxiang/workspace/agenticsim-runtime/candidates/labutopia/requirements.txt (line 19))
  Using cached tensorboard_data_server-0.7.2-py3-none-manylinux_2_31_x86_64.whl.metadata (1.1 kB)
Collecting werkzeug>=1.0.1 (from tensorboard>=2.9.1->lightning-bolts==0.7.0->-r /home/jingxiang/workspace/agenticsim-runtime/candidates/labutopia/requirements.txt (line 19))
  Using cached werkzeug-3.1.8-py3-none-any.whl.metadata (4.0 kB)
Collecting sympy>=1.13.3 (from torch>=1.10.0->pytorch-lightning==1.9.5->-r /home/jingxiang/workspace/agenticsim-runtime/candidates/labutopia/requirements.txt (line 18))
  Using cached sympy-1.14.0-py3-none-any.whl.metadata (12 kB)
Collecting networkx>=2.5.1 (from torch>=1.10.0->pytorch-lightning==1.9.5->-r /home/jingxiang/workspace/agenticsim-runtime/candidates/labutopia/requirements.txt (line 18))
  Using cached networkx-3.6.1-py3-none-any.whl.metadata (6.8 kB)
Collecting jinja2 (from torch>=1.10.0->pytorch-lightning==1.9.5->-r /home/jingxiang/workspace/agenticsim-runtime/candidates/labutopia/requirements.txt (line 18))
  Using cached jinja2-3.1.6-py3-none-any.whl.metadata (2.9 kB)
Collecting cuda-toolkit==13.0.3 (from cuda-toolkit[cublas,cudart,cufft,cufile,cupti,curand,cusolver,cusparse,nvjitlink,nvrtc,nvtx]==13.0.3; platform_system == "Linux"->torch>=1.10.0->pytorch-lightning==1.9.5->-r /home/jingxiang/workspace/agenticsim-runtime/candidates/labutopia/requirements.txt (line 18))
  Downloading cuda_toolkit-13.0.3.0-py2.py3-none-any.whl.metadata (17 kB)
Collecting cuda-bindings<14,>=13.0.3 (from torch>=1.10.0->pytorch-lightning==1.9.5->-r /home/jingxiang/workspace/agenticsim-runtime/candidates/labutopia/requirements.txt (line 18))
  Downloading cuda_bindings-13.3.1-cp311-cp311-manylinux_2_24_x86_64.manylinux_2_28_x86_64.whl.metadata (2.5 kB)
Collecting nvidia-cudnn-cu13==9.20.0.48 (from torch>=1.10.0->pytorch-lightning==1.9.5->-r /home/jingxiang/workspace/agenticsim-runtime/candidates/labutopia/requirements.txt (line 18))
  Using cached nvidia_cudnn_cu13-9.20.0.48-py3-none-manylinux_2_27_x86_64.whl.metadata (1.9 kB)
Collecting nvidia-cusparselt-cu13==0.8.1 (from torch>=1.10.0->pytorch-lightning==1.9.5->-r /home/jingxiang/workspace/agenticsim-runtime/candidates/labutopia/requirements.txt (line 18))
  Using cached nvidia_cusparselt_cu13-0.8.1-py3-none-manylinux2014_x86_64.whl.metadata (12 kB)
Collecting nvidia-nccl-cu13==2.29.7 (from torch>=1.10.0->pytorch-lightning==1.9.5->-r /home/jingxiang/workspace/agenticsim-runtime/candidates/labutopia/requirements.txt (line 18))
  Using cached nvidia_nccl_cu13-2.29.7-py3-none-manylinux_2_18_x86_64.whl.metadata (2.1 kB)
Collecting nvidia-nvshmem-cu13==3.4.5 (from torch>=1.10.0->pytorch-lightning==1.9.5->-r /home/jingxiang/workspace/agenticsim-runtime/candidates/labutopia/requirements.txt (line 18))
  Using cached nvidia_nvshmem_cu13-3.4.5-py3-none-manylinux2014_x86_64.manylinux_2_17_x86_64.whl.metadata (2.1 kB)
Collecting triton==3.7.1 (from torch>=1.10.0->pytorch-lightning==1.9.5->-r /home/jingxiang/workspace/agenticsim-runtime/candidates/labutopia/requirements.txt (line 18))
  Downloading triton-3.7.1-cp311-cp311-manylinux_2_27_x86_64.manylinux_2_28_x86_64.whl.metadata (1.7 kB)
Collecting nvidia-cublas==13.1.1.3.* (from cuda-toolkit[cublas,cudart,cufft,cufile,cupti,curand,cusolver,cusparse,nvjitlink,nvrtc,nvtx]==13.0.3; platform_system == "Linux"->torch>=1.10.0->pytorch-lightning==1.9.5->-r /home/jingxiang/workspace/agenticsim-runtime/candidates/labutopia/requirements.txt (line 18))
  Using cached nvidia_cublas-13.1.1.3-py3-none-manylinux_2_27_x86_64.whl.metadata (1.8 kB)
Collecting nvidia-cuda-nvrtc==13.0.88.* (from cuda-toolkit[cublas,cudart,cufft,cufile,cupti,curand,cusolver,cusparse,nvjitlink,nvrtc,nvtx]==13.0.3; platform_system == "Linux"->torch>=1.10.0->pytorch-lightning==1.9.5->-r /home/jingxiang/workspace/agenticsim-runtime/candidates/labutopia/requirements.txt (line 18))
  Using cached nvidia_cuda_nvrtc-13.0.88-py3-none-manylinux2010_x86_64.manylinux_2_12_x86_64.whl.metadata (1.7 kB)
Collecting nvidia-cuda-runtime==13.0.96.* (from cuda-toolkit[cublas,cudart,cufft,cufile,cupti,curand,cusolver,cusparse,nvjitlink,nvrtc,nvtx]==13.0.3; platform_system == "Linux"->torch>=1.10.0->pytorch-lightning==1.9.5->-r /home/jingxiang/workspace/agenticsim-runtime/candidates/labutopia/requirements.txt (line 18))
  Using cached nvidia_cuda_runtime-13.0.96-py3-none-manylinux2014_x86_64.manylinux_2_17_x86_64.whl.metadata (1.7 kB)
Collecting nvidia-cufft==12.0.0.61.* (from cuda-toolkit[cublas,cudart,cufft,cufile,cupti,curand,cusolver,cusparse,nvjitlink,nvrtc,nvtx]==13.0.3; platform_system == "Linux"->torch>=1.10.0->pytorch-lightning==1.9.5->-r /home/jingxiang/workspace/agenticsim-runtime/candidates/labutopia/requirements.txt (line 18))
  Using cached nvidia_cufft-12.0.0.61-py3-none-manylinux2014_x86_64.manylinux_2_17_x86_64.whl.metadata (1.8 kB)
Collecting nvidia-nvjitlink<14,>=13.0.88 (from cuda-toolkit[cublas,cudart,cufft,cufile,cupti,curand,cusolver,cusparse,nvjitlink,nvrtc,nvtx]==13.0.3; platform_system == "Linux"->torch>=1.10.0->pytorch-lightning==1.9.5->-r /home/jingxiang/workspace/agenticsim-runtime/candidates/labutopia/requirements.txt (line 18))
  Downloading nvidia_nvjitlink-13.3.33-py3-none-manylinux2010_x86_64.manylinux_2_12_x86_64.whl.metadata (1.8 kB)
Collecting nvidia-cufile==1.15.1.6.* (from cuda-toolkit[cublas,cudart,cufft,cufile,cupti,curand,cusolver,cusparse,nvjitlink,nvrtc,nvtx]==13.0.3; platform_system == "Linux"->torch>=1.10.0->pytorch-lightning==1.9.5->-r /home/jingxiang/workspace/agenticsim-runtime/candidates/labutopia/requirements.txt (line 18))
  Using cached nvidia_cufile-1.15.1.6-py3-none-manylinux2014_x86_64.manylinux_2_17_x86_64.whl.metadata (1.7 kB)
Collecting nvidia-cuda-cupti==13.0.85.* (from cuda-toolkit[cublas,cudart,cufft,cufile,cupti,curand,cusolver,cusparse,nvjitlink,nvrtc,nvtx]==13.0.3; platform_system == "Linux"->torch>=1.10.0->pytorch-lightning==1.9.5->-r /home/jingxiang/workspace/agenticsim-runtime/candidates/labutopia/requirements.txt (line 18))
  Using cached nvidia_cuda_cupti-13.0.85-py3-none-manylinux_2_25_x86_64.whl.metadata (1.7 kB)
Collecting nvidia-curand==10.4.0.35.* (from cuda-toolkit[cublas,cudart,cufft,cufile,cupti,curand,cusolver,cusparse,nvjitlink,nvrtc,nvtx]==13.0.3; platform_system == "Linux"->torch>=1.10.0->pytorch-lightning==1.9.5->-r /home/jingxiang/workspace/agenticsim-runtime/candidates/labutopia/requirements.txt (line 18))
  Using cached nvidia_curand-10.4.0.35-py3-none-manylinux_2_27_x86_64.whl.metadata (1.7 kB)
Collecting nvidia-cusolver==12.0.4.66.* (from cuda-toolkit[cublas,cudart,cufft,cufile,cupti,curand,cusolver,cusparse,nvjitlink,nvrtc,nvtx]==13.0.3; platform_system == "Linux"->torch>=1.10.0->pytorch-lightning==1.9.5->-r /home/jingxiang/workspace/agenticsim-runtime/candidates/labutopia/requirements.txt (line 18))
  Using cached nvidia_cusolver-12.0.4.66-py3-none-manylinux_2_27_x86_64.whl.metadata (1.8 kB)
Collecting nvidia-cusparse==12.6.3.3.* (from cuda-toolkit[cublas,cudart,cufft,cufile,cupti,curand,cusolver,cusparse,nvjitlink,nvrtc,nvtx]==13.0.3; platform_system == "Linux"->torch>=1.10.0->pytorch-lightning==1.9.5->-r /home/jingxiang/workspace/agenticsim-runtime/candidates/labutopia/requirements.txt (line 18))
  Using cached nvidia_cusparse-12.6.3.3-py3-none-manylinux2014_x86_64.manylinux_2_17_x86_64.whl.metadata (1.8 kB)
Collecting nvidia-nvtx==13.0.85.* (from cuda-toolkit[cublas,cudart,cufft,cufile,cupti,curand,cusolver,cusparse,nvjitlink,nvrtc,nvtx]==13.0.3; platform_system == "Linux"->torch>=1.10.0->pytorch-lightning==1.9.5->-r /home/jingxiang/workspace/agenticsim-runtime/candidates/labutopia/requirements.txt (line 18))
  Using cached nvidia_nvtx-13.0.85-py3-none-manylinux1_x86_64.manylinux_2_5_x86_64.whl.metadata (1.8 kB)
Collecting cuda-pathfinder>=1.4.2 (from cuda-bindings<14,>=13.0.3->torch>=1.10.0->pytorch-lightning==1.9.5->-r /home/jingxiang/workspace/agenticsim-runtime/candidates/labutopia/requirements.txt (line 18))
  Downloading cuda_pathfinder-1.5.6-py3-none-any.whl.metadata (1.9 kB)
Collecting mpmath<1.4,>=1.1.0 (from sympy>=1.13.3->torch>=1.10.0->pytorch-lightning==1.9.5->-r /home/jingxiang/workspace/agenticsim-runtime/candidates/labutopia/requirements.txt (line 18))
  Using cached mpmath-1.3.0-py3-none-any.whl.metadata (8.6 kB)
Collecting markupsafe>=2.1.1 (from werkzeug>=1.0.1->tensorboard>=2.9.1->lightning-bolts==0.7.0->-r /home/jingxiang/workspace/agenticsim-runtime/candidates/labutopia/requirements.txt (line 19))
  Downloading markupsafe-3.0.3-cp311-cp311-manylinux2014_x86_64.manylinux_2_17_x86_64.manylinux_2_28_x86_64.whl.metadata (2.7 kB)
Collecting zipp>=3.20 (from importlib_metadata->diffusers==0.35.2->-r /home/jingxiang/workspace/agenticsim-runtime/candidates/labutopia/requirements.txt (line 17))
  Using cached zipp-4.1.0-py3-none-any.whl.metadata (3.6 kB)
Using cached hydra_core-1.3.2-py3-none-any.whl (154 kB)
Using cached omegaconf-2.3.0-py3-none-any.whl (79 kB)
Downloading h5py-3.15.1-cp311-cp311-manylinux_2_27_x86_64.manylinux_2_28_x86_64.whl (4.7 MB)
   ━━━━━━━━━━━━━━━━━━━━━━━━━━━━━━━━━━━━━━━━ 4.7/4.7 MB 16.6 MB/s  0:00:00
Downloading numcodecs-0.16.5-cp311-cp311-manylinux2014_x86_64.manylinux_2_17_x86_64.manylinux_2_28_x86_64.whl (9.1 MB)
   ━━━━━━━━━━━━━━━━━━━━━━━━━━━━━━━━━━━━━━━━ 9.1/9.1 MB 19.2 MB/s  0:00:00
Downloading opencv_python-4.9.0.80-cp37-abi3-manylinux_2_17_x86_64.manylinux2014_x86_64.whl (62.2 MB)
   ━━━━━━━━━━━━━━━━━━━━━━━━━━━━━━━━━━━━━━━━ 62.2/62.2 MB 16.2 MB/s  0:00:03
Using cached pandas-2.3.3-cp311-cp311-manylinux_2_24_x86_64.manylinux_2_28_x86_64.whl (12.8 MB)
Downloading scipy-1.15.3-cp311-cp311-manylinux_2_17_x86_64.manylinux2014_x86_64.whl (37.7 MB)
   ━━━━━━━━━━━━━━━━━━━━━━━━━━━━━━━━━━━━━━━━ 37.7/37.7 MB 15.4 MB/s  0:00:02
Downloading numpy-1.26.0-cp311-cp311-manylinux_2_17_x86_64.manylinux2014_x86_64.whl (18.2 MB)
   ━━━━━━━━━━━━━━━━━━━━━━━━━━━━━━━━━━━━━━━━ 18.2/18.2 MB 16.3 MB/s  0:00:01
Downloading zarr-3.1.5-py3-none-any.whl (284 kB)
Using cached tqdm-4.67.1-py3-none-any.whl (78 kB)
Using cached einops-0.8.1-py3-none-any.whl (64 kB)
Downloading wandb-0.23.1-py3-none-manylinux_2_28_x86_64.whl (22.9 MB)
   ━━━━━━━━━━━━━━━━━━━━━━━━━━━━━━━━━━━━━━━━ 22.9/22.9 MB 16.6 MB/s  0:00:01
Downloading pydantic-2.11.10-py3-none-any.whl (444 kB)
Downloading typing_extensions-4.12.2-py3-none-any.whl (37 kB)
Using cached threadpoolctl-3.6.0-py3-none-any.whl (18 kB)
Downloading matplotlib-3.10.3-cp311-cp311-manylinux_2_17_x86_64.manylinux2014_x86_64.whl (8.6 MB)
   ━━━━━━━━━━━━━━━━━━━━━━━━━━━━━━━━━━━━━━━━ 8.6/8.6 MB 16.5 MB/s  0:00:00
Using cached dill-0.4.0-py3-none-any.whl (119 kB)
Downloading Rtree-1.3.0-py3-none-manylinux2014_x86_64.manylinux_2_17_x86_64.whl (543 kB)
   ━━━━━━━━━━━━━━━━━━━━━━━━━━━━━━━━━━━━━━━━ 543.2/543.2 kB 13.6 MB/s  0:00:00
Downloading diffusers-0.35.2-py3-none-any.whl (4.1 MB)
   ━━━━━━━━━━━━━━━━━━━━━━━━━━━━━━━━━━━━━━━━ 4.1/4.1 MB 16.5 MB/s  0:00:00
Downloading pytorch_lightning-1.9.5-py3-none-any.whl (829 kB)
   ━━━━━━━━━━━━━━━━━━━━━━━━━━━━━━━━━━━━━━━━ 829.5/829.5 kB 15.0 MB/s  0:00:00
Downloading lightning_bolts-0.7.0-py3-none-any.whl (300 kB)
Downloading tyro-0.8.5-py3-none-any.whl (103 kB)
Downloading sentry_sdk-2.29.1-py2.py3-none-any.whl (341 kB)
Downloading pydantic_core-2.33.2-cp311-cp311-manylinux_2_17_x86_64.manylinux2014_x86_64.whl (2.0 MB)
   ━━━━━━━━━━━━━━━━━━━━━━━━━━━━━━━━━━━━━━━━ 2.0/2.0 MB 17.1 MB/s  0:00:00
Using cached protobuf-6.33.6-cp39-abi3-manylinux2014_x86_64.whl (323 kB)
Using cached requests-2.34.2-py3-none-any.whl (73 kB)
Downloading charset_normalizer-3.4.9-cp311-cp311-manylinux2014_x86_64.manylinux_2_17_x86_64.manylinux_2_28_x86_64.whl (221 kB)
Using cached idna-3.18-py3-none-any.whl (65 kB)
Using cached urllib3-2.7.0-py3-none-any.whl (131 kB)
Using cached annotated_types-0.7.0-py3-none-any.whl (13 kB)
Using cached certifi-2026.6.17-py3-none-any.whl (133 kB)
Using cached click-8.4.2-py3-none-any.whl (119 kB)
Downloading contourpy-1.3.3-cp311-cp311-manylinux_2_27_x86_64.manylinux_2_28_x86_64.whl (355 kB)
Using cached cycler-0.12.1-py3-none-any.whl (8.3 kB)
Using cached docstring_parser-0.18.0-py3-none-any.whl (22 kB)
Downloading donfig-0.8.1.post1-py3-none-any.whl (21 kB)
Downloading fonttools-4.63.0-cp311-cp311-manylinux2014_x86_64.manylinux_2_17_x86_64.whl (5.1 MB)
   ━━━━━━━━━━━━━━━━━━━━━━━━━━━━━━━━━━━━━━━━ 5.1/5.1 MB 15.7 MB/s  0:00:00
Using cached fsspec-2026.6.0-py3-none-any.whl (203 kB)
Downloading aiohttp-3.14.1-cp311-cp311-manylinux2014_x86_64.manylinux_2_17_x86_64.manylinux_2_28_x86_64.whl (1.8 MB)
   ━━━━━━━━━━━━━━━━━━━━━━━━━━━━━━━━━━━━━━━━ 1.8/1.8 MB 15.5 MB/s  0:00:00
Downloading multidict-6.7.1-cp311-cp311-manylinux2014_x86_64.manylinux_2_17_x86_64.manylinux_2_28_x86_64.whl (246 kB)
Downloading yarl-1.24.2-cp311-cp311-manylinux2014_x86_64.manylinux_2_17_x86_64.manylinux_2_28_x86_64.whl (106 kB)
Downloading aiohappyeyeballs-2.7.1-py3-none-any.whl (15 kB)
Using cached aiosignal-1.4.0-py3-none-any.whl (7.5 kB)
Using cached attrs-26.1.0-py3-none-any.whl (67 kB)
Downloading frozenlist-1.8.0-cp311-cp311-manylinux1_x86_64.manylinux_2_28_x86_64.manylinux_2_5_x86_64.whl (231 kB)
Using cached gitpython-3.1.51-py3-none-any.whl (215 kB)
Using cached gitdb-4.0.12-py3-none-any.whl (62 kB)
Using cached smmap-5.0.3-py3-none-any.whl (24 kB)
Downloading google_crc32c-1.8.0-cp311-cp311-manylinux1_x86_64.manylinux2014_x86_64.manylinux_2_17_x86_64.manylinux_2_5_x86_64.whl (33 kB)
Using cached huggingface_hub-1.23.0-py3-none-any.whl (770 kB)
Using cached hf_xet-1.5.1-cp37-abi3-manylinux2014_x86_64.manylinux_2_17_x86_64.whl (4.5 MB)
Using cached httpx-0.28.1-py3-none-any.whl (73 kB)
Using cached httpcore-1.0.9-py3-none-any.whl (78 kB)
Using cached filelock-3.29.7-py3-none-any.whl (46 kB)
Using cached h11-0.16.0-py3-none-any.whl (37 kB)
Downloading kiwisolver-1.5.0-cp311-cp311-manylinux2014_x86_64.manylinux_2_17_x86_64.whl (1.4 MB)
   ━━━━━━━━━━━━━━━━━━━━━━━━━━━━━━━━━━━━━━━━ 1.4/1.4 MB 18.6 MB/s  0:00:00
Using cached lightning_utilities-0.15.3-py3-none-any.whl (31 kB)
Using cached packaging-26.2-py3-none-any.whl (100 kB)
Downloading pillow-12.3.0-cp311-cp311-manylinux_2_27_x86_64.manylinux_2_28_x86_64.whl (6.9 MB)
   ━━━━━━━━━━━━━━━━━━━━━━━━━━━━━━━━━━━━━━━━ 6.9/6.9 MB 17.2 MB/s  0:00:00
Downloading propcache-0.5.2-cp311-cp311-manylinux2014_x86_64.manylinux_2_17_x86_64.manylinux_2_28_x86_64.whl (58 kB)
Using cached pyparsing-3.3.2-py3-none-any.whl (122 kB)
Using cached python_dateutil-2.9.0.post0-py2.py3-none-any.whl (229 kB)
Using cached pytz-2026.2-py2.py3-none-any.whl (510 kB)
Downloading pyyaml-6.0.3-cp311-cp311-manylinux2014_x86_64.manylinux_2_17_x86_64.manylinux_2_28_x86_64.whl (806 kB)
   ━━━━━━━━━━━━━━━━━━━━━━━━━━━━━━━━━━━━━━━━ 806.6/806.6 kB 21.8 MB/s  0:00:00
Using cached regex-2026.7.10-cp311-cp311-manylinux2014_x86_64.manylinux_2_17_x86_64.manylinux_2_28_x86_64.whl (799 kB)
Using cached rich-15.0.0-py3-none-any.whl (310 kB)
Using cached pygments-2.20.0-py3-none-any.whl (1.2 MB)
Using cached markdown_it_py-4.2.0-py3-none-any.whl (91 kB)
Using cached mdurl-0.1.2-py3-none-any.whl (10.0 kB)
Using cached safetensors-0.8.0-cp310-abi3-manylinux_2_17_x86_64.manylinux2014_x86_64.whl (516 kB)
Downloading shtab-1.8.1-py3-none-any.whl (14 kB)
Using cached six-1.17.0-py2.py3-none-any.whl (11 kB)
Using cached tensorboard-2.21.0-py3-none-any.whl (5.5 MB)
Using cached grpcio-1.82.1-cp311-cp311-manylinux2014_x86_64.manylinux_2_17_x86_64.whl (6.9 MB)
Using cached tensorboard_data_server-0.7.2-py3-none-manylinux_2_31_x86_64.whl (6.6 MB)
Using cached absl_py-2.5.0-py3-none-any.whl (137 kB)
Using cached markdown-3.10.2-py3-none-any.whl (108 kB)
Using cached setuptools-83.0.0-py3-none-any.whl (1.0 MB)
Downloading torch-2.13.0-cp311-cp311-manylinux_2_28_x86_64.whl (526.6 MB)
