[Info] [carb] Logging to file: /home/jingxiang/workspace/agenticsim-runtime/.venv/lib/python3.11/site-packages/isaacsim/kit/logs/Kit/Isaac-Sim Python/5.1/kit_20260713_211116.log
2026-07-13T13:11:16Z [0ms] [Warning] [carb.crashreporter-breakpad.plugin] [previous crash] preventing upload of minidump due to user opt-out: '/home/jingxiang/workspace/agenticsim-runtime/.venv/lib/python3.11/site-packages/isaacsim/kit/data/Kit/Isaac-Sim Python/5.1/cc42f149-c97a-484f-4e970ebc-3249862a.dmp'
[0.031s] [ext: omni.kit.async_engine-0.0.3] startup
[0.102s] [ext: omni.metrics.core-0.0.3] startup
[0.102s] [ext: omni.client.lib-1.1.0] startup
[0.110s] [ext: omni.blobkey-1.1.2] startup
[0.111s] [ext: omni.stats-1.0.1] startup
[0.111s] [ext: omni.datastore-0.0.0] startup
[0.115s] [ext: omni.client-1.3.0] startup
[0.118s] [ext: omni.ujitso.default-1.0.0] startup
[0.119s] [ext: omni.hsscclient-1.1.2] startup
[0.122s] [ext: omni.gpu_foundation.shadercache.vulkan-1.0.0] startup
[0.123s] [ext: omni.assets.plugins-0.0.0] startup
[0.124s] [ext: omni.gpu_foundation-0.0.0] startup
[0.131s] [ext: carb.windowing.plugins-1.0.0] startup
2026-07-13T13:11:16Z [121ms] [Warning] [carb.windowing-glfw.plugin] GLFW initialization failed.
2026-07-13T13:11:16Z [121ms] [Warning] [carb] Failed to startup plugin carb.windowing-glfw.plugin (interfaces: [carb::windowing::IGLContext v1.0],[carb::windowing::IWindowing v1.5]) (impl: carb.windowing-glfw.plugin)
[0.131s] [ext: omni.kit.renderer.init-0.0.0] startup
2026-07-13T13:11:16Z [131ms] [Warning] [omni.platforminfo.plugin] failed to open the default display.  Can't verify X Server version.
2026-07-13T13:11:16Z [463ms] [Warning] [gpu.foundation.plugin] Skipping unsupported non-NVIDIA GPU: AMD Ryzen 7 7800X3D 8-Core Processor (RADV RAPHAEL_MENDOCINO)
2026-07-13T13:11:16Z [463ms] [Warning] [gpu.foundation.plugin] Skipping unsupported non-NVIDIA GPU: AMD Ryzen 7 7800X3D 8-Core Processor (RADV RAPHAEL_MENDOCINO)

|---------------------------------------------------------------------------------------------|
| Driver Version: 580.159.03    | Graphics API: Vulkan
|=============================================================================================|
| GPU | Name                             | Active | LDA | GPU Memory | Vendor-ID | LUID       |
|     |                                  |        |     |            | Device-ID | UUID       |
|     |                                  |        |     |            | Bus-ID    |            |
|---------------------------------------------------------------------------------------------|
| 0   | NVIDIA GeForce RTX 5090          | Yes: 0 |     | 32607   MB | 10de      | 0          |
|     |                                  |        |     |            | 2b85      | f854badd.. |
|     |                                  |        |     |            | 1         |            |
|---------------------------------------------------------------------------------------------|
| 1   | AMD Ryzen 7 7800X3D 8-Core Pro.. |        |     | 21476   MB | 1002      | 0          |
|     |                                  |        |     |            | 164e      | 00000000.. |
|     |                                  |        |     |            | 12        |            |
|=============================================================================================|
| OS: 24.04.4 LTS (Noble Numbat) ubuntu, Version: 24.04.4, Kernel: 6.17.0-35-generic
| Processor: AMD Ryzen 7 7800X3D 8-Core Processor
| Cores: 8 | Logical Cores: 16
|---------------------------------------------------------------------------------------------|
| Total Memory (MB): 63405 | Free Memory: 59538
| Total Page/Swap (MB): 62499 | Free Page/Swap: 62499
|---------------------------------------------------------------------------------------------|
2026-07-13T13:11:17Z [734ms] [Warning] [gpu.foundation.plugin] IOMMU is enabled.
2026-07-13T13:11:17Z [734ms] [Warning] [gpu.foundation.plugin] Detected IOMMU is enabled. Running CUDA peer-to-peer bandwidth and latency validation.
Unidirectional P2P=Enabled Bandwidth (P2P Writes) Matrix (GB/s)
   D\D     0 
     0 1525.88 
P2P=Enabled Latency (P2P Writes) Matrix (us)
   GPU     0 
     0   2.07 

   CPU     0 
     0   1.68 
[0.865s] [ext: omni.materialx.libs-1.0.7] startup
[0.871s] [ext: omni.kit.telemetry-0.5.2] startup
[0.891s] [ext: omni.usd.config-1.0.6] startup
[0.894s] [ext: omni.gpucompute.plugins-0.0.0] startup
[0.895s] [ext: omni.usd.libs-1.0.1] startup
[0.952s] [ext: omni.kit.loop-isaac-1.3.7] startup
[0.952s] [ext: omni.kit.test-2.0.1] startup
[0.984s] [ext: omni.mdl-56.0.3] startup
[1.043s] [ext: omni.iray.libs-0.0.0] startup
[1.054s] [ext: omni.mdl.neuraylib-0.2.12] startup
[1.056s] [ext: omni.kit.usd.mdl-1.1.5] startup
[1.116s] [ext: omni.kit.pipapi-0.0.0] startup
[1.117s] [ext: omni.appwindow-1.1.10] startup
2026-07-13T13:11:17Z [1,108ms] [Warning] [carb.windowing-glfw.plugin] GLFW initialization failed.
2026-07-13T13:11:17Z [1,108ms] [Warning] [carb] Failed to startup plugin carb.windowing-glfw.plugin (interfaces: [carb::windowing::IGLContext v1.0],[carb::windowing::IWindowing v1.5]) (impl: carb.windowing-glfw.plugin)
[1.118s] [ext: omni.kit.renderer.core-1.1.0] startup
2026-07-13T13:11:17Z [1,120ms] [Warning] [carb.windowing-glfw.plugin] GLFW initialization failed.
2026-07-13T13:11:17Z [1,120ms] [Warning] [carb] Failed to startup plugin carb.windowing-glfw.plugin (interfaces: [carb::windowing::IGLContext v1.0],[carb::windowing::IWindowing v1.5]) (impl: carb.windowing-glfw.plugin)
2026-07-13T13:11:17Z [1,125ms] [Warning] [carb.windowing-glfw.plugin] GLFW initialization failed.
2026-07-13T13:11:17Z [1,125ms] [Warning] [carb] Failed to startup plugin carb.windowing-glfw.plugin (interfaces: [carb::windowing::IGLContext v1.0],[carb::windowing::IWindowing v1.5]) (impl: carb.windowing-glfw.plugin)
[1.136s] [ext: omni.kit.renderer.capture-0.0.0] startup
[1.138s] [ext: omni.kit.renderer.imgui-2.0.5] startup
2026-07-13T13:11:17Z [1,131ms] [Warning] [carb.windowing-glfw.plugin] GLFW initialization failed.
2026-07-13T13:11:17Z [1,131ms] [Warning] [carb] Failed to startup plugin carb.windowing-glfw.plugin (interfaces: [carb::windowing::IGLContext v1.0],[carb::windowing::IWindowing v1.5]) (impl: carb.windowing-glfw.plugin)
2026-07-13T13:11:17Z [1,132ms] [Warning] [carb.windowing-glfw.plugin] GLFW initialization failed.
2026-07-13T13:11:17Z [1,132ms] [Warning] [carb] Failed to startup plugin carb.windowing-glfw.plugin (interfaces: [carb::windowing::IGLContext v1.0],[carb::windowing::IWindowing v1.5]) (impl: carb.windowing-glfw.plugin)
2026-07-13T13:11:17Z [1,133ms] [Warning] [carb.windowing-glfw.plugin] GLFW initialization failed.
2026-07-13T13:11:17Z [1,133ms] [Warning] [carb] Failed to startup plugin carb.windowing-glfw.plugin (interfaces: [carb::windowing::IGLContext v1.0],[carb::windowing::IWindowing v1.5]) (impl: carb.windowing-glfw.plugin)
[1.184s] [ext: omni.ui-2.27.1] startup
[1.190s] [ext: omni.kit.mainwindow-1.0.3] startup
[1.191s] [ext: carb.audio-0.1.0] startup
[1.195s] [ext: omni.uiaudio-1.0.0] startup
[1.196s] [ext: omni.kit.uiapp-0.0.0] startup
[1.196s] [ext: omni.usd.schema.metrics.assembler-107.3.1] startup
[1.197s] [ext: omni.usd.schema.physx-107.3.26] startup
[1.217s] [ext: omni.usd.schema.geospatial-0.0.0] startup
[1.218s] [ext: omni.usd.schema.audio-0.0.0] startup
[1.220s] [ext: omni.usd.schema.anim-0.0.0] startup
[1.231s] [ext: omni.usd.schema.flow-107.1.1] startup
[1.231s] [ext: omni.usd_resolver-1.0.0] startup
[1.234s] [ext: omni.usd.core-1.5.3] startup
[1.235s] [ext: omni.usd.schema.omni_sensors-0.0.0] startup
[1.245s] [ext: omni.usd.schema.semantics-0.0.0] startup
[1.246s] [ext: omni.usd.schema.omniscripting-1.0.0] startup
[1.248s] [ext: omni.usd.schema.omni_lens_distortion-0.0.0] startup
[1.249s] [ext: omni.usd.schema.omnigraph-1.0.0] startup
[1.252s] [ext: omni.kit.window.popup_dialog-2.0.24] startup
[1.255s] [ext: omni.graph.exec-0.9.6] startup
[1.255s] [ext: omni.kit.widget.nucleus_connector-2.0.1] startup
[1.256s] [ext: omni.kit.usd_undo-0.1.8] startup
[1.257s] [ext: omni.kit.exec.core-0.13.4] startup
[1.258s] [ext: omni.kit.actions.core-1.0.0] startup
[1.259s] [ext: omni.resourcemonitor-107.0.1] startup
[1.261s] [ext: omni.activity.core-1.0.3] startup
[1.262s] [ext: omni.timeline-1.0.14] startup
[1.263s] [ext: omni.kit.commands-1.4.10] startup
[1.265s] [ext: usdrt.scenegraph-7.6.1] startup
[1.288s] [ext: omni.kit.audiodeviceenum-1.0.2] startup
[1.289s] [ext: omni.hydra.usdrt_delegate-7.5.1] startup
[1.293s] [ext: omni.hydra.scene_delegate-0.3.4] startup
[1.296s] [ext: omni.usd-1.13.10] startup
[1.312s] [ext: omni.inspect-1.0.2] startup
[1.313s] [ext: omni.kit.notification_manager-1.0.10] startup
[1.314s] [ext: omni.graph.core-2.184.5] startup
[1.316s] [ext: isaacsim.core.deprecation_manager-0.2.7] startup
[1.316s] [ext: omni.anim.graph.schema-107.3.3] startup
[1.320s] [ext: omni.usd.schema.isaac-3.0.5] startup
[1.320s] [ext: omni.anim.navigation.schema-107.3.3] startup
[1.322s] [ext: omni.kit.asset_converter-5.0.17] startup
[1.329s] [ext: isaacsim.robot.schema-3.6.0] startup
[1.334s] [ext: omni.usd.schema.render_settings.rtx-0.0.0] startup
[1.335s] [ext: omni.kit.menu.core-1.1.2] startup
[1.335s] [ext: omni.kit.widget.path_field-2.0.11] startup
[1.335s] [ext: omni.kit.widget.context_menu-1.2.5] startup
[1.336s] [ext: omni.kit.widget.browser_bar-2.0.10] startup
[1.337s] [ext: omni.kit.clipboard-1.0.5] startup
[1.337s] [ext: omni.kit.numpy.common-0.1.3] startup
[1.338s] [ext: omni.kit.widget.options_menu-1.1.6] startup
[1.340s] [ext: omni.kit.helper.file_utils-0.1.9] startup
[1.341s] [ext: omni.ui.scene-1.11.5] startup
[1.343s] [ext: omni.kit.widget.options_button-1.0.3] startup
[1.344s] [ext: omni.kit.widget.filebrowser-2.12.3] startup
[1.347s] [ext: omni.kit.usd.layers-2.2.11] startup
[1.351s] [ext: omni.kit.window.filepicker-2.13.4] startup
[1.360s] [ext: omni.kit.hotkeys.core-1.3.10] startup
[1.362s] [ext: omni.kit.context_menu-1.8.6] startup
[1.363s] [ext: omni.kit.property.adapter.core-1.0.2] startup
[1.364s] [ext: omni.kit.window.file_exporter-1.0.33] startup
[1.366s] [ext: omni.kit.widget.searchfield-1.1.8] startup
[1.366s] [ext: omni.kit.widget.filter-1.1.4] startup
[1.367s] [ext: omni.kit.widget.graph-2.0.0] startup
[1.370s] [ext: omni.kit.widget.stage-3.1.4] startup
[1.376s] [ext: omni.kit.property.adapter.usd-1.0.2] startup
[1.377s] [ext: omni.kit.property.adapter.fabric-1.0.3] startup
[1.377s] [ext: omni.kit.graph.delegate.default-1.2.3] startup
[1.378s] [ext: omni.kit.window.file_importer-1.1.18] startup
[1.378s] [ext: omni.kit.stage_template.core-1.1.22] startup
[1.379s] [ext: omni.kit.menu.utils-2.0.5] startup
[1.382s] [ext: omni.kit.window.file-2.0.5] startup
[1.383s] [ext: omni.kit.widget.highlight_label-1.0.3] startup
[1.383s] [ext: omni.kit.window.drop_support-1.0.5] startup
[1.384s] [ext: omni.kit.window.content_browser_registry-0.0.6] startup
[1.384s] [ext: omni.kit.window.property-1.12.1] startup
[1.386s] [ext: omni.kit.window.content_browser-3.1.3] startup
[1.393s] [ext: isaacsim.core.version-2.0.6] startup
[1.393s] [ext: omni.kit.property.usd-4.5.12] startup
[1.399s] [ext: omni.kit.graph.editor.core-1.5.3] startup
[1.400s] [ext: omni.kit.material.library-2.0.7] startup
[1.403s] [ext: omni.kit.graph.usd.commands-1.3.1] startup
[1.404s] [ext: omni.kvdb-107.3.26] startup
[1.405s] [ext: omni.usdphysics-107.3.26] startup
[1.406s] [ext: omni.physx.foundation-107.3.26] startup
[1.407s] [ext: omni.localcache-107.3.26] startup
[1.408s] [ext: omni.convexdecomposition-107.3.26] startup
[1.409s] [ext: omni.physics-107.3.26] startup
[1.411s] [ext: omni.physx.cooking-107.3.26] startup
[1.413s] [ext: omni.physics.stageupdate-107.3.26] startup
[1.415s] [ext: omni.physx-107.3.26] startup
[1.420s] [ext: omni.index.libs-380600.8087.0] startup
[1.420s] [ext: omni.physics.physx-107.3.26] startup
2026-07-13T13:11:17Z [1,411ms] [Warning] [carb] Acquiring non optional plugin interface which is not listed as dependency: [omni::physx::IPhysxBenchmarks v1.0] (plugin: <default plugin>), by client: omni.physics.physx.plugin. Add it to CARB_PLUGIN_IMPL_DEPS() macro of a client.
[1.421s] [ext: omni.index-1.0.1] startup
[1.422s] [ext: omni.volume-0.5.2] startup
[1.424s] [ext: omni.ujitso.client-0.0.0] startup
[1.424s] [ext: omni.hydra.rtx.shadercache.vulkan-1.0.0] startup
[1.425s] [ext: omni.kit.widget.searchable_combobox-1.0.6] startup
[1.426s] [ext: omni.hydra.rtx-1.0.0] startup
2026-07-13T13:11:17Z [1,428ms] [Warning] [omni.log] Source: omni.hydra was already registered.
[1.451s] [ext: omni.kit.widget.settings-1.2.6] startup
[1.452s] [ext: omni.kit.hydra_texture-1.4.6] startup
[1.455s] [ext: omni.graph.tools-1.79.2] startup
[1.469s] [ext: omni.kit.window.preferences-1.8.0] startup
[1.472s] [ext: omni.kit.widget.material_preview-1.0.16] startup
[1.473s] [ext: omni.graph-1.141.2] startup
[1.500s] [ext: omni.kit.window.material_graph-1.9.1] startup
[1.505s] [ext: omni.isaac.dynamic_control-2.0.7] startup
2026-07-13T13:11:18Z [1,498ms] [Warning] [omni.isaac.dynamic_control] omni.isaac.dynamic_control is deprecated as of Isaac Sim 4.5. No action is needed from end-users.
[1.509s] [ext: isaacsim.storage.native-1.5.1] startup
[1.511s] [ext: omni.graph.scriptnode-1.50.0] startup
[1.512s] [ext: omni.hydra.engine.stats-1.0.3] startup
[1.514s] [ext: omni.kit.viewport.legacy_gizmos-1.0.19] startup
[1.516s] [ext: omni.kit.raycast.query-1.1.0] startup
[1.519s] [ext: omni.graph.action_core-1.1.7] startup
[1.521s] [ext: omni.kit.viewport.scene_camera_model-1.0.6] startup
[1.524s] [ext: omni.graph.image.core-0.6.1] startup
[1.525s] [ext: omni.kit.widget.viewport-107.1.3] startup
[1.530s] [ext: omni.kit.viewport.registry-104.0.6] startup
[1.531s] [ext: omni.usd.metrics.assembler-107.3.1] startup
[1.533s] [ext: omni.kit.viewport.window-107.2.0] startup
[1.545s] [ext: omni.kit.viewport.menubar.core-107.2.1] startup
[1.552s] [ext: omni.graph.image.nodes-1.3.1] startup
[1.553s] [ext: omni.usd.metrics.assembler.physics-107.3.26] startup
[1.554s] [ext: omni.warp.core-1.8.2] startup
[1.675s] [ext: omni.kit.viewport.utility-1.1.2] startup
[1.676s] [ext: omni.physics.tensors-107.3.26] startup
[1.679s] [ext: omni.syntheticdata-0.6.13] startup
[1.694s] [ext: isaacsim.test.docstring-1.1.0] startup
[1.698s] [ext: isaacsim.core.utils-3.5.1] startup
[1.701s] [ext: omni.physx.tensors-107.3.26] startup
[1.704s] [ext: omni.graph.nodes-1.170.10] startup
[1.714s] [ext: omni.graph.action_nodes-1.50.4] startup
[1.716s] [ext: omni.kit.primitive.mesh-1.0.17] startup
[1.723s] [ext: isaacsim.core.simulation_manager-1.4.4] startup
[3.435s] [ext: omni.graph.ui_nodes-1.50.5] startup
[3.438s] [ext: omni.graph.action-1.130.0] startup
[3.439s] [ext: omni.kit.stage_templates-2.0.0] startup
[3.443s] [ext: isaacsim.core.prims-0.6.1] startup
[3.461s] [ext: omni.warp-1.8.2] startup
[3.467s] [ext: omni.videoencoding-0.1.2] startup
[3.470s] [ext: isaacsim.core.api-4.8.0] startup
[3.486s] [ext: isaacsim.core.experimental.utils-0.3.0] startup
[3.498s] [ext: omni.replicator.core-1.12.27] startup
2026-07-13T13:11:20Z [3,500ms] [Warning] [pxr.Semantics] pxr.Semantics is deprecated - please use Semantics instead
2026-07-13T13:11:20Z [3,597ms] [Warning] [omni.graph.core.plugin] Found duplicate of category 'Replicator' - was 'Annotators', adding 'Fabric Reader'
2026-07-13T13:11:20Z [3,597ms] [Warning] [omni.graph.core.plugin] Category 'Replicator' not accepted on node type 'omni.replicator.core.FabricReader' in extension 'omni.replicator.core'
2026-07-13T13:11:20Z [3,597ms] [Warning] [omni.replicator.core.scripts.extension] No material configuration file, adding configuration to material settings directly.
[3.610s] [ext: isaacsim.core.experimental.prims-0.8.1] startup
[3.642s] [ext: omni.kit.window.extensions-1.4.27] startup
[3.648s] [ext: isaacsim.core.experimental.objects-0.4.0] startup
[3.653s] [ext: omni.ui_query-1.1.8] startup
[3.656s] [ext: omni.kit.manipulator.viewport-107.0.1] startup
[3.657s] [ext: isaacsim.robot.surface_gripper-3.3.1] startup
[3.662s] [ext: omni.kit.ui_test-1.3.7] startup
[3.666s] [ext: omni.graph.visualization.nodes-2.1.3] startup
[3.687s] [ext: isaacsim.robot_motion.lula-4.0.8] startup
[3.695s] [ext: isaacsim.core.nodes-3.4.3] startup
[3.705s] [ext: isaacsim.gui.components-1.2.1] startup
[3.716s] [ext: isaacsim.robot_motion.motion_generation-8.0.26] startup
[3.743s] [ext: isaacsim.robot.manipulators-3.3.6] startup
[3.751s] [ext: isaacsim.core.experimental.materials-0.4.0] startup
[3.762s] [ext: isaacsim.robot.manipulators.examples-1.1.2] startup
[3.767s] [ext: isaacsim.cortex.framework-1.0.12] startup
[3.770s] [ext: isaacsim.cortex.behaviors-2.0.14] startup
[3.773s] [ext: omni.isaac.cortex.sample_behaviors-2.0.5] startup
2026-07-13T13:11:20Z [3,765ms] [Warning] [omni.isaac.cortex] omni.isaac.cortex has been deprecated in favor of isaacsim.cortex.framework. Please update your code accordingly.
2026-07-13T13:11:20Z [3,765ms] [Warning] [omni.isaac.cortex.sample_behaviors] omni.isaac.cortex.sample_behaviors has been deprecated in favor of isaacsim.cortex.behaviors. Please update your code accordingly.
[3.777s] [ext: omni.kit.widget.zoombar-1.0.6] startup
[3.783s] [ext: isaacsim.gui.content_browser-0.1.11] startup
[3.789s] [ext: omni.kit.browser.core-2.3.13] startup
[3.795s] [ext: omni.kit.widget.stage_icons-1.0.8] startup
[3.796s] [ext: omni.kit.widget.prompt-1.0.7] startup
[3.797s] [ext: omni.kit.usd.collect-2.4.5] startup
[3.800s] [ext: omni.kit.browser.folder.core-1.10.9] startup
[3.813s] [ext: omni.kit.window.stage-2.6.1] startup
[3.817s] [ext: omni.kit.usdz_export-1.0.9] startup
[3.821s] [ext: omni.kit.tool.collect-2.2.18] startup
[3.823s] [ext: omni.kit.menu.stage-1.2.7] startup
[3.829s] [ext: omni.kit.tool.asset_importer-4.3.2] startup
[3.863s] [ext: isaacsim.robot.wheeled_robots-4.0.24] startup
[3.928s] [ext: isaacsim.examples.browser-0.2.1] startup
[3.940s] [ext: isaacsim.asset.importer.urdf-2.4.30] startup
[4.190s] [ext: omni.isaac.wheeled_robots-3.0.7] startup
2026-07-13T13:11:20Z [4,181ms] [Warning] [omni.isaac.wheeled_robots] omni.isaac.wheeled_robots has been deprecated in favor of isaacsim.robot.wheeled_robots. Please update your code accordingly.
2026-07-13T13:11:20Z [4,182ms] [Warning] [omni.isaac.wheeled_robots.controllers] omni.isaac.wheeled_robots has been deprecated in favor of isaacsim.robot.wheeled_robots. Please update your code accordingly.
2026-07-13T13:11:20Z [4,182ms] [Warning] [omni.isaac.wheeled_robots.controllers.ackermann_controller] omni.isaac.wheeled_robots has been deprecated in favor of isaacsim.robot.wheeled_robots. Please update your code accordingly.
2026-07-13T13:11:20Z [4,182ms] [Warning] [omni.isaac.wheeled_robots.controllers.differential_controller] omni.isaac.wheeled_robots has been deprecated in favor of isaacsim.robot.wheeled_robots. Please update your code accordingly.
2026-07-13T13:11:20Z [4,182ms] [Warning] [omni.isaac.wheeled_robots.controllers.holonomic_controller] omni.isaac.wheeled_robots has been deprecated in favor of isaacsim.robot.wheeled_robots. Please update your code accordingly.
2026-07-13T13:11:20Z [4,182ms] [Warning] [omni.isaac.wheeled_robots.controllers.quintic_path_planner] omni.isaac.wheeled_robots has been deprecated in favor of isaacsim.robot.wheeled_robots. Please update your code accordingly.
2026-07-13T13:11:20Z [4,182ms] [Warning] [omni.isaac.wheeled_robots.controllers.stanley_control] omni.isaac.wheeled_robots has been deprecated in favor of isaacsim.robot.wheeled_robots. Please update your code accordingly.
2026-07-13T13:11:20Z [4,182ms] [Warning] [omni.isaac.wheeled_robots.controllers.wheel_base_pose_controller] omni.isaac.wheeled_robots has been deprecated in favor of isaacsim.robot.wheeled_robots. Please update your code accordingly.
2026-07-13T13:11:20Z [4,183ms] [Warning] [omni.isaac.wheeled_robots.impl] omni.isaac.wheeled_robots has been deprecated in favor of isaacsim.robot.wheeled_robots. Please update your code accordingly.
2026-07-13T13:11:20Z [4,184ms] [Warning] [omni.isaac.wheeled_robots.robots] omni.isaac.wheeled_robots has been deprecated in favor of isaacsim.robot.wheeled_robots. Please update your code accordingly.
2026-07-13T13:11:20Z [4,184ms] [Warning] [omni.isaac.wheeled_robots.robots.holonomic_robot_usd_setup] omni.isaac.wheeled_robots has been deprecated in favor of isaacsim.robot.wheeled_robots. Please update your code accordingly.
2026-07-13T13:11:20Z [4,185ms] [Warning] [omni.isaac.wheeled_robots.robots.wheeled_robot] omni.isaac.wheeled_robots has been deprecated in favor of isaacsim.robot.wheeled_robots. Please update your code accordingly.
[4.198s] [ext: isaacsim.simulation_app-2.12.2] startup
[4.199s] [ext: omni.isaac.franka-1.0.7] startup
2026-07-13T13:11:20Z [4,190ms] [Warning] [omni.isaac.franka] omni.isaac.franka has been deprecated in favor of isaacsim.robot.manipulators.examples.franka. Please update your code accordingly.
2026-07-13T13:11:20Z [4,190ms] [Warning] [omni.isaac.franka.franka] omni.isaac.franka has been deprecated in favor of isaacsim.robot.manipulators.examples.franka. Please update your code accordingly.
2026-07-13T13:11:20Z [4,204ms] [Warning] [omni.isaac.franka.kinematics_solver] omni.isaac.franka has been deprecated in favor of isaacsim.robot.manipulators.examples.franka. Please update your code accordingly.
[4.214s] [ext: omni.isaac.kit-2.0.6] startup
2026-07-13T13:11:20Z [4,206ms] [Warning] [omni.isaac.kit] omni.isaac.kit has been deprecated in favor of isaacsim.simulation_app. Please update your code accordingly.
[4.216s] [ext: omni.kit.selection-0.1.6] startup
[4.217s] [ext: omni.isaac.lula-4.0.6] startup
2026-07-13T13:11:20Z [4,208ms] [Warning] [omni.isaac.lula] omni.isaac.lula has been deprecated in favor of isaacsim.robot_motion.lula. Please update your code accordingly.
[4.218s] [ext: isaacsim.robot_motion.lula_test_widget-1.0.12] startup
[4.219s] [ext: isaacsim.asset.browser-1.3.23] startup
[4.252s] [ext: omni.kit.viewport.actions-107.0.2] startup
[4.256s] [ext: isaacsim.gui.menu-2.4.4] startup
[4.259s] [ext: omni.isaac.manipulators-3.0.7] startup
2026-07-13T13:11:20Z [4,251ms] [Warning] [omni.isaac.manipulators] omni.isaac.manipulators has been deprecated in favor of isaacsim.robot.manipulators. Please update your code accordingly.
2026-07-13T13:11:20Z [4,251ms] [Warning] [omni.isaac.manipulators.controllers] omni.isaac.manipulators has been deprecated in favor of isaacsim.robot.manipulators. Please update your code accordingly.
2026-07-13T13:11:20Z [4,251ms] [Warning] [omni.isaac.manipulators.controllers.pick_place_controller] omni.isaac.manipulators has been deprecated in favor of isaacsim.robot.manipulators. Please update your code accordingly.
2026-07-13T13:11:20Z [4,253ms] [Warning] [omni.isaac.manipulators.controllers.stacking_controller] omni.isaac.manipulators has been deprecated in favor of isaacsim.robot.manipulators. Please update your code accordingly.
2026-07-13T13:11:20Z [4,253ms] [Warning] [omni.isaac.manipulators.grippers] omni.isaac.manipulators has been deprecated in favor of isaacsim.robot.manipulators. Please update your code accordingly.
2026-07-13T13:11:20Z [4,253ms] [Warning] [omni.isaac.manipulators.grippers.gripper] omni.isaac.manipulators has been deprecated in favor of isaacsim.robot.manipulators. Please update your code accordingly.
2026-07-13T13:11:20Z [4,253ms] [Warning] [omni.isaac.manipulators.grippers.parallel_gripper] omni.isaac.manipulators has been deprecated in favor of isaacsim.robot.manipulators. Please update your code accordingly.
2026-07-13T13:11:20Z [4,253ms] [Warning] [omni.isaac.manipulators.grippers.surface_gripper] omni.isaac.manipulators has been deprecated in favor of isaacsim.robot.manipulators. Please update your code accordingly.
2026-07-13T13:11:20Z [4,253ms] [Warning] [omni.isaac.manipulators.manipulators] omni.isaac.manipulators has been deprecated in favor of isaacsim.robot.manipulators. Please update your code accordingly.
2026-07-13T13:11:20Z [4,253ms] [Warning] [omni.isaac.manipulators.manipulators.single_manipulator] omni.isaac.manipulators has been deprecated in favor of isaacsim.robot.manipulators. Please update your code accordingly.
[4.263s] [ext: omni.isaac.lula_test_widget-1.0.6] startup
2026-07-13T13:11:20Z [4,254ms] [Warning] [omni.isaac.lula_test_widget] omni.isaac.lula_test_widget has been deprecated in favor of isaacsim.robot_motion.lula_test_widget. Please update your code accordingly.
[4.265s] [ext: omni.isaac.asset_browser-1.0.6] startup
2026-07-13T13:11:20Z [4,256ms] [Warning] [omni.isaac.asset_browser] omni.isaac.asset_browser has been deprecated in favor of isaacsim.asset.browser. Please update your code accordingly.
[4.267s] [ext: omni.kit.viewport.menubar.display-107.0.3] startup
[4.271s] [ext: omni.isaac.menu-1.0.6] startup
2026-07-13T13:11:20Z [4,262ms] [Warning] [omni.isaac.menu] omni.isaac.menu has been deprecated in favor of isaacsim.gui.menu. Please update your code accordingly.
[4.272s] [ext: omni.isaac.motion_generation-8.0.7] startup
2026-07-13T13:11:20Z [4,263ms] [Warning] [omni.isaac.motion_generation] omni.isaac.motion_generation has been deprecated in favor of isaacsim.robot_motion.motion_generation. Please update your code accordingly.
2026-07-13T13:11:20Z [4,263ms] [Warning] [omni.isaac.motion_generation.articulation_kinematics_solver] omni.isaac.motion_generation has been deprecated in favor of isaacsim.robot_motion.motion_generation. Please update your code accordingly.
2026-07-13T13:11:20Z [4,264ms] [Warning] [omni.isaac.motion_generation.articulation_motion_policy] omni.isaac.motion_generation has been deprecated in favor of isaacsim.robot_motion.motion_generation. Please update your code accordingly.
2026-07-13T13:11:20Z [4,264ms] [Warning] [omni.isaac.motion_generation.articulation_trajectory] omni.isaac.motion_generation has been deprecated in favor of isaacsim.robot_motion.motion_generation. Please update your code accordingly.
2026-07-13T13:11:20Z [4,264ms] [Warning] [omni.isaac.motion_generation.kinematics_interface] omni.isaac.motion_generation has been deprecated in favor of isaacsim.robot_motion.motion_generation. Please update your code accordingly.
2026-07-13T13:11:20Z [4,264ms] [Warning] [omni.isaac.motion_generation.lula] omni.isaac.motion_generation has been deprecated in favor of isaacsim.robot_motion.motion_generation. Please update your code accordingly.
2026-07-13T13:11:20Z [4,264ms] [Warning] [omni.isaac.motion_generation.lula.kinematics] omni.isaac.motion_generation has been deprecated in favor of isaacsim.robot_motion.motion_generation. Please update your code accordingly.
2026-07-13T13:11:20Z [4,264ms] [Warning] [omni.isaac.motion_generation.lula.motion_policies] omni.isaac.motion_generation has been deprecated in favor of isaacsim.robot_motion.motion_generation. Please update your code accordingly.
2026-07-13T13:11:20Z [4,264ms] [Warning] [omni.isaac.motion_generation.lula.path_planners] omni.isaac.motion_generation has been deprecated in favor of isaacsim.robot_motion.motion_generation. Please update your code accordingly.
2026-07-13T13:11:20Z [4,264ms] [Warning] [omni.isaac.motion_generation.lula.trajectory_generator] omni.isaac.motion_generation has been deprecated in favor of isaacsim.robot_motion.motion_generation. Please update your code accordingly.
2026-07-13T13:11:20Z [4,264ms] [Warning] [omni.isaac.motion_generation.motion_policy_controller] omni.isaac.motion_generation has been deprecated in favor of isaacsim.robot_motion.motion_generation. Please update your code accordingly.
2026-07-13T13:11:20Z [4,264ms] [Warning] [omni.isaac.motion_generation.motion_policy_interface] omni.isaac.motion_generation has been deprecated in favor of isaacsim.robot_motion.motion_generation. Please update your code accordingly.
2026-07-13T13:11:20Z [4,265ms] [Warning] [omni.isaac.motion_generation.path_planner_visualizer] omni.isaac.motion_generation has been deprecated in favor of isaacsim.robot_motion.motion_generation. Please update your code accordingly.
2026-07-13T13:11:20Z [4,265ms] [Warning] [omni.isaac.motion_generation.path_planning_interface] omni.isaac.motion_generation has been deprecated in favor of isaacsim.robot_motion.motion_generation. Please update your code accordingly.
2026-07-13T13:11:20Z [4,265ms] [Warning] [omni.isaac.motion_generation.trajectory] omni.isaac.motion_generation has been deprecated in favor of isaacsim.robot_motion.motion_generation. Please update your code accordingly.
2026-07-13T13:11:20Z [4,265ms] [Warning] [omni.isaac.motion_generation.world_interface] omni.isaac.motion_generation has been deprecated in favor of isaacsim.robot_motion.motion_generation. Please update your code accordingly.
[4.275s] [ext: omni.isaac.assets_check-0.3.13] startup
2026-07-13T13:11:20Z [4,266ms] [Warning] [omni.isaac.assets_check] omni.isaac.assets_check has been deprecated in favor of isaacsim.asset.browser. Please update your code accordingly.
[4.276s] [ext: isaacsim.gui.sensors.icon-2.0.3] startup
[4.285s] [ext: isaacsim.asset.importer.mjcf-2.5.13] startup
[4.288s] [ext: omni.sensors.nv.common-3.0.0] startup
[4.297s] [ext: isaacsim.sensors.physics-0.4.3] startup
[4.302s] [ext: omni.sensors.net-1.0.0] startup
[4.305s] [ext: omni.isaac.nucleus-1.0.6] startup
2026-07-13T13:11:20Z [4,295ms] [Warning] [omni.isaac.nucleus] omni.isaac.nucleus has been deprecated in favor of isaacsim.storage.native. Please update your code accordingly.
2026-07-13T13:11:20Z [4,296ms] [Warning] [omni.isaac.nucleus.nucleus] omni.isaac.nucleus.nucleus has been deprecated in favor of isaacsim.storage.native. Please update your code accordingly.
[4.306s] [ext: omni.sensors.nv.materials-2.0.0] startup
[4.310s] [ext: isaacsim.robot.policy.examples-4.1.11] startup
[4.311s] [ext: omni.sensors.nv.wpm-3.0.0] startup
[4.315s] [ext: omni.sensors.nv.lidar-3.0.0] startup
[4.321s] [ext: isaacsim.util.debug_draw-3.1.0] startup
[4.323s] [ext: omni.sensors.nv.radar-3.0.0] startup
[4.327s] [ext: omni.sensors.nv.ids-2.0.0] startup
[4.328s] [ext: isaacsim.core.cloner-1.4.10] startup
[4.330s] [ext: isaacsim.sensors.physx-2.3.2] startup
[4.333s] [ext: isaacsim.sensors.rtx-15.8.4] startup
[4.338s] [ext: isaacsim.sensors.camera-1.3.6] startup
[4.345s] [ext: omni.isaac.quadruped-3.0.7] startup
2026-07-13T13:11:20Z [4,338ms] [Warning] [omni.isaac.quadruped] omni.isaac.quadruped has been deprecated in favor of isaacsim.robot.policy.examples. Please update your code accordingly.
[4.348s] [ext: omni.isaac.cloner-1.0.7] startup
2026-07-13T13:11:20Z [4,341ms] [Warning] [omni.isaac.cloner] omni.isaac.cloner has been deprecated in favor of isaacsim.core.cloner. Please update your code accordingly.
[4.352s] [ext: omni.isaac.range_sensor-4.0.6] startup
2026-07-13T13:11:20Z [4,345ms] [Warning] [omni.isaac.range_sensor] omni.isaac.range_sensor has been deprecated in favor of isaacsim.sensors.physx. Please update your code accordingly.
2026-07-13T13:11:20Z [4,345ms] [Warning] [omni.isaac.range_sensor.commands] omni.isaac.range_sensor.commands has been deprecated in favor of isaacsim.sensors.physx.commands. Please update your code accordingly.
[4.355s] [ext: omni.isaac.sensor-13.0.7] startup
2026-07-13T13:11:20Z [4,346ms] [Warning] [omni.isaac.sensor] omni.isaac.sensor has been deprecated in favor of isaacsim.sensors.camera, isaacsim.sensors.physics, isaacsim.sensors.physx, and isaacsim.sensors.rtx. Please update your code accordingly.
2026-07-13T13:11:20Z [4,347ms] [Warning] [omni.isaac.sensor.camera] omni.isaac.sensor.camera has been deprecated in favor of isaacsim.sensors.camera.camera. Please update your code accordingly.
2026-07-13T13:11:20Z [4,348ms] [Warning] [omni.isaac.sensor.camera_view] omni.isaac.sensor.camera_view has been deprecated in favor of isaacsim.sensors.camera.camera_view. Please update your code accordingly.
2026-07-13T13:11:20Z [4,348ms] [Warning] [omni.isaac.sensor.commands] omni.isaac.sensor.commands has been deprecated in favor of isaacsim.sensors.physics.commands, isaacsim.sensors.physx.commands, and isaacsim.sensors.rtx.commands. Please update your code accordingly.
2026-07-13T13:11:20Z [4,348ms] [Warning] [omni.isaac.sensor.contact_sensor] omni.isaac.sensor.contact_sensor has been deprecated in favor of isaacsim.sensors.physics.contact_sensor. Please update your code accordingly.
2026-07-13T13:11:20Z [4,348ms] [Warning] [omni.isaac.sensor.imu_sensor] omni.isaac.sensor.imu_sensor has been deprecated in favor of isaacsim.sensors.physics.imu_sensor. Please update your code accordingly.
2026-07-13T13:11:20Z [4,348ms] [Warning] [omni.isaac.sensor.lidar_rtx] omni.isaac.sensor.lidar_rtx has been deprecated in favor of isaacsim.sensors.rtx.lidar_rtx. Please update your code accordingly.
2026-07-13T13:11:20Z [4,348ms] [Warning] [omni.isaac.sensor.rotating_lidar_physX] omni.isaac.sensor.imu_sensor has been deprecated in favor of isaacsim.sensors.physix.rotating_lidar_physX. Please update your code accordingly.
2026-07-13T13:11:20Z [4,349ms] [Warning] [omni.isaac.sensor.scripts.samples.contact_sensor] omni.isaac.sensor.scripts.samples.contact_sensor has been deprecated in favor of isaacsim.sensors.physics.scripts.samples.contact_sensor. Please update your code accordingly.
2026-07-13T13:11:20Z [4,349ms] [Warning] [omni.isaac.sensor.scripts.samples.imu_sensor] omni.isaac.sensor.scripts.samples.imu_sensor has been deprecated in favor of isaacsim.sensors.physics.scripts.samples.imu_sensor. Please update your code accordingly.
2026-07-13T13:11:20Z [4,349ms] [Warning] [omni.isaac.sensor.scripts.samples.lightbeam_sensor] omni.isaac.sensor.scripts.samples.lightbeam_sensor has been deprecated in favor of isaacsim.sensors.physx.scripts.samples.lightbeam_sensor. Please update your code accordingly.
[4.359s] [ext: omni.kit.menu.create-2.0.1] startup
[4.361s] [ext: omni.kit.widget.toolbar-2.0.1] startup
[4.371s] [ext: omni.kit.manipulator.transform-107.0.0] startup
[4.374s] [ext: omni.isaac.core-4.0.7] startup
2026-07-13T13:11:20Z [4,364ms] [Warning] [omni.isaac.core.physics_context.physics_context] omni.isaac.core.physics_context.physics_context has been deprecated in favor of isaacsim.core.api.physics_context.physics_context. Please update your code accordingly.
2026-07-13T13:11:20Z [4,365ms] [Warning] [omni.isaac.core.simulation_context.simulation_context] omni.isaac.core.simulation_context.simulation_context has been deprecated in favor of isaacsim.core.api.simulation_context.simulation_context. Please update your code accordingly.
2026-07-13T13:11:20Z [4,365ms] [Warning] [omni.isaac.core.world.world] omni.isaac.core.world.world has been deprecated in favor of isaacsim.core.api.world.world. Please update your code accordingly.
2026-07-13T13:11:20Z [4,365ms] [Warning] [omni.isaac.core] omni.isaac.core has been deprecated in favor of isaacsim.core.api. Please update your code accordingly.
[4.375s] [ext: omni.kit.scripting-107.3.2] startup
[4.379s] [ext: omni.kit.manipulator.tool.snap-1.5.13] startup
[4.382s] [ext: omni.kit.manipulator.selector-1.1.3] startup
[4.383s] [ext: isaacsim.app.about-2.0.11] startup
[4.386s] [ext: isaacsim.replicator.behavior-1.1.16] startup
[4.387s] [ext: omni.kit.viewport.manipulator.transform-107.0.4] startup
[4.389s] [ext: omni.isaac.window.about-2.0.7] startup
2026-07-13T13:11:20Z [4,380ms] [Warning] [omni.isaac.window.about] omni.isaac.window.about has been deprecated in favor of isaacsim.app.about. Please update your code accordingly.
2026-07-13T13:11:20Z [4,380ms] [Warning] [omni.isaac.window.about.about] omni.isaac.window.about.about has been deprecated in favor of isaacsim.app.about.about. Please update your code accordingly.
[4.390s] [ext: omni.fabric.commands-1.1.6] startup
[4.392s] [ext: omni.kit.manipulator.prim.core-107.0.8] startup
[4.396s] [ext: omni.kit.property.audio-1.0.16] startup
[4.398s] [ext: omni.kit.property.camera-1.0.10] startup
[4.399s] [ext: omni.kit.property.geometry-2.0.4] startup
[4.401s] [ext: omni.hydra.scene_api-0.1.2] startup
[4.404s] [ext: omni.kit.property.light-1.0.12] startup
[4.412s] [ext: omni.kit.manipulator.prim.fabric-107.0.4] startup
[4.414s] [ext: omni.kit.manipulator.prim.usd-107.0.3] startup
[4.415s] [ext: omni.kit.property.material-1.11.9] startup
[4.418s] [ext: omni.kit.property.render-1.2.1] startup
[4.419s] [ext: omni.kit.property.transform-1.5.13] startup
[4.422s] [ext: isaacsim.gui.property-1.1.3] startup
[4.424s] [ext: omni.kit.manipulator.camera-106.0.4] startup
[4.426s] [ext: omni.kit.manipulator.prim-107.0.0] startup
[4.427s] [ext: omni.isaac.surface_gripper-2.0.6] startup
2026-07-13T13:11:20Z [4,417ms] [Warning] [omni.isaac.surface_gripper] omni.isaac.surface_gripper has been deprecated in favor of isaacsim.robot.surface_gripper. Please update your code accordingly.
[4.427s] [ext: omni.kit.manipulator.selection-106.0.1] startup
[4.429s] [ext: omni.kit.property.bundle-1.4.1] startup
[4.431s] [ext: omni.kit.property.isaac-1.0.6] startup
2026-07-13T13:11:20Z [4,421ms] [Warning] [omni.kit.property.isaac] omni.kit.property.isaac has been deprecated in favor of isaacsim.gui.property. Please update your code accordingly.
2026-07-13T13:11:20Z [4,421ms] [Warning] [omni.kit.property.isaac.widgets] omni.kit.property.isaac.widgets has been deprecated in favor of isaacsim.gui.property.widgets. Please update your code accordingly.
[4.431s] [ext: omni.isaac.universal_robots-1.0.6] startup
2026-07-13T13:11:20Z [4,422ms] [Warning] [omni.isaac.universal_robots] omni.isaac.universal_robots has been deprecated in favor of isaacsim.robot.manipulators.examples.universal_robots. Please update your code accordingly.
2026-07-13T13:11:20Z [4,422ms] [Warning] [omni.isaac.universal_robots.kinematics_solver] omni.isaac.franka has been deprecated in favor of isaacsim.robot.manipulators.examples.universal_robots. Please update your code accordingly.
2026-07-13T13:11:20Z [4,423ms] [Warning] [omni.isaac.universal_robots.ur10] omni.isaac.franka has been deprecated in favor of isaacsim.robot.manipulators.examples.universal_robots. Please update your code accordingly.
[4.433s] [ext: omni.isaac.core_nodes-2.0.6] startup
2026-07-13T13:11:20Z [4,425ms] [Warning] [omni.isaac.core_nodes] omni.isaac.core_nodes has been deprecated in favor of isaacsim.core.nodes. Please update your code accordingly.
[4.435s] [ext: omni.kit.viewport.menubar.camera-107.0.6] startup
[4.440s] [ext: omni.kit.viewport.menubar.lighting-107.3.1] startup
[4.442s] [ext: isaacsim.replicator.writers-1.0.17] startup
[4.452s] [ext: omni.kit.viewport.menubar.render-107.0.10] startup
[4.455s] [ext: omni.kit.viewport.menubar.settings-107.0.3] startup
[4.460s] [ext: omni.kit.window.console-1.1.4] startup
[4.465s] [ext: isaacsim.replicator.domain_randomization-1.0.16] startup
[4.467s] [ext: isaacsim.replicator.examples-1.3.6] startup
[4.469s] [ext: omni.ocio-0.1.1] startup
[4.471s] [ext: omni.rtx.window.settings-0.6.19] startup
[4.478s] [ext: omni.kit.window.status_bar-0.1.9] startup
[4.486s] [ext: omni.kit.window.toolbar-2.0.0] startup
[4.489s] [ext: omni.replicator.isaac-2.0.8] startup
2026-07-13T13:11:21Z [4,479ms] [Warning] [omni.replicator.isaac] omni.replicator.isaac has been deprecated in favor of isaacsim.replicator.domain_randomization, isaacsim.replicator.examples, isaacsim.replicator.writers. Please update your code accordingly.
[4.489s] [ext: omni.replicator.replicator_yaml-2.0.11] startup
[4.502s] [ext: omni.rtx.settings.core-0.6.5] startup
[4.506s] [ext: omni.usd.metrics.assembler.ui-107.3.1] startup
[4.514s] [ext: omni.isaac.utils-2.0.6] startup
[4.515s] [ext: semantics.schema.editor-2.0.2] startup
[4.518s] [ext: omni.kit.ui.actions-1.0.5] startup
[4.520s] [ext: semantics.schema.property-2.0.1] startup
[4.521s] [ext: omni.isaac.version-2.0.7] startup
2026-07-13T13:11:21Z [4,512ms] [Warning] [omni.isaac.version] omni.isaac.version has been deprecated in favor of isaacsim.core.version. Please update your code accordingly.
[4.522s] [ext: omni.isaac.cortex-1.0.5] startup
[4.523s] [ext: omni.anim.curve.core-1.3.1] startup
[4.529s] [ext: isaacsim.core.throttling-2.2.2] startup
[4.531s] [ext: omni.kit.menu.common-2.0.1] startup
[4.532s] [ext: isaacsim.exp.base-5.1.0] startup
[4.533s] [ext: isaacsim.exp.base.python-5.1.0] startup
[4.534s] Simulation App Starting
2026-07-13T13:11:21Z [4,596ms] [Warning] [omni.fabric.plugin] Warning: attribute viewportHandle not found for bucket id 9

2026-07-13T13:11:21Z [4,626ms] [Warning] [usdrt.population.plugin] [UsdNoticeHandler] Unhandled attribute type VtArray<std::string> (prim attribute: omni:rtx:material:db:flattener:reflection_roughness_constant)
2026-07-13T13:11:21Z [4,626ms] [Warning] [usdrt.population.plugin] [UsdNoticeHandler] Unhandled attribute type VtArray<std::string> (prim attribute: omni:rtx:material:db:flattener:transmittance_color)
2026-07-13T13:11:21Z [4,626ms] [Warning] [usdrt.population.plugin] [UsdNoticeHandler] Unhandled attribute type VtArray<std::string> (prim attribute: omni:rtx:material:db:flattener:ior_constant)
[4.642s] app ready
[6.343s] Simulation App Startup Complete
[6.410s] [ext: omni.debugdraw-0.1.4] startup
[6.419s] [ext: omni.physx.commands-107.3.26] startup
[6.422s] [ext: omni.kit.widget.layers-1.8.6] startup
[6.453s] [ext: omni.kit.widget.text_editor-1.1.1] startup
[6.455s] [ext: omni.usdphysics.ui-107.3.26] startup
[6.594s] [ext: omni.physx.ui-107.3.26] startup
[6.701s] [ext: omni.physx.demos-107.3.26] startup
[6.737s] [ext: omni.physx.cct-107.3.26] startup
[6.773s] [ext: omni.kit.property.physx-107.3.26] startup
[6.791s] [ext: omni.physx.graph-107.3.26] startup
[6.807s] [ext: omni.asset_validator.core-1.1.6] startup
[6.837s] [ext: omni.physx.vehicle-107.3.26] startup
[6.940s] [ext: omni.physx.asset_validator-107.3.26] startup
[6.944s] [ext: omni.physx.camera-107.3.26] startup
[6.951s] [ext: omni.physx.telemetry-107.3.26] startup
[6.952s] [ext: omni.physx.supportui-107.3.26] startup
[6.983s] [ext: omni.physx.bundle-107.3.26] startup
2026-07-13T13:11:25Z [9,156ms] [Warning] [isaacsim.sensors.camera.camera] 'verticalAperture' (1.5290800094604493) and 'horizontalAperture' (2.0954999923706055) are inconsistent with the pixel resolution aspect ratio (1.0). Setting 'verticalAperture' to 2.0954999923706055 to ensure square pixels.
2026-07-13T13:11:25Z [9,342ms] [Warning] [isaacsim.sensors.camera.camera] 'verticalAperture' (1.5290800094604493) and 'horizontalAperture' (2.0954999923706055) are inconsistent with the pixel resolution aspect ratio (1.0). Setting 'verticalAperture' to 2.0954999923706055 to ensure square pixels.
2026-07-13T13:11:25Z [9,345ms] [Warning] [isaacsim.sensors.camera.camera] 'verticalAperture' (1.5290800094604493) and 'horizontalAperture' (2.0954999923706055) are inconsistent with the pixel resolution aspect ratio (1.0). Setting 'verticalAperture' to 2.0954999923706055 to ensure square pixels.
2026-07-13T13:11:35Z [18,579ms] [Warning] [omni.physicsschema.plugin] ScaleOrientation is not supported for rigid bodies, prim path: /World/DryingBox_02/handle/mesh. You may ignore this if the scale is close to uniform.
2026-07-13T13:11:35Z [18,654ms] [Warning] [omni.physx.plugin] Damping attribute is unsupported for articulation joints and will be ignored (/World/DryingBox_03/RevoluteJoint).
2026-07-13T13:11:35Z [18,654ms] [Warning] [omni.physx.plugin] Restitution attribute is unsupported for articulation joints and will be ignored (/World/DryingBox_03/RevoluteJoint).
2026-07-13T13:11:35Z [18,885ms] [Warning] [omni.fabric.plugin] USD->Fabric: Unhandled array type string[]
2026-07-13T13:11:35Z [18,889ms] [Warning] [carb.windowing-glfw.plugin] GLFW initialization failed.
2026-07-13T13:11:35Z [18,889ms] [Warning] [carb] Failed to startup plugin carb.windowing-glfw.plugin (interfaces: [carb::windowing::IGLContext v1.0],[carb::windowing::IWindowing v1.5]) (impl: carb.windowing-glfw.plugin)
2026-07-13T13:11:35Z [18,911ms] [Warning] [usdrt.population.plugin] [UsdNoticeHandler] Unhandled attribute type VtArray<std::string> (prim attribute: omni:rtx:material:db:flattener:ior_constant)
2026-07-13T13:11:35Z [18,912ms] [Warning] [usdrt.population.plugin] [UsdNoticeHandler] Unhandled attribute type VtArray<std::string> (prim attribute: omni:rtx:material:db:flattener:transmittance_color)
2026-07-13T13:11:35Z [18,912ms] [Warning] [usdrt.population.plugin] [UsdNoticeHandler] Unhandled attribute type VtArray<std::string> (prim attribute: omni:rtx:material:db:flattener:transmittance_color)
2026-07-13T13:11:35Z [18,912ms] [Warning] [usdrt.population.plugin] [UsdNoticeHandler] Unhandled attribute type VtArray<std::string> (prim attribute: omni:rtx:material:db:flattener:ior_constant)
2026-07-13T13:11:35Z [18,912ms] [Warning] [usdrt.population.plugin] [UsdNoticeHandler] Unhandled attribute type VtArray<std::string> (prim attribute: omni:rtx:material:db:flattener:reflection_roughness_constant)
2026-07-13T13:11:35Z [18,912ms] [Warning] [usdrt.population.plugin] [UsdNoticeHandler] Unhandled attribute type VtArray<std::string> (prim attribute: omni:rtx:material:db:flattener:reflection_roughness_constant)
2026-07-13T13:11:35Z [18,912ms] [Warning] [usdrt.population.plugin] [UsdNoticeHandler] Unhandled attribute type VtArray<std::string> (prim attribute: omni:rtx:material:db:flattener:transmittance_color)
2026-07-13T13:11:35Z [18,912ms] [Warning] [usdrt.population.plugin] [UsdNoticeHandler] Unhandled attribute type VtArray<std::string> (prim attribute: omni:rtx:material:db:flattener:reflection_roughness_constant)
2026-07-13T13:11:35Z [18,912ms] [Warning] [usdrt.population.plugin] [UsdNoticeHandler] Unhandled attribute type VtArray<std::string> (prim attribute: omni:rtx:material:db:flattener:ior_constant)
2026-07-13T13:11:35Z [18,952ms] [Warning] [rtx.postprocessing.plugin] DLSS increasing input dimensions: Render resolution of (128, 128) is below minimal input resolution of 300.
2026-07-13T13:11:35Z [19,084ms] [Warning] [omni.physicsschema.plugin] ScaleOrientation is not supported for rigid bodies, prim path: /World/DryingBox_02/handle/mesh. You may ignore this if the scale is close to uniform.
2026-07-13T13:11:35Z [19,150ms] [Warning] [omni.physx.plugin] Damping attribute is unsupported for articulation joints and will be ignored (/World/DryingBox_03/RevoluteJoint).
2026-07-13T13:11:35Z [19,150ms] [Warning] [omni.physx.plugin] Restitution attribute is unsupported for articulation joints and will be ignored (/World/DryingBox_03/RevoluteJoint).
2026-07-13T13:11:35Z [19,189ms] [Warning] [omni.syntheticdata.plugin] OgnSdPostRenderVarToHost : rendervar copy from texture directly to host buffer is counter-performant. Please use copy from texture to device buffer first.
2026-07-13T13:11:36Z [19,583ms] [Warning] [usdrt.population.plugin] [UsdNoticeHandler] Unhandled attribute type VtArray<std::string> (prim attribute: omni:rtx:material:db:flattener:transmittance_color)
2026-07-13T13:11:36Z [19,583ms] [Warning] [usdrt.population.plugin] [UsdNoticeHandler] Unhandled attribute type VtArray<std::string> (prim attribute: omni:rtx:material:db:flattener:ior_constant)
2026-07-13T13:11:36Z [19,583ms] [Warning] [usdrt.population.plugin] [UsdNoticeHandler] Unhandled attribute type VtArray<std::string> (prim attribute: omni:rtx:material:db:flattener:reflection_roughness_constant)
2026-07-13T13:11:36Z [19,939ms] [Warning] [carb] Client gpu.foundation.plugin has acquired [gpu::unstable::IMemoryBudgetManagerFactory v0.1] 100 times. Consider accessing this interface with carb::getCachedInterface() (Performance warning)
2026-07-13T13:11:36Z [20,009ms] [Warning] [carb.windowing-glfw.plugin] GLFW initialization failed.
2026-07-13T13:11:36Z [20,009ms] [Warning] [carb] Failed to startup plugin carb.windowing-glfw.plugin (interfaces: [carb::windowing::IGLContext v1.0],[carb::windowing::IWindowing v1.5]) (impl: carb.windowing-glfw.plugin)
[21.170s] Simulation App Shutting Down
