[Warning] [simulation_app.simulation_app] DISPLAY environment variable is not set, running in headless mode with --no-window flag. Set DISPLAY environment variable if you want to run in non-headless mode.
[Info] [carb] Logging to file: /home/jingxiang/workspace/agenticsim-runtime/.venv/lib/python3.11/site-packages/isaacsim/kit/logs/Kit/Isaac-Sim Python/5.1/kit_20260713_205814.log
2026-07-13T12:58:14Z [0ms] [Warning] [carb.crashreporter-breakpad.plugin] [previous crash] preventing upload of minidump due to user opt-out: '/home/jingxiang/workspace/agenticsim-runtime/.venv/lib/python3.11/site-packages/isaacsim/kit/data/Kit/Isaac-Sim Python/5.1/cc42f149-c97a-484f-4e970ebc-3249862a.dmp'
[0.031s] [ext: omni.kit.async_engine-0.0.3] startup
[0.102s] [ext: omni.metrics.core-0.0.3] startup
[0.102s] [ext: omni.client.lib-1.1.0] startup
[0.110s] [ext: omni.blobkey-1.1.2] startup
[0.110s] [ext: omni.stats-1.0.1] startup
[0.111s] [ext: omni.datastore-0.0.0] startup
[0.115s] [ext: omni.client-1.3.0] startup
[0.118s] [ext: omni.ujitso.default-1.0.0] startup
[0.120s] [ext: omni.hsscclient-1.1.2] startup
[0.122s] [ext: omni.gpu_foundation.shadercache.vulkan-1.0.0] startup
[0.124s] [ext: omni.assets.plugins-0.0.0] startup
[0.126s] [ext: omni.gpu_foundation-0.0.0] startup
[0.131s] [ext: carb.windowing.plugins-1.0.0] startup
2026-07-13T12:58:14Z [122ms] [Warning] [carb.windowing-glfw.plugin] GLFW initialization failed.
2026-07-13T12:58:14Z [122ms] [Warning] [carb] Failed to startup plugin carb.windowing-glfw.plugin (interfaces: [carb::windowing::IGLContext v1.0],[carb::windowing::IWindowing v1.5]) (impl: carb.windowing-glfw.plugin)
[0.132s] [ext: omni.kit.renderer.init-0.0.0] startup
2026-07-13T12:58:14Z [132ms] [Warning] [omni.platforminfo.plugin] failed to open the default display.  Can't verify X Server version.
2026-07-13T12:58:15Z [436ms] [Warning] [gpu.foundation.plugin] Skipping unsupported non-NVIDIA GPU: AMD Ryzen 7 7800X3D 8-Core Processor (RADV RAPHAEL_MENDOCINO)
2026-07-13T12:58:15Z [436ms] [Warning] [gpu.foundation.plugin] Skipping unsupported non-NVIDIA GPU: AMD Ryzen 7 7800X3D 8-Core Processor (RADV RAPHAEL_MENDOCINO)

|---------------------------------------------------------------------------------------------|
| Driver Version: 580.159.03    | Graphics API: Vulkan
|=============================================================================================|
| GPU | Name                             | Active | LDA | GPU Memory | Vendor-ID | LUID       |
|     |                                  |        |     |            | Device-ID | UUID       |
|     |                                  |        |     |            | Bus-ID    |            |
|---------------------------------------------------------------------------------------------|
| 0   | NVIDIA GeForce RTX 5090          | Yes: 0 |     | 32607   MB | 10de      | 0          |
|     |                                  |        |     |            | 2b85      | f854badd.. |
|     |                                  |        |     |            | 1         |            |
|---------------------------------------------------------------------------------------------|
| 1   | AMD Ryzen 7 7800X3D 8-Core Pro.. |        |     | 21476   MB | 1002      | 0          |
|     |                                  |        |     |            | 164e      | 00000000.. |
|     |                                  |        |     |            | 12        |            |
|=============================================================================================|
| OS: 24.04.4 LTS (Noble Numbat) ubuntu, Version: 24.04.4, Kernel: 6.17.0-35-generic
| Processor: AMD Ryzen 7 7800X3D 8-Core Processor
| Cores: 8 | Logical Cores: 16
|---------------------------------------------------------------------------------------------|
| Total Memory (MB): 63405 | Free Memory: 59506
| Total Page/Swap (MB): 62499 | Free Page/Swap: 62499
|---------------------------------------------------------------------------------------------|
2026-07-13T12:58:15Z [704ms] [Warning] [gpu.foundation.plugin] IOMMU is enabled.
2026-07-13T12:58:15Z [704ms] [Warning] [gpu.foundation.plugin] Detected IOMMU is enabled. Running CUDA peer-to-peer bandwidth and latency validation.
Unidirectional P2P=Enabled Bandwidth (P2P Writes) Matrix (GB/s)
   D\D     0 
     0 1519.94 
P2P=Enabled Latency (P2P Writes) Matrix (us)
   GPU     0 
     0   2.07 

   CPU     0 
     0   1.67 
[0.833s] [ext: omni.materialx.libs-1.0.7] startup
[0.838s] [ext: omni.kit.telemetry-0.5.2] startup
[0.857s] [ext: omni.usd.config-1.0.6] startup
[0.860s] [ext: omni.gpucompute.plugins-0.0.0] startup
[0.861s] [ext: omni.usd.libs-1.0.1] startup
[0.918s] [ext: omni.kit.loop-isaac-1.3.7] startup
[0.918s] [ext: omni.kit.test-2.0.1] startup
[0.950s] [ext: omni.mdl-56.0.3] startup
[1.009s] [ext: omni.iray.libs-0.0.0] startup
[1.014s] [ext: omni.mdl.neuraylib-0.2.12] startup
[1.015s] [ext: omni.kit.usd.mdl-1.1.5] startup
[1.076s] [ext: omni.kit.pipapi-0.0.0] startup
[1.077s] [ext: omni.appwindow-1.1.10] startup
2026-07-13T12:58:15Z [1,067ms] [Warning] [carb.windowing-glfw.plugin] GLFW initialization failed.
2026-07-13T12:58:15Z [1,067ms] [Warning] [carb] Failed to startup plugin carb.windowing-glfw.plugin (interfaces: [carb::windowing::IGLContext v1.0],[carb::windowing::IWindowing v1.5]) (impl: carb.windowing-glfw.plugin)
[1.079s] [ext: omni.kit.renderer.core-1.1.0] startup
2026-07-13T12:58:15Z [1,079ms] [Warning] [carb.windowing-glfw.plugin] GLFW initialization failed.
2026-07-13T12:58:15Z [1,079ms] [Warning] [carb] Failed to startup plugin carb.windowing-glfw.plugin (interfaces: [carb::windowing::IGLContext v1.0],[carb::windowing::IWindowing v1.5]) (impl: carb.windowing-glfw.plugin)
2026-07-13T12:58:15Z [1,085ms] [Warning] [carb.windowing-glfw.plugin] GLFW initialization failed.
2026-07-13T12:58:15Z [1,085ms] [Warning] [carb] Failed to startup plugin carb.windowing-glfw.plugin (interfaces: [carb::windowing::IGLContext v1.0],[carb::windowing::IWindowing v1.5]) (impl: carb.windowing-glfw.plugin)
[1.096s] [ext: omni.kit.renderer.capture-0.0.0] startup
[1.098s] [ext: omni.kit.renderer.imgui-2.0.5] startup
2026-07-13T12:58:15Z [1,091ms] [Warning] [carb.windowing-glfw.plugin] GLFW initialization failed.
2026-07-13T12:58:15Z [1,091ms] [Warning] [carb] Failed to startup plugin carb.windowing-glfw.plugin (interfaces: [carb::windowing::IGLContext v1.0],[carb::windowing::IWindowing v1.5]) (impl: carb.windowing-glfw.plugin)
2026-07-13T12:58:15Z [1,091ms] [Warning] [carb.windowing-glfw.plugin] GLFW initialization failed.
2026-07-13T12:58:15Z [1,091ms] [Warning] [carb] Failed to startup plugin carb.windowing-glfw.plugin (interfaces: [carb::windowing::IGLContext v1.0],[carb::windowing::IWindowing v1.5]) (impl: carb.windowing-glfw.plugin)
2026-07-13T12:58:15Z [1,092ms] [Warning] [carb.windowing-glfw.plugin] GLFW initialization failed.
2026-07-13T12:58:15Z [1,092ms] [Warning] [carb] Failed to startup plugin carb.windowing-glfw.plugin (interfaces: [carb::windowing::IGLContext v1.0],[carb::windowing::IWindowing v1.5]) (impl: carb.windowing-glfw.plugin)
[1.144s] [ext: omni.ui-2.27.1] startup
[1.150s] [ext: omni.kit.mainwindow-1.0.3] startup
[1.151s] [ext: carb.audio-0.1.0] startup
[1.155s] [ext: omni.uiaudio-1.0.0] startup
[1.156s] [ext: omni.kit.uiapp-0.0.0] startup
[1.156s] [ext: omni.usd.schema.metrics.assembler-107.3.1] startup
[1.158s] [ext: omni.usd.schema.physx-107.3.26] startup
[1.177s] [ext: omni.usd.schema.geospatial-0.0.0] startup
[1.178s] [ext: omni.usd.schema.audio-0.0.0] startup
[1.180s] [ext: omni.usd.schema.anim-0.0.0] startup
[1.191s] [ext: omni.usd.schema.flow-107.1.1] startup
[1.192s] [ext: omni.usd_resolver-1.0.0] startup
[1.194s] [ext: omni.usd.core-1.5.3] startup
[1.196s] [ext: omni.usd.schema.omni_sensors-0.0.0] startup
[1.205s] [ext: omni.usd.schema.semantics-0.0.0] startup
[1.206s] [ext: omni.usd.schema.omniscripting-1.0.0] startup
[1.209s] [ext: omni.usd.schema.omni_lens_distortion-0.0.0] startup
[1.209s] [ext: omni.usd.schema.omnigraph-1.0.0] startup
[1.212s] [ext: omni.kit.window.popup_dialog-2.0.24] startup
[1.214s] [ext: omni.graph.exec-0.9.6] startup
[1.215s] [ext: omni.kit.widget.nucleus_connector-2.0.1] startup
[1.216s] [ext: omni.kit.usd_undo-0.1.8] startup
[1.216s] [ext: omni.kit.exec.core-0.13.4] startup
[1.217s] [ext: omni.kit.actions.core-1.0.0] startup
[1.219s] [ext: omni.resourcemonitor-107.0.1] startup
[1.220s] [ext: omni.activity.core-1.0.3] startup
[1.221s] [ext: omni.timeline-1.0.14] startup
[1.223s] [ext: omni.kit.commands-1.4.10] startup
[1.225s] [ext: usdrt.scenegraph-7.6.1] startup
[1.248s] [ext: omni.kit.audiodeviceenum-1.0.2] startup
[1.249s] [ext: omni.hydra.usdrt_delegate-7.5.1] startup
[1.253s] [ext: omni.hydra.scene_delegate-0.3.4] startup
[1.256s] [ext: omni.usd-1.13.10] startup
[1.272s] [ext: omni.inspect-1.0.2] startup
[1.273s] [ext: omni.kit.notification_manager-1.0.10] startup
[1.274s] [ext: omni.graph.core-2.184.5] startup
[1.276s] [ext: isaacsim.core.deprecation_manager-0.2.7] startup
[1.277s] [ext: omni.anim.graph.schema-107.3.3] startup
[1.280s] [ext: omni.usd.schema.isaac-3.0.5] startup
[1.280s] [ext: omni.anim.navigation.schema-107.3.3] startup
[1.282s] [ext: omni.kit.asset_converter-5.0.17] startup
[1.290s] [ext: isaacsim.robot.schema-3.6.0] startup
[1.294s] [ext: omni.usd.schema.render_settings.rtx-0.0.0] startup
[1.295s] [ext: omni.kit.menu.core-1.1.2] startup
[1.295s] [ext: omni.kit.widget.path_field-2.0.11] startup
[1.296s] [ext: omni.kit.widget.context_menu-1.2.5] startup
[1.296s] [ext: omni.kit.widget.browser_bar-2.0.10] startup
[1.297s] [ext: omni.kit.clipboard-1.0.5] startup
[1.297s] [ext: omni.kit.numpy.common-0.1.3] startup
[1.298s] [ext: omni.kit.widget.options_menu-1.1.6] startup
[1.300s] [ext: omni.kit.helper.file_utils-0.1.9] startup
[1.301s] [ext: omni.ui.scene-1.11.5] startup
[1.303s] [ext: omni.kit.widget.options_button-1.0.3] startup
[1.304s] [ext: omni.kit.widget.filebrowser-2.12.3] startup
[1.306s] [ext: omni.kit.usd.layers-2.2.11] startup
[1.311s] [ext: omni.kit.window.filepicker-2.13.4] startup
[1.319s] [ext: omni.kit.hotkeys.core-1.3.10] startup
[1.321s] [ext: omni.kit.context_menu-1.8.6] startup
[1.322s] [ext: omni.kit.property.adapter.core-1.0.2] startup
[1.323s] [ext: omni.kit.window.file_exporter-1.0.33] startup
[1.324s] [ext: omni.kit.widget.searchfield-1.1.8] startup
[1.325s] [ext: omni.kit.widget.filter-1.1.4] startup
[1.326s] [ext: omni.kit.widget.graph-2.0.0] startup
[1.329s] [ext: omni.kit.widget.stage-3.1.4] startup
[1.334s] [ext: omni.kit.property.adapter.usd-1.0.2] startup
[1.335s] [ext: omni.kit.property.adapter.fabric-1.0.3] startup
[1.336s] [ext: omni.kit.graph.delegate.default-1.2.3] startup
[1.336s] [ext: omni.kit.window.file_importer-1.1.18] startup
[1.336s] [ext: omni.kit.stage_template.core-1.1.22] startup
[1.337s] [ext: omni.kit.menu.utils-2.0.5] startup
[1.340s] [ext: omni.kit.window.file-2.0.5] startup
[1.341s] [ext: omni.kit.widget.highlight_label-1.0.3] startup
[1.341s] [ext: omni.kit.window.drop_support-1.0.5] startup
[1.342s] [ext: omni.kit.window.content_browser_registry-0.0.6] startup
[1.342s] [ext: omni.kit.window.property-1.12.1] startup
[1.343s] [ext: omni.kit.window.content_browser-3.1.3] startup
[1.350s] [ext: isaacsim.core.version-2.0.6] startup
[1.350s] [ext: omni.kit.property.usd-4.5.12] startup
[1.356s] [ext: omni.kit.graph.editor.core-1.5.3] startup
[1.357s] [ext: omni.kit.material.library-2.0.7] startup
[1.360s] [ext: omni.kit.graph.usd.commands-1.3.1] startup
[1.360s] [ext: omni.kvdb-107.3.26] startup
[1.361s] [ext: omni.usdphysics-107.3.26] startup
[1.362s] [ext: omni.physx.foundation-107.3.26] startup
[1.363s] [ext: omni.localcache-107.3.26] startup
[1.364s] [ext: omni.convexdecomposition-107.3.26] startup
[1.366s] [ext: omni.physics-107.3.26] startup
[1.368s] [ext: omni.physx.cooking-107.3.26] startup
[1.370s] [ext: omni.physics.stageupdate-107.3.26] startup
[1.371s] [ext: omni.physx-107.3.26] startup
[1.377s] [ext: omni.index.libs-380600.8087.0] startup
[1.377s] [ext: omni.physics.physx-107.3.26] startup
2026-07-13T12:58:16Z [1,367ms] [Warning] [carb] Acquiring non optional plugin interface which is not listed as dependency: [omni::physx::IPhysxBenchmarks v1.0] (plugin: <default plugin>), by client: omni.physics.physx.plugin. Add it to CARB_PLUGIN_IMPL_DEPS() macro of a client.
[1.378s] [ext: omni.index-1.0.1] startup
[1.378s] [ext: omni.volume-0.5.2] startup
[1.380s] [ext: omni.ujitso.client-0.0.0] startup
[1.380s] [ext: omni.hydra.rtx.shadercache.vulkan-1.0.0] startup
[1.381s] [ext: omni.kit.widget.searchable_combobox-1.0.6] startup
[1.382s] [ext: omni.hydra.rtx-1.0.0] startup
2026-07-13T12:58:16Z [1,383ms] [Warning] [omni.log] Source: omni.hydra was already registered.
[1.407s] [ext: omni.kit.widget.settings-1.2.6] startup
[1.408s] [ext: omni.kit.hydra_texture-1.4.6] startup
[1.410s] [ext: omni.graph.tools-1.79.2] startup
[1.423s] [ext: omni.kit.window.preferences-1.8.0] startup
[1.426s] [ext: omni.kit.widget.material_preview-1.0.16] startup
[1.427s] [ext: omni.graph-1.141.2] startup
[1.452s] [ext: omni.kit.window.material_graph-1.9.1] startup
[1.457s] [ext: omni.isaac.dynamic_control-2.0.7] startup
2026-07-13T12:58:16Z [1,449ms] [Warning] [omni.isaac.dynamic_control] omni.isaac.dynamic_control is deprecated as of Isaac Sim 4.5. No action is needed from end-users.
[1.460s] [ext: isaacsim.storage.native-1.5.1] startup
[1.462s] [ext: omni.graph.scriptnode-1.50.0] startup
[1.463s] [ext: omni.hydra.engine.stats-1.0.3] startup
[1.466s] [ext: omni.kit.viewport.legacy_gizmos-1.0.19] startup
[1.468s] [ext: omni.kit.raycast.query-1.1.0] startup
[1.472s] [ext: omni.graph.action_core-1.1.7] startup
[1.473s] [ext: omni.kit.viewport.scene_camera_model-1.0.6] startup
[1.477s] [ext: omni.graph.image.core-0.6.1] startup
[1.478s] [ext: omni.kit.widget.viewport-107.1.3] startup
[1.482s] [ext: omni.kit.viewport.registry-104.0.6] startup
[1.483s] [ext: omni.usd.metrics.assembler-107.3.1] startup
[1.485s] [ext: omni.kit.viewport.window-107.2.0] startup
[1.497s] [ext: omni.kit.viewport.menubar.core-107.2.1] startup
[1.505s] [ext: omni.graph.image.nodes-1.3.1] startup
[1.506s] [ext: omni.usd.metrics.assembler.physics-107.3.26] startup
[1.507s] [ext: omni.warp.core-1.8.2] startup
[1.627s] [ext: omni.kit.viewport.utility-1.1.2] startup
[1.628s] [ext: omni.physics.tensors-107.3.26] startup
[1.632s] [ext: omni.syntheticdata-0.6.13] startup
[1.647s] [ext: isaacsim.test.docstring-1.1.0] startup
[1.651s] [ext: isaacsim.core.utils-3.5.1] startup
[1.654s] [ext: omni.physx.tensors-107.3.26] startup
[1.659s] [ext: omni.graph.nodes-1.170.10] startup
[1.667s] [ext: omni.graph.action_nodes-1.50.4] startup
[1.670s] [ext: omni.kit.primitive.mesh-1.0.17] startup
[1.675s] [ext: isaacsim.core.simulation_manager-1.4.4] startup
[2.617s] [ext: omni.graph.ui_nodes-1.50.5] startup
[2.620s] [ext: omni.graph.action-1.130.0] startup
[2.621s] [ext: omni.kit.stage_templates-2.0.0] startup
[2.624s] [ext: isaacsim.core.prims-0.6.1] startup
[2.643s] [ext: omni.warp-1.8.2] startup
[2.649s] [ext: omni.videoencoding-0.1.2] startup
[2.651s] [ext: isaacsim.core.api-4.8.0] startup
[2.670s] [ext: isaacsim.core.experimental.utils-0.3.0] startup
[2.682s] [ext: omni.replicator.core-1.12.27] startup
2026-07-13T12:58:17Z [2,690ms] [Warning] [pxr.Semantics] pxr.Semantics is deprecated - please use Semantics instead
2026-07-13T12:58:17Z [2,775ms] [Warning] [omni.graph.core.plugin] Found duplicate of category 'Replicator' - was 'Annotators', adding 'Fabric Reader'
2026-07-13T12:58:17Z [2,775ms] [Warning] [omni.graph.core.plugin] Category 'Replicator' not accepted on node type 'omni.replicator.core.FabricReader' in extension 'omni.replicator.core'
2026-07-13T12:58:17Z [2,775ms] [Warning] [omni.replicator.core.scripts.extension] No material configuration file, adding configuration to material settings directly.
[2.788s] [ext: isaacsim.core.experimental.prims-0.8.1] startup
[2.820s] [ext: omni.kit.window.extensions-1.4.27] startup
[2.829s] [ext: isaacsim.core.experimental.objects-0.4.0] startup
[2.840s] [ext: omni.ui_query-1.1.8] startup
[2.842s] [ext: omni.kit.manipulator.viewport-107.0.1] startup
[2.845s] [ext: isaacsim.robot.surface_gripper-3.3.1] startup
[2.848s] [ext: omni.kit.ui_test-1.3.7] startup
[2.852s] [ext: omni.graph.visualization.nodes-2.1.3] startup
[2.874s] [ext: isaacsim.robot_motion.lula-4.0.8] startup
[2.882s] [ext: isaacsim.core.nodes-3.4.3] startup
[2.895s] [ext: isaacsim.gui.components-1.2.1] startup
[2.905s] [ext: isaacsim.robot_motion.motion_generation-8.0.26] startup
[2.922s] [ext: isaacsim.robot.manipulators-3.3.6] startup
[2.934s] [ext: isaacsim.core.experimental.materials-0.4.0] startup
[2.947s] [ext: isaacsim.robot.manipulators.examples-1.1.2] startup
[2.952s] [ext: isaacsim.cortex.framework-1.0.12] startup
[2.955s] [ext: isaacsim.cortex.behaviors-2.0.14] startup
[2.958s] [ext: omni.isaac.cortex.sample_behaviors-2.0.5] startup
2026-07-13T12:58:17Z [2,950ms] [Warning] [omni.isaac.cortex] omni.isaac.cortex has been deprecated in favor of isaacsim.cortex.framework. Please update your code accordingly.
2026-07-13T12:58:17Z [2,950ms] [Warning] [omni.isaac.cortex.sample_behaviors] omni.isaac.cortex.sample_behaviors has been deprecated in favor of isaacsim.cortex.behaviors. Please update your code accordingly.
[2.960s] [ext: omni.kit.widget.zoombar-1.0.6] startup
[2.963s] [ext: isaacsim.gui.content_browser-0.1.11] startup
[2.966s] [ext: omni.kit.browser.core-2.3.13] startup
[2.972s] [ext: omni.kit.widget.stage_icons-1.0.8] startup
[2.974s] [ext: omni.kit.widget.prompt-1.0.7] startup
[2.975s] [ext: omni.kit.usd.collect-2.4.5] startup
[2.978s] [ext: omni.kit.browser.folder.core-1.10.9] startup
[2.998s] [ext: omni.kit.window.stage-2.6.1] startup
[3.028s] [ext: omni.kit.usdz_export-1.0.9] startup
[3.041s] [ext: omni.kit.tool.collect-2.2.18] startup
[3.083s] [ext: omni.kit.menu.stage-1.2.7] startup
[3.087s] [ext: omni.kit.tool.asset_importer-4.3.2] startup
[3.160s] [ext: isaacsim.robot.wheeled_robots-4.0.24] startup
[3.231s] [ext: isaacsim.examples.browser-0.2.1] startup
[3.298s] [ext: isaacsim.asset.importer.urdf-2.4.30] startup
[3.358s] [ext: omni.isaac.wheeled_robots-3.0.7] startup
2026-07-13T12:58:18Z [3,349ms] [Warning] [omni.isaac.wheeled_robots] omni.isaac.wheeled_robots has been deprecated in favor of isaacsim.robot.wheeled_robots. Please update your code accordingly.
2026-07-13T12:58:18Z [3,350ms] [Warning] [omni.isaac.wheeled_robots.controllers] omni.isaac.wheeled_robots has been deprecated in favor of isaacsim.robot.wheeled_robots. Please update your code accordingly.
2026-07-13T12:58:18Z [3,350ms] [Warning] [omni.isaac.wheeled_robots.controllers.ackermann_controller] omni.isaac.wheeled_robots has been deprecated in favor of isaacsim.robot.wheeled_robots. Please update your code accordingly.
2026-07-13T12:58:18Z [3,350ms] [Warning] [omni.isaac.wheeled_robots.controllers.differential_controller] omni.isaac.wheeled_robots has been deprecated in favor of isaacsim.robot.wheeled_robots. Please update your code accordingly.
2026-07-13T12:58:18Z [3,350ms] [Warning] [omni.isaac.wheeled_robots.controllers.holonomic_controller] omni.isaac.wheeled_robots has been deprecated in favor of isaacsim.robot.wheeled_robots. Please update your code accordingly.
2026-07-13T12:58:18Z [3,350ms] [Warning] [omni.isaac.wheeled_robots.controllers.quintic_path_planner] omni.isaac.wheeled_robots has been deprecated in favor of isaacsim.robot.wheeled_robots. Please update your code accordingly.
2026-07-13T12:58:18Z [3,350ms] [Warning] [omni.isaac.wheeled_robots.controllers.stanley_control] omni.isaac.wheeled_robots has been deprecated in favor of isaacsim.robot.wheeled_robots. Please update your code accordingly.
2026-07-13T12:58:18Z [3,350ms] [Warning] [omni.isaac.wheeled_robots.controllers.wheel_base_pose_controller] omni.isaac.wheeled_robots has been deprecated in favor of isaacsim.robot.wheeled_robots. Please update your code accordingly.
2026-07-13T12:58:18Z [3,350ms] [Warning] [omni.isaac.wheeled_robots.impl] omni.isaac.wheeled_robots has been deprecated in favor of isaacsim.robot.wheeled_robots. Please update your code accordingly.
2026-07-13T12:58:18Z [3,350ms] [Warning] [omni.isaac.wheeled_robots.robots] omni.isaac.wheeled_robots has been deprecated in favor of isaacsim.robot.wheeled_robots. Please update your code accordingly.
2026-07-13T12:58:18Z [3,351ms] [Warning] [omni.isaac.wheeled_robots.robots.holonomic_robot_usd_setup] omni.isaac.wheeled_robots has been deprecated in favor of isaacsim.robot.wheeled_robots. Please update your code accordingly.
2026-07-13T12:58:18Z [3,352ms] [Warning] [omni.isaac.wheeled_robots.robots.wheeled_robot] omni.isaac.wheeled_robots has been deprecated in favor of isaacsim.robot.wheeled_robots. Please update your code accordingly.
[3.365s] [ext: isaacsim.simulation_app-2.12.2] startup
[3.367s] [ext: omni.isaac.franka-1.0.7] startup
2026-07-13T12:58:18Z [3,357ms] [Warning] [omni.isaac.franka] omni.isaac.franka has been deprecated in favor of isaacsim.robot.manipulators.examples.franka. Please update your code accordingly.
2026-07-13T12:58:18Z [3,357ms] [Warning] [omni.isaac.franka.franka] omni.isaac.franka has been deprecated in favor of isaacsim.robot.manipulators.examples.franka. Please update your code accordingly.
2026-07-13T12:58:18Z [3,371ms] [Warning] [omni.isaac.franka.kinematics_solver] omni.isaac.franka has been deprecated in favor of isaacsim.robot.manipulators.examples.franka. Please update your code accordingly.
[3.381s] [ext: omni.isaac.kit-2.0.6] startup
2026-07-13T12:58:18Z [3,373ms] [Warning] [omni.isaac.kit] omni.isaac.kit has been deprecated in favor of isaacsim.simulation_app. Please update your code accordingly.
[3.383s] [ext: omni.kit.selection-0.1.6] startup
[3.384s] [ext: omni.isaac.lula-4.0.6] startup
2026-07-13T12:58:18Z [3,374ms] [Warning] [omni.isaac.lula] omni.isaac.lula has been deprecated in favor of isaacsim.robot_motion.lula. Please update your code accordingly.
[3.385s] [ext: isaacsim.robot_motion.lula_test_widget-1.0.12] startup
[3.386s] [ext: isaacsim.asset.browser-1.3.23] startup
[3.419s] [ext: omni.kit.viewport.actions-107.0.2] startup
[3.422s] [ext: isaacsim.gui.menu-2.4.4] startup
[3.426s] [ext: omni.isaac.manipulators-3.0.7] startup
2026-07-13T12:58:18Z [3,417ms] [Warning] [omni.isaac.manipulators] omni.isaac.manipulators has been deprecated in favor of isaacsim.robot.manipulators. Please update your code accordingly.
2026-07-13T12:58:18Z [3,417ms] [Warning] [omni.isaac.manipulators.controllers] omni.isaac.manipulators has been deprecated in favor of isaacsim.robot.manipulators. Please update your code accordingly.
2026-07-13T12:58:18Z [3,417ms] [Warning] [omni.isaac.manipulators.controllers.pick_place_controller] omni.isaac.manipulators has been deprecated in favor of isaacsim.robot.manipulators. Please update your code accordingly.
2026-07-13T12:58:18Z [3,418ms] [Warning] [omni.isaac.manipulators.controllers.stacking_controller] omni.isaac.manipulators has been deprecated in favor of isaacsim.robot.manipulators. Please update your code accordingly.
2026-07-13T12:58:18Z [3,419ms] [Warning] [omni.isaac.manipulators.grippers] omni.isaac.manipulators has been deprecated in favor of isaacsim.robot.manipulators. Please update your code accordingly.
2026-07-13T12:58:18Z [3,419ms] [Warning] [omni.isaac.manipulators.grippers.gripper] omni.isaac.manipulators has been deprecated in favor of isaacsim.robot.manipulators. Please update your code accordingly.
2026-07-13T12:58:18Z [3,419ms] [Warning] [omni.isaac.manipulators.grippers.parallel_gripper] omni.isaac.manipulators has been deprecated in favor of isaacsim.robot.manipulators. Please update your code accordingly.
2026-07-13T12:58:18Z [3,419ms] [Warning] [omni.isaac.manipulators.grippers.surface_gripper] omni.isaac.manipulators has been deprecated in favor of isaacsim.robot.manipulators. Please update your code accordingly.
2026-07-13T12:58:18Z [3,419ms] [Warning] [omni.isaac.manipulators.manipulators] omni.isaac.manipulators has been deprecated in favor of isaacsim.robot.manipulators. Please update your code accordingly.
2026-07-13T12:58:18Z [3,419ms] [Warning] [omni.isaac.manipulators.manipulators.single_manipulator] omni.isaac.manipulators has been deprecated in favor of isaacsim.robot.manipulators. Please update your code accordingly.
[3.430s] [ext: omni.isaac.lula_test_widget-1.0.6] startup
2026-07-13T12:58:18Z [3,421ms] [Warning] [omni.isaac.lula_test_widget] omni.isaac.lula_test_widget has been deprecated in favor of isaacsim.robot_motion.lula_test_widget. Please update your code accordingly.
[3.431s] [ext: omni.isaac.asset_browser-1.0.6] startup
2026-07-13T12:58:18Z [3,423ms] [Warning] [omni.isaac.asset_browser] omni.isaac.asset_browser has been deprecated in favor of isaacsim.asset.browser. Please update your code accordingly.
[3.433s] [ext: omni.kit.viewport.menubar.display-107.0.3] startup
[3.438s] [ext: omni.isaac.menu-1.0.6] startup
2026-07-13T12:58:18Z [3,428ms] [Warning] [omni.isaac.menu] omni.isaac.menu has been deprecated in favor of isaacsim.gui.menu. Please update your code accordingly.
[3.439s] [ext: omni.isaac.motion_generation-8.0.7] startup
2026-07-13T12:58:18Z [3,430ms] [Warning] [omni.isaac.motion_generation] omni.isaac.motion_generation has been deprecated in favor of isaacsim.robot_motion.motion_generation. Please update your code accordingly.
2026-07-13T12:58:18Z [3,431ms] [Warning] [omni.isaac.motion_generation.articulation_kinematics_solver] omni.isaac.motion_generation has been deprecated in favor of isaacsim.robot_motion.motion_generation. Please update your code accordingly.
2026-07-13T12:58:18Z [3,431ms] [Warning] [omni.isaac.motion_generation.articulation_motion_policy] omni.isaac.motion_generation has been deprecated in favor of isaacsim.robot_motion.motion_generation. Please update your code accordingly.
2026-07-13T12:58:18Z [3,431ms] [Warning] [omni.isaac.motion_generation.articulation_trajectory] omni.isaac.motion_generation has been deprecated in favor of isaacsim.robot_motion.motion_generation. Please update your code accordingly.
2026-07-13T12:58:18Z [3,431ms] [Warning] [omni.isaac.motion_generation.kinematics_interface] omni.isaac.motion_generation has been deprecated in favor of isaacsim.robot_motion.motion_generation. Please update your code accordingly.
2026-07-13T12:58:18Z [3,431ms] [Warning] [omni.isaac.motion_generation.lula] omni.isaac.motion_generation has been deprecated in favor of isaacsim.robot_motion.motion_generation. Please update your code accordingly.
2026-07-13T12:58:18Z [3,431ms] [Warning] [omni.isaac.motion_generation.lula.kinematics] omni.isaac.motion_generation has been deprecated in favor of isaacsim.robot_motion.motion_generation. Please update your code accordingly.
2026-07-13T12:58:18Z [3,431ms] [Warning] [omni.isaac.motion_generation.lula.motion_policies] omni.isaac.motion_generation has been deprecated in favor of isaacsim.robot_motion.motion_generation. Please update your code accordingly.
2026-07-13T12:58:18Z [3,431ms] [Warning] [omni.isaac.motion_generation.lula.path_planners] omni.isaac.motion_generation has been deprecated in favor of isaacsim.robot_motion.motion_generation. Please update your code accordingly.
2026-07-13T12:58:18Z [3,431ms] [Warning] [omni.isaac.motion_generation.lula.trajectory_generator] omni.isaac.motion_generation has been deprecated in favor of isaacsim.robot_motion.motion_generation. Please update your code accordingly.
2026-07-13T12:58:18Z [3,431ms] [Warning] [omni.isaac.motion_generation.motion_policy_controller] omni.isaac.motion_generation has been deprecated in favor of isaacsim.robot_motion.motion_generation. Please update your code accordingly.
2026-07-13T12:58:18Z [3,431ms] [Warning] [omni.isaac.motion_generation.motion_policy_interface] omni.isaac.motion_generation has been deprecated in favor of isaacsim.robot_motion.motion_generation. Please update your code accordingly.
2026-07-13T12:58:18Z [3,431ms] [Warning] [omni.isaac.motion_generation.path_planner_visualizer] omni.isaac.motion_generation has been deprecated in favor of isaacsim.robot_motion.motion_generation. Please update your code accordingly.
2026-07-13T12:58:18Z [3,431ms] [Warning] [omni.isaac.motion_generation.path_planning_interface] omni.isaac.motion_generation has been deprecated in favor of isaacsim.robot_motion.motion_generation. Please update your code accordingly.
2026-07-13T12:58:18Z [3,432ms] [Warning] [omni.isaac.motion_generation.trajectory] omni.isaac.motion_generation has been deprecated in favor of isaacsim.robot_motion.motion_generation. Please update your code accordingly.
2026-07-13T12:58:18Z [3,432ms] [Warning] [omni.isaac.motion_generation.world_interface] omni.isaac.motion_generation has been deprecated in favor of isaacsim.robot_motion.motion_generation. Please update your code accordingly.
[3.442s] [ext: omni.isaac.assets_check-0.3.13] startup
2026-07-13T12:58:18Z [3,433ms] [Warning] [omni.isaac.assets_check] omni.isaac.assets_check has been deprecated in favor of isaacsim.asset.browser. Please update your code accordingly.
[3.444s] [ext: isaacsim.gui.sensors.icon-2.0.3] startup
[3.454s] [ext: isaacsim.asset.importer.mjcf-2.5.13] startup
[3.458s] [ext: omni.sensors.nv.common-3.0.0] startup
[3.466s] [ext: isaacsim.sensors.physics-0.4.3] startup
[3.470s] [ext: omni.sensors.net-1.0.0] startup
[3.472s] [ext: omni.isaac.nucleus-1.0.6] startup
2026-07-13T12:58:18Z [3,462ms] [Warning] [omni.isaac.nucleus] omni.isaac.nucleus has been deprecated in favor of isaacsim.storage.native. Please update your code accordingly.
2026-07-13T12:58:18Z [3,462ms] [Warning] [omni.isaac.nucleus.nucleus] omni.isaac.nucleus.nucleus has been deprecated in favor of isaacsim.storage.native. Please update your code accordingly.
[3.473s] [ext: omni.sensors.nv.materials-2.0.0] startup
[3.477s] [ext: isaacsim.robot.policy.examples-4.1.11] startup
[3.480s] [ext: omni.sensors.nv.wpm-3.0.0] startup
[3.483s] [ext: omni.sensors.nv.lidar-3.0.0] startup
[3.488s] [ext: isaacsim.util.debug_draw-3.1.0] startup
[3.490s] [ext: omni.sensors.nv.radar-3.0.0] startup
[3.493s] [ext: omni.sensors.nv.ids-2.0.0] startup
[3.495s] [ext: isaacsim.core.cloner-1.4.10] startup
[3.496s] [ext: isaacsim.sensors.physx-2.3.2] startup
[3.500s] [ext: isaacsim.sensors.rtx-15.8.4] startup
[3.507s] [ext: isaacsim.sensors.camera-1.3.6] startup
[3.512s] [ext: omni.isaac.quadruped-3.0.7] startup
2026-07-13T12:58:18Z [3,505ms] [Warning] [omni.isaac.quadruped] omni.isaac.quadruped has been deprecated in favor of isaacsim.robot.policy.examples. Please update your code accordingly.
[3.516s] [ext: omni.isaac.cloner-1.0.7] startup
2026-07-13T12:58:18Z [3,508ms] [Warning] [omni.isaac.cloner] omni.isaac.cloner has been deprecated in favor of isaacsim.core.cloner. Please update your code accordingly.
[3.519s] [ext: omni.isaac.range_sensor-4.0.6] startup
2026-07-13T12:58:18Z [3,510ms] [Warning] [omni.isaac.range_sensor] omni.isaac.range_sensor has been deprecated in favor of isaacsim.sensors.physx. Please update your code accordingly.
2026-07-13T12:58:18Z [3,512ms] [Warning] [omni.isaac.range_sensor.commands] omni.isaac.range_sensor.commands has been deprecated in favor of isaacsim.sensors.physx.commands. Please update your code accordingly.
[3.522s] [ext: omni.isaac.sensor-13.0.7] startup
2026-07-13T12:58:18Z [3,513ms] [Warning] [omni.isaac.sensor] omni.isaac.sensor has been deprecated in favor of isaacsim.sensors.camera, isaacsim.sensors.physics, isaacsim.sensors.physx, and isaacsim.sensors.rtx. Please update your code accordingly.
2026-07-13T12:58:18Z [3,514ms] [Warning] [omni.isaac.sensor.camera] omni.isaac.sensor.camera has been deprecated in favor of isaacsim.sensors.camera.camera. Please update your code accordingly.
2026-07-13T12:58:18Z [3,515ms] [Warning] [omni.isaac.sensor.camera_view] omni.isaac.sensor.camera_view has been deprecated in favor of isaacsim.sensors.camera.camera_view. Please update your code accordingly.
2026-07-13T12:58:18Z [3,515ms] [Warning] [omni.isaac.sensor.commands] omni.isaac.sensor.commands has been deprecated in favor of isaacsim.sensors.physics.commands, isaacsim.sensors.physx.commands, and isaacsim.sensors.rtx.commands. Please update your code accordingly.
2026-07-13T12:58:18Z [3,515ms] [Warning] [omni.isaac.sensor.contact_sensor] omni.isaac.sensor.contact_sensor has been deprecated in favor of isaacsim.sensors.physics.contact_sensor. Please update your code accordingly.
2026-07-13T12:58:18Z [3,515ms] [Warning] [omni.isaac.sensor.imu_sensor] omni.isaac.sensor.imu_sensor has been deprecated in favor of isaacsim.sensors.physics.imu_sensor. Please update your code accordingly.
2026-07-13T12:58:18Z [3,515ms] [Warning] [omni.isaac.sensor.lidar_rtx] omni.isaac.sensor.lidar_rtx has been deprecated in favor of isaacsim.sensors.rtx.lidar_rtx. Please update your code accordingly.
2026-07-13T12:58:18Z [3,515ms] [Warning] [omni.isaac.sensor.rotating_lidar_physX] omni.isaac.sensor.imu_sensor has been deprecated in favor of isaacsim.sensors.physix.rotating_lidar_physX. Please update your code accordingly.
2026-07-13T12:58:18Z [3,515ms] [Warning] [omni.isaac.sensor.scripts.samples.contact_sensor] omni.isaac.sensor.scripts.samples.contact_sensor has been deprecated in favor of isaacsim.sensors.physics.scripts.samples.contact_sensor. Please update your code accordingly.
2026-07-13T12:58:18Z [3,516ms] [Warning] [omni.isaac.sensor.scripts.samples.imu_sensor] omni.isaac.sensor.scripts.samples.imu_sensor has been deprecated in favor of isaacsim.sensors.physics.scripts.samples.imu_sensor. Please update your code accordingly.
2026-07-13T12:58:18Z [3,516ms] [Warning] [omni.isaac.sensor.scripts.samples.lightbeam_sensor] omni.isaac.sensor.scripts.samples.lightbeam_sensor has been deprecated in favor of isaacsim.sensors.physx.scripts.samples.lightbeam_sensor. Please update your code accordingly.
[3.526s] [ext: omni.kit.menu.create-2.0.1] startup
[3.529s] [ext: omni.kit.widget.toolbar-2.0.1] startup
[3.538s] [ext: omni.kit.manipulator.transform-107.0.0] startup
[3.541s] [ext: omni.isaac.core-4.0.7] startup
2026-07-13T12:58:18Z [3,531ms] [Warning] [omni.isaac.core.physics_context.physics_context] omni.isaac.core.physics_context.physics_context has been deprecated in favor of isaacsim.core.api.physics_context.physics_context. Please update your code accordingly.
2026-07-13T12:58:18Z [3,531ms] [Warning] [omni.isaac.core.simulation_context.simulation_context] omni.isaac.core.simulation_context.simulation_context has been deprecated in favor of isaacsim.core.api.simulation_context.simulation_context. Please update your code accordingly.
2026-07-13T12:58:18Z [3,532ms] [Warning] [omni.isaac.core.world.world] omni.isaac.core.world.world has been deprecated in favor of isaacsim.core.api.world.world. Please update your code accordingly.
2026-07-13T12:58:18Z [3,532ms] [Warning] [omni.isaac.core] omni.isaac.core has been deprecated in favor of isaacsim.core.api. Please update your code accordingly.
[3.542s] [ext: omni.kit.scripting-107.3.2] startup
[3.546s] [ext: omni.kit.manipulator.tool.snap-1.5.13] startup
[3.549s] [ext: omni.kit.manipulator.selector-1.1.3] startup
[3.550s] [ext: isaacsim.app.about-2.0.11] startup
[3.554s] [ext: isaacsim.replicator.behavior-1.1.16] startup
[3.555s] [ext: omni.kit.viewport.manipulator.transform-107.0.4] startup
[3.556s] [ext: omni.isaac.window.about-2.0.7] startup
2026-07-13T12:58:18Z [3,547ms] [Warning] [omni.isaac.window.about] omni.isaac.window.about has been deprecated in favor of isaacsim.app.about. Please update your code accordingly.
2026-07-13T12:58:18Z [3,547ms] [Warning] [omni.isaac.window.about.about] omni.isaac.window.about.about has been deprecated in favor of isaacsim.app.about.about. Please update your code accordingly.
[3.558s] [ext: omni.fabric.commands-1.1.6] startup
[3.560s] [ext: omni.kit.manipulator.prim.core-107.0.8] startup
[3.564s] [ext: omni.kit.property.audio-1.0.16] startup
[3.565s] [ext: omni.kit.property.camera-1.0.10] startup
[3.566s] [ext: omni.kit.property.geometry-2.0.4] startup
[3.568s] [ext: omni.hydra.scene_api-0.1.2] startup
[3.572s] [ext: omni.kit.property.light-1.0.12] startup
[3.579s] [ext: omni.kit.manipulator.prim.fabric-107.0.4] startup
[3.580s] [ext: omni.kit.manipulator.prim.usd-107.0.3] startup
[3.582s] [ext: omni.kit.property.material-1.11.9] startup
[3.585s] [ext: omni.kit.property.render-1.2.1] startup
[3.586s] [ext: omni.kit.property.transform-1.5.13] startup
[3.589s] [ext: isaacsim.gui.property-1.1.3] startup
[3.590s] [ext: omni.kit.manipulator.camera-106.0.4] startup
[3.593s] [ext: omni.kit.manipulator.prim-107.0.0] startup
[3.593s] [ext: omni.isaac.surface_gripper-2.0.6] startup
2026-07-13T12:58:18Z [3,583ms] [Warning] [omni.isaac.surface_gripper] omni.isaac.surface_gripper has been deprecated in favor of isaacsim.robot.surface_gripper. Please update your code accordingly.
[3.594s] [ext: omni.kit.manipulator.selection-106.0.1] startup
[3.596s] [ext: omni.kit.property.bundle-1.4.1] startup
[3.597s] [ext: omni.kit.property.isaac-1.0.6] startup
2026-07-13T12:58:18Z [3,588ms] [Warning] [omni.kit.property.isaac] omni.kit.property.isaac has been deprecated in favor of isaacsim.gui.property. Please update your code accordingly.
2026-07-13T12:58:18Z [3,588ms] [Warning] [omni.kit.property.isaac.widgets] omni.kit.property.isaac.widgets has been deprecated in favor of isaacsim.gui.property.widgets. Please update your code accordingly.
[3.598s] [ext: omni.isaac.universal_robots-1.0.6] startup
2026-07-13T12:58:18Z [3,588ms] [Warning] [omni.isaac.universal_robots] omni.isaac.universal_robots has been deprecated in favor of isaacsim.robot.manipulators.examples.universal_robots. Please update your code accordingly.
2026-07-13T12:58:18Z [3,589ms] [Warning] [omni.isaac.universal_robots.kinematics_solver] omni.isaac.franka has been deprecated in favor of isaacsim.robot.manipulators.examples.universal_robots. Please update your code accordingly.
2026-07-13T12:58:18Z [3,589ms] [Warning] [omni.isaac.universal_robots.ur10] omni.isaac.franka has been deprecated in favor of isaacsim.robot.manipulators.examples.universal_robots. Please update your code accordingly.
[3.599s] [ext: omni.isaac.core_nodes-2.0.6] startup
2026-07-13T12:58:18Z [3,591ms] [Warning] [omni.isaac.core_nodes] omni.isaac.core_nodes has been deprecated in favor of isaacsim.core.nodes. Please update your code accordingly.
[3.601s] [ext: omni.kit.viewport.menubar.camera-107.0.6] startup
[3.607s] [ext: omni.kit.viewport.menubar.lighting-107.3.1] startup
[3.609s] [ext: isaacsim.replicator.writers-1.0.17] startup
[3.618s] [ext: omni.kit.viewport.menubar.render-107.0.10] startup
[3.621s] [ext: omni.kit.viewport.menubar.settings-107.0.3] startup
[3.627s] [ext: omni.kit.window.console-1.1.4] startup
[3.630s] [ext: isaacsim.replicator.domain_randomization-1.0.16] startup
[3.632s] [ext: isaacsim.replicator.examples-1.3.6] startup
[3.634s] [ext: omni.ocio-0.1.1] startup
[3.636s] [ext: omni.rtx.window.settings-0.6.19] startup
[3.642s] [ext: omni.kit.window.status_bar-0.1.9] startup
[3.645s] [ext: omni.kit.window.toolbar-2.0.0] startup
[3.653s] [ext: omni.replicator.isaac-2.0.8] startup
2026-07-13T12:58:18Z [3,643ms] [Warning] [omni.replicator.isaac] omni.replicator.isaac has been deprecated in favor of isaacsim.replicator.domain_randomization, isaacsim.replicator.examples, isaacsim.replicator.writers. Please update your code accordingly.
[3.654s] [ext: omni.replicator.replicator_yaml-2.0.11] startup
[3.670s] [ext: omni.rtx.settings.core-0.6.5] startup
[3.675s] [ext: omni.usd.metrics.assembler.ui-107.3.1] startup
[3.683s] [ext: omni.isaac.utils-2.0.6] startup
[3.683s] [ext: semantics.schema.editor-2.0.2] startup
[3.687s] [ext: omni.kit.ui.actions-1.0.5] startup
[3.688s] [ext: semantics.schema.property-2.0.1] startup
[3.689s] [ext: omni.isaac.version-2.0.7] startup
2026-07-13T12:58:18Z [3,680ms] [Warning] [omni.isaac.version] omni.isaac.version has been deprecated in favor of isaacsim.core.version. Please update your code accordingly.
[3.690s] [ext: omni.isaac.cortex-1.0.5] startup
[3.691s] [ext: omni.anim.curve.core-1.3.1] startup
[3.697s] [ext: isaacsim.core.throttling-2.2.2] startup
[3.699s] [ext: omni.kit.menu.common-2.0.1] startup
[3.700s] [ext: isaacsim.exp.base-5.1.0] startup
[3.701s] [ext: isaacsim.exp.base.python-5.1.0] startup
[3.702s] Simulation App Starting
2026-07-13T12:58:18Z [3,764ms] [Warning] [omni.fabric.plugin] Warning: attribute viewportHandle not found for bucket id 9

[3.809s] app ready
[6.288s] Simulation App Startup Complete
[6.365s] [ext: omni.debugdraw-0.1.4] startup
[6.374s] [ext: omni.physx.commands-107.3.26] startup
[6.377s] [ext: omni.kit.widget.layers-1.8.6] startup
[6.409s] [ext: omni.kit.widget.text_editor-1.1.1] startup
[6.410s] [ext: omni.usdphysics.ui-107.3.26] startup
[6.430s] [ext: omni.physx.ui-107.3.26] startup
[6.530s] [ext: omni.physx.demos-107.3.26] startup
[6.564s] [ext: omni.physx.cct-107.3.26] startup
[6.599s] [ext: omni.kit.property.physx-107.3.26] startup
[6.615s] [ext: omni.physx.graph-107.3.26] startup
[6.632s] [ext: omni.asset_validator.core-1.1.6] startup
[6.661s] [ext: omni.physx.vehicle-107.3.26] startup
[6.757s] [ext: omni.physx.asset_validator-107.3.26] startup
[6.761s] [ext: omni.physx.camera-107.3.26] startup
[6.768s] [ext: omni.physx.telemetry-107.3.26] startup
[6.769s] [ext: omni.physx.supportui-107.3.26] startup
[6.798s] [ext: omni.physx.bundle-107.3.26] startup
2026-07-13T12:58:22Z [7,334ms] [Error] [omni.kit.app._impl] [py stderr]: /home/jingxiang/workspace/agenticsim-runtime/candidates/labutopia/main.py:52: UserWarning: 
The version_base parameter is not specified.
Please specify a compatability version level, or None.
Will assume defaults for version 1.1
  hydra.initialize(config_path=args.config_dir, job_name=args.config_name)
2026-07-13T12:58:24Z [10,026ms] [Warning] [isaacsim.sensors.camera.camera] 'verticalAperture' (1.5290800094604493) and 'horizontalAperture' (2.0954999923706055) are inconsistent with the pixel resolution aspect ratio (1.0). Setting 'verticalAperture' to 2.0954999923706055 to ensure square pixels.
2026-07-13T12:58:25Z [10,310ms] [Warning] [isaacsim.sensors.camera.camera] 'verticalAperture' (1.5290800094604493) and 'horizontalAperture' (2.0954999923706055) are inconsistent with the pixel resolution aspect ratio (1.0). Setting 'verticalAperture' to 2.0954999923706055 to ensure square pixels.
2026-07-13T12:58:25Z [10,313ms] [Warning] [isaacsim.sensors.camera.camera] 'verticalAperture' (1.5290800094604493) and 'horizontalAperture' (2.0954999923706055) are inconsistent with the pixel resolution aspect ratio (1.0). Setting 'verticalAperture' to 2.0954999923706055 to ensure square pixels.
2026-07-13T12:59:30Z [75,230ms] [Warning] [omni.physicsschema.plugin] ScaleOrientation is not supported for rigid bodies, prim path: /World/DryingBox_02/handle/mesh. You may ignore this if the scale is close to uniform.
2026-07-13T12:59:43Z [88,989ms] [Warning] [omni.physx.plugin] Damping attribute is unsupported for articulation joints and will be ignored (/World/DryingBox_03/RevoluteJoint).
2026-07-13T12:59:43Z [88,989ms] [Warning] [omni.physx.plugin] Restitution attribute is unsupported for articulation joints and will be ignored (/World/DryingBox_03/RevoluteJoint).
[93m[Lula] Joint 'panda_finger_joint2' is specified as a mimic joint, but its control chain ['panda_finger_joint2' -> 'panda_finger_joint1'] terminates with a joint ['panda_finger_joint1'] that is not a c-space coordinate. Mimic attributes will be ignored.
[0m2026-07-13T12:59:44Z [89,302ms] [Warning] [omni.fabric.plugin] USD->Fabric: Unhandled array type string[]
2026-07-13T12:59:44Z [89,306ms] [Warning] [carb.windowing-glfw.plugin] GLFW initialization failed.
2026-07-13T12:59:44Z [89,306ms] [Warning] [carb] Failed to startup plugin carb.windowing-glfw.plugin (interfaces: [carb::windowing::IGLContext v1.0],[carb::windowing::IWindowing v1.5]) (impl: carb.windowing-glfw.plugin)
2026-07-13T12:59:44Z [89,329ms] [Warning] [usdrt.population.plugin] [UsdNoticeHandler] Unhandled attribute type VtArray<std::string> (prim attribute: omni:rtx:material:db:flattener:ior_constant)
2026-07-13T12:59:44Z [89,329ms] [Warning] [usdrt.population.plugin] [UsdNoticeHandler] Unhandled attribute type VtArray<std::string> (prim attribute: omni:rtx:material:db:flattener:transmittance_color)
2026-07-13T12:59:44Z [89,329ms] [Warning] [usdrt.population.plugin] [UsdNoticeHandler] Unhandled attribute type VtArray<std::string> (prim attribute: omni:rtx:material:db:flattener:transmittance_color)
2026-07-13T12:59:44Z [89,329ms] [Warning] [usdrt.population.plugin] [UsdNoticeHandler] Unhandled attribute type VtArray<std::string> (prim attribute: omni:rtx:material:db:flattener:reflection_roughness_constant)
2026-07-13T12:59:44Z [89,329ms] [Warning] [usdrt.population.plugin] [UsdNoticeHandler] Unhandled attribute type VtArray<std::string> (prim attribute: omni:rtx:material:db:flattener:ior_constant)
2026-07-13T12:59:44Z [89,329ms] [Warning] [usdrt.population.plugin] [UsdNoticeHandler] Unhandled attribute type VtArray<std::string> (prim attribute: omni:rtx:material:db:flattener:ior_constant)
2026-07-13T12:59:44Z [89,329ms] [Warning] [usdrt.population.plugin] [UsdNoticeHandler] Unhandled attribute type VtArray<std::string> (prim attribute: omni:rtx:material:db:flattener:transmittance_color)
2026-07-13T12:59:44Z [89,329ms] [Warning] [usdrt.population.plugin] [UsdNoticeHandler] Unhandled attribute type VtArray<std::string> (prim attribute: omni:rtx:material:db:flattener:reflection_roughness_constant)
2026-07-13T12:59:44Z [89,330ms] [Warning] [usdrt.population.plugin] [UsdNoticeHandler] Unhandled attribute type VtArray<std::string> (prim attribute: omni:rtx:material:db:flattener:reflection_roughness_constant)
2026-07-13T12:59:44Z [89,330ms] [Warning] [usdrt.population.plugin] [UsdNoticeHandler] Unhandled attribute type VtArray<std::string> (prim attribute: omni:rtx:material:db:flattener:ior_constant)
Starting kit application with the following args:  ['/home/jingxiang/workspace/agenticsim-runtime/.venv/lib/python3.11/site-packages/isaacsim/exts/isaacsim.simulation_app/isaacsim/simulation_app/simulation_app.py', '/home/jingxiang/workspace/agenticsim-runtime/.venv/lib/python3.11/site-packages/isaacsim/apps/isaacsim.exp.base.python.kit', '--/app/tokens/exe-path=/home/jingxiang/workspace/agenticsim-runtime/.venv/lib/python3.11/site-packages/isaacsim/kit', '--/persistent/app/viewport/displayOptions=3094', '--/rtx/materialDb/syncLoads=True', '--/rtx/hydra/materialSyncLoads=True', '--/omni.kit.plugin/syncUsdLoads=True', '--/app/renderer/resolution/width=1280', '--/app/renderer/resolution/height=720', '--/app/window/width=1440', '--/app/window/height=900', '--/renderer/multiGpu/enabled=True', '--/app/fastShutdown=True', '--/app/installSignalHandlers=0', '--ext-folder', '/home/jingxiang/workspace/agenticsim-runtime/.venv/lib/python3.11/site-packages/isaacsim/exts', '--ext-folder', '/home/jingxiang/workspace/agenticsim-runtime/.venv/lib/python3.11/site-packages/isaacsim/apps', '--/rtx/raytracing/fractionalCutoutOpacity=true', '--/physics/cudaDevice=0', '--/plugins/carb.tasking.plugin/threadCount=16', '--/plugins/omni.tbb.globalcontrol/maxThreadCount=16', '--portable', '--no-window', '--/app/window/hideUi=1']
Passing the following args to the base kit application:  ['--headless', '--no-video', '--config-name', 'level1_pick']
Warp 1.8.2 initialized:
   CUDA Toolkit 12.8, Driver 13.0
   Devices:
     "cpu"      : "x86_64"
     "cuda:0"   : "NVIDIA GeForce RTX 5090" (31 GiB, sm_120, mempool enabled)
   Kernel cache:
     /home/jingxiang/.cache/warp/1.8.2
Warp DeprecationWarning: The `warp.sim` module is deprecated and will be removed in v1.10. Please transition to using the forthcoming Newton library instead.
OpenPI client not found. Please follow the instruction to install openpi-client'
{'end_effector_frame_name': 'right_gripper', 'maximum_substep_size': 0.00334, 'ignore_robot_state_updates': False, 'robot_description_path': '/home/jingxiang/workspace/agenticsim-runtime/.venv/lib/python3.11/site-packages/isaacsim/exts/isaacsim.robot_motion.motion_generation/motion_policy_configs/./franka/rmpflow/robot_descriptor.yaml', 'urdf_path': '/home/jingxiang/workspace/agenticsim-runtime/.venv/lib/python3.11/site-packages/isaacsim/exts/isaacsim.robot_motion.motion_generation/motion_policy_configs/./franka/rmpflow/../lula_franka_gen.urdf', 'rmpflow_config_path': '/home/jingxiang/workspace/agenticsim-runtime/.venv/lib/python3.11/site-packages/isaacsim/exts/isaacsim.robot_motion.motion_generation/motion_policy_configs/./franka/rmpflow/franka_rmpflow_common.yaml'}
2026-07-13T12:59:44Z [89,330ms] [Warning] [usdrt.population.plugin] [UsdNoticeHandler] Unhandled attribute type VtArray<std::string> (prim attribute: omni:rtx:material:db:flattener:reflection_roughness_constant)
2026-07-13T12:59:44Z [89,330ms] [Warning] [usdrt.population.plugin] [UsdNoticeHandler] Unhandled attribute type VtArray<std::string> (prim attribute: omni:rtx:material:db:flattener:transmittance_color)
2026-07-13T12:59:44Z [89,362ms] [Warning] [rtx.postprocessing.plugin] DLSS increasing input dimensions: Render resolution of (128, 128) is below minimal input resolution of 300.
2026-07-13T12:59:44Z [89,543ms] [Warning] [omni.physicsschema.plugin] ScaleOrientation is not supported for rigid bodies, prim path: /World/DryingBox_02/handle/mesh. You may ignore this if the scale is close to uniform.
2026-07-13T12:59:44Z [89,611ms] [Warning] [omni.physx.plugin] Damping attribute is unsupported for articulation joints and will be ignored (/World/DryingBox_03/RevoluteJoint).
2026-07-13T12:59:44Z [89,611ms] [Warning] [omni.physx.plugin] Restitution attribute is unsupported for articulation joints and will be ignored (/World/DryingBox_03/RevoluteJoint).
2026-07-13T12:59:44Z [89,652ms] [Warning] [omni.syntheticdata.plugin] OgnSdPostRenderVarToHost : rendervar copy from texture directly to host buffer is counter-performant. Please use copy from texture to device buffer first.
2026-07-13T12:59:45Z [90,425ms] [Warning] [carb] Client gpu.foundation.plugin has acquired [gpu::unstable::IMemoryBudgetManagerFactory v0.1] 100 times. Consider accessing this interface with carb::getCachedInterface() (Performance warning)
2026-07-13T12:59:54Z [99,605ms] [Warning] [carb.windowing-glfw.plugin] GLFW initialization failed.
2026-07-13T12:59:54Z [99,605ms] [Warning] [carb] Failed to startup plugin carb.windowing-glfw.plugin (interfaces: [carb::windowing::IGLContext v1.0],[carb::windowing::IWindowing v1.5]) (impl: carb.windowing-glfw.plugin)
2026-07-13T12:59:54Z [99,632ms] [Warning] [omni.physicsschema.plugin] ScaleOrientation is not supported for rigid bodies, prim path: /World/DryingBox_02/handle/mesh. You may ignore this if the scale is close to uniform.
2026-07-13T12:59:54Z [99,710ms] [Warning] [omni.physx.plugin] Damping attribute is unsupported for articulation joints and will be ignored (/World/DryingBox_03/RevoluteJoint).
2026-07-13T12:59:54Z [99,710ms] [Warning] [omni.physx.plugin] Restitution attribute is unsupported for articulation joints and will be ignored (/World/DryingBox_03/RevoluteJoint).
2026-07-13T13:00:03Z [109,053ms] [Warning] [carb.windowing-glfw.plugin] GLFW initialization failed.
2026-07-13T13:00:03Z [109,053ms] [Warning] [carb] Failed to startup plugin carb.windowing-glfw.plugin (interfaces: [carb::windowing::IGLContext v1.0],[carb::windowing::IWindowing v1.5]) (impl: carb.windowing-glfw.plugin)
2026-07-13T13:00:03Z [109,083ms] [Warning] [omni.physicsschema.plugin] ScaleOrientation is not supported for rigid bodies, prim path: /World/DryingBox_02/handle/mesh. You may ignore this if the scale is close to uniform.
2026-07-13T13:00:03Z [109,156ms] [Warning] [omni.physx.plugin] Damping attribute is unsupported for articulation joints and will be ignored (/World/DryingBox_03/RevoluteJoint).
2026-07-13T13:00:03Z [109,156ms] [Warning] [omni.physx.plugin] Restitution attribute is unsupported for articulation joints and will be ignored (/World/DryingBox_03/RevoluteJoint).
2026-07-13T13:00:03Z [109,187ms] [Warning] [isaacsim.core.simulation_manager.plugin] No adjacent samples found for interpolation at time 1221/30
2026-07-13T13:00:03Z [109,187ms] [Warning] [isaacsim.core.simulation_manager.plugin] No adjacent samples found for interpolation at time 1221/30
2026-07-13T13:00:03Z [109,188ms] [Warning] [isaacsim.core.simulation_manager.plugin] No adjacent samples found for interpolation at time 1221/30
2026-07-13T13:00:13Z [118,473ms] [Warning] [carb.windowing-glfw.plugin] GLFW initialization failed.
2026-07-13T13:00:13Z [118,473ms] [Warning] [carb] Failed to startup plugin carb.windowing-glfw.plugin (interfaces: [carb::windowing::IGLContext v1.0],[carb::windowing::IWindowing v1.5]) (impl: carb.windowing-glfw.plugin)
2026-07-13T13:00:13Z [118,501ms] [Warning] [omni.physicsschema.plugin] ScaleOrientation is not supported for rigid bodies, prim path: /World/DryingBox_02/handle/mesh. You may ignore this if the scale is close to uniform.
2026-07-13T13:00:13Z [118,574ms] [Warning] [omni.physx.plugin] Damping attribute is unsupported for articulation joints and will be ignored (/World/DryingBox_03/RevoluteJoint).
2026-07-13T13:00:13Z [118,574ms] [Warning] [omni.physx.plugin] Restitution attribute is unsupported for articulation joints and will be ignored (/World/DryingBox_03/RevoluteJoint).
2026-07-13T13:00:22Z [127,543ms] [Warning] [carb.windowing-glfw.plugin] GLFW initialization failed.
2026-07-13T13:00:22Z [127,543ms] [Warning] [carb] Failed to startup plugin carb.windowing-glfw.plugin (interfaces: [carb::windowing::IGLContext v1.0],[carb::windowing::IWindowing v1.5]) (impl: carb.windowing-glfw.plugin)
2026-07-13T13:00:22Z [127,576ms] [Warning] [omni.physicsschema.plugin] ScaleOrientation is not supported for rigid bodies, prim path: /World/DryingBox_02/handle/mesh. You may ignore this if the scale is close to uniform.
2026-07-13T13:00:22Z [127,649ms] [Warning] [omni.physx.plugin] Damping attribute is unsupported for articulation joints and will be ignored (/World/DryingBox_03/RevoluteJoint).
2026-07-13T13:00:22Z [127,649ms] [Warning] [omni.physx.plugin] Restitution attribute is unsupported for articulation joints and will be ignored (/World/DryingBox_03/RevoluteJoint).
2026-07-13T13:00:22Z [127,679ms] [Warning] [isaacsim.core.simulation_manager.plugin] No adjacent samples found for interpolation at time 2459/30
2026-07-13T13:00:22Z [127,680ms] [Warning] [isaacsim.core.simulation_manager.plugin] No adjacent samples found for interpolation at time 2459/30
2026-07-13T13:00:22Z [127,680ms] [Warning] [isaacsim.core.simulation_manager.plugin] No adjacent samples found for interpolation at time 2459/30
2026-07-13T13:00:32Z [137,424ms] [Warning] [carb.windowing-glfw.plugin] GLFW initialization failed.
2026-07-13T13:00:32Z [137,424ms] [Warning] [carb] Failed to startup plugin carb.windowing-glfw.plugin (interfaces: [carb::windowing::IGLContext v1.0],[carb::windowing::IWindowing v1.5]) (impl: carb.windowing-glfw.plugin)
2026-07-13T13:00:32Z [137,454ms] [Warning] [omni.physicsschema.plugin] ScaleOrientation is not supported for rigid bodies, prim path: /World/DryingBox_02/handle/mesh. You may ignore this if the scale is close to uniform.
2026-07-13T13:00:32Z [137,527ms] [Warning] [omni.physx.plugin] Damping attribute is unsupported for articulation joints and will be ignored (/World/DryingBox_03/RevoluteJoint).
2026-07-13T13:00:32Z [137,527ms] [Warning] [omni.physx.plugin] Restitution attribute is unsupported for articulation joints and will be ignored (/World/DryingBox_03/RevoluteJoint).
2026-07-13T13:00:41Z [146,913ms] [Warning] [carb.windowing-glfw.plugin] GLFW initialization failed.
2026-07-13T13:00:41Z [146,913ms] [Warning] [carb] Failed to startup plugin carb.windowing-glfw.plugin (interfaces: [carb::windowing::IGLContext v1.0],[carb::windowing::IWindowing v1.5]) (impl: carb.windowing-glfw.plugin)
2026-07-13T13:00:41Z [146,945ms] [Warning] [omni.physicsschema.plugin] ScaleOrientation is not supported for rigid bodies, prim path: /World/DryingBox_02/handle/mesh. You may ignore this if the scale is close to uniform.
2026-07-13T13:00:41Z [147,018ms] [Warning] [omni.physx.plugin] Damping attribute is unsupported for articulation joints and will be ignored (/World/DryingBox_03/RevoluteJoint).
2026-07-13T13:00:41Z [147,018ms] [Warning] [omni.physx.plugin] Restitution attribute is unsupported for articulation joints and will be ignored (/World/DryingBox_03/RevoluteJoint).
2026-07-13T13:00:53Z [158,321ms] [Warning] [carb.windowing-glfw.plugin] GLFW initialization failed.
2026-07-13T13:00:53Z [158,321ms] [Warning] [carb] Failed to startup plugin carb.windowing-glfw.plugin (interfaces: [carb::windowing::IGLContext v1.0],[carb::windowing::IWindowing v1.5]) (impl: carb.windowing-glfw.plugin)
2026-07-13T13:00:53Z [158,350ms] [Warning] [omni.physicsschema.plugin] ScaleOrientation is not supported for rigid bodies, prim path: /World/DryingBox_02/handle/mesh. You may ignore this if the scale is close to uniform.
Fatal Python error: Segmentation fault

Fatal Python error: Segmentation faultCurrent thread 0x

Fatal Python error: 00007f7449b4d740Current thread 0x (most recent call first):
Segmentation fault00007f7449b4d740  File 

 (most recent call first):
"  File Current thread 0x/home/jingxiang/workspace/agenticsim-runtime/.venv/lib/python3.11/site-packages/isaacsim/exts/isaacsim.simulation_app/isaacsim/simulation_app/simulation_app.py""00007f7449b4d740/home/jingxiang/workspace/agenticsim-runtime/.venv/lib/python3.11/site-packages/isaacsim/exts/isaacsim.simulation_app/isaacsim/simulation_app/simulation_app.py (most recent call first):
, line "  File 278, line  in "278signal_handler in /home/jingxiang/workspace/agenticsim-runtime/.venv/lib/python3.11/site-packages/isaacsim/exts/isaacsim.simulation_app/isaacsim/simulation_app/simulation_app.py
signal_handler"  File 
  File , line "278" in /home/jingxiang/.local/share/uv/python/cpython-3.11.15-linux-x86_64-gnu/lib/python3.11/multiprocessing/synchronize.py/home/jingxiang/.local/share/uv/python/cpython-3.11.15-linux-x86_64-gnu/lib/python3.11/multiprocessing/synchronize.pysignal_handler""
, line , line   File 9595 in " in __enter__/home/jingxiang/.local/share/uv/python/cpython-3.11.15-linux-x86_64-gnu/lib/python3.11/multiprocessing/connection.py
__enter__"  File 
, line 395"  File  in /home/jingxiang/.local/share/uv/python/cpython-3.11.15-linux-x86_64-gnu/lib/python3.11/multiprocessing/queues.py"_recv", line 
/home/jingxiang/.local/share/uv/python/cpython-3.11.15-linux-x86_64-gnu/lib/python3.11/multiprocessing/queues.py102  File " in "get, line /home/jingxiang/.local/share/uv/python/cpython-3.11.15-linux-x86_64-gnu/lib/python3.11/multiprocessing/connection.py
"102  File , line  in 430"get in /home/jingxiang/.local/share/uv/python/cpython-3.11.15-linux-x86_64-gnu/lib/python3.11/concurrent/futures/process.py
_recv_bytes"  File 
, line "  File 249/home/jingxiang/.local/share/uv/python/cpython-3.11.15-linux-x86_64-gnu/lib/python3.11/concurrent/futures/process.py" in "/home/jingxiang/.local/share/uv/python/cpython-3.11.15-linux-x86_64-gnu/lib/python3.11/multiprocessing/connection.py_process_worker, line "
249  File , line  in 216"_process_worker in 
/home/jingxiang/.local/share/uv/python/cpython-3.11.15-linux-x86_64-gnu/lib/python3.11/multiprocessing/process.pyrecv_bytes  File "
  File ", line 108/home/jingxiang/.local/share/uv/python/cpython-3.11.15-linux-x86_64-gnu/lib/python3.11/multiprocessing/process.py" in "/home/jingxiang/.local/share/uv/python/cpython-3.11.15-linux-x86_64-gnu/lib/python3.11/multiprocessing/queues.pyrun, line 
"108  File , line  in "103run/home/jingxiang/.local/share/uv/python/cpython-3.11.15-linux-x86_64-gnu/lib/python3.11/multiprocessing/process.py in 
"get  File , line 
"314  File  in /home/jingxiang/.local/share/uv/python/cpython-3.11.15-linux-x86_64-gnu/lib/python3.11/multiprocessing/process.py"_bootstrap"/home/jingxiang/.local/share/uv/python/cpython-3.11.15-linux-x86_64-gnu/lib/python3.11/concurrent/futures/process.py
, line "  File 314, line " in 249/home/jingxiang/.local/share/uv/python/cpython-3.11.15-linux-x86_64-gnu/lib/python3.11/multiprocessing/popen_fork.py_bootstrap in "
  File _process_worker, line 
71"  File  in /home/jingxiang/.local/share/uv/python/cpython-3.11.15-linux-x86_64-gnu/lib/python3.11/multiprocessing/popen_fork.py""_launch/home/jingxiang/.local/share/uv/python/cpython-3.11.15-linux-x86_64-gnu/lib/python3.11/multiprocessing/process.py
, line "  File 71, line " in 108/home/jingxiang/.local/share/uv/python/cpython-3.11.15-linux-x86_64-gnu/lib/python3.11/multiprocessing/popen_fork.py in "_launchrun, line 

19  File   File  in ""__init__/home/jingxiang/.local/share/uv/python/cpython-3.11.15-linux-x86_64-gnu/lib/python3.11/multiprocessing/process.py"/home/jingxiang/.local/share/uv/python/cpython-3.11.15-linux-x86_64-gnu/lib/python3.11/multiprocessing/popen_fork.py
, line "  File 314, line  in "19/home/jingxiang/.local/share/uv/python/cpython-3.11.15-linux-x86_64-gnu/lib/python3.11/multiprocessing/context.py_bootstrap in "
__init__  File , line 
281"  File  in /home/jingxiang/.local/share/uv/python/cpython-3.11.15-linux-x86_64-gnu/lib/python3.11/multiprocessing/popen_fork.py"_Popen", line 
/home/jingxiang/.local/share/uv/python/cpython-3.11.15-linux-x86_64-gnu/lib/python3.11/multiprocessing/context.py71  File " in "_launch, line /home/jingxiang/.local/share/uv/python/cpython-3.11.15-linux-x86_64-gnu/lib/python3.11/multiprocessing/process.py
281"  File  in , line "_Popen121/home/jingxiang/.local/share/uv/python/cpython-3.11.15-linux-x86_64-gnu/lib/python3.11/multiprocessing/popen_fork.py
 in "  File start, line "
19/home/jingxiang/.local/share/uv/python/cpython-3.11.15-linux-x86_64-gnu/lib/python3.11/multiprocessing/process.py  File  in "__init__"
/home/jingxiang/.local/share/uv/python/cpython-3.11.15-linux-x86_64-gnu/lib/python3.11/concurrent/futures/process.py, line   File "121", line  in /home/jingxiang/.local/share/uv/python/cpython-3.11.15-linux-x86_64-gnu/lib/python3.11/multiprocessing/context.py785start" in 
, line _spawn_process  File 281
  File  in ""_Popen/home/jingxiang/.local/share/uv/python/cpython-3.11.15-linux-x86_64-gnu/lib/python3.11/concurrent/futures/process.py/home/jingxiang/.local/share/uv/python/cpython-3.11.15-linux-x86_64-gnu/lib/python3.11/concurrent/futures/process.py
""  File , line , line "785775/home/jingxiang/.local/share/uv/python/cpython-3.11.15-linux-x86_64-gnu/lib/python3.11/multiprocessing/process.py in  in "_spawn_process
, line _launch_processes121
  File  in   File "start"
/home/jingxiang/.local/share/uv/python/cpython-3.11.15-linux-x86_64-gnu/lib/python3.11/concurrent/futures/process.py/home/jingxiang/.local/share/uv/python/cpython-3.11.15-linux-x86_64-gnu/lib/python3.11/concurrent/futures/process.py  File """, line , line /home/jingxiang/.local/share/uv/python/cpython-3.11.15-linux-x86_64-gnu/lib/python3.11/concurrent/futures/process.py775748" in  in , line _start_executor_manager_thread_launch_processes785

 in   File   File _spawn_process"
"/home/jingxiang/.local/share/uv/python/cpython-3.11.15-linux-x86_64-gnu/lib/python3.11/concurrent/futures/process.py  File /home/jingxiang/.local/share/uv/python/cpython-3.11.15-linux-x86_64-gnu/lib/python3.11/concurrent/futures/process.py"", line "/home/jingxiang/.local/share/uv/python/cpython-3.11.15-linux-x86_64-gnu/lib/python3.11/concurrent/futures/process.py809", line  in , line 748775submit in  in 
  File _start_executor_manager_thread_launch_processes

"  File   File /home/jingxiang/workspace/agenticsim-runtime/candidates/labutopia/data_collectors/data_collector.py"""/home/jingxiang/.local/share/uv/python/cpython-3.11.15-linux-x86_64-gnu/lib/python3.11/concurrent/futures/process.py, line "/home/jingxiang/.local/share/uv/python/cpython-3.11.15-linux-x86_64-gnu/lib/python3.11/concurrent/futures/process.py169, line " in 748write_cached_data, line 
 in   File 809_start_executor_manager_thread
 in "  File /home/jingxiang/workspace/agenticsim-runtime/candidates/labutopia/controllers/pick_controller.py"submit"/home/jingxiang/.local/share/uv/python/cpython-3.11.15-linux-x86_64-gnu/lib/python3.11/concurrent/futures/process.py
, line "120  File  in , line _step_collect"809
 in /home/jingxiang/workspace/agenticsim-runtime/candidates/labutopia/data_collectors/data_collector.py  File submit""
/home/jingxiang/workspace/agenticsim-runtime/candidates/labutopia/controllers/pick_controller.py  File , line "169", line /home/jingxiang/workspace/agenticsim-runtime/candidates/labutopia/data_collectors/data_collector.py in 55"write_cached_data in , line 169step
 in 
  File write_cached_data  File 
""  File /home/jingxiang/workspace/agenticsim-runtime/candidates/labutopia/controllers/pick_controller.py/home/jingxiang/workspace/agenticsim-runtime/candidates/labutopia/main.py"""/home/jingxiang/workspace/agenticsim-runtime/candidates/labutopia/controllers/pick_controller.py, line "126, line  in , line 120120 in main in 
_step_collect  File _step_collect

"  File   File /home/jingxiang/workspace/agenticsim-runtime/candidates/labutopia/main.py"""/home/jingxiang/workspace/agenticsim-runtime/candidates/labutopia/controllers/pick_controller.py/home/jingxiang/workspace/agenticsim-runtime/candidates/labutopia/controllers/pick_controller.py"", line , line 163, line 55 in  in 55<module>step in 

  File step"
/home/jingxiang/workspace/agenticsim-runtime/candidates/labutopia/main.py  File "", line 126/home/jingxiang/workspace/agenticsim-runtime/candidates/labutopia/main.py in "main, line 
126  File  in "/home/jingxiang/workspace/agenticsim-runtime/candidates/labutopia/main.pymain"
  File , line "163 in /home/jingxiang/workspace/agenticsim-runtime/candidates/labutopia/main.py<module>"
, line 163 in <module>

Extension modules: 
Extension modules: 
Extension modules: psutil._psutil_linuxpsutil._psutil_linuxpsutil._psutil_linux, , omni.mdl.pymdlsdk._pymdlsdkomni.mdl.pymdlsdk._pymdlsdk, omni.mdl.pymdlsdk._pymdlsdk, numpy.core._multiarray_umath, numpy.core._multiarray_umath, numpy.core._multiarray_umath, numpy.core._multiarray_tests, numpy.core._multiarray_tests, numpy.core._multiarray_tests, , numpy.linalg._umath_linalgnumpy.linalg._umath_linalg, , numpy.linalg._umath_linalg, numpy.fft._pocketfft_internalnumpy.fft._pocketfft_internal, , numpy.random._common, numpy.fft._pocketfft_internalnumpy.random._common, numpy.random.bit_generator, numpy.random.bit_generator, numpy.random._bounded_integers, , numpy.random._commonnumpy.random._bounded_integers, numpy.random._mt19937, numpy.random._mt19937, , numpy.random.bit_generatornumpy.random.mtrand, numpy.random.mtrand, numpy.random._philox, , numpy.random._philoxnumpy.random._bounded_integers, numpy.random._pcg64, numpy.random._pcg64, , numpy.random._mt19937numpy.random._sfc64, numpy.random._sfc64, numpy.random._generator, numpy.random._generator, numpy.random.mtrand, numpy.random._philox, numpy.random._pcg64, numpy.random._sfc64, numpy.random._generator, , , PIL._imagingPIL._imagingPIL._imaging, , scipy._lib._ccallback_cscipy._lib._ccallback_c, scipy._lib._ccallback_c, , scipy.sparse._sparsetools, scipy.sparse._sparsetoolsscipy.sparse._sparsetools, _csparsetools, _csparsetools, , scipy.sparse._csparsetools_csparsetools, scipy.sparse._csparsetools, , , scipy.linalg._fblasscipy.linalg._fblasscipy.sparse._csparsetools, , scipy.linalg._flapackscipy.linalg._flapack, , scipy.linalg.cython_lapackscipy.linalg.cython_lapack, scipy.linalg._fblas, , scipy.linalg._cythonized_array_utilsscipy.linalg._cythonized_array_utils, scipy.linalg._flapack, , scipy.linalg._solve_toeplitzscipy.linalg._solve_toeplitz, , , scipy.linalg.cython_lapackscipy.linalg._decomp_lu_cythonscipy.linalg._decomp_lu_cython, scipy.linalg._cythonized_array_utils, , scipy.linalg._matfuncs_sqrtm_triuscipy.linalg._matfuncs_sqrtm_triu, , scipy.linalg._matfuncs_expm, scipy.linalg._solve_toeplitzscipy.linalg._matfuncs_expm, scipy.linalg._linalg_pythran, , scipy.linalg._linalg_pythranscipy.linalg._decomp_lu_cython, scipy.linalg.cython_blas, , scipy.linalg.cython_blasscipy.linalg._decomp_update, scipy.linalg._matfuncs_sqrtm_triu, , scipy.linalg._decomp_updatescipy.sparse.linalg._dsolve._superlu, scipy.linalg._matfuncs_expm, , scipy.sparse.linalg._dsolve._superluscipy.sparse.linalg._eigen.arpack._arpack, scipy.sparse.linalg._eigen.arpack._arpack, , scipy.linalg._linalg_pythranscipy.sparse.linalg._propack._spropack, scipy.sparse.linalg._propack._spropack, scipy.sparse.linalg._propack._dpropack, , scipy.linalg.cython_blasscipy.sparse.linalg._propack._dpropack, scipy.sparse.linalg._propack._cpropack, scipy.sparse.linalg._propack._cpropack, , scipy.sparse.linalg._propack._zpropackscipy.linalg._decomp_update, scipy.sparse.linalg._propack._zpropack, scipy.sparse.csgraph._tools, scipy.sparse.csgraph._tools, scipy.sparse.linalg._dsolve._superlu, scipy.sparse.csgraph._shortest_path, scipy.sparse.csgraph._shortest_path, , , scipy.sparse.csgraph._traversalscipy.sparse.linalg._eigen.arpack._arpackscipy.sparse.csgraph._traversal, , scipy.sparse.csgraph._min_spanning_treescipy.sparse.csgraph._min_spanning_tree, scipy.sparse.linalg._propack._spropack, , scipy.sparse.csgraph._flowscipy.sparse.csgraph._flow, , , scipy.sparse.csgraph._matchingscipy.sparse.csgraph._matchingscipy.sparse.linalg._propack._dpropack, , scipy.sparse.csgraph._reorderingscipy.sparse.csgraph._reordering, scipy.sparse.linalg._propack._cpropack, , scipy.spatial._ckdtreescipy.spatial._ckdtree, scipy.sparse.linalg._propack._zpropack, , scipy._lib.messagestreamscipy._lib.messagestream, , scipy.spatial._qhullscipy.spatial._qhull, scipy.sparse.csgraph._tools, , scipy.spatial._voronoiscipy.spatial._voronoi, , , scipy.spatial._distance_wrapscipy.sparse.csgraph._shortest_pathscipy.spatial._distance_wrap, , scipy.spatial._hausdorffscipy.spatial._hausdorff, scipy.sparse.csgraph._traversal, scipy.special._ufuncs_cxx, scipy.sparse.csgraph._min_spanning_tree, , scipy.special._ufuncs_cxxscipy.special._ufuncs, scipy.special._ufuncs, , scipy.sparse.csgraph._flowscipy.special._specfun, scipy.special._specfun, , scipy.special._comb, scipy.special._combscipy.sparse.csgraph._matching, , scipy.special._ellip_harm_2scipy.special._ellip_harm_2, scipy.sparse.csgraph._reordering, , scipy.spatial.transform._rotationscipy.spatial.transform._rotation, scipy.spatial._ckdtree, scipy._lib.messagestream, , torch._Ctorch._C, scipy.spatial._qhull, , torch._C._dynamo.autograd_compilertorch._C._dynamo.autograd_compiler, , torch._C._dynamo.eval_frametorch._C._dynamo.eval_frame, scipy.spatial._voronoi, , torch._C._dynamo.guardstorch._C._dynamo.guards, , , torch._C._dynamo.utilsscipy.spatial._distance_wraptorch._C._dynamo.utils, , torch._C._ffttorch._C._fft, scipy.spatial._hausdorff, , torch._C._linalgtorch._C._linalg, , , torch._C._nestedtorch._C._nestedscipy.special._ufuncs_cxx, , torch._C._nntorch._C._nn, , scipy.special._ufuncs, torch._C._sparsetorch._C._sparse, , torch._C._special, torch._C._specialscipy.special._specfun, scipy.special._comb, scipy.special._ellip_harm_2, scipy.spatial.transform._rotation, torch._C, torch._C._dynamo.autograd_compiler, torch._C._dynamo.eval_frame, torch._C._dynamo.guards, torch._C._dynamo.utils, torch._C._fft, torch._C._linalg, torch._C._nested, torch._C._nn, torch._C._sparse, torch._C._special, , , osqp._osqposqp._osqposqp._osqp, , , charset_normalizer.mdcharset_normalizer.mdcharset_normalizer.md, , requests.packages.charset_normalizer.mdrequests.packages.charset_normalizer.md, requests.packages.charset_normalizer.md, , requests.packages.chardet.mdrequests.packages.chardet.md, requests.packages.chardet.md, , PIL._imagingftPIL._imagingft, PIL._imagingft, , , scipy.io.matlab._mio_utilsscipy.io.matlab._mio_utilsscipy.io.matlab._mio_utils, , , scipy.io.matlab._streamsscipy.io.matlab._streamsscipy.io.matlab._streams, , scipy.io.matlab._mio5_utilsscipy.io.matlab._mio5_utils, scipy.io.matlab._mio5_utils, , , yaml._yamlyaml._yamlyaml._yaml, , , kiwisolver._cextkiwisolver._cextkiwisolver._cext, , , pandas._libs.tslibs.ccalendarpandas._libs.tslibs.ccalendarpandas._libs.tslibs.ccalendar, , , pandas._libs.tslibs.np_datetimepandas._libs.tslibs.np_datetimepandas._libs.tslibs.np_datetime, , pandas._libs.tslibs.dtypespandas._libs.tslibs.dtypes, pandas._libs.tslibs.dtypes, , pandas._libs.tslibs.basepandas._libs.tslibs.base, , , pandas._libs.tslibs.nattypepandas._libs.tslibs.nattypepandas._libs.tslibs.base, , , pandas._libs.tslibs.timezonespandas._libs.tslibs.timezonespandas._libs.tslibs.nattype, , pandas._libs.tslibs.fieldspandas._libs.tslibs.fields, , pandas._libs.tslibs.timedeltaspandas._libs.tslibs.timedeltas, pandas._libs.tslibs.timezones, , pandas._libs.tslibs.tzconversionpandas._libs.tslibs.tzconversion, , pandas._libs.tslibs.timestampspandas._libs.tslibs.timestamps, pandas._libs.tslibs.fields, , pandas._libs.propertiespandas._libs.properties, pandas._libs.tslibs.timedeltas, , pandas._libs.tslibs.offsetspandas._libs.tslibs.offsets, , , pandas._libs.tslibs.strptimepandas._libs.tslibs.strptimepandas._libs.tslibs.tzconversion, , pandas._libs.tslibs.parsingpandas._libs.tslibs.parsing, pandas._libs.tslibs.timestamps, , pandas._libs.tslibs.conversionpandas._libs.tslibs.conversion, , pandas._libs.tslibs.period, pandas._libs.tslibs.periodpandas._libs.properties, , pandas._libs.tslibs.vectorizedpandas._libs.tslibs.vectorized, pandas._libs.tslibs.offsets, , pandas._libs.ops_dispatchpandas._libs.ops_dispatch, , pandas._libs.missingpandas._libs.missing, pandas._libs.tslibs.strptime, , pandas._libs.hashtablepandas._libs.hashtable, , , pandas._libs.tslibs.parsingpandas._libs.algospandas._libs.algos, , pandas._libs.intervalpandas._libs.interval, pandas._libs.tslibs.conversion, , pandas._libs.libpandas._libs.lib, pandas._libs.tslibs.period, , pandas._libs.opspandas._libs.ops, pandas._libs.tslibs.vectorized, , pandas._libs.hashingpandas._libs.hashing, pandas._libs.ops_dispatch, , pandas._libs.arrayspandas._libs.arrays, pandas._libs.missing, , pandas._libs.tslib, pandas._libs.tslibpandas._libs.hashtable, pandas._libs.sparse, pandas._libs.sparse, pandas._libs.algos, , pandas._libs.internalspandas._libs.internals, , , pandas._libs.intervalpandas._libs.indexingpandas._libs.indexing, , pandas._libs.index, pandas._libs.indexpandas._libs.lib, pandas._libs.writers, pandas._libs.writers, pandas._libs.join, , pandas._libs.joinpandas._libs.ops, , , pandas._libs.window.aggregationspandas._libs.hashingpandas._libs.window.aggregations, , pandas._libs.window.indexerspandas._libs.window.indexers, pandas._libs.arrays, , pandas._libs.reshapepandas._libs.reshape, , , pandas._libs.groupbypandas._libs.groupbypandas._libs.tslib, , , pandas._libs.sparsepandas._libs.jsonpandas._libs.json, , pandas._libs.parserspandas._libs.parsers, pandas._libs.internals, , pandas._libs.testingpandas._libs.testing, pandas._libs.indexing, pandas._libs.index, pandas._libs.writers, , numcodecs.compat_extnumcodecs.compat_ext, , , numcodecs.bloscpandas._libs.joinnumcodecs.blosc, numcodecs.zstd, numcodecs.zstd, numcodecs.lz4, , numcodecs.lz4pandas._libs.window.aggregations, numcodecs._shuffle, numcodecs._shuffle, pandas._libs.window.indexers, numcodecs.jenkins, numcodecs.jenkins, , , google_crc32c._crc32cpandas._libs.reshapegoogle_crc32c._crc32c, numcodecs.vlen, numcodecs.vlen, , numcodecs.fletcher32pandas._libs.groupby, numcodecs.fletcher32, pandas._libs.json, , h5py._errorsh5py._errors, pandas._libs.parsers, , h5py.defsh5py.defs, , h5py._objectsh5py._objects, pandas._libs.testing, , h5py.h5h5py.h5, , h5py.utilsh5py.utils, , h5py.h5th5py.h5t, , numcodecs.compat_exth5py.h5s, h5py.h5s, h5py.h5ac, h5py.h5ac, numcodecs.blosc, , h5py.h5ph5py.h5p, , , numcodecs.zstdh5py.h5rh5py.h5r, , h5py._proxyh5py._proxy, numcodecs.lz4, , h5py._convh5py._conv, , , h5py.h5znumcodecs._shuffleh5py.h5z, , h5py.h5ah5py.h5a, numcodecs.jenkins, , h5py.h5dh5py.h5d, , h5py.h5ds, h5py.h5dsgoogle_crc32c._crc32c, h5py.h5g, h5py.h5g, , numcodecs.vlenh5py.h5i, h5py.h5i, h5py.h5o, h5py.h5o, numcodecs.fletcher32, , h5py.h5fh5py.h5f, , h5py.h5fdh5py.h5fd, , , h5py.h5plh5py.h5plh5py._errors, , h5py.h5lh5py.h5l, h5py.defs, h5py._selector, h5py._selector, h5py._objects (total:  (total: 150150))

, h5py.h5, h5py.utils, h5py.h5t, h5py.h5s, h5py.h5ac, h5py.h5p, h5py.h5r, h5py._proxy, h5py._conv, h5py.h5z, h5py.h5a, h5py.h5d, h5py.h5ds, h5py.h5g, h5py.h5i, h5py.h5o, h5py.h5f, h5py.h5fd, h5py.h5pl, h5py.h5l, h5py._selector (total: 150)
2026-07-13T13:00:53Z [158,422ms] [Warning] [omni.physx.plugin] Damping attribute is unsupported for articulation joints and will be ignored (/World/DryingBox_03/RevoluteJoint).
2026-07-13T13:00:53Z [158,422ms] [Warning] [omni.physx.plugin] Restitution attribute is unsupported for articulation joints and will be ignored (/World/DryingBox_03/RevoluteJoint).
2026-07-13T13:01:02Z [167,731ms] [Warning] [carb.windowing-glfw.plugin] GLFW initialization failed.
2026-07-13T13:01:02Z [167,731ms] [Warning] [carb] Failed to startup plugin carb.windowing-glfw.plugin (interfaces: [carb::windowing::IGLContext v1.0],[carb::windowing::IWindowing v1.5]) (impl: carb.windowing-glfw.plugin)
2026-07-13T13:01:02Z [167,762ms] [Warning] [omni.physicsschema.plugin] ScaleOrientation is not supported for rigid bodies, prim path: /World/DryingBox_02/handle/mesh. You may ignore this if the scale is close to uniform.
2026-07-13T13:01:02Z [167,837ms] [Warning] [omni.physx.plugin] Damping attribute is unsupported for articulation joints and will be ignored (/World/DryingBox_03/RevoluteJoint).
2026-07-13T13:01:02Z [167,837ms] [Warning] [omni.physx.plugin] Restitution attribute is unsupported for articulation joints and will be ignored (/World/DryingBox_03/RevoluteJoint).
2026-07-13T13:01:12Z [177,532ms] [Warning] [carb.windowing-glfw.plugin] GLFW initialization failed.
2026-07-13T13:01:12Z [177,532ms] [Warning] [carb] Failed to startup plugin carb.windowing-glfw.plugin (interfaces: [carb::windowing::IGLContext v1.0],[carb::windowing::IWindowing v1.5]) (impl: carb.windowing-glfw.plugin)
2026-07-13T13:01:12Z [177,563ms] [Warning] [omni.physicsschema.plugin] ScaleOrientation is not supported for rigid bodies, prim path: /World/DryingBox_02/handle/mesh. You may ignore this if the scale is close to uniform.
2026-07-13T13:01:12Z [177,635ms] [Warning] [omni.physx.plugin] Damping attribute is unsupported for articulation joints and will be ignored (/World/DryingBox_03/RevoluteJoint).
2026-07-13T13:01:12Z [177,635ms] [Warning] [omni.physx.plugin] Restitution attribute is unsupported for articulation joints and will be ignored (/World/DryingBox_03/RevoluteJoint).
2026-07-13T13:01:12Z [177,663ms] [Warning] [isaacsim.core.simulation_manager.plugin] No adjacent samples found for interpolation at time 5773/30
2026-07-13T13:01:12Z [177,663ms] [Warning] [isaacsim.core.simulation_manager.plugin] No adjacent samples found for interpolation at time 5773/30
2026-07-13T13:01:12Z [177,664ms] [Warning] [isaacsim.core.simulation_manager.plugin] No adjacent samples found for interpolation at time 5773/30
Fatal Python error: Segmentation fault

Current thread 0x00007f7449b4d740 (most recent call first):
  File "/home/jingxiang/workspace/agenticsim-runtime/.venv/lib/python3.11/site-packages/isaacsim/exts/isaacsim.simulation_app/isaacsim/simulation_app/simulation_app.py", line 278 in signal_handler
  File "/home/jingxiang/.local/share/uv/python/cpython-3.11.15-linux-x86_64-gnu/lib/python3.11/weakref.py", line 105 in remove
  File "/home/jingxiang/workspace/agenticsim-runtime/.venv/lib/python3.11/site-packages/h5py/_hl/dataset.py", line 192 in make_new_dset
  File "/home/jingxiang/workspace/agenticsim-runtime/.venv/lib/python3.11/site-packages/h5py/_hl/group.py", line 240 in create_dataset
  File "/home/jingxiang/workspace/agenticsim-runtime/candidates/labutopia/data_collectors/data_collector.py", line 44 in _write_episode_data
  File "/home/jingxiang/.local/share/uv/python/cpython-3.11.15-linux-x86_64-gnu/lib/python3.11/concurrent/futures/process.py", line 261 in _process_worker
  File "/home/jingxiang/.local/share/uv/python/cpython-3.11.15-linux-x86_64-gnu/lib/python3.11/multiprocessing/process.py", line 108 in run
  File "/home/jingxiang/.local/share/uv/python/cpython-3.11.15-linux-x86_64-gnu/lib/python3.11/multiprocessing/process.py", line 314 in _bootstrap
  File "/home/jingxiang/.local/share/uv/python/cpython-3.11.15-linux-x86_64-gnu/lib/python3.11/multiprocessing/popen_fork.py", line 71 in _launch
  File "/home/jingxiang/.local/share/uv/python/cpython-3.11.15-linux-x86_64-gnu/lib/python3.11/multiprocessing/popen_fork.py", line 19 in __init__
  File "/home/jingxiang/.local/share/uv/python/cpython-3.11.15-linux-x86_64-gnu/lib/python3.11/multiprocessing/context.py", line 281 in _Popen
  File "/home/jingxiang/.local/share/uv/python/cpython-3.11.15-linux-x86_64-gnu/lib/python3.11/multiprocessing/process.py", line 121 in start
  File "/home/jingxiang/.local/share/uv/python/cpython-3.11.15-linux-x86_64-gnu/lib/python3.11/concurrent/futures/process.py", line 785 in _spawn_process
  File "/home/jingxiang/.local/share/uv/python/cpython-3.11.15-linux-x86_64-gnu/lib/python3.11/concurrent/futures/process.py", line 775 in _launch_processes
  File "/home/jingxiang/.local/share/uv/python/cpython-3.11.15-linux-x86_64-gnu/lib/python3.11/concurrent/futures/process.py", line 748 in _start_executor_manager_thread
  File "/home/jingxiang/.local/share/uv/python/cpython-3.11.15-linux-x86_64-gnu/lib/python3.11/concurrent/futures/process.py", line 809 in submit
  File "/home/jingxiang/workspace/agenticsim-runtime/candidates/labutopia/data_collectors/data_collector.py", line 169 in write_cached_data
  File "/home/jingxiang/workspace/agenticsim-runtime/candidates/labutopia/controllers/pick_controller.py", line 120 in _step_collect
  File "/home/jingxiang/workspace/agenticsim-runtime/candidates/labutopia/controllers/pick_controller.py", line 55 in step
  File "/home/jingxiang/workspace/agenticsim-runtime/candidates/labutopia/main.py", line 126 in main
  File "/home/jingxiang/workspace/agenticsim-runtime/candidates/labutopia/main.py", line 163 in <module>

Extension modules: psutil._psutil_linux, omni.mdl.pymdlsdk._pymdlsdk, numpy.core._multiarray_umath, numpy.core._multiarray_tests, numpy.linalg._umath_linalg, numpy.fft._pocketfft_internal, numpy.random._common, numpy.random.bit_generator, numpy.random._bounded_integers, numpy.random._mt19937, numpy.random.mtrand, numpy.random._philox, numpy.random._pcg64, numpy.random._sfc64, numpy.random._generator, PIL._imaging, scipy._lib._ccallback_c, scipy.sparse._sparsetools, _csparsetools, scipy.sparse._csparsetools, scipy.linalg._fblas, scipy.linalg._flapack, scipy.linalg.cython_lapack, scipy.linalg._cythonized_array_utils, scipy.linalg._solve_toeplitz, scipy.linalg._decomp_lu_cython, scipy.linalg._matfuncs_sqrtm_triu, scipy.linalg._matfuncs_expm, scipy.linalg._linalg_pythran, scipy.linalg.cython_blas, scipy.linalg._decomp_update, scipy.sparse.linalg._dsolve._superlu, scipy.sparse.linalg._eigen.arpack._arpack, scipy.sparse.linalg._propack._spropack, scipy.sparse.linalg._propack._dpropack, scipy.sparse.linalg._propack._cpropack, scipy.sparse.linalg._propack._zpropack, scipy.sparse.csgraph._tools, scipy.sparse.csgraph._shortest_path, scipy.sparse.csgraph._traversal, scipy.sparse.csgraph._min_spanning_tree, scipy.sparse.csgraph._flow, scipy.sparse.csgraph._matching, scipy.sparse.csgraph._reordering, scipy.spatial._ckdtree, scipy._lib.messagestream, scipy.spatial._qhull, scipy.spatial._voronoi, scipy.spatial._distance_wrap, scipy.spatial._hausdorff, scipy.special._ufuncs_cxx, scipy.special._ufuncs, scipy.special._specfun, scipy.special._comb, scipy.special._ellip_harm_2, scipy.spatial.transform._rotation, torch._C, torch._C._dynamo.autograd_compiler, torch._C._dynamo.eval_frame, torch._C._dynamo.guards, torch._C._dynamo.utils, torch._C._fft, torch._C._linalg, torch._C._nested, torch._C._nn, torch._C._sparse, torch._C._special, osqp._osqp, charset_normalizer.md, requests.packages.charset_normalizer.md, requests.packages.chardet.md, PIL._imagingft, scipy.io.matlab._mio_utils, scipy.io.matlab._streams, scipy.io.matlab._mio5_utils, yaml._yaml, kiwisolver._cext, pandas._libs.tslibs.ccalendar, pandas._libs.tslibs.np_datetime, pandas._libs.tslibs.dtypes, pandas._libs.tslibs.base, pandas._libs.tslibs.nattype, pandas._libs.tslibs.timezones, pandas._libs.tslibs.fields, pandas._libs.tslibs.timedeltas, pandas._libs.tslibs.tzconversion, pandas._libs.tslibs.timestamps, pandas._libs.properties, pandas._libs.tslibs.offsets, pandas._libs.tslibs.strptime, pandas._libs.tslibs.parsing, pandas._libs.tslibs.conversion, pandas._libs.tslibs.period, pandas._libs.tslibs.vectorized, pandas._libs.ops_dispatch, pandas._libs.missing, pandas._libs.hashtable, pandas._libs.algos, pandas._libs.interval, pandas._libs.lib, pandas._libs.ops, pandas._libs.hashing, pandas._libs.arrays, pandas._libs.tslib, pandas._libs.sparse, pandas._libs.internals, pandas._libs.indexing, pandas._libs.index, pandas._libs.writers, pandas._libs.join, pandas._libs.window.aggregations, pandas._libs.window.indexers, pandas._libs.reshape, pandas._libs.groupby, pandas._libs.json, pandas._libs.parsers, pandas._libs.testing, numcodecs.compat_ext, numcodecs.blosc, numcodecs.zstd, numcodecs.lz4, numcodecs._shuffle, numcodecs.jenkins, google_crc32c._crc32c, numcodecs.vlen, numcodecs.fletcher32, h5py._errors, h5py.defs, h5py._objects, h5py.h5, h5py.utils, h5py.h5t, h5py.h5s, h5py.h5ac, h5py.h5p, h5py.h5r, h5py._proxy, h5py._conv, h5py.h5z, h5py.h5a, h5py.h5d, h5py.h5ds, h5py.h5g, h5py.h5i, h5py.h5o, h5py.h5f, h5py.h5fd, h5py.h5pl, h5py.h5l, h5py._selector (total: 150)
