[Info] [carb] Logging to file: /home/jingxiang/workspace/agenticsim-runtime/.venv/lib/python3.11/site-packages/isaacsim/kit/logs/Kit/Isaac-Sim Python/5.1/kit_20260713_210917.log
2026-07-13T13:09:17Z [0ms] [Warning] [carb.crashreporter-breakpad.plugin] [previous crash] preventing upload of minidump due to user opt-out: '/home/jingxiang/workspace/agenticsim-runtime/.venv/lib/python3.11/site-packages/isaacsim/kit/data/Kit/Isaac-Sim Python/5.1/cc42f149-c97a-484f-4e970ebc-3249862a.dmp'
[0.032s] [ext: omni.kit.async_engine-0.0.3] startup
[0.106s] [ext: omni.metrics.core-0.0.3] startup
[0.106s] [ext: omni.client.lib-1.1.0] startup
[0.115s] [ext: omni.blobkey-1.1.2] startup
[0.115s] [ext: omni.stats-1.0.1] startup
[0.116s] [ext: omni.datastore-0.0.0] startup
[0.120s] [ext: omni.client-1.3.0] startup
[0.123s] [ext: omni.ujitso.default-1.0.0] startup
[0.124s] [ext: omni.hsscclient-1.1.2] startup
[0.128s] [ext: omni.gpu_foundation.shadercache.vulkan-1.0.0] startup
[0.129s] [ext: omni.assets.plugins-0.0.0] startup
[0.130s] [ext: omni.gpu_foundation-0.0.0] startup
[0.137s] [ext: carb.windowing.plugins-1.0.0] startup
2026-07-13T13:09:17Z [127ms] [Warning] [carb.windowing-glfw.plugin] GLFW initialization failed.
2026-07-13T13:09:17Z [127ms] [Warning] [carb] Failed to startup plugin carb.windowing-glfw.plugin (interfaces: [carb::windowing::IGLContext v1.0],[carb::windowing::IWindowing v1.5]) (impl: carb.windowing-glfw.plugin)
[0.137s] [ext: omni.kit.renderer.init-0.0.0] startup
2026-07-13T13:09:17Z [137ms] [Warning] [omni.platforminfo.plugin] failed to open the default display.  Can't verify X Server version.
2026-07-13T13:09:17Z [462ms] [Warning] [gpu.foundation.plugin] Skipping unsupported non-NVIDIA GPU: AMD Ryzen 7 7800X3D 8-Core Processor (RADV RAPHAEL_MENDOCINO)
2026-07-13T13:09:17Z [462ms] [Warning] [gpu.foundation.plugin] Skipping unsupported non-NVIDIA GPU: AMD Ryzen 7 7800X3D 8-Core Processor (RADV RAPHAEL_MENDOCINO)

|---------------------------------------------------------------------------------------------|
| Driver Version: 580.159.03    | Graphics API: Vulkan
|=============================================================================================|
| GPU | Name                             | Active | LDA | GPU Memory | Vendor-ID | LUID       |
|     |                                  |        |     |            | Device-ID | UUID       |
|     |                                  |        |     |            | Bus-ID    |            |
|---------------------------------------------------------------------------------------------|
| 0   | NVIDIA GeForce RTX 5090          | Yes: 0 |     | 32607   MB | 10de      | 0          |
|     |                                  |        |     |            | 2b85      | f854badd.. |
|     |                                  |        |     |            | 1         |            |
|---------------------------------------------------------------------------------------------|
| 1   | AMD Ryzen 7 7800X3D 8-Core Pro.. |        |     | 21476   MB | 1002      | 0          |
|     |                                  |        |     |            | 164e      | 00000000.. |
|     |                                  |        |     |            | 12        |            |
|=============================================================================================|
| OS: 24.04.4 LTS (Noble Numbat) ubuntu, Version: 24.04.4, Kernel: 6.17.0-35-generic
| Processor: AMD Ryzen 7 7800X3D 8-Core Processor
| Cores: 8 | Logical Cores: 16
|---------------------------------------------------------------------------------------------|
| Total Memory (MB): 63405 | Free Memory: 59579
| Total Page/Swap (MB): 62499 | Free Page/Swap: 62499
|---------------------------------------------------------------------------------------------|
2026-07-13T13:09:18Z [743ms] [Warning] [gpu.foundation.plugin] IOMMU is enabled.
2026-07-13T13:09:18Z [743ms] [Warning] [gpu.foundation.plugin] Detected IOMMU is enabled. Running CUDA peer-to-peer bandwidth and latency validation.
Unidirectional P2P=Enabled Bandwidth (P2P Writes) Matrix (GB/s)
   D\D     0 
     0 1522.90 
P2P=Enabled Latency (P2P Writes) Matrix (us)
   GPU     0 
     0   2.07 

   CPU     0 
     0   1.61 
[0.875s] [ext: omni.materialx.libs-1.0.7] startup
[0.881s] [ext: omni.kit.telemetry-0.5.2] startup
[0.901s] [ext: omni.usd.config-1.0.6] startup
[0.904s] [ext: omni.gpucompute.plugins-0.0.0] startup
[0.905s] [ext: omni.usd.libs-1.0.1] startup
[0.963s] [ext: omni.kit.loop-isaac-1.3.7] startup
[0.964s] [ext: omni.kit.test-2.0.1] startup
[0.996s] [ext: omni.mdl-56.0.3] startup
[1.055s] [ext: omni.iray.libs-0.0.0] startup
[1.060s] [ext: omni.mdl.neuraylib-0.2.12] startup
[1.062s] [ext: omni.kit.usd.mdl-1.1.5] startup
[1.126s] [ext: omni.kit.pipapi-0.0.0] startup
[1.127s] [ext: omni.appwindow-1.1.10] startup
2026-07-13T13:09:18Z [1,117ms] [Warning] [carb.windowing-glfw.plugin] GLFW initialization failed.
2026-07-13T13:09:18Z [1,117ms] [Warning] [carb] Failed to startup plugin carb.windowing-glfw.plugin (interfaces: [carb::windowing::IGLContext v1.0],[carb::windowing::IWindowing v1.5]) (impl: carb.windowing-glfw.plugin)
[1.129s] [ext: omni.kit.renderer.core-1.1.0] startup
2026-07-13T13:09:18Z [1,130ms] [Warning] [carb.windowing-glfw.plugin] GLFW initialization failed.
2026-07-13T13:09:18Z [1,130ms] [Warning] [carb] Failed to startup plugin carb.windowing-glfw.plugin (interfaces: [carb::windowing::IGLContext v1.0],[carb::windowing::IWindowing v1.5]) (impl: carb.windowing-glfw.plugin)
2026-07-13T13:09:18Z [1,135ms] [Warning] [carb.windowing-glfw.plugin] GLFW initialization failed.
2026-07-13T13:09:18Z [1,135ms] [Warning] [carb] Failed to startup plugin carb.windowing-glfw.plugin (interfaces: [carb::windowing::IGLContext v1.0],[carb::windowing::IWindowing v1.5]) (impl: carb.windowing-glfw.plugin)
[1.146s] [ext: omni.kit.renderer.capture-0.0.0] startup
[1.148s] [ext: omni.kit.renderer.imgui-2.0.5] startup
2026-07-13T13:09:18Z [1,141ms] [Warning] [carb.windowing-glfw.plugin] GLFW initialization failed.
2026-07-13T13:09:18Z [1,141ms] [Warning] [carb] Failed to startup plugin carb.windowing-glfw.plugin (interfaces: [carb::windowing::IGLContext v1.0],[carb::windowing::IWindowing v1.5]) (impl: carb.windowing-glfw.plugin)
2026-07-13T13:09:18Z [1,142ms] [Warning] [carb.windowing-glfw.plugin] GLFW initialization failed.
2026-07-13T13:09:18Z [1,142ms] [Warning] [carb] Failed to startup plugin carb.windowing-glfw.plugin (interfaces: [carb::windowing::IGLContext v1.0],[carb::windowing::IWindowing v1.5]) (impl: carb.windowing-glfw.plugin)
2026-07-13T13:09:18Z [1,143ms] [Warning] [carb.windowing-glfw.plugin] GLFW initialization failed.
2026-07-13T13:09:18Z [1,143ms] [Warning] [carb] Failed to startup plugin carb.windowing-glfw.plugin (interfaces: [carb::windowing::IGLContext v1.0],[carb::windowing::IWindowing v1.5]) (impl: carb.windowing-glfw.plugin)
[1.194s] [ext: omni.ui-2.27.1] startup
[1.201s] [ext: omni.kit.mainwindow-1.0.3] startup
[1.202s] [ext: carb.audio-0.1.0] startup
[1.206s] [ext: omni.uiaudio-1.0.0] startup
[1.207s] [ext: omni.kit.uiapp-0.0.0] startup
[1.207s] [ext: omni.usd.schema.metrics.assembler-107.3.1] startup
[1.208s] [ext: omni.usd.schema.physx-107.3.26] startup
[1.228s] [ext: omni.usd.schema.geospatial-0.0.0] startup
[1.229s] [ext: omni.usd.schema.audio-0.0.0] startup
[1.231s] [ext: omni.usd.schema.anim-0.0.0] startup
[1.242s] [ext: omni.usd.schema.flow-107.1.1] startup
[1.243s] [ext: omni.usd_resolver-1.0.0] startup
[1.245s] [ext: omni.usd.core-1.5.3] startup
[1.246s] [ext: omni.usd.schema.omni_sensors-0.0.0] startup
[1.256s] [ext: omni.usd.schema.semantics-0.0.0] startup
[1.257s] [ext: omni.usd.schema.omniscripting-1.0.0] startup
[1.260s] [ext: omni.usd.schema.omni_lens_distortion-0.0.0] startup
[1.260s] [ext: omni.usd.schema.omnigraph-1.0.0] startup
[1.263s] [ext: omni.kit.window.popup_dialog-2.0.24] startup
[1.266s] [ext: omni.graph.exec-0.9.6] startup
[1.266s] [ext: omni.kit.widget.nucleus_connector-2.0.1] startup
[1.267s] [ext: omni.kit.usd_undo-0.1.8] startup
[1.267s] [ext: omni.kit.exec.core-0.13.4] startup
[1.268s] [ext: omni.kit.actions.core-1.0.0] startup
[1.270s] [ext: omni.resourcemonitor-107.0.1] startup
[1.272s] [ext: omni.activity.core-1.0.3] startup
[1.272s] [ext: omni.timeline-1.0.14] startup
[1.274s] [ext: omni.kit.commands-1.4.10] startup
[1.276s] [ext: usdrt.scenegraph-7.6.1] startup
[1.299s] [ext: omni.kit.audiodeviceenum-1.0.2] startup
[1.300s] [ext: omni.hydra.usdrt_delegate-7.5.1] startup
[1.304s] [ext: omni.hydra.scene_delegate-0.3.4] startup
[1.307s] [ext: omni.usd-1.13.10] startup
[1.324s] [ext: omni.inspect-1.0.2] startup
[1.324s] [ext: omni.kit.notification_manager-1.0.10] startup
[1.325s] [ext: omni.graph.core-2.184.5] startup
[1.327s] [ext: isaacsim.core.deprecation_manager-0.2.7] startup
[1.327s] [ext: omni.anim.graph.schema-107.3.3] startup
[1.331s] [ext: omni.usd.schema.isaac-3.0.5] startup
[1.331s] [ext: omni.anim.navigation.schema-107.3.3] startup
[1.333s] [ext: omni.kit.asset_converter-5.0.17] startup
[1.341s] [ext: isaacsim.robot.schema-3.6.0] startup
[1.346s] [ext: omni.usd.schema.render_settings.rtx-0.0.0] startup
[1.347s] [ext: omni.kit.menu.core-1.1.2] startup
[1.347s] [ext: omni.kit.widget.path_field-2.0.11] startup
[1.348s] [ext: omni.kit.widget.context_menu-1.2.5] startup
[1.348s] [ext: omni.kit.widget.browser_bar-2.0.10] startup
[1.349s] [ext: omni.kit.clipboard-1.0.5] startup
[1.349s] [ext: omni.kit.numpy.common-0.1.3] startup
[1.350s] [ext: omni.kit.widget.options_menu-1.1.6] startup
[1.352s] [ext: omni.kit.helper.file_utils-0.1.9] startup
[1.353s] [ext: omni.ui.scene-1.11.5] startup
[1.355s] [ext: omni.kit.widget.options_button-1.0.3] startup
[1.356s] [ext: omni.kit.widget.filebrowser-2.12.3] startup
[1.358s] [ext: omni.kit.usd.layers-2.2.11] startup
[1.363s] [ext: omni.kit.window.filepicker-2.13.4] startup
[1.371s] [ext: omni.kit.hotkeys.core-1.3.10] startup
[1.373s] [ext: omni.kit.context_menu-1.8.6] startup
[1.374s] [ext: omni.kit.property.adapter.core-1.0.2] startup
[1.376s] [ext: omni.kit.window.file_exporter-1.0.33] startup
[1.377s] [ext: omni.kit.widget.searchfield-1.1.8] startup
[1.378s] [ext: omni.kit.widget.filter-1.1.4] startup
[1.378s] [ext: omni.kit.widget.graph-2.0.0] startup
[1.381s] [ext: omni.kit.widget.stage-3.1.4] startup
[1.387s] [ext: omni.kit.property.adapter.usd-1.0.2] startup
[1.388s] [ext: omni.kit.property.adapter.fabric-1.0.3] startup
[1.389s] [ext: omni.kit.graph.delegate.default-1.2.3] startup
[1.389s] [ext: omni.kit.window.file_importer-1.1.18] startup
[1.390s] [ext: omni.kit.stage_template.core-1.1.22] startup
[1.390s] [ext: omni.kit.menu.utils-2.0.5] startup
[1.393s] [ext: omni.kit.window.file-2.0.5] startup
[1.396s] [ext: omni.kit.widget.highlight_label-1.0.3] startup
[1.396s] [ext: omni.kit.window.drop_support-1.0.5] startup
[1.397s] [ext: omni.kit.window.content_browser_registry-0.0.6] startup
[1.397s] [ext: omni.kit.window.property-1.12.1] startup
[1.399s] [ext: omni.kit.window.content_browser-3.1.3] startup
[1.406s] [ext: isaacsim.core.version-2.0.6] startup
[1.406s] [ext: omni.kit.property.usd-4.5.12] startup
[1.415s] [ext: omni.kit.graph.editor.core-1.5.3] startup
[1.416s] [ext: omni.kit.material.library-2.0.7] startup
[1.419s] [ext: omni.kit.graph.usd.commands-1.3.1] startup
[1.419s] [ext: omni.kvdb-107.3.26] startup
[1.420s] [ext: omni.usdphysics-107.3.26] startup
[1.421s] [ext: omni.physx.foundation-107.3.26] startup
[1.422s] [ext: omni.localcache-107.3.26] startup
[1.423s] [ext: omni.convexdecomposition-107.3.26] startup
[1.425s] [ext: omni.physics-107.3.26] startup
[1.427s] [ext: omni.physx.cooking-107.3.26] startup
[1.429s] [ext: omni.physics.stageupdate-107.3.26] startup
[1.430s] [ext: omni.physx-107.3.26] startup
[1.436s] [ext: omni.index.libs-380600.8087.0] startup
[1.436s] [ext: omni.physics.physx-107.3.26] startup
2026-07-13T13:09:18Z [1,426ms] [Warning] [carb] Acquiring non optional plugin interface which is not listed as dependency: [omni::physx::IPhysxBenchmarks v1.0] (plugin: <default plugin>), by client: omni.physics.physx.plugin. Add it to CARB_PLUGIN_IMPL_DEPS() macro of a client.
[1.437s] [ext: omni.index-1.0.1] startup
[1.437s] [ext: omni.volume-0.5.2] startup
[1.439s] [ext: omni.ujitso.client-0.0.0] startup
[1.439s] [ext: omni.hydra.rtx.shadercache.vulkan-1.0.0] startup
[1.440s] [ext: omni.kit.widget.searchable_combobox-1.0.6] startup
[1.441s] [ext: omni.hydra.rtx-1.0.0] startup
2026-07-13T13:09:18Z [1,443ms] [Warning] [omni.log] Source: omni.hydra was already registered.
[1.466s] [ext: omni.kit.widget.settings-1.2.6] startup
[1.468s] [ext: omni.kit.hydra_texture-1.4.6] startup
[1.470s] [ext: omni.graph.tools-1.79.2] startup
[1.483s] [ext: omni.kit.window.preferences-1.8.0] startup
[1.487s] [ext: omni.kit.widget.material_preview-1.0.16] startup
[1.487s] [ext: omni.graph-1.141.2] startup
[1.512s] [ext: omni.kit.window.material_graph-1.9.1] startup
[1.518s] [ext: omni.isaac.dynamic_control-2.0.7] startup
2026-07-13T13:09:18Z [1,510ms] [Warning] [omni.isaac.dynamic_control] omni.isaac.dynamic_control is deprecated as of Isaac Sim 4.5. No action is needed from end-users.
[1.521s] [ext: isaacsim.storage.native-1.5.1] startup
[1.523s] [ext: omni.graph.scriptnode-1.50.0] startup
[1.524s] [ext: omni.hydra.engine.stats-1.0.3] startup
[1.526s] [ext: omni.kit.viewport.legacy_gizmos-1.0.19] startup
[1.528s] [ext: omni.kit.raycast.query-1.1.0] startup
[1.533s] [ext: omni.graph.action_core-1.1.7] startup
[1.535s] [ext: omni.kit.viewport.scene_camera_model-1.0.6] startup
[1.539s] [ext: omni.graph.image.core-0.6.1] startup
[1.540s] [ext: omni.kit.widget.viewport-107.1.3] startup
[1.542s] [ext: omni.kit.viewport.registry-104.0.6] startup
[1.543s] [ext: omni.usd.metrics.assembler-107.3.1] startup
[1.545s] [ext: omni.kit.viewport.window-107.2.0] startup
[1.557s] [ext: omni.kit.viewport.menubar.core-107.2.1] startup
[1.567s] [ext: omni.graph.image.nodes-1.3.1] startup
[1.567s] [ext: omni.usd.metrics.assembler.physics-107.3.26] startup
[1.568s] [ext: omni.warp.core-1.8.2] startup
[1.688s] [ext: omni.kit.viewport.utility-1.1.2] startup
[1.688s] [ext: omni.physics.tensors-107.3.26] startup
[1.692s] [ext: omni.syntheticdata-0.6.13] startup
[1.708s] [ext: isaacsim.test.docstring-1.1.0] startup
[1.713s] [ext: isaacsim.core.utils-3.5.1] startup
[1.716s] [ext: omni.physx.tensors-107.3.26] startup
[1.721s] [ext: omni.graph.nodes-1.170.10] startup
[1.727s] [ext: omni.graph.action_nodes-1.50.4] startup
[1.730s] [ext: omni.kit.primitive.mesh-1.0.17] startup
[1.735s] [ext: isaacsim.core.simulation_manager-1.4.4] startup
[3.459s] [ext: omni.graph.ui_nodes-1.50.5] startup
[3.462s] [ext: omni.graph.action-1.130.0] startup
[3.463s] [ext: omni.kit.stage_templates-2.0.0] startup
[3.467s] [ext: isaacsim.core.prims-0.6.1] startup
[3.488s] [ext: omni.warp-1.8.2] startup
[3.493s] [ext: omni.videoencoding-0.1.2] startup
[3.497s] [ext: isaacsim.core.api-4.8.0] startup
[3.514s] [ext: isaacsim.core.experimental.utils-0.3.0] startup
[3.526s] [ext: omni.replicator.core-1.12.27] startup
2026-07-13T13:09:20Z [3,534ms] [Warning] [pxr.Semantics] pxr.Semantics is deprecated - please use Semantics instead
2026-07-13T13:09:20Z [3,620ms] [Warning] [omni.graph.core.plugin] Found duplicate of category 'Replicator' - was 'Annotators', adding 'Fabric Reader'
2026-07-13T13:09:20Z [3,620ms] [Warning] [omni.graph.core.plugin] Category 'Replicator' not accepted on node type 'omni.replicator.core.FabricReader' in extension 'omni.replicator.core'
2026-07-13T13:09:20Z [3,620ms] [Warning] [omni.replicator.core.scripts.extension] No material configuration file, adding configuration to material settings directly.
[3.633s] [ext: isaacsim.core.experimental.prims-0.8.1] startup
[3.668s] [ext: omni.kit.window.extensions-1.4.27] startup
[3.683s] [ext: isaacsim.core.experimental.objects-0.4.0] startup
[3.704s] [ext: omni.ui_query-1.1.8] startup
[3.707s] [ext: omni.kit.manipulator.viewport-107.0.1] startup
[3.709s] [ext: isaacsim.robot.surface_gripper-3.3.1] startup
[3.714s] [ext: omni.kit.ui_test-1.3.7] startup
[3.720s] [ext: omni.graph.visualization.nodes-2.1.3] startup
[3.736s] [ext: isaacsim.robot_motion.lula-4.0.8] startup
[3.744s] [ext: isaacsim.core.nodes-3.4.3] startup
[3.751s] [ext: isaacsim.gui.components-1.2.1] startup
[3.769s] [ext: isaacsim.robot_motion.motion_generation-8.0.26] startup
[3.789s] [ext: isaacsim.robot.manipulators-3.3.6] startup
[3.799s] [ext: isaacsim.core.experimental.materials-0.4.0] startup
[3.854s] [ext: isaacsim.robot.manipulators.examples-1.1.2] startup
[3.866s] [ext: isaacsim.cortex.framework-1.0.12] startup
[3.906s] [ext: isaacsim.cortex.behaviors-2.0.14] startup
[3.914s] [ext: omni.isaac.cortex.sample_behaviors-2.0.5] startup
2026-07-13T13:09:21Z [3,906ms] [Warning] [omni.isaac.cortex] omni.isaac.cortex has been deprecated in favor of isaacsim.cortex.framework. Please update your code accordingly.
2026-07-13T13:09:21Z [3,906ms] [Warning] [omni.isaac.cortex.sample_behaviors] omni.isaac.cortex.sample_behaviors has been deprecated in favor of isaacsim.cortex.behaviors. Please update your code accordingly.
[3.919s] [ext: omni.kit.widget.zoombar-1.0.6] startup
[3.961s] [ext: isaacsim.gui.content_browser-0.1.11] startup
[3.988s] [ext: omni.kit.browser.core-2.3.13] startup
[4.061s] [ext: omni.kit.widget.stage_icons-1.0.8] startup
[4.110s] [ext: omni.kit.widget.prompt-1.0.7] startup
[4.133s] [ext: omni.kit.usd.collect-2.4.5] startup
[4.135s] [ext: omni.kit.browser.folder.core-1.10.9] startup
[4.140s] [ext: omni.kit.window.stage-2.6.1] startup
[4.144s] [ext: omni.kit.usdz_export-1.0.9] startup
[4.146s] [ext: omni.kit.tool.collect-2.2.18] startup
[4.148s] [ext: omni.kit.menu.stage-1.2.7] startup
[4.149s] [ext: omni.kit.tool.asset_importer-4.3.2] startup
[4.153s] [ext: isaacsim.robot.wheeled_robots-4.0.24] startup
[4.157s] [ext: isaacsim.examples.browser-0.2.1] startup
[4.161s] [ext: isaacsim.asset.importer.urdf-2.4.30] startup
[4.207s] [ext: omni.isaac.wheeled_robots-3.0.7] startup
2026-07-13T13:09:21Z [4,198ms] [Warning] [omni.isaac.wheeled_robots] omni.isaac.wheeled_robots has been deprecated in favor of isaacsim.robot.wheeled_robots. Please update your code accordingly.
2026-07-13T13:09:21Z [4,198ms] [Warning] [omni.isaac.wheeled_robots.controllers] omni.isaac.wheeled_robots has been deprecated in favor of isaacsim.robot.wheeled_robots. Please update your code accordingly.
2026-07-13T13:09:21Z [4,199ms] [Warning] [omni.isaac.wheeled_robots.controllers.ackermann_controller] omni.isaac.wheeled_robots has been deprecated in favor of isaacsim.robot.wheeled_robots. Please update your code accordingly.
2026-07-13T13:09:21Z [4,199ms] [Warning] [omni.isaac.wheeled_robots.controllers.differential_controller] omni.isaac.wheeled_robots has been deprecated in favor of isaacsim.robot.wheeled_robots. Please update your code accordingly.
2026-07-13T13:09:21Z [4,199ms] [Warning] [omni.isaac.wheeled_robots.controllers.holonomic_controller] omni.isaac.wheeled_robots has been deprecated in favor of isaacsim.robot.wheeled_robots. Please update your code accordingly.
2026-07-13T13:09:21Z [4,200ms] [Warning] [omni.isaac.wheeled_robots.controllers.quintic_path_planner] omni.isaac.wheeled_robots has been deprecated in favor of isaacsim.robot.wheeled_robots. Please update your code accordingly.
2026-07-13T13:09:21Z [4,201ms] [Warning] [omni.isaac.wheeled_robots.controllers.stanley_control] omni.isaac.wheeled_robots has been deprecated in favor of isaacsim.robot.wheeled_robots. Please update your code accordingly.
2026-07-13T13:09:21Z [4,203ms] [Warning] [omni.isaac.wheeled_robots.controllers.wheel_base_pose_controller] omni.isaac.wheeled_robots has been deprecated in favor of isaacsim.robot.wheeled_robots. Please update your code accordingly.
2026-07-13T13:09:21Z [4,204ms] [Warning] [omni.isaac.wheeled_robots.impl] omni.isaac.wheeled_robots has been deprecated in favor of isaacsim.robot.wheeled_robots. Please update your code accordingly.
2026-07-13T13:09:21Z [4,204ms] [Warning] [omni.isaac.wheeled_robots.robots] omni.isaac.wheeled_robots has been deprecated in favor of isaacsim.robot.wheeled_robots. Please update your code accordingly.
2026-07-13T13:09:21Z [4,204ms] [Warning] [omni.isaac.wheeled_robots.robots.holonomic_robot_usd_setup] omni.isaac.wheeled_robots has been deprecated in favor of isaacsim.robot.wheeled_robots. Please update your code accordingly.
2026-07-13T13:09:21Z [4,204ms] [Warning] [omni.isaac.wheeled_robots.robots.wheeled_robot] omni.isaac.wheeled_robots has been deprecated in favor of isaacsim.robot.wheeled_robots. Please update your code accordingly.
[4.215s] [ext: isaacsim.simulation_app-2.12.2] startup
[4.217s] [ext: omni.isaac.franka-1.0.7] startup
2026-07-13T13:09:21Z [4,207ms] [Warning] [omni.isaac.franka] omni.isaac.franka has been deprecated in favor of isaacsim.robot.manipulators.examples.franka. Please update your code accordingly.
2026-07-13T13:09:21Z [4,207ms] [Warning] [omni.isaac.franka.franka] omni.isaac.franka has been deprecated in favor of isaacsim.robot.manipulators.examples.franka. Please update your code accordingly.
2026-07-13T13:09:21Z [4,221ms] [Warning] [omni.isaac.franka.kinematics_solver] omni.isaac.franka has been deprecated in favor of isaacsim.robot.manipulators.examples.franka. Please update your code accordingly.
[4.231s] [ext: omni.isaac.kit-2.0.6] startup
2026-07-13T13:09:21Z [4,222ms] [Warning] [omni.isaac.kit] omni.isaac.kit has been deprecated in favor of isaacsim.simulation_app. Please update your code accordingly.
[4.233s] [ext: omni.kit.selection-0.1.6] startup
[4.234s] [ext: omni.isaac.lula-4.0.6] startup
2026-07-13T13:09:21Z [4,224ms] [Warning] [omni.isaac.lula] omni.isaac.lula has been deprecated in favor of isaacsim.robot_motion.lula. Please update your code accordingly.
[4.235s] [ext: isaacsim.robot_motion.lula_test_widget-1.0.12] startup
[4.236s] [ext: isaacsim.asset.browser-1.3.23] startup
[4.274s] [ext: omni.kit.viewport.actions-107.0.2] startup
[4.278s] [ext: isaacsim.gui.menu-2.4.4] startup
[4.283s] [ext: omni.isaac.manipulators-3.0.7] startup
2026-07-13T13:09:21Z [4,274ms] [Warning] [omni.isaac.manipulators] omni.isaac.manipulators has been deprecated in favor of isaacsim.robot.manipulators. Please update your code accordingly.
2026-07-13T13:09:21Z [4,274ms] [Warning] [omni.isaac.manipulators.controllers] omni.isaac.manipulators has been deprecated in favor of isaacsim.robot.manipulators. Please update your code accordingly.
2026-07-13T13:09:21Z [4,274ms] [Warning] [omni.isaac.manipulators.controllers.pick_place_controller] omni.isaac.manipulators has been deprecated in favor of isaacsim.robot.manipulators. Please update your code accordingly.
2026-07-13T13:09:21Z [4,276ms] [Warning] [omni.isaac.manipulators.controllers.stacking_controller] omni.isaac.manipulators has been deprecated in favor of isaacsim.robot.manipulators. Please update your code accordingly.
2026-07-13T13:09:21Z [4,276ms] [Warning] [omni.isaac.manipulators.grippers] omni.isaac.manipulators has been deprecated in favor of isaacsim.robot.manipulators. Please update your code accordingly.
2026-07-13T13:09:21Z [4,276ms] [Warning] [omni.isaac.manipulators.grippers.gripper] omni.isaac.manipulators has been deprecated in favor of isaacsim.robot.manipulators. Please update your code accordingly.
2026-07-13T13:09:21Z [4,276ms] [Warning] [omni.isaac.manipulators.grippers.parallel_gripper] omni.isaac.manipulators has been deprecated in favor of isaacsim.robot.manipulators. Please update your code accordingly.
2026-07-13T13:09:21Z [4,276ms] [Warning] [omni.isaac.manipulators.grippers.surface_gripper] omni.isaac.manipulators has been deprecated in favor of isaacsim.robot.manipulators. Please update your code accordingly.
2026-07-13T13:09:21Z [4,276ms] [Warning] [omni.isaac.manipulators.manipulators] omni.isaac.manipulators has been deprecated in favor of isaacsim.robot.manipulators. Please update your code accordingly.
2026-07-13T13:09:21Z [4,276ms] [Warning] [omni.isaac.manipulators.manipulators.single_manipulator] omni.isaac.manipulators has been deprecated in favor of isaacsim.robot.manipulators. Please update your code accordingly.
[4.287s] [ext: omni.isaac.lula_test_widget-1.0.6] startup
2026-07-13T13:09:21Z [4,278ms] [Warning] [omni.isaac.lula_test_widget] omni.isaac.lula_test_widget has been deprecated in favor of isaacsim.robot_motion.lula_test_widget. Please update your code accordingly.
[4.288s] [ext: omni.isaac.asset_browser-1.0.6] startup
2026-07-13T13:09:21Z [4,280ms] [Warning] [omni.isaac.asset_browser] omni.isaac.asset_browser has been deprecated in favor of isaacsim.asset.browser. Please update your code accordingly.
[4.290s] [ext: omni.kit.viewport.menubar.display-107.0.3] startup
[4.295s] [ext: omni.isaac.menu-1.0.6] startup
2026-07-13T13:09:21Z [4,285ms] [Warning] [omni.isaac.menu] omni.isaac.menu has been deprecated in favor of isaacsim.gui.menu. Please update your code accordingly.
[4.297s] [ext: omni.isaac.motion_generation-8.0.7] startup
2026-07-13T13:09:21Z [4,287ms] [Warning] [omni.isaac.motion_generation] omni.isaac.motion_generation has been deprecated in favor of isaacsim.robot_motion.motion_generation. Please update your code accordingly.
2026-07-13T13:09:21Z [4,288ms] [Warning] [omni.isaac.motion_generation.articulation_kinematics_solver] omni.isaac.motion_generation has been deprecated in favor of isaacsim.robot_motion.motion_generation. Please update your code accordingly.
2026-07-13T13:09:21Z [4,288ms] [Warning] [omni.isaac.motion_generation.articulation_motion_policy] omni.isaac.motion_generation has been deprecated in favor of isaacsim.robot_motion.motion_generation. Please update your code accordingly.
2026-07-13T13:09:21Z [4,288ms] [Warning] [omni.isaac.motion_generation.articulation_trajectory] omni.isaac.motion_generation has been deprecated in favor of isaacsim.robot_motion.motion_generation. Please update your code accordingly.
2026-07-13T13:09:21Z [4,288ms] [Warning] [omni.isaac.motion_generation.kinematics_interface] omni.isaac.motion_generation has been deprecated in favor of isaacsim.robot_motion.motion_generation. Please update your code accordingly.
2026-07-13T13:09:21Z [4,288ms] [Warning] [omni.isaac.motion_generation.lula] omni.isaac.motion_generation has been deprecated in favor of isaacsim.robot_motion.motion_generation. Please update your code accordingly.
2026-07-13T13:09:21Z [4,288ms] [Warning] [omni.isaac.motion_generation.lula.kinematics] omni.isaac.motion_generation has been deprecated in favor of isaacsim.robot_motion.motion_generation. Please update your code accordingly.
2026-07-13T13:09:21Z [4,288ms] [Warning] [omni.isaac.motion_generation.lula.motion_policies] omni.isaac.motion_generation has been deprecated in favor of isaacsim.robot_motion.motion_generation. Please update your code accordingly.
2026-07-13T13:09:21Z [4,288ms] [Warning] [omni.isaac.motion_generation.lula.path_planners] omni.isaac.motion_generation has been deprecated in favor of isaacsim.robot_motion.motion_generation. Please update your code accordingly.
2026-07-13T13:09:21Z [4,288ms] [Warning] [omni.isaac.motion_generation.lula.trajectory_generator] omni.isaac.motion_generation has been deprecated in favor of isaacsim.robot_motion.motion_generation. Please update your code accordingly.
2026-07-13T13:09:21Z [4,289ms] [Warning] [omni.isaac.motion_generation.motion_policy_controller] omni.isaac.motion_generation has been deprecated in favor of isaacsim.robot_motion.motion_generation. Please update your code accordingly.
2026-07-13T13:09:21Z [4,289ms] [Warning] [omni.isaac.motion_generation.motion_policy_interface] omni.isaac.motion_generation has been deprecated in favor of isaacsim.robot_motion.motion_generation. Please update your code accordingly.
2026-07-13T13:09:21Z [4,289ms] [Warning] [omni.isaac.motion_generation.path_planner_visualizer] omni.isaac.motion_generation has been deprecated in favor of isaacsim.robot_motion.motion_generation. Please update your code accordingly.
2026-07-13T13:09:21Z [4,289ms] [Warning] [omni.isaac.motion_generation.path_planning_interface] omni.isaac.motion_generation has been deprecated in favor of isaacsim.robot_motion.motion_generation. Please update your code accordingly.
2026-07-13T13:09:21Z [4,289ms] [Warning] [omni.isaac.motion_generation.trajectory] omni.isaac.motion_generation has been deprecated in favor of isaacsim.robot_motion.motion_generation. Please update your code accordingly.
2026-07-13T13:09:21Z [4,289ms] [Warning] [omni.isaac.motion_generation.world_interface] omni.isaac.motion_generation has been deprecated in favor of isaacsim.robot_motion.motion_generation. Please update your code accordingly.
[4.300s] [ext: omni.isaac.assets_check-0.3.13] startup
2026-07-13T13:09:21Z [4,291ms] [Warning] [omni.isaac.assets_check] omni.isaac.assets_check has been deprecated in favor of isaacsim.asset.browser. Please update your code accordingly.
[4.301s] [ext: isaacsim.gui.sensors.icon-2.0.3] startup
[4.313s] [ext: isaacsim.asset.importer.mjcf-2.5.13] startup
[4.317s] [ext: omni.sensors.nv.common-3.0.0] startup
[4.326s] [ext: isaacsim.sensors.physics-0.4.3] startup
[4.330s] [ext: omni.sensors.net-1.0.0] startup
[4.333s] [ext: omni.isaac.nucleus-1.0.6] startup
2026-07-13T13:09:21Z [4,323ms] [Warning] [omni.isaac.nucleus] omni.isaac.nucleus has been deprecated in favor of isaacsim.storage.native. Please update your code accordingly.
2026-07-13T13:09:21Z [4,324ms] [Warning] [omni.isaac.nucleus.nucleus] omni.isaac.nucleus.nucleus has been deprecated in favor of isaacsim.storage.native. Please update your code accordingly.
[4.334s] [ext: omni.sensors.nv.materials-2.0.0] startup
[4.340s] [ext: isaacsim.robot.policy.examples-4.1.11] startup
[4.341s] [ext: omni.sensors.nv.wpm-3.0.0] startup
[4.344s] [ext: omni.sensors.nv.lidar-3.0.0] startup
[4.349s] [ext: isaacsim.util.debug_draw-3.1.0] startup
[4.352s] [ext: omni.sensors.nv.radar-3.0.0] startup
[4.355s] [ext: omni.sensors.nv.ids-2.0.0] startup
[4.357s] [ext: isaacsim.core.cloner-1.4.10] startup
[4.358s] [ext: isaacsim.sensors.physx-2.3.2] startup
[4.363s] [ext: isaacsim.sensors.rtx-15.8.4] startup
[4.369s] [ext: isaacsim.sensors.camera-1.3.6] startup
[4.377s] [ext: omni.isaac.quadruped-3.0.7] startup
2026-07-13T13:09:21Z [4,368ms] [Warning] [omni.isaac.quadruped] omni.isaac.quadruped has been deprecated in favor of isaacsim.robot.policy.examples. Please update your code accordingly.
[4.379s] [ext: omni.isaac.cloner-1.0.7] startup
2026-07-13T13:09:21Z [4,372ms] [Warning] [omni.isaac.cloner] omni.isaac.cloner has been deprecated in favor of isaacsim.core.cloner. Please update your code accordingly.
[4.384s] [ext: omni.isaac.range_sensor-4.0.6] startup
2026-07-13T13:09:21Z [4,375ms] [Warning] [omni.isaac.range_sensor] omni.isaac.range_sensor has been deprecated in favor of isaacsim.sensors.physx. Please update your code accordingly.
2026-07-13T13:09:21Z [4,375ms] [Warning] [omni.isaac.range_sensor.commands] omni.isaac.range_sensor.commands has been deprecated in favor of isaacsim.sensors.physx.commands. Please update your code accordingly.
[4.386s] [ext: omni.isaac.sensor-13.0.7] startup
2026-07-13T13:09:21Z [4,377ms] [Warning] [omni.isaac.sensor] omni.isaac.sensor has been deprecated in favor of isaacsim.sensors.camera, isaacsim.sensors.physics, isaacsim.sensors.physx, and isaacsim.sensors.rtx. Please update your code accordingly.
2026-07-13T13:09:21Z [4,378ms] [Warning] [omni.isaac.sensor.camera] omni.isaac.sensor.camera has been deprecated in favor of isaacsim.sensors.camera.camera. Please update your code accordingly.
2026-07-13T13:09:21Z [4,378ms] [Warning] [omni.isaac.sensor.camera_view] omni.isaac.sensor.camera_view has been deprecated in favor of isaacsim.sensors.camera.camera_view. Please update your code accordingly.
2026-07-13T13:09:21Z [4,378ms] [Warning] [omni.isaac.sensor.commands] omni.isaac.sensor.commands has been deprecated in favor of isaacsim.sensors.physics.commands, isaacsim.sensors.physx.commands, and isaacsim.sensors.rtx.commands. Please update your code accordingly.
2026-07-13T13:09:21Z [4,378ms] [Warning] [omni.isaac.sensor.contact_sensor] omni.isaac.sensor.contact_sensor has been deprecated in favor of isaacsim.sensors.physics.contact_sensor. Please update your code accordingly.
2026-07-13T13:09:21Z [4,378ms] [Warning] [omni.isaac.sensor.imu_sensor] omni.isaac.sensor.imu_sensor has been deprecated in favor of isaacsim.sensors.physics.imu_sensor. Please update your code accordingly.
2026-07-13T13:09:21Z [4,378ms] [Warning] [omni.isaac.sensor.lidar_rtx] omni.isaac.sensor.lidar_rtx has been deprecated in favor of isaacsim.sensors.rtx.lidar_rtx. Please update your code accordingly.
2026-07-13T13:09:21Z [4,379ms] [Warning] [omni.isaac.sensor.rotating_lidar_physX] omni.isaac.sensor.imu_sensor has been deprecated in favor of isaacsim.sensors.physix.rotating_lidar_physX. Please update your code accordingly.
2026-07-13T13:09:21Z [4,379ms] [Warning] [omni.isaac.sensor.scripts.samples.contact_sensor] omni.isaac.sensor.scripts.samples.contact_sensor has been deprecated in favor of isaacsim.sensors.physics.scripts.samples.contact_sensor. Please update your code accordingly.
2026-07-13T13:09:21Z [4,379ms] [Warning] [omni.isaac.sensor.scripts.samples.imu_sensor] omni.isaac.sensor.scripts.samples.imu_sensor has been deprecated in favor of isaacsim.sensors.physics.scripts.samples.imu_sensor. Please update your code accordingly.
2026-07-13T13:09:21Z [4,379ms] [Warning] [omni.isaac.sensor.scripts.samples.lightbeam_sensor] omni.isaac.sensor.scripts.samples.lightbeam_sensor has been deprecated in favor of isaacsim.sensors.physx.scripts.samples.lightbeam_sensor. Please update your code accordingly.
[4.390s] [ext: omni.kit.menu.create-2.0.1] startup
[4.394s] [ext: omni.kit.widget.toolbar-2.0.1] startup
[4.403s] [ext: omni.kit.manipulator.transform-107.0.0] startup
[4.406s] [ext: omni.isaac.core-4.0.7] startup
2026-07-13T13:09:21Z [4,397ms] [Warning] [omni.isaac.core.physics_context.physics_context] omni.isaac.core.physics_context.physics_context has been deprecated in favor of isaacsim.core.api.physics_context.physics_context. Please update your code accordingly.
2026-07-13T13:09:21Z [4,397ms] [Warning] [omni.isaac.core.simulation_context.simulation_context] omni.isaac.core.simulation_context.simulation_context has been deprecated in favor of isaacsim.core.api.simulation_context.simulation_context. Please update your code accordingly.
2026-07-13T13:09:21Z [4,397ms] [Warning] [omni.isaac.core.world.world] omni.isaac.core.world.world has been deprecated in favor of isaacsim.core.api.world.world. Please update your code accordingly.
2026-07-13T13:09:21Z [4,397ms] [Warning] [omni.isaac.core] omni.isaac.core has been deprecated in favor of isaacsim.core.api. Please update your code accordingly.
[4.408s] [ext: omni.kit.scripting-107.3.2] startup
[4.412s] [ext: omni.kit.manipulator.tool.snap-1.5.13] startup
[4.416s] [ext: omni.kit.manipulator.selector-1.1.3] startup
[4.417s] [ext: isaacsim.app.about-2.0.11] startup
[4.421s] [ext: isaacsim.replicator.behavior-1.1.16] startup
[4.422s] [ext: omni.kit.viewport.manipulator.transform-107.0.4] startup
[4.424s] [ext: omni.isaac.window.about-2.0.7] startup
2026-07-13T13:09:21Z [4,415ms] [Warning] [omni.isaac.window.about] omni.isaac.window.about has been deprecated in favor of isaacsim.app.about. Please update your code accordingly.
2026-07-13T13:09:21Z [4,415ms] [Warning] [omni.isaac.window.about.about] omni.isaac.window.about.about has been deprecated in favor of isaacsim.app.about.about. Please update your code accordingly.
[4.426s] [ext: omni.fabric.commands-1.1.6] startup
[4.429s] [ext: omni.kit.manipulator.prim.core-107.0.8] startup
[4.434s] [ext: omni.kit.property.audio-1.0.16] startup
[4.436s] [ext: omni.kit.property.camera-1.0.10] startup
[4.437s] [ext: omni.kit.property.geometry-2.0.4] startup
[4.440s] [ext: omni.hydra.scene_api-0.1.2] startup
[4.443s] [ext: omni.kit.property.light-1.0.12] startup
[4.450s] [ext: omni.kit.manipulator.prim.fabric-107.0.4] startup
[4.452s] [ext: omni.kit.manipulator.prim.usd-107.0.3] startup
[4.453s] [ext: omni.kit.property.material-1.11.9] startup
[4.458s] [ext: omni.kit.property.render-1.2.1] startup
[4.459s] [ext: omni.kit.property.transform-1.5.13] startup
[4.462s] [ext: isaacsim.gui.property-1.1.3] startup
[4.464s] [ext: omni.kit.manipulator.camera-106.0.4] startup
[4.468s] [ext: omni.kit.manipulator.prim-107.0.0] startup
[4.468s] [ext: omni.isaac.surface_gripper-2.0.6] startup
2026-07-13T13:09:21Z [4,458ms] [Warning] [omni.isaac.surface_gripper] omni.isaac.surface_gripper has been deprecated in favor of isaacsim.robot.surface_gripper. Please update your code accordingly.
[4.468s] [ext: omni.kit.manipulator.selection-106.0.1] startup
[4.471s] [ext: omni.kit.property.bundle-1.4.1] startup
[4.472s] [ext: omni.kit.property.isaac-1.0.6] startup
2026-07-13T13:09:21Z [4,462ms] [Warning] [omni.kit.property.isaac] omni.kit.property.isaac has been deprecated in favor of isaacsim.gui.property. Please update your code accordingly.
2026-07-13T13:09:21Z [4,462ms] [Warning] [omni.kit.property.isaac.widgets] omni.kit.property.isaac.widgets has been deprecated in favor of isaacsim.gui.property.widgets. Please update your code accordingly.
[4.473s] [ext: omni.isaac.universal_robots-1.0.6] startup
2026-07-13T13:09:21Z [4,463ms] [Warning] [omni.isaac.universal_robots] omni.isaac.universal_robots has been deprecated in favor of isaacsim.robot.manipulators.examples.universal_robots. Please update your code accordingly.
2026-07-13T13:09:21Z [4,463ms] [Warning] [omni.isaac.universal_robots.kinematics_solver] omni.isaac.franka has been deprecated in favor of isaacsim.robot.manipulators.examples.universal_robots. Please update your code accordingly.
2026-07-13T13:09:21Z [4,464ms] [Warning] [omni.isaac.universal_robots.ur10] omni.isaac.franka has been deprecated in favor of isaacsim.robot.manipulators.examples.universal_robots. Please update your code accordingly.
[4.474s] [ext: omni.isaac.core_nodes-2.0.6] startup
2026-07-13T13:09:21Z [4,466ms] [Warning] [omni.isaac.core_nodes] omni.isaac.core_nodes has been deprecated in favor of isaacsim.core.nodes. Please update your code accordingly.
[4.477s] [ext: omni.kit.viewport.menubar.camera-107.0.6] startup
[4.483s] [ext: omni.kit.viewport.menubar.lighting-107.3.1] startup
[4.485s] [ext: isaacsim.replicator.writers-1.0.17] startup
[4.496s] [ext: omni.kit.viewport.menubar.render-107.0.10] startup
[4.500s] [ext: omni.kit.viewport.menubar.settings-107.0.3] startup
[4.507s] [ext: omni.kit.window.console-1.1.4] startup
[4.511s] [ext: isaacsim.replicator.domain_randomization-1.0.16] startup
[4.513s] [ext: isaacsim.replicator.examples-1.3.6] startup
[4.515s] [ext: omni.ocio-0.1.1] startup
[4.517s] [ext: omni.rtx.window.settings-0.6.19] startup
[4.528s] [ext: omni.kit.window.status_bar-0.1.9] startup
[4.532s] [ext: omni.kit.window.toolbar-2.0.0] startup
[4.535s] [ext: omni.replicator.isaac-2.0.8] startup
2026-07-13T13:09:21Z [4,526ms] [Warning] [omni.replicator.isaac] omni.replicator.isaac has been deprecated in favor of isaacsim.replicator.domain_randomization, isaacsim.replicator.examples, isaacsim.replicator.writers. Please update your code accordingly.
[4.538s] [ext: omni.replicator.replicator_yaml-2.0.11] startup
[4.550s] [ext: omni.rtx.settings.core-0.6.5] startup
[4.557s] [ext: omni.usd.metrics.assembler.ui-107.3.1] startup
[4.562s] [ext: omni.isaac.utils-2.0.6] startup
[4.563s] [ext: semantics.schema.editor-2.0.2] startup
[4.567s] [ext: omni.kit.ui.actions-1.0.5] startup
[4.569s] [ext: semantics.schema.property-2.0.1] startup
[4.570s] [ext: omni.isaac.version-2.0.7] startup
2026-07-13T13:09:21Z [4,560ms] [Warning] [omni.isaac.version] omni.isaac.version has been deprecated in favor of isaacsim.core.version. Please update your code accordingly.
[4.571s] [ext: omni.isaac.cortex-1.0.5] startup
[4.572s] [ext: omni.anim.curve.core-1.3.1] startup
[4.579s] [ext: isaacsim.core.throttling-2.2.2] startup
[4.581s] [ext: omni.kit.menu.common-2.0.1] startup
[4.582s] [ext: isaacsim.exp.base-5.1.0] startup
[4.583s] [ext: isaacsim.exp.base.python-5.1.0] startup
[4.584s] Simulation App Starting
2026-07-13T13:09:21Z [4,645ms] [Warning] [omni.fabric.plugin] Warning: attribute viewportHandle not found for bucket id 9

[4.689s] app ready
[6.401s] Simulation App Startup Complete
[6.474s] [ext: omni.debugdraw-0.1.4] startup
[6.483s] [ext: omni.physx.commands-107.3.26] startup
[6.487s] [ext: omni.kit.widget.layers-1.8.6] startup
[6.521s] [ext: omni.kit.widget.text_editor-1.1.1] startup
[6.523s] [ext: omni.usdphysics.ui-107.3.26] startup
[6.665s] [ext: omni.physx.ui-107.3.26] startup
[6.779s] [ext: omni.physx.demos-107.3.26] startup
[6.820s] [ext: omni.physx.cct-107.3.26] startup
[6.858s] [ext: omni.kit.property.physx-107.3.26] startup
[6.877s] [ext: omni.physx.graph-107.3.26] startup
[6.895s] [ext: omni.asset_validator.core-1.1.6] startup
[6.929s] [ext: omni.physx.vehicle-107.3.26] startup
[7.035s] [ext: omni.physx.asset_validator-107.3.26] startup
[7.039s] [ext: omni.physx.camera-107.3.26] startup
[7.047s] [ext: omni.physx.telemetry-107.3.26] startup
[7.049s] [ext: omni.physx.supportui-107.3.26] startup
[7.080s] [ext: omni.physx.bundle-107.3.26] startup
2026-07-13T13:09:26Z [9,179ms] [Warning] [isaacsim.sensors.camera.camera] 'verticalAperture' (1.5290800094604493) and 'horizontalAperture' (2.0954999923706055) are inconsistent with the pixel resolution aspect ratio (1.0). Setting 'verticalAperture' to 2.0954999923706055 to ensure square pixels.
2026-07-13T13:09:26Z [9,430ms] [Warning] [isaacsim.sensors.camera.camera] 'verticalAperture' (1.5290800094604493) and 'horizontalAperture' (2.0954999923706055) are inconsistent with the pixel resolution aspect ratio (1.0). Setting 'verticalAperture' to 2.0954999923706055 to ensure square pixels.
2026-07-13T13:09:26Z [9,435ms] [Warning] [isaacsim.sensors.camera.camera] 'verticalAperture' (1.5290800094604493) and 'horizontalAperture' (2.0954999923706055) are inconsistent with the pixel resolution aspect ratio (1.0). Setting 'verticalAperture' to 2.0954999923706055 to ensure square pixels.
2026-07-13T13:09:38Z [20,736ms] [Warning] [omni.physicsschema.plugin] ScaleOrientation is not supported for rigid bodies, prim path: /World/DryingBox_02/handle/mesh. You may ignore this if the scale is close to uniform.
2026-07-13T13:09:38Z [20,810ms] [Warning] [omni.physx.plugin] Damping attribute is unsupported for articulation joints and will be ignored (/World/DryingBox_03/RevoluteJoint).
2026-07-13T13:09:38Z [20,810ms] [Warning] [omni.physx.plugin] Restitution attribute is unsupported for articulation joints and will be ignored (/World/DryingBox_03/RevoluteJoint).
2026-07-13T13:09:38Z [21,040ms] [Warning] [omni.fabric.plugin] USD->Fabric: Unhandled array type string[]
2026-07-13T13:09:38Z [21,044ms] [Warning] [carb.windowing-glfw.plugin] GLFW initialization failed.
2026-07-13T13:09:38Z [21,044ms] [Warning] [carb] Failed to startup plugin carb.windowing-glfw.plugin (interfaces: [carb::windowing::IGLContext v1.0],[carb::windowing::IWindowing v1.5]) (impl: carb.windowing-glfw.plugin)
2026-07-13T13:09:38Z [21,066ms] [Warning] [usdrt.population.plugin] [UsdNoticeHandler] Unhandled attribute type VtArray<std::string> (prim attribute: omni:rtx:material:db:flattener:ior_constant)
2026-07-13T13:09:38Z [21,066ms] [Warning] [usdrt.population.plugin] [UsdNoticeHandler] Unhandled attribute type VtArray<std::string> (prim attribute: omni:rtx:material:db:flattener:ior_constant)
2026-07-13T13:09:38Z [21,066ms] [Warning] [usdrt.population.plugin] [UsdNoticeHandler] Unhandled attribute type VtArray<std::string> (prim attribute: omni:rtx:material:db:flattener:transmittance_color)
2026-07-13T13:09:38Z [21,066ms] [Warning] [usdrt.population.plugin] [UsdNoticeHandler] Unhandled attribute type VtArray<std::string> (prim attribute: omni:rtx:material:db:flattener:reflection_roughness_constant)
2026-07-13T13:09:38Z [21,066ms] [Warning] [usdrt.population.plugin] [UsdNoticeHandler] Unhandled attribute type VtArray<std::string> (prim attribute: omni:rtx:material:db:flattener:reflection_roughness_constant)
2026-07-13T13:09:38Z [21,066ms] [Warning] [usdrt.population.plugin] [UsdNoticeHandler] Unhandled attribute type VtArray<std::string> (prim attribute: omni:rtx:material:db:flattener:ior_constant)
2026-07-13T13:09:38Z [21,066ms] [Warning] [usdrt.population.plugin] [UsdNoticeHandler] Unhandled attribute type VtArray<std::string> (prim attribute: omni:rtx:material:db:flattener:transmittance_color)
2026-07-13T13:09:38Z [21,066ms] [Warning] [usdrt.population.plugin] [UsdNoticeHandler] Unhandled attribute type VtArray<std::string> (prim attribute: omni:rtx:material:db:flattener:reflection_roughness_constant)
2026-07-13T13:09:38Z [21,067ms] [Warning] [usdrt.population.plugin] [UsdNoticeHandler] Unhandled attribute type VtArray<std::string> (prim attribute: omni:rtx:material:db:flattener:reflection_roughness_constant)
2026-07-13T13:09:38Z [21,067ms] [Warning] [usdrt.population.plugin] [UsdNoticeHandler] Unhandled attribute type VtArray<std::string> (prim attribute: omni:rtx:material:db:flattener:transmittance_color)
2026-07-13T13:09:38Z [21,067ms] [Warning] [usdrt.population.plugin] [UsdNoticeHandler] Unhandled attribute type VtArray<std::string> (prim attribute: omni:rtx:material:db:flattener:ior_constant)
2026-07-13T13:09:38Z [21,067ms] [Warning] [usdrt.population.plugin] [UsdNoticeHandler] Unhandled attribute type VtArray<std::string> (prim attribute: omni:rtx:material:db:flattener:transmittance_color)
2026-07-13T13:09:38Z [21,106ms] [Warning] [rtx.postprocessing.plugin] DLSS increasing input dimensions: Render resolution of (128, 128) is below minimal input resolution of 300.
2026-07-13T13:09:38Z [21,280ms] [Warning] [omni.physicsschema.plugin] ScaleOrientation is not supported for rigid bodies, prim path: /World/DryingBox_02/handle/mesh. You may ignore this if the scale is close to uniform.
2026-07-13T13:09:38Z [21,346ms] [Warning] [omni.physx.plugin] Damping attribute is unsupported for articulation joints and will be ignored (/World/DryingBox_03/RevoluteJoint).
2026-07-13T13:09:38Z [21,347ms] [Warning] [omni.physx.plugin] Restitution attribute is unsupported for articulation joints and will be ignored (/World/DryingBox_03/RevoluteJoint).
2026-07-13T13:09:38Z [21,385ms] [Warning] [omni.syntheticdata.plugin] OgnSdPostRenderVarToHost : rendervar copy from texture directly to host buffer is counter-performant. Please use copy from texture to device buffer first.
2026-07-13T13:09:39Z [21,726ms] [Warning] [carb.windowing-glfw.plugin] GLFW initialization failed.
2026-07-13T13:09:39Z [21,726ms] [Warning] [carb] Failed to startup plugin carb.windowing-glfw.plugin (interfaces: [carb::windowing::IGLContext v1.0],[carb::windowing::IWindowing v1.5]) (impl: carb.windowing-glfw.plugin)
[22.886s] Simulation App Shutting Down
