Collecting hydra-core==1.3.2 (from -r /home/jingxiang/workspace/agenticsim-runtime/candidates/labutopia/requirements.txt (line 1))
  Using cached hydra_core-1.3.2-py3-none-any.whl.metadata (5.5 kB)
Collecting omegaconf==2.3.0 (from -r /home/jingxiang/workspace/agenticsim-runtime/candidates/labutopia/requirements.txt (line 2))
  Using cached omegaconf-2.3.0-py3-none-any.whl.metadata (3.9 kB)
Collecting h5py==3.15.1 (from -r /home/jingxiang/workspace/agenticsim-runtime/candidates/labutopia/requirements.txt (line 3))
  Downloading h5py-3.15.1-cp311-cp311-manylinux_2_27_x86_64.manylinux_2_28_x86_64.whl.metadata (3.0 kB)
Collecting numcodecs==0.16.5 (from -r /home/jingxiang/workspace/agenticsim-runtime/candidates/labutopia/requirements.txt (line 4))
  Downloading numcodecs-0.16.5-cp311-cp311-manylinux2014_x86_64.manylinux_2_17_x86_64.manylinux_2_28_x86_64.whl.metadata (3.4 kB)
Collecting opencv-python==4.9.0.80 (from -r /home/jingxiang/workspace/agenticsim-runtime/candidates/labutopia/requirements.txt (line 5))
  Downloading opencv_python-4.9.0.80-cp37-abi3-manylinux_2_17_x86_64.manylinux2014_x86_64.whl.metadata (20 kB)
Requirement already satisfied: pandas==2.3.3 in ./workspace/agenticsim-runtime/.venv/lib/python3.11/site-packages (from -r /home/jingxiang/workspace/agenticsim-runtime/candidates/labutopia/requirements.txt (line 6)) (2.3.3)
Requirement already satisfied: scipy==1.15.3 in ./workspace/agenticsim-runtime/.venv/lib/python3.11/site-packages (from -r /home/jingxiang/workspace/agenticsim-runtime/candidates/labutopia/requirements.txt (line 7)) (1.15.3)
Collecting zarr==3.1.5 (from -r /home/jingxiang/workspace/agenticsim-runtime/candidates/labutopia/requirements.txt (line 8))
  Downloading zarr-3.1.5-py3-none-any.whl.metadata (10 kB)
Collecting tqdm==4.67.1 (from -r /home/jingxiang/workspace/agenticsim-runtime/candidates/labutopia/requirements.txt (line 9))
  Using cached tqdm-4.67.1-py3-none-any.whl.metadata (57 kB)
Collecting einops==0.8.1 (from -r /home/jingxiang/workspace/agenticsim-runtime/candidates/labutopia/requirements.txt (line 10))
  Using cached einops-0.8.1-py3-none-any.whl.metadata (13 kB)
Collecting wandb==0.23.1 (from -r /home/jingxiang/workspace/agenticsim-runtime/candidates/labutopia/requirements.txt (line 11))
  Downloading wandb-0.23.1-py3-none-manylinux_2_28_x86_64.whl.metadata (12 kB)
Collecting threadpoolctl==3.6.0 (from -r /home/jingxiang/workspace/agenticsim-runtime/candidates/labutopia/requirements.txt (line 12))
  Using cached threadpoolctl-3.6.0-py3-none-any.whl.metadata (13 kB)
Requirement already satisfied: matplotlib==3.10.3 in ./workspace/agenticsim-runtime/.venv/lib/python3.11/site-packages (from -r /home/jingxiang/workspace/agenticsim-runtime/candidates/labutopia/requirements.txt (line 13)) (3.10.3)
Collecting dill==0.4.0 (from -r /home/jingxiang/workspace/agenticsim-runtime/candidates/labutopia/requirements.txt (line 14))
  Using cached dill-0.4.0-py3-none-any.whl.metadata (10 kB)
Requirement already satisfied: pydantic==2.11.10 in ./workspace/agenticsim-runtime/.venv/lib/python3.11/site-packages (from -r /home/jingxiang/workspace/agenticsim-runtime/candidates/labutopia/requirements.txt (line 15)) (2.11.10)
Requirement already satisfied: rtree==1.3.0 in ./workspace/agenticsim-runtime/.venv/lib/python3.11/site-packages (from -r /home/jingxiang/workspace/agenticsim-runtime/candidates/labutopia/requirements.txt (line 16)) (1.3.0)
Collecting diffusers==0.35.2 (from -r /home/jingxiang/workspace/agenticsim-runtime/candidates/labutopia/requirements.txt (line 17))
  Using cached diffusers-0.35.2-py3-none-any.whl.metadata (20 kB)
Collecting pytorch-lightning==1.9.5 (from -r /home/jingxiang/workspace/agenticsim-runtime/candidates/labutopia/requirements.txt (line 18))
  Downloading pytorch_lightning-1.9.5-py3-none-any.whl.metadata (23 kB)
Collecting lightning-bolts==0.7.0 (from -r /home/jingxiang/workspace/agenticsim-runtime/candidates/labutopia/requirements.txt (line 19))
  Downloading lightning_bolts-0.7.0-py3-none-any.whl.metadata (9.5 kB)
Collecting tyro==0.8.5 (from -r /home/jingxiang/workspace/agenticsim-runtime/candidates/labutopia/requirements.txt (line 20))
  Downloading tyro-0.8.5-py3-none-any.whl.metadata (8.2 kB)
Collecting typing_extensions==4.12.2 (from -r /home/jingxiang/workspace/agenticsim-runtime/candidates/labutopia/requirements.txt (line 21))
  Downloading typing_extensions-4.12.2-py3-none-any.whl.metadata (3.0 kB)
Requirement already satisfied: numpy==1.26.0 in ./workspace/agenticsim-runtime/.venv/lib/python3.11/site-packages (from -r /home/jingxiang/workspace/agenticsim-runtime/candidates/labutopia/requirements.txt (line 22)) (1.26.0)
Requirement already satisfied: sentry-sdk==2.29.1 in ./workspace/agenticsim-runtime/.venv/lib/python3.11/site-packages (from -r /home/jingxiang/workspace/agenticsim-runtime/candidates/labutopia/requirements.txt (line 23)) (2.29.1)
Requirement already satisfied: antlr4-python3-runtime==4.9.* in ./workspace/agenticsim-runtime/.venv/lib/python3.11/site-packages (from hydra-core==1.3.2->-r /home/jingxiang/workspace/agenticsim-runtime/candidates/labutopia/requirements.txt (line 1)) (4.9.3)
Requirement already satisfied: packaging in ./workspace/agenticsim-runtime/.venv/lib/python3.11/site-packages (from hydra-core==1.3.2->-r /home/jingxiang/workspace/agenticsim-runtime/candidates/labutopia/requirements.txt (line 1)) (23.0)
Requirement already satisfied: PyYAML>=5.1.0 in ./workspace/agenticsim-runtime/.venv/lib/python3.11/site-packages (from omegaconf==2.3.0->-r /home/jingxiang/workspace/agenticsim-runtime/candidates/labutopia/requirements.txt (line 2)) (6.0.2)
Requirement already satisfied: python-dateutil>=2.8.2 in ./workspace/agenticsim-runtime/.venv/lib/python3.11/site-packages (from pandas==2.3.3->-r /home/jingxiang/workspace/agenticsim-runtime/candidates/labutopia/requirements.txt (line 6)) (2.9.0.post0)
Requirement already satisfied: pytz>=2020.1 in ./workspace/agenticsim-runtime/.venv/lib/python3.11/site-packages (from pandas==2.3.3->-r /home/jingxiang/workspace/agenticsim-runtime/candidates/labutopia/requirements.txt (line 6)) (2024.1)
Requirement already satisfied: tzdata>=2022.7 in ./workspace/agenticsim-runtime/.venv/lib/python3.11/site-packages (from pandas==2.3.3->-r /home/jingxiang/workspace/agenticsim-runtime/candidates/labutopia/requirements.txt (line 6)) (2026.3)
Collecting donfig>=0.8 (from zarr==3.1.5->-r /home/jingxiang/workspace/agenticsim-runtime/candidates/labutopia/requirements.txt (line 8))
  Downloading donfig-0.8.1.post1-py3-none-any.whl.metadata (5.0 kB)
Collecting google-crc32c>=1.5 (from zarr==3.1.5->-r /home/jingxiang/workspace/agenticsim-runtime/candidates/labutopia/requirements.txt (line 8))
  Downloading google_crc32c-1.8.0-cp311-cp311-manylinux1_x86_64.manylinux2014_x86_64.manylinux_2_17_x86_64.manylinux_2_5_x86_64.whl.metadata (1.7 kB)
Requirement already satisfied: click>=8.0.1 in ./workspace/agenticsim-runtime/.venv/lib/python3.11/site-packages (from wandb==0.23.1->-r /home/jingxiang/workspace/agenticsim-runtime/candidates/labutopia/requirements.txt (line 11)) (8.4.2)
Requirement already satisfied: gitpython!=3.1.29,>=1.0.0 in ./workspace/agenticsim-runtime/.venv/lib/python3.11/site-packages (from wandb==0.23.1->-r /home/jingxiang/workspace/agenticsim-runtime/candidates/labutopia/requirements.txt (line 11)) (3.1.51)
Collecting platformdirs (from wandb==0.23.1->-r /home/jingxiang/workspace/agenticsim-runtime/candidates/labutopia/requirements.txt (line 11))
  Using cached platformdirs-4.10.0-py3-none-any.whl.metadata (5.5 kB)
Collecting protobuf!=4.21.0,!=5.28.0,<7,>=3.19.0 (from wandb==0.23.1->-r /home/jingxiang/workspace/agenticsim-runtime/candidates/labutopia/requirements.txt (line 11))
  Using cached protobuf-6.33.6-cp39-abi3-manylinux2014_x86_64.whl.metadata (593 bytes)
Requirement already satisfied: requests<3,>=2.0.0 in ./workspace/agenticsim-runtime/.venv/lib/python3.11/site-packages (from wandb==0.23.1->-r /home/jingxiang/workspace/agenticsim-runtime/candidates/labutopia/requirements.txt (line 11)) (2.32.3)
Requirement already satisfied: annotated-types>=0.6.0 in ./workspace/agenticsim-runtime/.venv/lib/python3.11/site-packages (from pydantic==2.11.10->-r /home/jingxiang/workspace/agenticsim-runtime/candidates/labutopia/requirements.txt (line 15)) (0.7.0)
Requirement already satisfied: pydantic-core==2.33.2 in ./workspace/agenticsim-runtime/.venv/lib/python3.11/site-packages (from pydantic==2.11.10->-r /home/jingxiang/workspace/agenticsim-runtime/candidates/labutopia/requirements.txt (line 15)) (2.33.2)
Requirement already satisfied: typing-inspection>=0.4.0 in ./workspace/agenticsim-runtime/.venv/lib/python3.11/site-packages (from pydantic==2.11.10->-r /home/jingxiang/workspace/agenticsim-runtime/candidates/labutopia/requirements.txt (line 15)) (0.4.2)
Requirement already satisfied: contourpy>=1.0.1 in ./workspace/agenticsim-runtime/.venv/lib/python3.11/site-packages (from matplotlib==3.10.3->-r /home/jingxiang/workspace/agenticsim-runtime/candidates/labutopia/requirements.txt (line 13)) (1.3.1)
Requirement already satisfied: cycler>=0.10 in ./workspace/agenticsim-runtime/.venv/lib/python3.11/site-packages (from matplotlib==3.10.3->-r /home/jingxiang/workspace/agenticsim-runtime/candidates/labutopia/requirements.txt (line 13)) (0.11.0)
Requirement already satisfied: fonttools>=4.22.0 in ./workspace/agenticsim-runtime/.venv/lib/python3.11/site-packages (from matplotlib==3.10.3->-r /home/jingxiang/workspace/agenticsim-runtime/candidates/labutopia/requirements.txt (line 13)) (4.55.3)
Requirement already satisfied: kiwisolver>=1.3.1 in ./workspace/agenticsim-runtime/.venv/lib/python3.11/site-packages (from matplotlib==3.10.3->-r /home/jingxiang/workspace/agenticsim-runtime/candidates/labutopia/requirements.txt (line 13)) (1.4.4)
Requirement already satisfied: pillow>=8 in ./workspace/agenticsim-runtime/.venv/lib/python3.11/site-packages (from matplotlib==3.10.3->-r /home/jingxiang/workspace/agenticsim-runtime/candidates/labutopia/requirements.txt (line 13)) (11.3.0)
Requirement already satisfied: pyparsing>=2.3.1 in ./workspace/agenticsim-runtime/.venv/lib/python3.11/site-packages (from matplotlib==3.10.3->-r /home/jingxiang/workspace/agenticsim-runtime/candidates/labutopia/requirements.txt (line 13)) (3.0.9)
Requirement already satisfied: importlib_metadata in ./workspace/agenticsim-runtime/.venv/lib/python3.11/site-packages (from diffusers==0.35.2->-r /home/jingxiang/workspace/agenticsim-runtime/candidates/labutopia/requirements.txt (line 17)) (9.0.0)
Requirement already satisfied: filelock in ./workspace/agenticsim-runtime/.venv/lib/python3.11/site-packages (from diffusers==0.35.2->-r /home/jingxiang/workspace/agenticsim-runtime/candidates/labutopia/requirements.txt (line 17)) (3.29.0)
Requirement already satisfied: huggingface-hub>=0.34.0 in ./workspace/agenticsim-runtime/.venv/lib/python3.11/site-packages (from diffusers==0.35.2->-r /home/jingxiang/workspace/agenticsim-runtime/candidates/labutopia/requirements.txt (line 17)) (1.23.0)
Requirement already satisfied: regex!=2019.12.17 in ./workspace/agenticsim-runtime/.venv/lib/python3.11/site-packages (from diffusers==0.35.2->-r /home/jingxiang/workspace/agenticsim-runtime/candidates/labutopia/requirements.txt (line 17)) (2026.7.10)
Requirement already satisfied: safetensors>=0.3.1 in ./workspace/agenticsim-runtime/.venv/lib/python3.11/site-packages (from diffusers==0.35.2->-r /home/jingxiang/workspace/agenticsim-runtime/candidates/labutopia/requirements.txt (line 17)) (0.8.0)
Requirement already satisfied: torch>=1.10.0 in ./workspace/agenticsim-runtime/.venv/lib/python3.11/site-packages (from pytorch-lightning==1.9.5->-r /home/jingxiang/workspace/agenticsim-runtime/candidates/labutopia/requirements.txt (line 18)) (2.7.0+cu128)
Requirement already satisfied: fsspec>2021.06.0 in ./workspace/agenticsim-runtime/.venv/lib/python3.11/site-packages (from fsspec[http]>2021.06.0->pytorch-lightning==1.9.5->-r /home/jingxiang/workspace/agenticsim-runtime/candidates/labutopia/requirements.txt (line 18)) (2026.4.0)
Collecting torchmetrics>=0.7.0 (from pytorch-lightning==1.9.5->-r /home/jingxiang/workspace/agenticsim-runtime/candidates/labutopia/requirements.txt (line 18))
  Using cached torchmetrics-1.9.0-py3-none-any.whl.metadata (23 kB)
Collecting lightning-utilities>=0.6.0.post0 (from pytorch-lightning==1.9.5->-r /home/jingxiang/workspace/agenticsim-runtime/candidates/labutopia/requirements.txt (line 18))
  Using cached lightning_utilities-0.15.3-py3-none-any.whl.metadata (5.5 kB)
Requirement already satisfied: torchvision>=0.10.0 in ./workspace/agenticsim-runtime/.venv/lib/python3.11/site-packages (from lightning-bolts==0.7.0->-r /home/jingxiang/workspace/agenticsim-runtime/candidates/labutopia/requirements.txt (line 19)) (0.22.0+cu128)
Requirement already satisfied: tensorboard>=2.9.1 in ./workspace/agenticsim-runtime/.venv/lib/python3.11/site-packages (from lightning-bolts==0.7.0->-r /home/jingxiang/workspace/agenticsim-runtime/candidates/labutopia/requirements.txt (line 19)) (2.21.0)
Requirement already satisfied: docstring-parser>=0.16 in ./workspace/agenticsim-runtime/.venv/lib/python3.11/site-packages (from tyro==0.8.5->-r /home/jingxiang/workspace/agenticsim-runtime/candidates/labutopia/requirements.txt (line 20)) (0.18.0)
Requirement already satisfied: rich>=11.1.0 in ./workspace/agenticsim-runtime/.venv/lib/python3.11/site-packages (from tyro==0.8.5->-r /home/jingxiang/workspace/agenticsim-runtime/candidates/labutopia/requirements.txt (line 20)) (15.0.0)
Collecting shtab>=1.5.6 (from tyro==0.8.5->-r /home/jingxiang/workspace/agenticsim-runtime/candidates/labutopia/requirements.txt (line 20))
  Downloading shtab-1.8.1-py3-none-any.whl.metadata (7.2 kB)
Requirement already satisfied: urllib3>=1.26.11 in ./workspace/agenticsim-runtime/.venv/lib/python3.11/site-packages (from sentry-sdk==2.29.1->-r /home/jingxiang/workspace/agenticsim-runtime/candidates/labutopia/requirements.txt (line 23)) (2.7.0)
Requirement already satisfied: certifi in ./workspace/agenticsim-runtime/.venv/lib/python3.11/site-packages (from sentry-sdk==2.29.1->-r /home/jingxiang/workspace/agenticsim-runtime/candidates/labutopia/requirements.txt (line 23)) (2026.6.17)
Requirement already satisfied: charset-normalizer<4,>=2 in ./workspace/agenticsim-runtime/.venv/lib/python3.11/site-packages (from requests<3,>=2.0.0->wandb==0.23.1->-r /home/jingxiang/workspace/agenticsim-runtime/candidates/labutopia/requirements.txt (line 11)) (3.3.2)
Requirement already satisfied: idna<4,>=2.5 in ./workspace/agenticsim-runtime/.venv/lib/python3.11/site-packages (from requests<3,>=2.0.0->wandb==0.23.1->-r /home/jingxiang/workspace/agenticsim-runtime/candidates/labutopia/requirements.txt (line 11)) (3.10)
Requirement already satisfied: aiohttp!=4.0.0a0,!=4.0.0a1 in ./workspace/agenticsim-runtime/.venv/lib/python3.11/site-packages (from fsspec[http]>2021.06.0->pytorch-lightning==1.9.5->-r /home/jingxiang/workspace/agenticsim-runtime/candidates/labutopia/requirements.txt (line 18)) (3.11.11)
Requirement already satisfied: aiohappyeyeballs>=2.3.0 in ./workspace/agenticsim-runtime/.venv/lib/python3.11/site-packages (from aiohttp!=4.0.0a0,!=4.0.0a1->fsspec[http]>2021.06.0->pytorch-lightning==1.9.5->-r /home/jingxiang/workspace/agenticsim-runtime/candidates/labutopia/requirements.txt (line 18)) (2.4.4)
Requirement already satisfied: aiosignal>=1.1.2 in ./workspace/agenticsim-runtime/.venv/lib/python3.11/site-packages (from aiohttp!=4.0.0a0,!=4.0.0a1->fsspec[http]>2021.06.0->pytorch-lightning==1.9.5->-r /home/jingxiang/workspace/agenticsim-runtime/candidates/labutopia/requirements.txt (line 18)) (1.3.2)
Requirement already satisfied: attrs>=17.3.0 in ./workspace/agenticsim-runtime/.venv/lib/python3.11/site-packages (from aiohttp!=4.0.0a0,!=4.0.0a1->fsspec[http]>2021.06.0->pytorch-lightning==1.9.5->-r /home/jingxiang/workspace/agenticsim-runtime/candidates/labutopia/requirements.txt (line 18)) (25.1.0)
Requirement already satisfied: frozenlist>=1.1.1 in ./workspace/agenticsim-runtime/.venv/lib/python3.11/site-packages (from aiohttp!=4.0.0a0,!=4.0.0a1->fsspec[http]>2021.06.0->pytorch-lightning==1.9.5->-r /home/jingxiang/workspace/agenticsim-runtime/candidates/labutopia/requirements.txt (line 18)) (1.5.0)
Requirement already satisfied: multidict<7.0,>=4.5 in ./workspace/agenticsim-runtime/.venv/lib/python3.11/site-packages (from aiohttp!=4.0.0a0,!=4.0.0a1->fsspec[http]>2021.06.0->pytorch-lightning==1.9.5->-r /home/jingxiang/workspace/agenticsim-runtime/candidates/labutopia/requirements.txt (line 18)) (6.1.0)
Requirement already satisfied: propcache>=0.2.0 in ./workspace/agenticsim-runtime/.venv/lib/python3.11/site-packages (from aiohttp!=4.0.0a0,!=4.0.0a1->fsspec[http]>2021.06.0->pytorch-lightning==1.9.5->-r /home/jingxiang/workspace/agenticsim-runtime/candidates/labutopia/requirements.txt (line 18)) (0.2.1)
Requirement already satisfied: yarl<2.0,>=1.17.0 in ./workspace/agenticsim-runtime/.venv/lib/python3.11/site-packages (from aiohttp!=4.0.0a0,!=4.0.0a1->fsspec[http]>2021.06.0->pytorch-lightning==1.9.5->-r /home/jingxiang/workspace/agenticsim-runtime/candidates/labutopia/requirements.txt (line 18)) (1.18.3)
Requirement already satisfied: gitdb<5,>=4.0.1 in ./workspace/agenticsim-runtime/.venv/lib/python3.11/site-packages (from gitpython!=3.1.29,>=1.0.0->wandb==0.23.1->-r /home/jingxiang/workspace/agenticsim-runtime/candidates/labutopia/requirements.txt (line 11)) (4.0.12)
Requirement already satisfied: smmap<6,>=3.0.1 in ./workspace/agenticsim-runtime/.venv/lib/python3.11/site-packages (from gitdb<5,>=4.0.1->gitpython!=3.1.29,>=1.0.0->wandb==0.23.1->-r /home/jingxiang/workspace/agenticsim-runtime/candidates/labutopia/requirements.txt (line 11)) (5.0.3)
Requirement already satisfied: hf-xet<2.0.0,>=1.5.1 in ./workspace/agenticsim-runtime/.venv/lib/python3.11/site-packages (from huggingface-hub>=0.34.0->diffusers==0.35.2->-r /home/jingxiang/workspace/agenticsim-runtime/candidates/labutopia/requirements.txt (line 17)) (1.5.1)
Requirement already satisfied: httpx<1,>=0.23.0 in ./workspace/agenticsim-runtime/.venv/lib/python3.11/site-packages (from huggingface-hub>=0.34.0->diffusers==0.35.2->-r /home/jingxiang/workspace/agenticsim-runtime/candidates/labutopia/requirements.txt (line 17)) (0.28.1)
Requirement already satisfied: anyio in ./workspace/agenticsim-runtime/.venv/lib/python3.11/site-packages (from httpx<1,>=0.23.0->huggingface-hub>=0.34.0->diffusers==0.35.2->-r /home/jingxiang/workspace/agenticsim-runtime/candidates/labutopia/requirements.txt (line 17)) (4.14.2)
Requirement already satisfied: httpcore==1.* in ./workspace/agenticsim-runtime/.venv/lib/python3.11/site-packages (from httpx<1,>=0.23.0->huggingface-hub>=0.34.0->diffusers==0.35.2->-r /home/jingxiang/workspace/agenticsim-runtime/candidates/labutopia/requirements.txt (line 17)) (1.0.9)
Requirement already satisfied: h11>=0.16 in ./workspace/agenticsim-runtime/.venv/lib/python3.11/site-packages (from httpcore==1.*->httpx<1,>=0.23.0->huggingface-hub>=0.34.0->diffusers==0.35.2->-r /home/jingxiang/workspace/agenticsim-runtime/candidates/labutopia/requirements.txt (line 17)) (0.16.0)
Requirement already satisfied: six>=1.5 in ./workspace/agenticsim-runtime/.venv/lib/python3.11/site-packages (from python-dateutil>=2.8.2->pandas==2.3.3->-r /home/jingxiang/workspace/agenticsim-runtime/candidates/labutopia/requirements.txt (line 6)) (1.17.0)
Requirement already satisfied: markdown-it-py>=2.2.0 in ./workspace/agenticsim-runtime/.venv/lib/python3.11/site-packages (from rich>=11.1.0->tyro==0.8.5->-r /home/jingxiang/workspace/agenticsim-runtime/candidates/labutopia/requirements.txt (line 20)) (4.2.0)
Requirement already satisfied: pygments<3.0.0,>=2.13.0 in ./workspace/agenticsim-runtime/.venv/lib/python3.11/site-packages (from rich>=11.1.0->tyro==0.8.5->-r /home/jingxiang/workspace/agenticsim-runtime/candidates/labutopia/requirements.txt (line 20)) (2.20.0)
Requirement already satisfied: mdurl~=0.1 in ./workspace/agenticsim-runtime/.venv/lib/python3.11/site-packages (from markdown-it-py>=2.2.0->rich>=11.1.0->tyro==0.8.5->-r /home/jingxiang/workspace/agenticsim-runtime/candidates/labutopia/requirements.txt (line 20)) (0.1.2)
Requirement already satisfied: absl-py>=0.4 in ./workspace/agenticsim-runtime/.venv/lib/python3.11/site-packages (from tensorboard>=2.9.1->lightning-bolts==0.7.0->-r /home/jingxiang/workspace/agenticsim-runtime/candidates/labutopia/requirements.txt (line 19)) (2.5.0)
Requirement already satisfied: grpcio<2.0,>=1.74.0 in ./workspace/agenticsim-runtime/.venv/lib/python3.11/site-packages (from tensorboard>=2.9.1->lightning-bolts==0.7.0->-r /home/jingxiang/workspace/agenticsim-runtime/candidates/labutopia/requirements.txt (line 19)) (1.82.1)
Requirement already satisfied: markdown>=2.6.8 in ./workspace/agenticsim-runtime/.venv/lib/python3.11/site-packages (from tensorboard>=2.9.1->lightning-bolts==0.7.0->-r /home/jingxiang/workspace/agenticsim-runtime/candidates/labutopia/requirements.txt (line 19)) (3.10.2)
Requirement already satisfied: setuptools>=41.0.0 in ./workspace/agenticsim-runtime/.venv/lib/python3.11/site-packages (from tensorboard>=2.9.1->lightning-bolts==0.7.0->-r /home/jingxiang/workspace/agenticsim-runtime/candidates/labutopia/requirements.txt (line 19)) (80.10.2)
Requirement already satisfied: tensorboard-data-server<0.8.0,>=0.7.0 in ./workspace/agenticsim-runtime/.venv/lib/python3.11/site-packages (from tensorboard>=2.9.1->lightning-bolts==0.7.0->-r /home/jingxiang/workspace/agenticsim-runtime/candidates/labutopia/requirements.txt (line 19)) (0.7.2)
Requirement already satisfied: werkzeug>=1.0.1 in ./workspace/agenticsim-runtime/.venv/lib/python3.11/site-packages (from tensorboard>=2.9.1->lightning-bolts==0.7.0->-r /home/jingxiang/workspace/agenticsim-runtime/candidates/labutopia/requirements.txt (line 19)) (3.1.8)
Requirement already satisfied: sympy>=1.13.3 in ./workspace/agenticsim-runtime/.venv/lib/python3.11/site-packages (from torch>=1.10.0->pytorch-lightning==1.9.5->-r /home/jingxiang/workspace/agenticsim-runtime/candidates/labutopia/requirements.txt (line 18)) (1.14.0)
Requirement already satisfied: networkx in ./workspace/agenticsim-runtime/.venv/lib/python3.11/site-packages (from torch>=1.10.0->pytorch-lightning==1.9.5->-r /home/jingxiang/workspace/agenticsim-runtime/candidates/labutopia/requirements.txt (line 18)) (3.6.1)
Requirement already satisfied: jinja2 in ./workspace/agenticsim-runtime/.venv/lib/python3.11/site-packages (from torch>=1.10.0->pytorch-lightning==1.9.5->-r /home/jingxiang/workspace/agenticsim-runtime/candidates/labutopia/requirements.txt (line 18)) (3.1.6)
Requirement already satisfied: nvidia-cuda-nvrtc-cu12==12.8.61 in ./workspace/agenticsim-runtime/.venv/lib/python3.11/site-packages (from torch>=1.10.0->pytorch-lightning==1.9.5->-r /home/jingxiang/workspace/agenticsim-runtime/candidates/labutopia/requirements.txt (line 18)) (12.8.61)
Requirement already satisfied: nvidia-cuda-runtime-cu12==12.8.57 in ./workspace/agenticsim-runtime/.venv/lib/python3.11/site-packages (from torch>=1.10.0->pytorch-lightning==1.9.5->-r /home/jingxiang/workspace/agenticsim-runtime/candidates/labutopia/requirements.txt (line 18)) (12.8.57)
Requirement already satisfied: nvidia-cuda-cupti-cu12==12.8.57 in ./workspace/agenticsim-runtime/.venv/lib/python3.11/site-packages (from torch>=1.10.0->pytorch-lightning==1.9.5->-r /home/jingxiang/workspace/agenticsim-runtime/candidates/labutopia/requirements.txt (line 18)) (12.8.57)
Requirement already satisfied: nvidia-cudnn-cu12==9.7.1.26 in ./workspace/agenticsim-runtime/.venv/lib/python3.11/site-packages (from torch>=1.10.0->pytorch-lightning==1.9.5->-r /home/jingxiang/workspace/agenticsim-runtime/candidates/labutopia/requirements.txt (line 18)) (9.7.1.26)
Requirement already satisfied: nvidia-cublas-cu12==12.8.3.14 in ./workspace/agenticsim-runtime/.venv/lib/python3.11/site-packages (from torch>=1.10.0->pytorch-lightning==1.9.5->-r /home/jingxiang/workspace/agenticsim-runtime/candidates/labutopia/requirements.txt (line 18)) (12.8.3.14)
Requirement already satisfied: nvidia-cufft-cu12==11.3.3.41 in ./workspace/agenticsim-runtime/.venv/lib/python3.11/site-packages (from torch>=1.10.0->pytorch-lightning==1.9.5->-r /home/jingxiang/workspace/agenticsim-runtime/candidates/labutopia/requirements.txt (line 18)) (11.3.3.41)
Requirement already satisfied: nvidia-curand-cu12==10.3.9.55 in ./workspace/agenticsim-runtime/.venv/lib/python3.11/site-packages (from torch>=1.10.0->pytorch-lightning==1.9.5->-r /home/jingxiang/workspace/agenticsim-runtime/candidates/labutopia/requirements.txt (line 18)) (10.3.9.55)
Requirement already satisfied: nvidia-cusolver-cu12==11.7.2.55 in ./workspace/agenticsim-runtime/.venv/lib/python3.11/site-packages (from torch>=1.10.0->pytorch-lightning==1.9.5->-r /home/jingxiang/workspace/agenticsim-runtime/candidates/labutopia/requirements.txt (line 18)) (11.7.2.55)
Requirement already satisfied: nvidia-cusparse-cu12==12.5.7.53 in ./workspace/agenticsim-runtime/.venv/lib/python3.11/site-packages (from torch>=1.10.0->pytorch-lightning==1.9.5->-r /home/jingxiang/workspace/agenticsim-runtime/candidates/labutopia/requirements.txt (line 18)) (12.5.7.53)
Requirement already satisfied: nvidia-cusparselt-cu12==0.6.3 in ./workspace/agenticsim-runtime/.venv/lib/python3.11/site-packages (from torch>=1.10.0->pytorch-lightning==1.9.5->-r /home/jingxiang/workspace/agenticsim-runtime/candidates/labutopia/requirements.txt (line 18)) (0.6.3)
Requirement already satisfied: nvidia-nccl-cu12==2.26.2 in ./workspace/agenticsim-runtime/.venv/lib/python3.11/site-packages (from torch>=1.10.0->pytorch-lightning==1.9.5->-r /home/jingxiang/workspace/agenticsim-runtime/candidates/labutopia/requirements.txt (line 18)) (2.26.2)
Requirement already satisfied: nvidia-nvtx-cu12==12.8.55 in ./workspace/agenticsim-runtime/.venv/lib/python3.11/site-packages (from torch>=1.10.0->pytorch-lightning==1.9.5->-r /home/jingxiang/workspace/agenticsim-runtime/candidates/labutopia/requirements.txt (line 18)) (12.8.55)
Requirement already satisfied: nvidia-nvjitlink-cu12==12.8.61 in ./workspace/agenticsim-runtime/.venv/lib/python3.11/site-packages (from torch>=1.10.0->pytorch-lightning==1.9.5->-r /home/jingxiang/workspace/agenticsim-runtime/candidates/labutopia/requirements.txt (line 18)) (12.8.61)
Requirement already satisfied: nvidia-cufile-cu12==1.13.0.11 in ./workspace/agenticsim-runtime/.venv/lib/python3.11/site-packages (from torch>=1.10.0->pytorch-lightning==1.9.5->-r /home/jingxiang/workspace/agenticsim-runtime/candidates/labutopia/requirements.txt (line 18)) (1.13.0.11)
Requirement already satisfied: triton==3.3.0 in ./workspace/agenticsim-runtime/.venv/lib/python3.11/site-packages (from torch>=1.10.0->pytorch-lightning==1.9.5->-r /home/jingxiang/workspace/agenticsim-runtime/candidates/labutopia/requirements.txt (line 18)) (3.3.0)
Requirement already satisfied: mpmath<1.4,>=1.1.0 in ./workspace/agenticsim-runtime/.venv/lib/python3.11/site-packages (from sympy>=1.13.3->torch>=1.10.0->pytorch-lightning==1.9.5->-r /home/jingxiang/workspace/agenticsim-runtime/candidates/labutopia/requirements.txt (line 18)) (1.3.0)
Requirement already satisfied: markupsafe>=2.1.1 in ./workspace/agenticsim-runtime/.venv/lib/python3.11/site-packages (from werkzeug>=1.0.1->tensorboard>=2.9.1->lightning-bolts==0.7.0->-r /home/jingxiang/workspace/agenticsim-runtime/candidates/labutopia/requirements.txt (line 19)) (3.0.3)
Requirement already satisfied: zipp>=3.20 in ./workspace/agenticsim-runtime/.venv/lib/python3.11/site-packages (from importlib_metadata->diffusers==0.35.2->-r /home/jingxiang/workspace/agenticsim-runtime/candidates/labutopia/requirements.txt (line 17)) (4.1.0)
Would install diffusers-0.35.2 dill-0.4.0 donfig-0.8.1.post1 einops-0.8.1 google-crc32c-1.8.0 h5py-3.15.1 hydra-core-1.3.2 lightning-bolts-0.7.0 lightning-utilities-0.15.3 numcodecs-0.16.5 omegaconf-2.3.0 opencv-python-4.9.0.80 platformdirs-4.10.0 protobuf-6.33.6 pytorch-lightning-1.9.5 shtab-1.8.1 threadpoolctl-3.6.0 torchmetrics-1.9.0 tqdm-4.67.1 typing_extensions-4.12.2 tyro-0.8.5 wandb-0.23.1 zarr-3.1.5
