[Warning] [simulation_app.simulation_app] DISPLAY environment variable is not set, running in headless mode with --no-window flag. Set DISPLAY environment variable if you want to run in non-headless mode.
[Info] [carb] Logging to file: /home/jingxiang/workspace/agenticsim-runtime/.venv/lib/python3.11/site-packages/isaacsim/kit/logs/Kit/Isaac-Sim Python/5.1/kit_20260713_205419.log
2026-07-13T12:54:19Z [0ms] [Warning] [carb.crashreporter-breakpad.plugin] [previous crash] preventing upload of minidump due to user opt-out: '/home/jingxiang/workspace/agenticsim-runtime/.venv/lib/python3.11/site-packages/isaacsim/kit/data/Kit/Isaac-Sim Python/5.1/cc42f149-c97a-484f-4e970ebc-3249862a.dmp'
[0.032s] [ext: omni.kit.async_engine-0.0.3] startup
[0.102s] [ext: omni.metrics.core-0.0.3] startup
[0.102s] [ext: omni.client.lib-1.1.0] startup
[0.111s] [ext: omni.blobkey-1.1.2] startup
[0.111s] [ext: omni.stats-1.0.1] startup
[0.112s] [ext: omni.datastore-0.0.0] startup
[0.116s] [ext: omni.client-1.3.0] startup
[0.119s] [ext: omni.ujitso.default-1.0.0] startup
[0.120s] [ext: omni.hsscclient-1.1.2] startup
[0.123s] [ext: omni.gpu_foundation.shadercache.vulkan-1.0.0] startup
[0.125s] [ext: omni.assets.plugins-0.0.0] startup
[0.126s] [ext: omni.gpu_foundation-0.0.0] startup
[0.132s] [ext: carb.windowing.plugins-1.0.0] startup
2026-07-13T12:54:19Z [122ms] [Warning] [carb.windowing-glfw.plugin] GLFW initialization failed.
2026-07-13T12:54:19Z [122ms] [Warning] [carb] Failed to startup plugin carb.windowing-glfw.plugin (interfaces: [carb::windowing::IGLContext v1.0],[carb::windowing::IWindowing v1.5]) (impl: carb.windowing-glfw.plugin)
[0.133s] [ext: omni.kit.renderer.init-0.0.0] startup
2026-07-13T12:54:19Z [133ms] [Warning] [omni.platforminfo.plugin] failed to open the default display.  Can't verify X Server version.
2026-07-13T12:54:20Z [470ms] [Warning] [gpu.foundation.plugin] Skipping unsupported non-NVIDIA GPU: AMD Ryzen 7 7800X3D 8-Core Processor (RADV RAPHAEL_MENDOCINO)
2026-07-13T12:54:20Z [471ms] [Warning] [gpu.foundation.plugin] Skipping unsupported non-NVIDIA GPU: AMD Ryzen 7 7800X3D 8-Core Processor (RADV RAPHAEL_MENDOCINO)

|---------------------------------------------------------------------------------------------|
| Driver Version: 580.159.03    | Graphics API: Vulkan
|=============================================================================================|
| GPU | Name                             | Active | LDA | GPU Memory | Vendor-ID | LUID       |
|     |                                  |        |     |            | Device-ID | UUID       |
|     |                                  |        |     |            | Bus-ID    |            |
|---------------------------------------------------------------------------------------------|
| 0   | NVIDIA GeForce RTX 5090          | Yes: 0 |     | 32607   MB | 10de      | 0          |
|     |                                  |        |     |            | 2b85      | f854badd.. |
|     |                                  |        |     |            | 1         |            |
|---------------------------------------------------------------------------------------------|
| 1   | AMD Ryzen 7 7800X3D 8-Core Pro.. |        |     | 21476   MB | 1002      | 0          |
|     |                                  |        |     |            | 164e      | 00000000.. |
|     |                                  |        |     |            | 12        |            |
|=============================================================================================|
| OS: 24.04.4 LTS (Noble Numbat) ubuntu, Version: 24.04.4, Kernel: 6.17.0-35-generic
| Processor: AMD Ryzen 7 7800X3D 8-Core Processor
| Cores: 8 | Logical Cores: 16
|---------------------------------------------------------------------------------------------|
| Total Memory (MB): 63405 | Free Memory: 59560
| Total Page/Swap (MB): 62499 | Free Page/Swap: 62499
|---------------------------------------------------------------------------------------------|
2026-07-13T12:54:20Z [745ms] [Warning] [gpu.foundation.plugin] IOMMU is enabled.
2026-07-13T12:54:20Z [745ms] [Warning] [gpu.foundation.plugin] Detected IOMMU is enabled. Running CUDA peer-to-peer bandwidth and latency validation.
Unidirectional P2P=Enabled Bandwidth (P2P Writes) Matrix (GB/s)
   D\D     0 
     0 1519.94 
P2P=Enabled Latency (P2P Writes) Matrix (us)
   GPU     0 
     0   2.07 

   CPU     0 
     0   1.69 
[0.877s] [ext: omni.materialx.libs-1.0.7] startup
[0.882s] [ext: omni.kit.telemetry-0.5.2] startup
[0.902s] [ext: omni.usd.config-1.0.6] startup
[0.905s] [ext: omni.gpucompute.plugins-0.0.0] startup
[0.906s] [ext: omni.usd.libs-1.0.1] startup
[0.964s] [ext: omni.kit.loop-isaac-1.3.7] startup
[0.965s] [ext: omni.kit.test-2.0.1] startup
[0.996s] [ext: omni.mdl-56.0.3] startup
[1.056s] [ext: omni.iray.libs-0.0.0] startup
[1.062s] [ext: omni.mdl.neuraylib-0.2.12] startup
[1.063s] [ext: omni.kit.usd.mdl-1.1.5] startup
[1.126s] [ext: omni.kit.pipapi-0.0.0] startup
[1.126s] [ext: omni.appwindow-1.1.10] startup
2026-07-13T12:54:20Z [1,117ms] [Warning] [carb.windowing-glfw.plugin] GLFW initialization failed.
2026-07-13T12:54:20Z [1,117ms] [Warning] [carb] Failed to startup plugin carb.windowing-glfw.plugin (interfaces: [carb::windowing::IGLContext v1.0],[carb::windowing::IWindowing v1.5]) (impl: carb.windowing-glfw.plugin)
[1.128s] [ext: omni.kit.renderer.core-1.1.0] startup
2026-07-13T12:54:20Z [1,129ms] [Warning] [carb.windowing-glfw.plugin] GLFW initialization failed.
2026-07-13T12:54:20Z [1,129ms] [Warning] [carb] Failed to startup plugin carb.windowing-glfw.plugin (interfaces: [carb::windowing::IGLContext v1.0],[carb::windowing::IWindowing v1.5]) (impl: carb.windowing-glfw.plugin)
2026-07-13T12:54:20Z [1,135ms] [Warning] [carb.windowing-glfw.plugin] GLFW initialization failed.
2026-07-13T12:54:20Z [1,135ms] [Warning] [carb] Failed to startup plugin carb.windowing-glfw.plugin (interfaces: [carb::windowing::IGLContext v1.0],[carb::windowing::IWindowing v1.5]) (impl: carb.windowing-glfw.plugin)
[1.146s] [ext: omni.kit.renderer.capture-0.0.0] startup
[1.148s] [ext: omni.kit.renderer.imgui-2.0.5] startup
2026-07-13T12:54:20Z [1,141ms] [Warning] [carb.windowing-glfw.plugin] GLFW initialization failed.
2026-07-13T12:54:20Z [1,141ms] [Warning] [carb] Failed to startup plugin carb.windowing-glfw.plugin (interfaces: [carb::windowing::IGLContext v1.0],[carb::windowing::IWindowing v1.5]) (impl: carb.windowing-glfw.plugin)
2026-07-13T12:54:20Z [1,141ms] [Warning] [carb.windowing-glfw.plugin] GLFW initialization failed.
2026-07-13T12:54:20Z [1,141ms] [Warning] [carb] Failed to startup plugin carb.windowing-glfw.plugin (interfaces: [carb::windowing::IGLContext v1.0],[carb::windowing::IWindowing v1.5]) (impl: carb.windowing-glfw.plugin)
2026-07-13T12:54:20Z [1,142ms] [Warning] [carb.windowing-glfw.plugin] GLFW initialization failed.
2026-07-13T12:54:20Z [1,142ms] [Warning] [carb] Failed to startup plugin carb.windowing-glfw.plugin (interfaces: [carb::windowing::IGLContext v1.0],[carb::windowing::IWindowing v1.5]) (impl: carb.windowing-glfw.plugin)
[1.194s] [ext: omni.ui-2.27.1] startup
[1.200s] [ext: omni.kit.mainwindow-1.0.3] startup
[1.200s] [ext: carb.audio-0.1.0] startup
[1.205s] [ext: omni.uiaudio-1.0.0] startup
[1.205s] [ext: omni.kit.uiapp-0.0.0] startup
[1.205s] [ext: omni.usd.schema.metrics.assembler-107.3.1] startup
[1.207s] [ext: omni.usd.schema.physx-107.3.26] startup
[1.227s] [ext: omni.usd.schema.geospatial-0.0.0] startup
[1.229s] [ext: omni.usd.schema.audio-0.0.0] startup
[1.230s] [ext: omni.usd.schema.anim-0.0.0] startup
[1.242s] [ext: omni.usd.schema.flow-107.1.1] startup
[1.242s] [ext: omni.usd_resolver-1.0.0] startup
[1.245s] [ext: omni.usd.core-1.5.3] startup
[1.246s] [ext: omni.usd.schema.omni_sensors-0.0.0] startup
[1.256s] [ext: omni.usd.schema.semantics-0.0.0] startup
[1.258s] [ext: omni.usd.schema.omniscripting-1.0.0] startup
[1.260s] [ext: omni.usd.schema.omni_lens_distortion-0.0.0] startup
[1.260s] [ext: omni.usd.schema.omnigraph-1.0.0] startup
[1.263s] [ext: omni.kit.window.popup_dialog-2.0.24] startup
[1.266s] [ext: omni.graph.exec-0.9.6] startup
[1.266s] [ext: omni.kit.widget.nucleus_connector-2.0.1] startup
[1.267s] [ext: omni.kit.usd_undo-0.1.8] startup
[1.267s] [ext: omni.kit.exec.core-0.13.4] startup
[1.268s] [ext: omni.kit.actions.core-1.0.0] startup
[1.270s] [ext: omni.resourcemonitor-107.0.1] startup
[1.271s] [ext: omni.activity.core-1.0.3] startup
[1.272s] [ext: omni.timeline-1.0.14] startup
[1.274s] [ext: omni.kit.commands-1.4.10] startup
[1.276s] [ext: usdrt.scenegraph-7.6.1] startup
[1.298s] [ext: omni.kit.audiodeviceenum-1.0.2] startup
[1.299s] [ext: omni.hydra.usdrt_delegate-7.5.1] startup
[1.303s] [ext: omni.hydra.scene_delegate-0.3.4] startup
[1.306s] [ext: omni.usd-1.13.10] startup
[1.323s] [ext: omni.inspect-1.0.2] startup
[1.324s] [ext: omni.kit.notification_manager-1.0.10] startup
[1.325s] [ext: omni.graph.core-2.184.5] startup
[1.326s] [ext: isaacsim.core.deprecation_manager-0.2.7] startup
[1.327s] [ext: omni.anim.graph.schema-107.3.3] startup
[1.330s] [ext: omni.usd.schema.isaac-3.0.5] startup
[1.330s] [ext: omni.anim.navigation.schema-107.3.3] startup
[1.332s] [ext: omni.kit.asset_converter-5.0.17] startup
[1.340s] [ext: isaacsim.robot.schema-3.6.0] startup
[1.345s] [ext: omni.usd.schema.render_settings.rtx-0.0.0] startup
[1.346s] [ext: omni.kit.menu.core-1.1.2] startup
[1.346s] [ext: omni.kit.widget.path_field-2.0.11] startup
[1.346s] [ext: omni.kit.widget.context_menu-1.2.5] startup
[1.347s] [ext: omni.kit.widget.browser_bar-2.0.10] startup
[1.347s] [ext: omni.kit.clipboard-1.0.5] startup
[1.348s] [ext: omni.kit.numpy.common-0.1.3] startup
[1.349s] [ext: omni.kit.widget.options_menu-1.1.6] startup
[1.350s] [ext: omni.kit.helper.file_utils-0.1.9] startup
[1.351s] [ext: omni.ui.scene-1.11.5] startup
[1.354s] [ext: omni.kit.widget.options_button-1.0.3] startup
[1.354s] [ext: omni.kit.widget.filebrowser-2.12.3] startup
[1.357s] [ext: omni.kit.usd.layers-2.2.11] startup
[1.361s] [ext: omni.kit.window.filepicker-2.13.4] startup
[1.369s] [ext: omni.kit.hotkeys.core-1.3.10] startup
[1.371s] [ext: omni.kit.context_menu-1.8.6] startup
[1.372s] [ext: omni.kit.property.adapter.core-1.0.2] startup
[1.374s] [ext: omni.kit.window.file_exporter-1.0.33] startup
[1.375s] [ext: omni.kit.widget.searchfield-1.1.8] startup
[1.375s] [ext: omni.kit.widget.filter-1.1.4] startup
[1.376s] [ext: omni.kit.widget.graph-2.0.0] startup
[1.379s] [ext: omni.kit.widget.stage-3.1.4] startup
[1.384s] [ext: omni.kit.property.adapter.usd-1.0.2] startup
[1.385s] [ext: omni.kit.property.adapter.fabric-1.0.3] startup
[1.386s] [ext: omni.kit.graph.delegate.default-1.2.3] startup
[1.386s] [ext: omni.kit.window.file_importer-1.1.18] startup
[1.386s] [ext: omni.kit.stage_template.core-1.1.22] startup
[1.387s] [ext: omni.kit.menu.utils-2.0.5] startup
[1.389s] [ext: omni.kit.window.file-2.0.5] startup
[1.391s] [ext: omni.kit.widget.highlight_label-1.0.3] startup
[1.391s] [ext: omni.kit.window.drop_support-1.0.5] startup
[1.392s] [ext: omni.kit.window.content_browser_registry-0.0.6] startup
[1.392s] [ext: omni.kit.window.property-1.12.1] startup
[1.393s] [ext: omni.kit.window.content_browser-3.1.3] startup
[1.400s] [ext: isaacsim.core.version-2.0.6] startup
[1.400s] [ext: omni.kit.property.usd-4.5.12] startup
[1.406s] [ext: omni.kit.graph.editor.core-1.5.3] startup
[1.407s] [ext: omni.kit.material.library-2.0.7] startup
[1.410s] [ext: omni.kit.graph.usd.commands-1.3.1] startup
[1.410s] [ext: omni.kvdb-107.3.26] startup
[1.411s] [ext: omni.usdphysics-107.3.26] startup
[1.412s] [ext: omni.physx.foundation-107.3.26] startup
[1.413s] [ext: omni.localcache-107.3.26] startup
[1.414s] [ext: omni.convexdecomposition-107.3.26] startup
[1.416s] [ext: omni.physics-107.3.26] startup
[1.418s] [ext: omni.physx.cooking-107.3.26] startup
[1.419s] [ext: omni.physics.stageupdate-107.3.26] startup
[1.421s] [ext: omni.physx-107.3.26] startup
[1.426s] [ext: omni.index.libs-380600.8087.0] startup
[1.426s] [ext: omni.physics.physx-107.3.26] startup
2026-07-13T12:54:21Z [1,417ms] [Warning] [carb] Acquiring non optional plugin interface which is not listed as dependency: [omni::physx::IPhysxBenchmarks v1.0] (plugin: <default plugin>), by client: omni.physics.physx.plugin. Add it to CARB_PLUGIN_IMPL_DEPS() macro of a client.
[1.427s] [ext: omni.index-1.0.1] startup
[1.428s] [ext: omni.volume-0.5.2] startup
[1.429s] [ext: omni.ujitso.client-0.0.0] startup
[1.430s] [ext: omni.hydra.rtx.shadercache.vulkan-1.0.0] startup
[1.430s] [ext: omni.kit.widget.searchable_combobox-1.0.6] startup
[1.431s] [ext: omni.hydra.rtx-1.0.0] startup
2026-07-13T12:54:21Z [1,433ms] [Warning] [omni.log] Source: omni.hydra was already registered.
[1.456s] [ext: omni.kit.widget.settings-1.2.6] startup
[1.457s] [ext: omni.kit.hydra_texture-1.4.6] startup
[1.459s] [ext: omni.graph.tools-1.79.2] startup
[1.473s] [ext: omni.kit.window.preferences-1.8.0] startup
[1.476s] [ext: omni.kit.widget.material_preview-1.0.16] startup
[1.477s] [ext: omni.graph-1.141.2] startup
[1.501s] [ext: omni.kit.window.material_graph-1.9.1] startup
[1.506s] [ext: omni.isaac.dynamic_control-2.0.7] startup
2026-07-13T12:54:21Z [1,499ms] [Warning] [omni.isaac.dynamic_control] omni.isaac.dynamic_control is deprecated as of Isaac Sim 4.5. No action is needed from end-users.
[1.509s] [ext: isaacsim.storage.native-1.5.1] startup
[1.511s] [ext: omni.graph.scriptnode-1.50.0] startup
[1.512s] [ext: omni.hydra.engine.stats-1.0.3] startup
[1.515s] [ext: omni.kit.viewport.legacy_gizmos-1.0.19] startup
[1.517s] [ext: omni.kit.raycast.query-1.1.0] startup
[1.521s] [ext: omni.graph.action_core-1.1.7] startup
[1.523s] [ext: omni.kit.viewport.scene_camera_model-1.0.6] startup
[1.527s] [ext: omni.graph.image.core-0.6.1] startup
[1.528s] [ext: omni.kit.widget.viewport-107.1.3] startup
[1.531s] [ext: omni.kit.viewport.registry-104.0.6] startup
[1.531s] [ext: omni.usd.metrics.assembler-107.3.1] startup
[1.534s] [ext: omni.kit.viewport.window-107.2.0] startup
[1.546s] [ext: omni.kit.viewport.menubar.core-107.2.1] startup
[1.554s] [ext: omni.graph.image.nodes-1.3.1] startup
[1.554s] [ext: omni.usd.metrics.assembler.physics-107.3.26] startup
[1.555s] [ext: omni.warp.core-1.8.2] startup
[1.677s] [ext: omni.kit.viewport.utility-1.1.2] startup
[1.678s] [ext: omni.physics.tensors-107.3.26] startup
[1.681s] [ext: omni.syntheticdata-0.6.13] startup
[1.696s] [ext: isaacsim.test.docstring-1.1.0] startup
[1.701s] [ext: isaacsim.core.utils-3.5.1] startup
[1.704s] [ext: omni.physx.tensors-107.3.26] startup
[1.710s] [ext: omni.graph.nodes-1.170.10] startup
[1.716s] [ext: omni.graph.action_nodes-1.50.4] startup
[1.719s] [ext: omni.kit.primitive.mesh-1.0.17] startup
[1.724s] [ext: isaacsim.core.simulation_manager-1.4.4] startup
[2.668s] [ext: omni.graph.ui_nodes-1.50.5] startup
[2.670s] [ext: omni.graph.action-1.130.0] startup
[2.671s] [ext: omni.kit.stage_templates-2.0.0] startup
[2.674s] [ext: isaacsim.core.prims-0.6.1] startup
[2.693s] [ext: omni.warp-1.8.2] startup
[2.698s] [ext: omni.videoencoding-0.1.2] startup
[2.701s] [ext: isaacsim.core.api-4.8.0] startup
[2.714s] [ext: isaacsim.core.experimental.utils-0.3.0] startup
[2.717s] [ext: omni.replicator.core-1.12.27] startup
2026-07-13T12:54:22Z [2,728ms] [Warning] [pxr.Semantics] pxr.Semantics is deprecated - please use Semantics instead
2026-07-13T12:54:22Z [2,824ms] [Warning] [omni.graph.core.plugin] Found duplicate of category 'Replicator' - was 'Annotators', adding 'Fabric Reader'
2026-07-13T12:54:22Z [2,824ms] [Warning] [omni.graph.core.plugin] Category 'Replicator' not accepted on node type 'omni.replicator.core.FabricReader' in extension 'omni.replicator.core'
2026-07-13T12:54:22Z [2,824ms] [Warning] [omni.replicator.core.scripts.extension] No material configuration file, adding configuration to material settings directly.
[2.837s] [ext: isaacsim.core.experimental.prims-0.8.1] startup
[2.871s] [ext: omni.kit.window.extensions-1.4.27] startup
[2.877s] [ext: isaacsim.core.experimental.objects-0.4.0] startup
[2.881s] [ext: omni.ui_query-1.1.8] startup
[2.884s] [ext: omni.kit.manipulator.viewport-107.0.1] startup
[2.885s] [ext: isaacsim.robot.surface_gripper-3.3.1] startup
[2.890s] [ext: omni.kit.ui_test-1.3.7] startup
[2.894s] [ext: omni.graph.visualization.nodes-2.1.3] startup
[2.914s] [ext: isaacsim.robot_motion.lula-4.0.8] startup
[2.921s] [ext: isaacsim.core.nodes-3.4.3] startup
[2.934s] [ext: isaacsim.gui.components-1.2.1] startup
[2.944s] [ext: isaacsim.robot_motion.motion_generation-8.0.26] startup
[2.964s] [ext: isaacsim.robot.manipulators-3.3.6] startup
[2.972s] [ext: isaacsim.core.experimental.materials-0.4.0] startup
[2.984s] [ext: isaacsim.robot.manipulators.examples-1.1.2] startup
[2.987s] [ext: isaacsim.cortex.framework-1.0.12] startup
[2.993s] [ext: isaacsim.cortex.behaviors-2.0.14] startup
[2.994s] [ext: omni.isaac.cortex.sample_behaviors-2.0.5] startup
2026-07-13T12:54:22Z [2,986ms] [Warning] [omni.isaac.cortex] omni.isaac.cortex has been deprecated in favor of isaacsim.cortex.framework. Please update your code accordingly.
2026-07-13T12:54:22Z [2,987ms] [Warning] [omni.isaac.cortex.sample_behaviors] omni.isaac.cortex.sample_behaviors has been deprecated in favor of isaacsim.cortex.behaviors. Please update your code accordingly.
[2.999s] [ext: omni.kit.widget.zoombar-1.0.6] startup
[3.006s] [ext: isaacsim.gui.content_browser-0.1.11] startup
[3.011s] [ext: omni.kit.browser.core-2.3.13] startup
[3.015s] [ext: omni.kit.widget.stage_icons-1.0.8] startup
[3.017s] [ext: omni.kit.widget.prompt-1.0.7] startup
[3.018s] [ext: omni.kit.usd.collect-2.4.5] startup
[3.021s] [ext: omni.kit.browser.folder.core-1.10.9] startup
[3.035s] [ext: omni.kit.window.stage-2.6.1] startup
[3.071s] [ext: omni.kit.usdz_export-1.0.9] startup
[3.084s] [ext: omni.kit.tool.collect-2.2.18] startup
[3.130s] [ext: omni.kit.menu.stage-1.2.7] startup
[3.131s] [ext: omni.kit.tool.asset_importer-4.3.2] startup
[3.193s] [ext: isaacsim.robot.wheeled_robots-4.0.24] startup
[3.272s] [ext: isaacsim.examples.browser-0.2.1] startup
[3.341s] [ext: isaacsim.asset.importer.urdf-2.4.30] startup
[3.412s] [ext: omni.isaac.wheeled_robots-3.0.7] startup
2026-07-13T12:54:23Z [3,403ms] [Warning] [omni.isaac.wheeled_robots] omni.isaac.wheeled_robots has been deprecated in favor of isaacsim.robot.wheeled_robots. Please update your code accordingly.
2026-07-13T12:54:23Z [3,403ms] [Warning] [omni.isaac.wheeled_robots.controllers] omni.isaac.wheeled_robots has been deprecated in favor of isaacsim.robot.wheeled_robots. Please update your code accordingly.
2026-07-13T12:54:23Z [3,403ms] [Warning] [omni.isaac.wheeled_robots.controllers.ackermann_controller] omni.isaac.wheeled_robots has been deprecated in favor of isaacsim.robot.wheeled_robots. Please update your code accordingly.
2026-07-13T12:54:23Z [3,403ms] [Warning] [omni.isaac.wheeled_robots.controllers.differential_controller] omni.isaac.wheeled_robots has been deprecated in favor of isaacsim.robot.wheeled_robots. Please update your code accordingly.
2026-07-13T12:54:23Z [3,403ms] [Warning] [omni.isaac.wheeled_robots.controllers.holonomic_controller] omni.isaac.wheeled_robots has been deprecated in favor of isaacsim.robot.wheeled_robots. Please update your code accordingly.
2026-07-13T12:54:23Z [3,403ms] [Warning] [omni.isaac.wheeled_robots.controllers.quintic_path_planner] omni.isaac.wheeled_robots has been deprecated in favor of isaacsim.robot.wheeled_robots. Please update your code accordingly.
2026-07-13T12:54:23Z [3,403ms] [Warning] [omni.isaac.wheeled_robots.controllers.stanley_control] omni.isaac.wheeled_robots has been deprecated in favor of isaacsim.robot.wheeled_robots. Please update your code accordingly.
2026-07-13T12:54:23Z [3,403ms] [Warning] [omni.isaac.wheeled_robots.controllers.wheel_base_pose_controller] omni.isaac.wheeled_robots has been deprecated in favor of isaacsim.robot.wheeled_robots. Please update your code accordingly.
2026-07-13T12:54:23Z [3,404ms] [Warning] [omni.isaac.wheeled_robots.impl] omni.isaac.wheeled_robots has been deprecated in favor of isaacsim.robot.wheeled_robots. Please update your code accordingly.
2026-07-13T12:54:23Z [3,404ms] [Warning] [omni.isaac.wheeled_robots.robots] omni.isaac.wheeled_robots has been deprecated in favor of isaacsim.robot.wheeled_robots. Please update your code accordingly.
2026-07-13T12:54:23Z [3,405ms] [Warning] [omni.isaac.wheeled_robots.robots.holonomic_robot_usd_setup] omni.isaac.wheeled_robots has been deprecated in favor of isaacsim.robot.wheeled_robots. Please update your code accordingly.
2026-07-13T12:54:23Z [3,406ms] [Warning] [omni.isaac.wheeled_robots.robots.wheeled_robot] omni.isaac.wheeled_robots has been deprecated in favor of isaacsim.robot.wheeled_robots. Please update your code accordingly.
[3.419s] [ext: isaacsim.simulation_app-2.12.2] startup
[3.420s] [ext: omni.isaac.franka-1.0.7] startup
2026-07-13T12:54:23Z [3,410ms] [Warning] [omni.isaac.franka] omni.isaac.franka has been deprecated in favor of isaacsim.robot.manipulators.examples.franka. Please update your code accordingly.
2026-07-13T12:54:23Z [3,411ms] [Warning] [omni.isaac.franka.franka] omni.isaac.franka has been deprecated in favor of isaacsim.robot.manipulators.examples.franka. Please update your code accordingly.
2026-07-13T12:54:23Z [3,425ms] [Warning] [omni.isaac.franka.kinematics_solver] omni.isaac.franka has been deprecated in favor of isaacsim.robot.manipulators.examples.franka. Please update your code accordingly.
[3.435s] [ext: omni.isaac.kit-2.0.6] startup
2026-07-13T12:54:23Z [3,426ms] [Warning] [omni.isaac.kit] omni.isaac.kit has been deprecated in favor of isaacsim.simulation_app. Please update your code accordingly.
[3.437s] [ext: omni.kit.selection-0.1.6] startup
[3.438s] [ext: omni.isaac.lula-4.0.6] startup
2026-07-13T12:54:23Z [3,428ms] [Warning] [omni.isaac.lula] omni.isaac.lula has been deprecated in favor of isaacsim.robot_motion.lula. Please update your code accordingly.
[3.439s] [ext: isaacsim.robot_motion.lula_test_widget-1.0.12] startup
[3.440s] [ext: isaacsim.asset.browser-1.3.23] startup
[3.472s] [ext: omni.kit.viewport.actions-107.0.2] startup
[3.476s] [ext: isaacsim.gui.menu-2.4.4] startup
[3.480s] [ext: omni.isaac.manipulators-3.0.7] startup
2026-07-13T12:54:23Z [3,471ms] [Warning] [omni.isaac.manipulators] omni.isaac.manipulators has been deprecated in favor of isaacsim.robot.manipulators. Please update your code accordingly.
2026-07-13T12:54:23Z [3,471ms] [Warning] [omni.isaac.manipulators.controllers] omni.isaac.manipulators has been deprecated in favor of isaacsim.robot.manipulators. Please update your code accordingly.
2026-07-13T12:54:23Z [3,471ms] [Warning] [omni.isaac.manipulators.controllers.pick_place_controller] omni.isaac.manipulators has been deprecated in favor of isaacsim.robot.manipulators. Please update your code accordingly.
2026-07-13T12:54:23Z [3,472ms] [Warning] [omni.isaac.manipulators.controllers.stacking_controller] omni.isaac.manipulators has been deprecated in favor of isaacsim.robot.manipulators. Please update your code accordingly.
2026-07-13T12:54:23Z [3,472ms] [Warning] [omni.isaac.manipulators.grippers] omni.isaac.manipulators has been deprecated in favor of isaacsim.robot.manipulators. Please update your code accordingly.
2026-07-13T12:54:23Z [3,473ms] [Warning] [omni.isaac.manipulators.grippers.gripper] omni.isaac.manipulators has been deprecated in favor of isaacsim.robot.manipulators. Please update your code accordingly.
2026-07-13T12:54:23Z [3,473ms] [Warning] [omni.isaac.manipulators.grippers.parallel_gripper] omni.isaac.manipulators has been deprecated in favor of isaacsim.robot.manipulators. Please update your code accordingly.
2026-07-13T12:54:23Z [3,473ms] [Warning] [omni.isaac.manipulators.grippers.surface_gripper] omni.isaac.manipulators has been deprecated in favor of isaacsim.robot.manipulators. Please update your code accordingly.
2026-07-13T12:54:23Z [3,473ms] [Warning] [omni.isaac.manipulators.manipulators] omni.isaac.manipulators has been deprecated in favor of isaacsim.robot.manipulators. Please update your code accordingly.
2026-07-13T12:54:23Z [3,473ms] [Warning] [omni.isaac.manipulators.manipulators.single_manipulator] omni.isaac.manipulators has been deprecated in favor of isaacsim.robot.manipulators. Please update your code accordingly.
[3.483s] [ext: omni.isaac.lula_test_widget-1.0.6] startup
2026-07-13T12:54:23Z [3,474ms] [Warning] [omni.isaac.lula_test_widget] omni.isaac.lula_test_widget has been deprecated in favor of isaacsim.robot_motion.lula_test_widget. Please update your code accordingly.
[3.485s] [ext: omni.isaac.asset_browser-1.0.6] startup
2026-07-13T12:54:23Z [3,476ms] [Warning] [omni.isaac.asset_browser] omni.isaac.asset_browser has been deprecated in favor of isaacsim.asset.browser. Please update your code accordingly.
[3.487s] [ext: omni.kit.viewport.menubar.display-107.0.3] startup
[3.490s] [ext: omni.isaac.menu-1.0.6] startup
2026-07-13T12:54:23Z [3,481ms] [Warning] [omni.isaac.menu] omni.isaac.menu has been deprecated in favor of isaacsim.gui.menu. Please update your code accordingly.
[3.493s] [ext: omni.isaac.motion_generation-8.0.7] startup
2026-07-13T12:54:23Z [3,483ms] [Warning] [omni.isaac.motion_generation] omni.isaac.motion_generation has been deprecated in favor of isaacsim.robot_motion.motion_generation. Please update your code accordingly.
2026-07-13T12:54:23Z [3,484ms] [Warning] [omni.isaac.motion_generation.articulation_kinematics_solver] omni.isaac.motion_generation has been deprecated in favor of isaacsim.robot_motion.motion_generation. Please update your code accordingly.
2026-07-13T12:54:23Z [3,484ms] [Warning] [omni.isaac.motion_generation.articulation_motion_policy] omni.isaac.motion_generation has been deprecated in favor of isaacsim.robot_motion.motion_generation. Please update your code accordingly.
2026-07-13T12:54:23Z [3,484ms] [Warning] [omni.isaac.motion_generation.articulation_trajectory] omni.isaac.motion_generation has been deprecated in favor of isaacsim.robot_motion.motion_generation. Please update your code accordingly.
2026-07-13T12:54:23Z [3,484ms] [Warning] [omni.isaac.motion_generation.kinematics_interface] omni.isaac.motion_generation has been deprecated in favor of isaacsim.robot_motion.motion_generation. Please update your code accordingly.
2026-07-13T12:54:23Z [3,484ms] [Warning] [omni.isaac.motion_generation.lula] omni.isaac.motion_generation has been deprecated in favor of isaacsim.robot_motion.motion_generation. Please update your code accordingly.
2026-07-13T12:54:23Z [3,484ms] [Warning] [omni.isaac.motion_generation.lula.kinematics] omni.isaac.motion_generation has been deprecated in favor of isaacsim.robot_motion.motion_generation. Please update your code accordingly.
2026-07-13T12:54:23Z [3,484ms] [Warning] [omni.isaac.motion_generation.lula.motion_policies] omni.isaac.motion_generation has been deprecated in favor of isaacsim.robot_motion.motion_generation. Please update your code accordingly.
2026-07-13T12:54:23Z [3,485ms] [Warning] [omni.isaac.motion_generation.lula.path_planners] omni.isaac.motion_generation has been deprecated in favor of isaacsim.robot_motion.motion_generation. Please update your code accordingly.
2026-07-13T12:54:23Z [3,485ms] [Warning] [omni.isaac.motion_generation.lula.trajectory_generator] omni.isaac.motion_generation has been deprecated in favor of isaacsim.robot_motion.motion_generation. Please update your code accordingly.
2026-07-13T12:54:23Z [3,485ms] [Warning] [omni.isaac.motion_generation.motion_policy_controller] omni.isaac.motion_generation has been deprecated in favor of isaacsim.robot_motion.motion_generation. Please update your code accordingly.
2026-07-13T12:54:23Z [3,485ms] [Warning] [omni.isaac.motion_generation.motion_policy_interface] omni.isaac.motion_generation has been deprecated in favor of isaacsim.robot_motion.motion_generation. Please update your code accordingly.
2026-07-13T12:54:23Z [3,485ms] [Warning] [omni.isaac.motion_generation.path_planner_visualizer] omni.isaac.motion_generation has been deprecated in favor of isaacsim.robot_motion.motion_generation. Please update your code accordingly.
2026-07-13T12:54:23Z [3,485ms] [Warning] [omni.isaac.motion_generation.path_planning_interface] omni.isaac.motion_generation has been deprecated in favor of isaacsim.robot_motion.motion_generation. Please update your code accordingly.
2026-07-13T12:54:23Z [3,485ms] [Warning] [omni.isaac.motion_generation.trajectory] omni.isaac.motion_generation has been deprecated in favor of isaacsim.robot_motion.motion_generation. Please update your code accordingly.
2026-07-13T12:54:23Z [3,485ms] [Warning] [omni.isaac.motion_generation.world_interface] omni.isaac.motion_generation has been deprecated in favor of isaacsim.robot_motion.motion_generation. Please update your code accordingly.
[3.496s] [ext: omni.isaac.assets_check-0.3.13] startup
2026-07-13T12:54:23Z [3,486ms] [Warning] [omni.isaac.assets_check] omni.isaac.assets_check has been deprecated in favor of isaacsim.asset.browser. Please update your code accordingly.
[3.497s] [ext: isaacsim.gui.sensors.icon-2.0.3] startup
[3.506s] [ext: isaacsim.asset.importer.mjcf-2.5.13] startup
[3.510s] [ext: omni.sensors.nv.common-3.0.0] startup
[3.518s] [ext: isaacsim.sensors.physics-0.4.3] startup
[3.523s] [ext: omni.sensors.net-1.0.0] startup
[3.526s] [ext: omni.isaac.nucleus-1.0.6] startup
2026-07-13T12:54:23Z [3,516ms] [Warning] [omni.isaac.nucleus] omni.isaac.nucleus has been deprecated in favor of isaacsim.storage.native. Please update your code accordingly.
2026-07-13T12:54:23Z [3,516ms] [Warning] [omni.isaac.nucleus.nucleus] omni.isaac.nucleus.nucleus has been deprecated in favor of isaacsim.storage.native. Please update your code accordingly.
[3.527s] [ext: omni.sensors.nv.materials-2.0.0] startup
[3.531s] [ext: isaacsim.robot.policy.examples-4.1.11] startup
[3.532s] [ext: omni.sensors.nv.wpm-3.0.0] startup
[3.535s] [ext: omni.sensors.nv.lidar-3.0.0] startup
[3.540s] [ext: isaacsim.util.debug_draw-3.1.0] startup
[3.543s] [ext: omni.sensors.nv.radar-3.0.0] startup
[3.546s] [ext: omni.sensors.nv.ids-2.0.0] startup
[3.547s] [ext: isaacsim.core.cloner-1.4.10] startup
[3.549s] [ext: isaacsim.sensors.physx-2.3.2] startup
[3.552s] [ext: isaacsim.sensors.rtx-15.8.4] startup
[3.558s] [ext: isaacsim.sensors.camera-1.3.6] startup
[3.565s] [ext: omni.isaac.quadruped-3.0.7] startup
2026-07-13T12:54:23Z [3,556ms] [Warning] [omni.isaac.quadruped] omni.isaac.quadruped has been deprecated in favor of isaacsim.robot.policy.examples. Please update your code accordingly.
[3.567s] [ext: omni.isaac.cloner-1.0.7] startup
2026-07-13T12:54:23Z [3,558ms] [Warning] [omni.isaac.cloner] omni.isaac.cloner has been deprecated in favor of isaacsim.core.cloner. Please update your code accordingly.
[3.572s] [ext: omni.isaac.range_sensor-4.0.6] startup
2026-07-13T12:54:23Z [3,562ms] [Warning] [omni.isaac.range_sensor] omni.isaac.range_sensor has been deprecated in favor of isaacsim.sensors.physx. Please update your code accordingly.
2026-07-13T12:54:23Z [3,562ms] [Warning] [omni.isaac.range_sensor.commands] omni.isaac.range_sensor.commands has been deprecated in favor of isaacsim.sensors.physx.commands. Please update your code accordingly.
[3.575s] [ext: omni.isaac.sensor-13.0.7] startup
2026-07-13T12:54:23Z [3,564ms] [Warning] [omni.isaac.sensor] omni.isaac.sensor has been deprecated in favor of isaacsim.sensors.camera, isaacsim.sensors.physics, isaacsim.sensors.physx, and isaacsim.sensors.rtx. Please update your code accordingly.
2026-07-13T12:54:23Z [3,565ms] [Warning] [omni.isaac.sensor.camera] omni.isaac.sensor.camera has been deprecated in favor of isaacsim.sensors.camera.camera. Please update your code accordingly.
2026-07-13T12:54:23Z [3,566ms] [Warning] [omni.isaac.sensor.camera_view] omni.isaac.sensor.camera_view has been deprecated in favor of isaacsim.sensors.camera.camera_view. Please update your code accordingly.
2026-07-13T12:54:23Z [3,566ms] [Warning] [omni.isaac.sensor.commands] omni.isaac.sensor.commands has been deprecated in favor of isaacsim.sensors.physics.commands, isaacsim.sensors.physx.commands, and isaacsim.sensors.rtx.commands. Please update your code accordingly.
2026-07-13T12:54:23Z [3,566ms] [Warning] [omni.isaac.sensor.contact_sensor] omni.isaac.sensor.contact_sensor has been deprecated in favor of isaacsim.sensors.physics.contact_sensor. Please update your code accordingly.
2026-07-13T12:54:23Z [3,566ms] [Warning] [omni.isaac.sensor.imu_sensor] omni.isaac.sensor.imu_sensor has been deprecated in favor of isaacsim.sensors.physics.imu_sensor. Please update your code accordingly.
2026-07-13T12:54:23Z [3,566ms] [Warning] [omni.isaac.sensor.lidar_rtx] omni.isaac.sensor.lidar_rtx has been deprecated in favor of isaacsim.sensors.rtx.lidar_rtx. Please update your code accordingly.
2026-07-13T12:54:23Z [3,567ms] [Warning] [omni.isaac.sensor.rotating_lidar_physX] omni.isaac.sensor.imu_sensor has been deprecated in favor of isaacsim.sensors.physix.rotating_lidar_physX. Please update your code accordingly.
2026-07-13T12:54:23Z [3,567ms] [Warning] [omni.isaac.sensor.scripts.samples.contact_sensor] omni.isaac.sensor.scripts.samples.contact_sensor has been deprecated in favor of isaacsim.sensors.physics.scripts.samples.contact_sensor. Please update your code accordingly.
2026-07-13T12:54:23Z [3,567ms] [Warning] [omni.isaac.sensor.scripts.samples.imu_sensor] omni.isaac.sensor.scripts.samples.imu_sensor has been deprecated in favor of isaacsim.sensors.physics.scripts.samples.imu_sensor. Please update your code accordingly.
2026-07-13T12:54:23Z [3,567ms] [Warning] [omni.isaac.sensor.scripts.samples.lightbeam_sensor] omni.isaac.sensor.scripts.samples.lightbeam_sensor has been deprecated in favor of isaacsim.sensors.physx.scripts.samples.lightbeam_sensor. Please update your code accordingly.
[3.577s] [ext: omni.kit.menu.create-2.0.1] startup
[3.580s] [ext: omni.kit.widget.toolbar-2.0.1] startup
[3.590s] [ext: omni.kit.manipulator.transform-107.0.0] startup
[3.593s] [ext: omni.isaac.core-4.0.7] startup
2026-07-13T12:54:23Z [3,583ms] [Warning] [omni.isaac.core.physics_context.physics_context] omni.isaac.core.physics_context.physics_context has been deprecated in favor of isaacsim.core.api.physics_context.physics_context. Please update your code accordingly.
2026-07-13T12:54:23Z [3,583ms] [Warning] [omni.isaac.core.simulation_context.simulation_context] omni.isaac.core.simulation_context.simulation_context has been deprecated in favor of isaacsim.core.api.simulation_context.simulation_context. Please update your code accordingly.
2026-07-13T12:54:23Z [3,583ms] [Warning] [omni.isaac.core.world.world] omni.isaac.core.world.world has been deprecated in favor of isaacsim.core.api.world.world. Please update your code accordingly.
2026-07-13T12:54:23Z [3,583ms] [Warning] [omni.isaac.core] omni.isaac.core has been deprecated in favor of isaacsim.core.api. Please update your code accordingly.
[3.594s] [ext: omni.kit.scripting-107.3.2] startup
[3.598s] [ext: omni.kit.manipulator.tool.snap-1.5.13] startup
[3.601s] [ext: omni.kit.manipulator.selector-1.1.3] startup
[3.602s] [ext: isaacsim.app.about-2.0.11] startup
[3.605s] [ext: isaacsim.replicator.behavior-1.1.16] startup
[3.606s] [ext: omni.kit.viewport.manipulator.transform-107.0.4] startup
[3.608s] [ext: omni.isaac.window.about-2.0.7] startup
2026-07-13T12:54:23Z [3,599ms] [Warning] [omni.isaac.window.about] omni.isaac.window.about has been deprecated in favor of isaacsim.app.about. Please update your code accordingly.
2026-07-13T12:54:23Z [3,599ms] [Warning] [omni.isaac.window.about.about] omni.isaac.window.about.about has been deprecated in favor of isaacsim.app.about.about. Please update your code accordingly.
[3.609s] [ext: omni.fabric.commands-1.1.6] startup
[3.611s] [ext: omni.kit.manipulator.prim.core-107.0.8] startup
[3.615s] [ext: omni.kit.property.audio-1.0.16] startup
[3.617s] [ext: omni.kit.property.camera-1.0.10] startup
[3.618s] [ext: omni.kit.property.geometry-2.0.4] startup
[3.620s] [ext: omni.hydra.scene_api-0.1.2] startup
[3.623s] [ext: omni.kit.property.light-1.0.12] startup
[3.631s] [ext: omni.kit.manipulator.prim.fabric-107.0.4] startup
[3.632s] [ext: omni.kit.manipulator.prim.usd-107.0.3] startup
[3.633s] [ext: omni.kit.property.material-1.11.9] startup
[3.637s] [ext: omni.kit.property.render-1.2.1] startup
[3.638s] [ext: omni.kit.property.transform-1.5.13] startup
[3.641s] [ext: isaacsim.gui.property-1.1.3] startup
[3.642s] [ext: omni.kit.manipulator.camera-106.0.4] startup
[3.645s] [ext: omni.kit.manipulator.prim-107.0.0] startup
[3.645s] [ext: omni.isaac.surface_gripper-2.0.6] startup
2026-07-13T12:54:23Z [3,635ms] [Warning] [omni.isaac.surface_gripper] omni.isaac.surface_gripper has been deprecated in favor of isaacsim.robot.surface_gripper. Please update your code accordingly.
[3.646s] [ext: omni.kit.manipulator.selection-106.0.1] startup
[3.649s] [ext: omni.kit.property.bundle-1.4.1] startup
[3.649s] [ext: omni.kit.property.isaac-1.0.6] startup
2026-07-13T12:54:23Z [3,640ms] [Warning] [omni.kit.property.isaac] omni.kit.property.isaac has been deprecated in favor of isaacsim.gui.property. Please update your code accordingly.
2026-07-13T12:54:23Z [3,640ms] [Warning] [omni.kit.property.isaac.widgets] omni.kit.property.isaac.widgets has been deprecated in favor of isaacsim.gui.property.widgets. Please update your code accordingly.
[3.650s] [ext: omni.isaac.universal_robots-1.0.6] startup
2026-07-13T12:54:23Z [3,640ms] [Warning] [omni.isaac.universal_robots] omni.isaac.universal_robots has been deprecated in favor of isaacsim.robot.manipulators.examples.universal_robots. Please update your code accordingly.
2026-07-13T12:54:23Z [3,640ms] [Warning] [omni.isaac.universal_robots.kinematics_solver] omni.isaac.franka has been deprecated in favor of isaacsim.robot.manipulators.examples.universal_robots. Please update your code accordingly.
2026-07-13T12:54:23Z [3,641ms] [Warning] [omni.isaac.universal_robots.ur10] omni.isaac.franka has been deprecated in favor of isaacsim.robot.manipulators.examples.universal_robots. Please update your code accordingly.
[3.651s] [ext: omni.isaac.core_nodes-2.0.6] startup
2026-07-13T12:54:23Z [3,643ms] [Warning] [omni.isaac.core_nodes] omni.isaac.core_nodes has been deprecated in favor of isaacsim.core.nodes. Please update your code accordingly.
[3.654s] [ext: omni.kit.viewport.menubar.camera-107.0.6] startup
[3.659s] [ext: omni.kit.viewport.menubar.lighting-107.3.1] startup
[3.661s] [ext: isaacsim.replicator.writers-1.0.17] startup
[3.670s] [ext: omni.kit.viewport.menubar.render-107.0.10] startup
[3.674s] [ext: omni.kit.viewport.menubar.settings-107.0.3] startup
[3.679s] [ext: omni.kit.window.console-1.1.4] startup
[3.683s] [ext: isaacsim.replicator.domain_randomization-1.0.16] startup
[3.685s] [ext: isaacsim.replicator.examples-1.3.6] startup
[3.687s] [ext: omni.ocio-0.1.1] startup
[3.689s] [ext: omni.rtx.window.settings-0.6.19] startup
[3.696s] [ext: omni.kit.window.status_bar-0.1.9] startup
[3.702s] [ext: omni.kit.window.toolbar-2.0.0] startup
[3.706s] [ext: omni.replicator.isaac-2.0.8] startup
2026-07-13T12:54:23Z [3,696ms] [Warning] [omni.replicator.isaac] omni.replicator.isaac has been deprecated in favor of isaacsim.replicator.domain_randomization, isaacsim.replicator.examples, isaacsim.replicator.writers. Please update your code accordingly.
[3.707s] [ext: omni.replicator.replicator_yaml-2.0.11] startup
[3.723s] [ext: omni.rtx.settings.core-0.6.5] startup
[3.726s] [ext: omni.usd.metrics.assembler.ui-107.3.1] startup
[3.734s] [ext: omni.isaac.utils-2.0.6] startup
[3.735s] [ext: semantics.schema.editor-2.0.2] startup
[3.739s] [ext: omni.kit.ui.actions-1.0.5] startup
[3.740s] [ext: semantics.schema.property-2.0.1] startup
[3.741s] [ext: omni.isaac.version-2.0.7] startup
2026-07-13T12:54:23Z [3,732ms] [Warning] [omni.isaac.version] omni.isaac.version has been deprecated in favor of isaacsim.core.version. Please update your code accordingly.
[3.742s] [ext: omni.isaac.cortex-1.0.5] startup
[3.743s] [ext: omni.anim.curve.core-1.3.1] startup
[3.749s] [ext: isaacsim.core.throttling-2.2.2] startup
[3.751s] [ext: omni.kit.menu.common-2.0.1] startup
[3.752s] [ext: isaacsim.exp.base-5.1.0] startup
[3.753s] [ext: isaacsim.exp.base.python-5.1.0] startup
[3.754s] Simulation App Starting
2026-07-13T12:54:23Z [3,815ms] [Warning] [omni.fabric.plugin] Warning: attribute viewportHandle not found for bucket id 9

[3.838s] app ready
Starting kit application with the following args:  ['/home/jingxiang/workspace/agenticsim-runtime/.venv/lib/python3.11/site-packages/isaacsim/exts/isaacsim.simulation_app/isaacsim/simulation_app/simulation_app.py', '/home/jingxiang/workspace/agenticsim-runtime/.venv/lib/python3.11/site-packages/isaacsim/apps/isaacsim.exp.base.python.kit', '--/app/tokens/exe-path=/home/jingxiang/workspace/agenticsim-runtime/.venv/lib/python3.11/site-packages/isaacsim/kit', '--/persistent/app/viewport/displayOptions=3094', '--/rtx/materialDb/syncLoads=True', '--/rtx/hydra/materialSyncLoads=True', '--/omni.kit.plugin/syncUsdLoads=True', '--/app/renderer/resolution/width=1280', '--/app/renderer/resolution/height=720', '--/app/window/width=1440', '--/app/window/height=900', '--/renderer/multiGpu/enabled=True', '--/app/fastShutdown=True', '--/app/installSignalHandlers=0', '--ext-folder', '/home/jingxiang/workspace/agenticsim-runtime/.venv/lib/python3.11/site-packages/isaacsim/exts', '--ext-folder', '/home/jingxiang/workspace/agenticsim-runtime/.venv/lib/python3.11/site-packages/isaacsim/apps', '--/rtx/raytracing/fractionalCutoutOpacity=true', '--/physics/cudaDevice=0', '--/plugins/carb.tasking.plugin/threadCount=16', '--/plugins/omni.tbb.globalcontrol/maxThreadCount=16', '--portable', '--no-window', '--/app/window/hideUi=1']
Passing the following args to the base kit application:  ['--headless', '--no-video', '--config-name', 'level1_pick']
Warp 1.8.2 initialized:
   CUDA Toolkit 12.8, Driver 13.0
   Devices:
     "cpu"      : "x86_64"
     "cuda:0"   : "NVIDIA GeForce RTX 5090" (31 GiB, sm_120, mempool enabled)
   Kernel cache:
     /home/jingxiang/.cache/warp/1.8.2
Warp DeprecationWarning: The `warp.sim` module is deprecated and will be removed in v1.10. Please transition to using the forthcoming Newton library instead.
[6.360s] Simulation App Startup Complete
[6.444s] [ext: omni.debugdraw-0.1.4] startup
[6.453s] [ext: omni.physx.commands-107.3.26] startup
[6.468s] [ext: omni.kit.widget.layers-1.8.6] startup
[6.522s] [ext: omni.kit.widget.text_editor-1.1.1] startup
[6.524s] [ext: omni.usdphysics.ui-107.3.26] startup
[6.563s] [ext: omni.physx.ui-107.3.26] startup
[6.700s] [ext: omni.physx.demos-107.3.26] startup
[6.787s] [ext: omni.physx.cct-107.3.26] startup
[6.832s] [ext: omni.kit.property.physx-107.3.26] startup
[6.868s] [ext: omni.physx.graph-107.3.26] startup
[6.965s] [ext: omni.asset_validator.core-1.1.6] startup
[7.041s] [ext: omni.physx.vehicle-107.3.26] startup
[7.169s] [ext: omni.physx.asset_validator-107.3.26] startup
[7.179s] [ext: omni.physx.camera-107.3.26] startup
[7.189s] [ext: omni.physx.telemetry-107.3.26] startup
[7.191s] [ext: omni.physx.supportui-107.3.26] startup
[7.232s] [ext: omni.physx.bundle-107.3.26] startup
2026-07-13T12:54:27Z [7,667ms] [Error] [omni.kit.app._impl] [py stderr]: Traceback (most recent call last):
2026-07-13T12:54:27Z [7,667ms] [Error] [omni.kit.app._impl] [py stderr]:   File "/home/jingxiang/workspace/agenticsim-runtime/candidates/labutopia/main.py", line 49, in <module>
2026-07-13T12:54:27Z [7,667ms] [Error] [omni.kit.app._impl] [py stderr]:     from factories.controller_factory import create_controller
2026-07-13T12:54:27Z [7,667ms] [Error] [omni.kit.app._impl] [py stderr]:   File "/home/jingxiang/workspace/agenticsim-runtime/candidates/labutopia/factories/controller_factory.py", line 2, in <module>
2026-07-13T12:54:27Z [7,667ms] [Error] [omni.kit.app._impl] [py stderr]:     from controllers.base_controller import BaseController
2026-07-13T12:54:27Z [7,667ms] [Error] [omni.kit.app._impl] [py stderr]:   File "/home/jingxiang/workspace/agenticsim-runtime/candidates/labutopia/controllers/base_controller.py", line 5, in <module>
2026-07-13T12:54:27Z [7,668ms] [Error] [omni.kit.app._impl] [py stderr]:     from controllers.inference_engines.inference_engine_factory import InferenceEngineFactory
2026-07-13T12:54:27Z [7,668ms] [Error] [omni.kit.app._impl] [py stderr]:   File "/home/jingxiang/workspace/agenticsim-runtime/candidates/labutopia/controllers/inference_engines/__init__.py", line 2, in <module>
2026-07-13T12:54:27Z [7,668ms] [Error] [omni.kit.app._impl] [py stderr]:     from .local_model_inference_engine import LocalModelInferenceEngine
2026-07-13T12:54:27Z [7,668ms] [Error] [omni.kit.app._impl] [py stderr]:   File "/home/jingxiang/workspace/agenticsim-runtime/candidates/labutopia/controllers/inference_engines/local_model_inference_engine.py", line 9, in <module>
2026-07-13T12:54:27Z [7,668ms] [Error] [omni.kit.app._impl] [py stderr]:     from policy.model.common.normalizer import LinearNormalizer
2026-07-13T12:54:27Z [7,668ms] [Error] [omni.kit.app._impl] [py stderr]:   File "/home/jingxiang/workspace/agenticsim-runtime/candidates/labutopia/policy/model/common/normalizer.py", line 4, in <module>
2026-07-13T12:54:27Z [7,668ms] [Error] [omni.kit.app._impl] [py stderr]:     import zarr
2026-07-13T12:54:27Z [7,668ms] [Error] [omni.kit.app._impl] [py stderr]: ModuleNotFoundError: No module named 'zarr'
2026-07-13T12:54:28Z [8,522ms] [Warning] [omni.graph.core.plugin] Could not find category 'Replicator:Annotators' for removal
2026-07-13T12:54:28Z [8,522ms] [Warning] [omni.graph.core.plugin] Could not find category 'Replicator:Annotators' for removal
2026-07-13T12:54:28Z [8,522ms] [Warning] [omni.graph.core.plugin] Could not find category 'Replicator' for removal
2026-07-13T12:54:28Z [8,522ms] [Warning] [omni.graph.core.plugin] Could not find category 'Replicator:Annotators' for removal
2026-07-13T12:54:28Z [8,522ms] [Warning] [omni.graph.core.plugin] Could not find category 'Replicator:Annotators' for removal
2026-07-13T12:54:28Z [8,522ms] [Warning] [omni.graph.core.plugin] Could not find category 'Replicator:Annotators' for removal
2026-07-13T12:54:28Z [8,522ms] [Warning] [omni.graph.core.plugin] Could not find category 'Replicator:Annotators' for removal
2026-07-13T12:54:28Z [8,522ms] [Warning] [omni.graph.core.plugin] Could not find category 'Replicator:Annotators' for removal
2026-07-13T12:54:28Z [8,522ms] [Warning] [omni.graph.core.plugin] Could not find category 'Replicator:Annotators' for removal
2026-07-13T12:54:28Z [8,522ms] [Warning] [omni.graph.core.plugin] Could not find category 'Replicator:Annotators' for removal
2026-07-13T12:54:28Z [8,522ms] [Warning] [omni.graph.core.plugin] Could not find category 'Replicator:Annotators' for removal
2026-07-13T12:54:28Z [8,522ms] [Warning] [omni.graph.core.plugin] Could not find category 'Replicator:Annotators' for removal
2026-07-13T12:54:28Z [8,522ms] [Warning] [omni.graph.core.plugin] Could not find category 'Replicator:Annotators' for removal
2026-07-13T12:54:28Z [8,522ms] [Warning] [omni.graph.core.plugin] Could not find category 'Replicator:Core' for removal
2026-07-13T12:54:28Z [8,524ms] [Warning] [omni.graph.core.plugin] Could not find category 'animation' for removal
2026-07-13T12:54:28Z [8,524ms] [Warning] [omni.physx.plugin] USD stage detach not called, holding a loose ptr to a stage!
2026-07-13T12:54:28Z [8,528ms] [Warning] [omni.fabric.plugin] gFabricState->gUsdStageToSimStageWithHistoryMap had 1 outstanding SimStageWithHistory(s) at shutdown
2026-07-13T12:54:28Z [8,529ms] [Warning] [carb.audio.context] 1 contexts were leaked
2026-07-13T12:54:28Z [8,621ms] [Warning] [carb] Recursive unloadAllPlugins() detected!
