Loading user config located at: '/home/jingxiang/workspace/agenticsim-runtime/.venv/lib/python3.11/site-packages/isaacsim/kit/data/Kit/Isaac-Sim/5.1/user.config.json'
[Info] [carb] Logging to file: /home/jingxiang/workspace/agenticsim-runtime/.venv/lib/python3.11/site-packages/isaacsim/kit/logs/Kit/Isaac-Sim/5.1/kit_20260713_201411.log
2026-07-13T12:14:11Z [96ms] [Warning] [carb.windowing-glfw.plugin] GLFW initialization failed.
2026-07-13T12:14:11Z [96ms] [Warning] [carb] Failed to startup plugin carb.windowing-glfw.plugin (interfaces: [carb::windowing::IGLContext v1.0],[carb::windowing::IWindowing v1.5]) (impl: carb.windowing-glfw.plugin)
2026-07-13T12:14:11Z [106ms] [Warning] [omni.platforminfo.plugin] failed to open the default display.  Can't verify X Server version.
2026-07-13T12:14:11Z [301ms] [Warning] [carb.windowing-glfw.plugin] GLFW initialization failed.
2026-07-13T12:14:11Z [301ms] [Warning] [carb] Failed to startup plugin carb.windowing-glfw.plugin (interfaces: [carb::windowing::IGLContext v1.0],[carb::windowing::IWindowing v1.5]) (impl: carb.windowing-glfw.plugin)
2026-07-13T12:14:11Z [428ms] [Warning] [gpu.foundation.plugin] Skipping unsupported non-NVIDIA GPU: AMD Ryzen 7 7800X3D 8-Core Processor (RADV RAPHAEL_MENDOCINO)
2026-07-13T12:14:11Z [428ms] [Warning] [gpu.foundation.plugin] Skipping unsupported non-NVIDIA GPU: AMD Ryzen 7 7800X3D 8-Core Processor (RADV RAPHAEL_MENDOCINO)

|---------------------------------------------------------------------------------------------|
| Driver Version: 580.159.03    | Graphics API: Vulkan
|=============================================================================================|
| GPU | Name                             | Active | LDA | GPU Memory | Vendor-ID | LUID       |
|     |                                  |        |     |            | Device-ID | UUID       |
|     |                                  |        |     |            | Bus-ID    |            |
|---------------------------------------------------------------------------------------------|
| 0   | NVIDIA GeForce RTX 5090          | Yes: 0 |     | 32607   MB | 10de      | 0          |
|     |                                  |        |     |            | 2b85      | f854badd.. |
|     |                                  |        |     |            | 1         |            |
|---------------------------------------------------------------------------------------------|
| 1   | AMD Ryzen 7 7800X3D 8-Core Pro.. |        |     | 21476   MB | 1002      | 0          |
|     |                                  |        |     |            | 164e      | 00000000.. |
|     |                                  |        |     |            | 12        |            |
|=============================================================================================|
| OS: 24.04.4 LTS (Noble Numbat) ubuntu, Version: 24.04.4, Kernel: 6.17.0-35-generic
| Processor: AMD Ryzen 7 7800X3D 8-Core Processor
| Cores: 8 | Logical Cores: 16
|---------------------------------------------------------------------------------------------|
| Total Memory (MB): 63405 | Free Memory: 59531
| Total Page/Swap (MB): 62499 | Free Page/Swap: 62499
|---------------------------------------------------------------------------------------------|
2026-07-13T12:14:12Z [689ms] [Warning] [gpu.foundation.plugin] IOMMU is enabled.
2026-07-13T12:14:12Z [689ms] [Warning] [gpu.foundation.plugin] Detected IOMMU is enabled. Running CUDA peer-to-peer bandwidth and latency validation.
Unidirectional P2P=Enabled Bandwidth (P2P Writes) Matrix (GB/s)
   D\D     0 
     0 1519.94 
P2P=Enabled Latency (P2P Writes) Matrix (us)
   GPU     0 
     0   2.07 

   CPU     0 
     0   1.63 
2026-07-13T12:14:12Z [1,085ms] [Warning] [carb.windowing-glfw.plugin] GLFW initialization failed.
2026-07-13T12:14:12Z [1,085ms] [Warning] [carb] Failed to startup plugin carb.windowing-glfw.plugin (interfaces: [carb::windowing::IGLContext v1.0],[carb::windowing::IWindowing v1.5]) (impl: carb.windowing-glfw.plugin)
2026-07-13T12:14:12Z [1,098ms] [Warning] [carb.windowing-glfw.plugin] GLFW initialization failed.
[INFO][AppLauncher]: Input keyword argument `livestream=0` has overridden the environment variable `LIVESTREAM=0`.
[INFO][AppLauncher]: Using device: cuda:0
[INFO][AppLauncher]: Loading experience file: /home/jingxiang/workspace/agenticsim-runtime/IsaacLab/apps/isaaclab.python.headless.rendering.kit
[INFO]: Parsing configuration from: lehome.tasks.bedroom.garment_bi_cfg_v2:GarmentEnvCfg
[INFO]: Base environment:
	Environment device    : cuda:0
	Environment seed      : None
	Physics step-size     : 0.011111111111111112
	Rendering step-size   : 0.011111111111111112
	Environment step-size : 0.011111111111111112
2026-07-13 20:14:18 - lehome.tasks.bedroom.garment_bi_v2 - INFO - [GarmentEnv] GarmentObject created successfully
2026-07-13T12:14:12Z [1,098ms] [Warning] [carb] Failed to startup plugin carb.windowing-glfw.plugin (interfaces: [carb::windowing::IGLContext v1.0],[carb::windowing::IWindowing v1.5]) (impl: carb.windowing-glfw.plugin)
2026-07-13T12:14:12Z [1,104ms] [Warning] [carb.windowing-glfw.plugin] GLFW initialization failed.
2026-07-13T12:14:12Z [1,104ms] [Warning] [carb] Failed to startup plugin carb.windowing-glfw.plugin (interfaces: [carb::windowing::IGLContext v1.0],[carb::windowing::IWindowing v1.5]) (impl: carb.windowing-glfw.plugin)
2026-07-13T12:14:12Z [1,116ms] [Warning] [carb.windowing-glfw.plugin] GLFW initialization failed.
2026-07-13T12:14:12Z [1,116ms] [Warning] [carb] Failed to startup plugin carb.windowing-glfw.plugin (interfaces: [carb::windowing::IGLContext v1.0],[carb::windowing::IWindowing v1.5]) (impl: carb.windowing-glfw.plugin)
2026-07-13T12:14:12Z [1,117ms] [Warning] [carb.windowing-glfw.plugin] GLFW initialization failed.
2026-07-13T12:14:12Z [1,117ms] [Warning] [carb] Failed to startup plugin carb.windowing-glfw.plugin (interfaces: [carb::windowing::IGLContext v1.0],[carb::windowing::IWindowing v1.5]) (impl: carb.windowing-glfw.plugin)
2026-07-13T12:14:12Z [1,118ms] [Warning] [carb.windowing-glfw.plugin] GLFW initialization failed.
2026-07-13T12:14:12Z [1,118ms] [Warning] [carb] Failed to startup plugin carb.windowing-glfw.plugin (interfaces: [carb::windowing::IGLContext v1.0],[carb::windowing::IWindowing v1.5]) (impl: carb.windowing-glfw.plugin)
2026-07-13T12:14:12Z [1,206ms] [Warning] [omni.log] Source: omni.hydra was already registered.
2026-07-13T12:14:12Z [1,385ms] [Warning] [carb] Acquiring non optional plugin interface which is not listed as dependency: [omni::physx::IPhysxBenchmarks v1.0] (plugin: <default plugin>), by client: omni.physics.physx.plugin. Add it to CARB_PLUGIN_IMPL_DEPS() macro of a client.
2026-07-13T12:14:12Z [1,396ms] [Warning] [omni.isaac.dynamic_control] omni.isaac.dynamic_control is deprecated as of Isaac Sim 4.5. No action is needed from end-users.
2026-07-13T12:14:14Z [2,691ms] [Warning] [pxr.Semantics] pxr.Semantics is deprecated - please use Semantics instead
2026-07-13T12:14:14Z [2,784ms] [Warning] [omni.graph.core.plugin] Found duplicate of category 'Replicator' - was 'Annotators', adding 'Fabric Reader'
2026-07-13T12:14:14Z [2,784ms] [Warning] [omni.graph.core.plugin] Category 'Replicator' not accepted on node type 'omni.replicator.core.FabricReader' in extension 'omni.replicator.core'
2026-07-13T12:14:14Z [2,784ms] [Warning] [omni.replicator.core.scripts.extension] No material configuration file, adding configuration to material settings directly.
2026-07-13T12:14:17Z [6,120ms] [Warning] [omni.fabric.plugin] Warning: attribute viewportHandle not found for bucket id 7

2026-07-13T12:14:17Z [6,152ms] [Warning] [rtx.postprocessing.plugin] DLSS increasing input dimensions: Render resolution of (480, 270) is below minimal input resolution of 300.
2026-07-13T12:14:18Z [6,974ms] [Warning] [isaaclab.envs.direct_rl_env] Seed not set for the environment. The environment creation may not be deterministic.
2026-07-13T12:14:18Z [7,429ms] [Warning] [isaacsim.core.prims.impl.cloth_prim] Please note that support for particle cloth and related APIs is now deprecated. These features will be removed in future releases.
2026-07-13T12:14:18Z [7,449ms] [Warning] [omni.physicsschema.plugin] Non-uniform scale may result in a non matching collision representation on prim: /World/Robot/Left_Robot/gripper/Capsule
2026-07-13T12:14:18Z [7,449ms] [Warning] [omni.physicsschema.plugin] Non-uniform scale may result in a non matching collision representation on prim: /World/Robot/Left_Robot/jaw/Capsule
2026-07-13T12:14:18Z [7,449ms] [Warning] [omni.physicsschema.plugin] Non-uniform scale may result in a non matching collision representation on prim: /World/Robot/Right_Robot/gripper/Capsule
2026-07-13T12:14:18Z [7,449ms] [Warning] [omni.physicsschema.plugin] Non-uniform scale may result in a non matching collision representation on prim: /World/Robot/Right_Robot/jaw/Capsule
2026-07-13T12:14:19Z [7,924ms] [Error] [omni.physx.plugin] PhysX error: attachShape: non-SDF triangle mesh, tetrahedron mesh, heightfield or plane geometry shapes configured as eSIMULATION_SHAPE are not supported for non-kinematic PxRigidDynamic instances., FILE /builds/omniverse/physics/physx/source/physx/src/NpRigidBodyTemplate.h, LINE 390
[INFO]: Time taken for scene creation : 0.443274 seconds
[INFO]: Scene manager:  <class InteractiveScene>
	Number of environments: 1
	Environment spacing   : 4.0
	Source prim name      : /World/envs/env_0
	Global prim paths     : []
	Replicate physics     : True
[INFO]: Starting the simulation. This may take a few seconds. Please wait...
[INFO]: Time taken for simulation start : 10.707214 seconds
[INFO]: Completed setting up the environment...
2026-07-13 20:14:29 - lehome.assets.object.Garment - INFO - [GarmentObject] Reset complete - pos: [-0.026277662002353333, 0.010435569947737536, 0.73], ori: [-17.268770869443316, 1.3325039411442035, 0.0]
2026-07-13T12:14:19Z [7,952ms] [Warning] [omni.physx.plugin] Detected an articulation at /World/Robot/Left_Robot with more than 4 velocity iterations being added to a TGS scene.The related behavior changed recently, please consult the changelog. This warning will only print once.
2026-07-13T12:14:19Z [8,289ms] [Warning] [omni.graph.core.plugin] Could not find node type interface for 'omni.anim.curve.core.AnimCurve'
2026-07-13T12:14:19Z [8,318ms] [Warning] [omni.fabric.plugin] getAttributeCount called on non-existent path /World/Robot/Right_Robot/wrist/visuals/wrist_roll_pitch_so101_v2
2026-07-13T12:14:19Z [8,318ms] [Warning] [omni.fabric.plugin] getTypes called on non-existent path /World/Robot/Right_Robot/wrist/visuals/wrist_roll_pitch_so101_v2
2026-07-13T12:14:29Z [18,096ms] [Warning] [omni.hydra] Mesh '/World/Object/Top_Long_Unseen_0/mesh' update topology/point without updating normal, fallback to smooth normal.
2026-07-13T12:14:43Z [32,559ms] [Warning] [carb] Client gpu.foundation.plugin has acquired [gpu::unstable::IMemoryBudgetManagerFactory v0.1] 100 times. Consider accessing this interface with carb::getCachedInterface() (Performance warning)
