Collecting lerobot==0.4.3
  Downloading lerobot-0.4.3-py3-none-any.whl.metadata (17 kB)
Collecting datasets<4.2.0,>=4.0.0 (from lerobot==0.4.3)
  Downloading datasets-4.1.1-py3-none-any.whl.metadata (18 kB)
Collecting diffusers<0.36.0,>=0.27.2 (from lerobot==0.4.3)
  Using cached diffusers-0.35.2-py3-none-any.whl.metadata (20 kB)
Collecting huggingface-hub<0.36.0,>=0.34.2 (from huggingface-hub[cli,hf-transfer]<0.36.0,>=0.34.2->lerobot==0.4.3)
  Downloading huggingface_hub-0.35.3-py3-none-any.whl.metadata (14 kB)
Collecting accelerate<2.0.0,>=1.10.0 (from lerobot==0.4.3)
  Downloading accelerate-1.14.0-py3-none-any.whl.metadata (19 kB)
Requirement already satisfied: setuptools<81.0.0,>=71.0.0 in ./.venv/lib/python3.11/site-packages (from lerobot==0.4.3) (80.10.2)
Collecting cmake<4.2.0,>=3.29.0.1 (from lerobot==0.4.3)
  Using cached cmake-4.1.3-py3-none-manylinux2014_x86_64.manylinux_2_17_x86_64.whl.metadata (6.5 kB)
Requirement already satisfied: einops<0.9.0,>=0.8.0 in ./.venv/lib/python3.11/site-packages (from lerobot==0.4.3) (0.8.2)
Requirement already satisfied: opencv-python-headless<4.13.0,>=4.9.0 in ./.venv/lib/python3.11/site-packages (from lerobot==0.4.3) (4.11.0.86)
Collecting av<16.0.0,>=15.0.0 (from lerobot==0.4.3)
  Downloading av-15.1.0-cp311-cp311-manylinux_2_28_x86_64.whl.metadata (4.6 kB)
Collecting jsonlines<5.0.0,>=4.0.0 (from lerobot==0.4.3)
  Using cached jsonlines-4.0.0-py3-none-any.whl.metadata (1.6 kB)
Collecting packaging<26.0,>=24.2 (from lerobot==0.4.3)
  Using cached packaging-25.0-py3-none-any.whl.metadata (3.3 kB)
Requirement already satisfied: pynput<1.9.0,>=1.7.7 in ./.venv/lib/python3.11/site-packages (from lerobot==0.4.3) (1.8.2)
Collecting pyserial<4.0,>=3.5 (from lerobot==0.4.3)
  Using cached pyserial-3.5-py2.py3-none-any.whl.metadata (1.6 kB)
Collecting wandb<0.25.0,>=0.24.0 (from lerobot==0.4.3)
  Using cached wandb-0.24.2-py3-none-manylinux_2_28_x86_64.whl.metadata (12 kB)
Requirement already satisfied: torch<2.8.0,>=2.2.1 in ./.venv/lib/python3.11/site-packages (from lerobot==0.4.3) (2.7.0+cu128)
Collecting torchcodec<0.6.0,>=0.2.1 (from lerobot==0.4.3)
  Downloading torchcodec-0.5-cp311-cp311-manylinux_2_28_x86_64.whl.metadata (10 kB)
Requirement already satisfied: torchvision<0.23.0,>=0.21.0 in ./.venv/lib/python3.11/site-packages (from lerobot==0.4.3) (0.22.0+cu128)
Collecting draccus==0.10.0 (from lerobot==0.4.3)
  Using cached draccus-0.10.0-py3-none-any.whl.metadata (24 kB)
Requirement already satisfied: gymnasium<2.0.0,>=1.1.1 in ./.venv/lib/python3.11/site-packages (from lerobot==0.4.3) (1.2.0)
Collecting rerun-sdk<0.27.0,>=0.24.0 (from lerobot==0.4.3)
  Using cached rerun_sdk-0.26.2-cp39-abi3-manylinux_2_28_x86_64.whl.metadata (4.6 kB)
Collecting deepdiff<9.0.0,>=7.0.1 (from lerobot==0.4.3)
  Using cached deepdiff-8.6.2-py3-none-any.whl.metadata (8.8 kB)
Requirement already satisfied: imageio<3.0.0,>=2.34.0 in ./.venv/lib/python3.11/site-packages (from imageio[ffmpeg]<3.0.0,>=2.34.0->lerobot==0.4.3) (2.37.0)
Collecting termcolor<4.0.0,>=2.4.0 (from lerobot==0.4.3)
  Using cached termcolor-3.3.0-py3-none-any.whl.metadata (6.5 kB)
Collecting mergedeep~=1.3 (from draccus==0.10.0->lerobot==0.4.3)
  Using cached mergedeep-1.3.4-py3-none-any.whl.metadata (4.3 kB)
Requirement already satisfied: pyyaml~=6.0 in ./.venv/lib/python3.11/site-packages (from draccus==0.10.0->lerobot==0.4.3) (6.0.2)
Collecting pyyaml-include~=1.4 (from draccus==0.10.0->lerobot==0.4.3)
  Using cached pyyaml_include-1.4.1-py3-none-any.whl.metadata (1.3 kB)
Requirement already satisfied: toml~=0.10 in ./.venv/lib/python3.11/site-packages (from draccus==0.10.0->lerobot==0.4.3) (0.10.2)
Collecting typing-inspect~=0.9.0 (from draccus==0.10.0->lerobot==0.4.3)
  Using cached typing_inspect-0.9.0-py3-none-any.whl.metadata (1.5 kB)
Requirement already satisfied: numpy>=1.17 in ./.venv/lib/python3.11/site-packages (from accelerate<2.0.0,>=1.10.0->lerobot==0.4.3) (1.26.0)
Requirement already satisfied: psutil in ./.venv/lib/python3.11/site-packages (from accelerate<2.0.0,>=1.10.0->lerobot==0.4.3) (7.2.2)
Requirement already satisfied: safetensors>=0.4.3 in ./.venv/lib/python3.11/site-packages (from accelerate<2.0.0,>=1.10.0->lerobot==0.4.3) (0.8.0)
Requirement already satisfied: filelock in ./.venv/lib/python3.11/site-packages (from datasets<4.2.0,>=4.0.0->lerobot==0.4.3) (3.29.0)
Collecting pyarrow>=21.0.0 (from datasets<4.2.0,>=4.0.0->lerobot==0.4.3)
  Downloading pyarrow-25.0.0-cp311-cp311-manylinux_2_28_x86_64.whl.metadata (3.0 kB)
Collecting dill<0.4.1,>=0.3.0 (from datasets<4.2.0,>=4.0.0->lerobot==0.4.3)
  Using cached dill-0.4.0-py3-none-any.whl.metadata (10 kB)
Requirement already satisfied: pandas in ./.venv/lib/python3.11/site-packages (from datasets<4.2.0,>=4.0.0->lerobot==0.4.3) (2.3.3)
Requirement already satisfied: requests>=2.32.2 in ./.venv/lib/python3.11/site-packages (from datasets<4.2.0,>=4.0.0->lerobot==0.4.3) (2.32.3)
Requirement already satisfied: tqdm>=4.66.3 in ./.venv/lib/python3.11/site-packages (from datasets<4.2.0,>=4.0.0->lerobot==0.4.3) (4.67.3)
Collecting xxhash (from datasets<4.2.0,>=4.0.0->lerobot==0.4.3)
  Downloading xxhash-3.8.1-cp311-cp311-manylinux2014_x86_64.manylinux_2_17_x86_64.manylinux_2_28_x86_64.whl.metadata (15 kB)
Collecting multiprocess<0.70.17 (from datasets<4.2.0,>=4.0.0->lerobot==0.4.3)
  Downloading multiprocess-0.70.16-py311-none-any.whl.metadata (7.2 kB)
Collecting fsspec<=2025.9.0,>=2023.1.0 (from fsspec[http]<=2025.9.0,>=2023.1.0->datasets<4.2.0,>=4.0.0->lerobot==0.4.3)
  Downloading fsspec-2025.9.0-py3-none-any.whl.metadata (10 kB)
Collecting orderly-set<6,>=5.4.1 (from deepdiff<9.0.0,>=7.0.1->lerobot==0.4.3)
  Using cached orderly_set-5.5.0-py3-none-any.whl.metadata (6.6 kB)
Requirement already satisfied: importlib_metadata in ./.venv/lib/python3.11/site-packages (from diffusers<0.36.0,>=0.27.2->lerobot==0.4.3) (9.0.0)
Requirement already satisfied: regex!=2019.12.17 in ./.venv/lib/python3.11/site-packages (from diffusers<0.36.0,>=0.27.2->lerobot==0.4.3) (2026.7.10)
Requirement already satisfied: Pillow in ./.venv/lib/python3.11/site-packages (from diffusers<0.36.0,>=0.27.2->lerobot==0.4.3) (11.3.0)
Requirement already satisfied: aiohttp!=4.0.0a0,!=4.0.0a1 in ./.venv/lib/python3.11/site-packages (from fsspec[http]<=2025.9.0,>=2023.1.0->datasets<4.2.0,>=4.0.0->lerobot==0.4.3) (3.11.11)
Requirement already satisfied: cloudpickle>=1.2.0 in ./.venv/lib/python3.11/site-packages (from gymnasium<2.0.0,>=1.1.1->lerobot==0.4.3) (3.1.2)
Requirement already satisfied: typing-extensions>=4.3.0 in ./.venv/lib/python3.11/site-packages (from gymnasium<2.0.0,>=1.1.1->lerobot==0.4.3) (4.15.0)
Requirement already satisfied: farama-notifications>=0.0.1 in ./.venv/lib/python3.11/site-packages (from gymnasium<2.0.0,>=1.1.1->lerobot==0.4.3) (0.0.6)
Requirement already satisfied: hf-xet<2.0.0,>=1.1.3 in ./.venv/lib/python3.11/site-packages (from huggingface-hub<0.36.0,>=0.34.2->huggingface-hub[cli,hf-transfer]<0.36.0,>=0.34.2->lerobot==0.4.3) (1.5.1)
Collecting InquirerPy==0.3.4 (from huggingface-hub[cli,hf-transfer]<0.36.0,>=0.34.2->lerobot==0.4.3)
  Using cached InquirerPy-0.3.4-py3-none-any.whl.metadata (8.1 kB)
Collecting hf-transfer>=0.1.4 (from huggingface-hub[cli,hf-transfer]<0.36.0,>=0.34.2->lerobot==0.4.3)
  Using cached hf_transfer-0.1.9-cp38-abi3-manylinux_2_17_x86_64.manylinux2014_x86_64.whl.metadata (1.7 kB)
Collecting pfzy<0.4.0,>=0.3.1 (from InquirerPy==0.3.4->huggingface-hub[cli,hf-transfer]<0.36.0,>=0.34.2->lerobot==0.4.3)
  Using cached pfzy-0.3.4-py3-none-any.whl.metadata (4.9 kB)
Requirement already satisfied: prompt-toolkit<4.0.0,>=3.0.1 in ./.venv/lib/python3.11/site-packages (from InquirerPy==0.3.4->huggingface-hub[cli,hf-transfer]<0.36.0,>=0.34.2->lerobot==0.4.3) (3.0.52)
Requirement already satisfied: imageio-ffmpeg in ./.venv/lib/python3.11/site-packages (from imageio[ffmpeg]<3.0.0,>=2.34.0->lerobot==0.4.3) (0.6.0)
Requirement already satisfied: attrs>=19.2.0 in ./.venv/lib/python3.11/site-packages (from jsonlines<5.0.0,>=4.0.0->lerobot==0.4.3) (25.1.0)
Requirement already satisfied: wcwidth in ./.venv/lib/python3.11/site-packages (from prompt-toolkit<4.0.0,>=3.0.1->InquirerPy==0.3.4->huggingface-hub[cli,hf-transfer]<0.36.0,>=0.34.2->lerobot==0.4.3) (0.8.2)
Requirement already satisfied: six in ./.venv/lib/python3.11/site-packages (from pynput<1.9.0,>=1.7.7->lerobot==0.4.3) (1.17.0)
Requirement already satisfied: evdev>=1.3 in ./.venv/lib/python3.11/site-packages (from pynput<1.9.0,>=1.7.7->lerobot==0.4.3) (1.9.3)
Requirement already satisfied: python-xlib>=0.17 in ./.venv/lib/python3.11/site-packages (from pynput<1.9.0,>=1.7.7->lerobot==0.4.3) (0.33)
Collecting numpy>=1.17 (from accelerate<2.0.0,>=1.10.0->lerobot==0.4.3)
  Downloading numpy-2.4.6-cp311-cp311-manylinux_2_27_x86_64.manylinux_2_28_x86_64.whl.metadata (6.6 kB)
Requirement already satisfied: sympy>=1.13.3 in ./.venv/lib/python3.11/site-packages (from torch<2.8.0,>=2.2.1->lerobot==0.4.3) (1.14.0)
Requirement already satisfied: networkx in ./.venv/lib/python3.11/site-packages (from torch<2.8.0,>=2.2.1->lerobot==0.4.3) (3.6.1)
Requirement already satisfied: jinja2 in ./.venv/lib/python3.11/site-packages (from torch<2.8.0,>=2.2.1->lerobot==0.4.3) (3.1.6)
Requirement already satisfied: nvidia-cuda-nvrtc-cu12==12.8.61 in ./.venv/lib/python3.11/site-packages (from torch<2.8.0,>=2.2.1->lerobot==0.4.3) (12.8.61)
Requirement already satisfied: nvidia-cuda-runtime-cu12==12.8.57 in ./.venv/lib/python3.11/site-packages (from torch<2.8.0,>=2.2.1->lerobot==0.4.3) (12.8.57)
Requirement already satisfied: nvidia-cuda-cupti-cu12==12.8.57 in ./.venv/lib/python3.11/site-packages (from torch<2.8.0,>=2.2.1->lerobot==0.4.3) (12.8.57)
Requirement already satisfied: nvidia-cudnn-cu12==9.7.1.26 in ./.venv/lib/python3.11/site-packages (from torch<2.8.0,>=2.2.1->lerobot==0.4.3) (9.7.1.26)
Requirement already satisfied: nvidia-cublas-cu12==12.8.3.14 in ./.venv/lib/python3.11/site-packages (from torch<2.8.0,>=2.2.1->lerobot==0.4.3) (12.8.3.14)
Requirement already satisfied: nvidia-cufft-cu12==11.3.3.41 in ./.venv/lib/python3.11/site-packages (from torch<2.8.0,>=2.2.1->lerobot==0.4.3) (11.3.3.41)
Requirement already satisfied: nvidia-curand-cu12==10.3.9.55 in ./.venv/lib/python3.11/site-packages (from torch<2.8.0,>=2.2.1->lerobot==0.4.3) (10.3.9.55)
Requirement already satisfied: nvidia-cusolver-cu12==11.7.2.55 in ./.venv/lib/python3.11/site-packages (from torch<2.8.0,>=2.2.1->lerobot==0.4.3) (11.7.2.55)
Requirement already satisfied: nvidia-cusparse-cu12==12.5.7.53 in ./.venv/lib/python3.11/site-packages (from torch<2.8.0,>=2.2.1->lerobot==0.4.3) (12.5.7.53)
Requirement already satisfied: nvidia-cusparselt-cu12==0.6.3 in ./.venv/lib/python3.11/site-packages (from torch<2.8.0,>=2.2.1->lerobot==0.4.3) (0.6.3)
Requirement already satisfied: nvidia-nccl-cu12==2.26.2 in ./.venv/lib/python3.11/site-packages (from torch<2.8.0,>=2.2.1->lerobot==0.4.3) (2.26.2)
Requirement already satisfied: nvidia-nvtx-cu12==12.8.55 in ./.venv/lib/python3.11/site-packages (from torch<2.8.0,>=2.2.1->lerobot==0.4.3) (12.8.55)
Requirement already satisfied: nvidia-nvjitlink-cu12==12.8.61 in ./.venv/lib/python3.11/site-packages (from torch<2.8.0,>=2.2.1->lerobot==0.4.3) (12.8.61)
Requirement already satisfied: nvidia-cufile-cu12==1.13.0.11 in ./.venv/lib/python3.11/site-packages (from torch<2.8.0,>=2.2.1->lerobot==0.4.3) (1.13.0.11)
Requirement already satisfied: triton==3.3.0 in ./.venv/lib/python3.11/site-packages (from torch<2.8.0,>=2.2.1->lerobot==0.4.3) (3.3.0)
Collecting mypy-extensions>=0.3.0 (from typing-inspect~=0.9.0->draccus==0.10.0->lerobot==0.4.3)
  Using cached mypy_extensions-1.1.0-py3-none-any.whl.metadata (1.1 kB)
Requirement already satisfied: click>=8.0.1 in ./.venv/lib/python3.11/site-packages (from wandb<0.25.0,>=0.24.0->lerobot==0.4.3) (8.4.2)
Requirement already satisfied: gitpython!=3.1.29,>=1.0.0 in ./.venv/lib/python3.11/site-packages (from wandb<0.25.0,>=0.24.0->lerobot==0.4.3) (3.1.51)
Collecting platformdirs (from wandb<0.25.0,>=0.24.0->lerobot==0.4.3)
  Using cached platformdirs-4.10.0-py3-none-any.whl.metadata (5.5 kB)
Collecting protobuf!=4.21.0,!=5.28.0,<7,>=3.19.0 (from wandb<0.25.0,>=0.24.0->lerobot==0.4.3)
  Using cached protobuf-6.33.6-cp39-abi3-manylinux2014_x86_64.whl.metadata (593 bytes)
Requirement already satisfied: pydantic<3 in ./.venv/lib/python3.11/site-packages (from wandb<0.25.0,>=0.24.0->lerobot==0.4.3) (2.11.10)
Requirement already satisfied: sentry-sdk>=2.0.0 in ./.venv/lib/python3.11/site-packages (from wandb<0.25.0,>=0.24.0->lerobot==0.4.3) (2.29.1)
Requirement already satisfied: annotated-types>=0.6.0 in ./.venv/lib/python3.11/site-packages (from pydantic<3->wandb<0.25.0,>=0.24.0->lerobot==0.4.3) (0.7.0)
Requirement already satisfied: pydantic-core==2.33.2 in ./.venv/lib/python3.11/site-packages (from pydantic<3->wandb<0.25.0,>=0.24.0->lerobot==0.4.3) (2.33.2)
Requirement already satisfied: typing-inspection>=0.4.0 in ./.venv/lib/python3.11/site-packages (from pydantic<3->wandb<0.25.0,>=0.24.0->lerobot==0.4.3) (0.4.2)
Requirement already satisfied: charset-normalizer<4,>=2 in ./.venv/lib/python3.11/site-packages (from requests>=2.32.2->datasets<4.2.0,>=4.0.0->lerobot==0.4.3) (3.3.2)
Requirement already satisfied: idna<4,>=2.5 in ./.venv/lib/python3.11/site-packages (from requests>=2.32.2->datasets<4.2.0,>=4.0.0->lerobot==0.4.3) (3.10)
Requirement already satisfied: urllib3<3,>=1.21.1 in ./.venv/lib/python3.11/site-packages (from requests>=2.32.2->datasets<4.2.0,>=4.0.0->lerobot==0.4.3) (2.7.0)
Requirement already satisfied: certifi>=2017.4.17 in ./.venv/lib/python3.11/site-packages (from requests>=2.32.2->datasets<4.2.0,>=4.0.0->lerobot==0.4.3) (2026.6.17)
Requirement already satisfied: aiohappyeyeballs>=2.3.0 in ./.venv/lib/python3.11/site-packages (from aiohttp!=4.0.0a0,!=4.0.0a1->fsspec[http]<=2025.9.0,>=2023.1.0->datasets<4.2.0,>=4.0.0->lerobot==0.4.3) (2.4.4)
Requirement already satisfied: aiosignal>=1.1.2 in ./.venv/lib/python3.11/site-packages (from aiohttp!=4.0.0a0,!=4.0.0a1->fsspec[http]<=2025.9.0,>=2023.1.0->datasets<4.2.0,>=4.0.0->lerobot==0.4.3) (1.3.2)
Requirement already satisfied: frozenlist>=1.1.1 in ./.venv/lib/python3.11/site-packages (from aiohttp!=4.0.0a0,!=4.0.0a1->fsspec[http]<=2025.9.0,>=2023.1.0->datasets<4.2.0,>=4.0.0->lerobot==0.4.3) (1.5.0)
Requirement already satisfied: multidict<7.0,>=4.5 in ./.venv/lib/python3.11/site-packages (from aiohttp!=4.0.0a0,!=4.0.0a1->fsspec[http]<=2025.9.0,>=2023.1.0->datasets<4.2.0,>=4.0.0->lerobot==0.4.3) (6.1.0)
Requirement already satisfied: propcache>=0.2.0 in ./.venv/lib/python3.11/site-packages (from aiohttp!=4.0.0a0,!=4.0.0a1->fsspec[http]<=2025.9.0,>=2023.1.0->datasets<4.2.0,>=4.0.0->lerobot==0.4.3) (0.2.1)
Requirement already satisfied: yarl<2.0,>=1.17.0 in ./.venv/lib/python3.11/site-packages (from aiohttp!=4.0.0a0,!=4.0.0a1->fsspec[http]<=2025.9.0,>=2023.1.0->datasets<4.2.0,>=4.0.0->lerobot==0.4.3) (1.18.3)
Requirement already satisfied: gitdb<5,>=4.0.1 in ./.venv/lib/python3.11/site-packages (from gitpython!=3.1.29,>=1.0.0->wandb<0.25.0,>=0.24.0->lerobot==0.4.3) (4.0.12)
Requirement already satisfied: smmap<6,>=3.0.1 in ./.venv/lib/python3.11/site-packages (from gitdb<5,>=4.0.1->gitpython!=3.1.29,>=1.0.0->wandb<0.25.0,>=0.24.0->lerobot==0.4.3) (5.0.3)
Requirement already satisfied: mpmath<1.4,>=1.1.0 in ./.venv/lib/python3.11/site-packages (from sympy>=1.13.3->torch<2.8.0,>=2.2.1->lerobot==0.4.3) (1.3.0)
Requirement already satisfied: zipp>=3.20 in ./.venv/lib/python3.11/site-packages (from importlib_metadata->diffusers<0.36.0,>=0.27.2->lerobot==0.4.3) (4.1.0)
Requirement already satisfied: MarkupSafe>=2.0 in ./.venv/lib/python3.11/site-packages (from jinja2->torch<2.8.0,>=2.2.1->lerobot==0.4.3) (3.0.3)
Requirement already satisfied: python-dateutil>=2.8.2 in ./.venv/lib/python3.11/site-packages (from pandas->datasets<4.2.0,>=4.0.0->lerobot==0.4.3) (2.9.0.post0)
Requirement already satisfied: pytz>=2020.1 in ./.venv/lib/python3.11/site-packages (from pandas->datasets<4.2.0,>=4.0.0->lerobot==0.4.3) (2024.1)
Requirement already satisfied: tzdata>=2022.7 in ./.venv/lib/python3.11/site-packages (from pandas->datasets<4.2.0,>=4.0.0->lerobot==0.4.3) (2026.3)
Would install accelerate-1.14.0 av-15.1.0 cmake-4.1.3 datasets-4.1.1 deepdiff-8.6.2 diffusers-0.35.2 dill-0.4.0 draccus-0.10.0 fsspec-2025.9.0 hf_transfer-0.1.9 huggingface-hub-0.35.3 inquirerpy-0.3.4 jsonlines-4.0.0 lerobot-0.4.3 mergedeep-1.3.4 multiprocess-0.70.16 mypy_extensions-1.1.0 numpy-2.4.6 orderly-set-5.5.0 packaging-25.0 pfzy-0.3.4 platformdirs-4.10.0 protobuf-6.33.6 pyarrow-25.0.0 pyserial-3.5 pyyaml-include-1.4.1 rerun-sdk-0.26.2 termcolor-3.3.0 torchcodec-0.5 typing-inspect-0.9.0 wandb-0.24.2 xxhash-3.8.1
