Collecting pymeshlab==2025.7.post1
  Using cached pymeshlab-2025.7.post1-cp311-cp311-manylinux_2_35_x86_64.whl.metadata (4.0 kB)
Collecting termcolor==3.3.0
  Using cached termcolor-3.3.0-py3-none-any.whl.metadata (6.5 kB)
Collecting gdown==6.1.0
  Using cached gdown-6.1.0-py3-none-any.whl.metadata (8.3 kB)
Requirement already satisfied: numpy in ./workspace/agenticsim-runtime/.venv/lib/python3.11/site-packages (from pymeshlab==2025.7.post1) (1.26.0)
Collecting beautifulsoup4 (from gdown==6.1.0)
  Using cached beautifulsoup4-4.15.0-py3-none-any.whl.metadata (3.8 kB)
Requirement already satisfied: filelock in ./workspace/agenticsim-runtime/.venv/lib/python3.11/site-packages (from gdown==6.1.0) (3.29.0)
Requirement already satisfied: requests[socks] in ./workspace/agenticsim-runtime/.venv/lib/python3.11/site-packages (from gdown==6.1.0) (2.32.3)
Requirement already satisfied: tqdm in ./workspace/agenticsim-runtime/.venv/lib/python3.11/site-packages (from gdown==6.1.0) (4.67.3)
Requirement already satisfied: typing-extensions>=4.0 in ./workspace/agenticsim-runtime/.venv/lib/python3.11/site-packages (from gdown==6.1.0) (4.15.0)
Collecting soupsieve>=1.6.1 (from beautifulsoup4->gdown==6.1.0)
  Using cached soupsieve-2.8.4-py3-none-any.whl.metadata (4.6 kB)
Requirement already satisfied: charset-normalizer<4,>=2 in ./workspace/agenticsim-runtime/.venv/lib/python3.11/site-packages (from requests[socks]->gdown==6.1.0) (3.3.2)
Requirement already satisfied: idna<4,>=2.5 in ./workspace/agenticsim-runtime/.venv/lib/python3.11/site-packages (from requests[socks]->gdown==6.1.0) (3.10)
Requirement already satisfied: urllib3<3,>=1.21.1 in ./workspace/agenticsim-runtime/.venv/lib/python3.11/site-packages (from requests[socks]->gdown==6.1.0) (2.7.0)
Requirement already satisfied: certifi>=2017.4.17 in ./workspace/agenticsim-runtime/.venv/lib/python3.11/site-packages (from requests[socks]->gdown==6.1.0) (2026.6.17)
Collecting PySocks!=1.5.7,>=1.5.6 (from requests[socks]->gdown==6.1.0)
  Using cached PySocks-1.7.1-py3-none-any.whl.metadata (13 kB)
Downloading pymeshlab-2025.7.post1-cp311-cp311-manylinux_2_35_x86_64.whl (106.2 MB)
   ━━━━━━━━━━━━━━━━━━━━━━━━━━━━━━━━━━━━━━━━ 106.2/106.2 MB 9.4 MB/s  0:00:11
Using cached termcolor-3.3.0-py3-none-any.whl (7.7 kB)
Downloading gdown-6.1.0-py3-none-any.whl (19 kB)
Downloading beautifulsoup4-4.15.0-py3-none-any.whl (109 kB)
Using cached soupsieve-2.8.4-py3-none-any.whl (37 kB)
Using cached PySocks-1.7.1-py3-none-any.whl (16 kB)
Installing collected packages: termcolor, soupsieve, PySocks, pymeshlab, beautifulsoup4, gdown

Successfully installed PySocks-1.7.1 beautifulsoup4-4.15.0 gdown-6.1.0 pymeshlab-2025.7.post1 soupsieve-2.8.4 termcolor-3.3.0
