Collecting cusrl[all]
  Downloading cusrl-1.2.0-py3-none-any.whl.metadata (7.8 kB)
Requirement already satisfied: einops~=0.8.2 in ./.venv/lib/python3.11/site-packages (from cusrl[all]) (0.8.2)
Requirement already satisfied: gitpython~=3.1.44 in ./.venv/lib/python3.11/site-packages (from cusrl[all]) (3.1.51)
Requirement already satisfied: gymnasium>=1.1.0 in ./.venv/lib/python3.11/site-packages (from cusrl[all]) (1.2.0)
Requirement already satisfied: numpy>=1.26.0 in ./.venv/lib/python3.11/site-packages (from cusrl[all]) (1.26.0)
Collecting objprint~=0.3.0 (from cusrl[all])
  Downloading objprint-0.3.0-py3-none-any.whl.metadata (25 kB)
Requirement already satisfied: pyyaml~=6.0.2 in ./.venv/lib/python3.11/site-packages (from cusrl[all]) (6.0.2)
Requirement already satisfied: torch>=2.5.0 in ./.venv/lib/python3.11/site-packages (from cusrl[all]) (2.7.0+cu128)
Collecting tqdm~=4.67.1 (from cusrl[all])
  Using cached tqdm-4.67.3-py3-none-any.whl.metadata (57 kB)
Requirement already satisfied: typing_extensions>=4.4.0 in ./.venv/lib/python3.11/site-packages (from cusrl[all]) (4.15.0)
Collecting tyro~=1.0.12 (from cusrl[all])
  Downloading tyro-1.0.15-py3-none-any.whl.metadata (12 kB)
Requirement already satisfied: gitdb<5,>=4.0.1 in ./.venv/lib/python3.11/site-packages (from gitpython~=3.1.44->cusrl[all]) (4.0.12)
Requirement already satisfied: smmap<6,>=3.0.1 in ./.venv/lib/python3.11/site-packages (from gitdb<5,>=4.0.1->gitpython~=3.1.44->cusrl[all]) (5.0.3)
Collecting docstring-parser>=0.16 (from tyro~=1.0.12->cusrl[all])
  Using cached docstring_parser-0.18.0-py3-none-any.whl.metadata (3.5 kB)
Collecting typeguard>=4.0.0 (from tyro~=1.0.12->cusrl[all])
  Using cached typeguard-4.5.2-py3-none-any.whl.metadata (3.8 kB)
Requirement already satisfied: cloudpickle>=1.2.0 in ./.venv/lib/python3.11/site-packages (from gymnasium>=1.1.0->cusrl[all]) (3.1.2)
Requirement already satisfied: farama-notifications>=0.0.1 in ./.venv/lib/python3.11/site-packages (from gymnasium>=1.1.0->cusrl[all]) (0.0.6)
Requirement already satisfied: filelock in ./.venv/lib/python3.11/site-packages (from torch>=2.5.0->cusrl[all]) (3.29.0)
Requirement already satisfied: sympy>=1.13.3 in ./.venv/lib/python3.11/site-packages (from torch>=2.5.0->cusrl[all]) (1.14.0)
Requirement already satisfied: networkx in ./.venv/lib/python3.11/site-packages (from torch>=2.5.0->cusrl[all]) (3.6.1)
Requirement already satisfied: jinja2 in ./.venv/lib/python3.11/site-packages (from torch>=2.5.0->cusrl[all]) (3.1.6)
Requirement already satisfied: fsspec in ./.venv/lib/python3.11/site-packages (from torch>=2.5.0->cusrl[all]) (2026.4.0)
Requirement already satisfied: nvidia-cuda-nvrtc-cu12==12.8.61 in ./.venv/lib/python3.11/site-packages (from torch>=2.5.0->cusrl[all]) (12.8.61)
Requirement already satisfied: nvidia-cuda-runtime-cu12==12.8.57 in ./.venv/lib/python3.11/site-packages (from torch>=2.5.0->cusrl[all]) (12.8.57)
Requirement already satisfied: nvidia-cuda-cupti-cu12==12.8.57 in ./.venv/lib/python3.11/site-packages (from torch>=2.5.0->cusrl[all]) (12.8.57)
Requirement already satisfied: nvidia-cudnn-cu12==9.7.1.26 in ./.venv/lib/python3.11/site-packages (from torch>=2.5.0->cusrl[all]) (9.7.1.26)
Requirement already satisfied: nvidia-cublas-cu12==12.8.3.14 in ./.venv/lib/python3.11/site-packages (from torch>=2.5.0->cusrl[all]) (12.8.3.14)
Requirement already satisfied: nvidia-cufft-cu12==11.3.3.41 in ./.venv/lib/python3.11/site-packages (from torch>=2.5.0->cusrl[all]) (11.3.3.41)
Requirement already satisfied: nvidia-curand-cu12==10.3.9.55 in ./.venv/lib/python3.11/site-packages (from torch>=2.5.0->cusrl[all]) (10.3.9.55)
Requirement already satisfied: nvidia-cusolver-cu12==11.7.2.55 in ./.venv/lib/python3.11/site-packages (from torch>=2.5.0->cusrl[all]) (11.7.2.55)
Requirement already satisfied: nvidia-cusparse-cu12==12.5.7.53 in ./.venv/lib/python3.11/site-packages (from torch>=2.5.0->cusrl[all]) (12.5.7.53)
Requirement already satisfied: nvidia-cusparselt-cu12==0.6.3 in ./.venv/lib/python3.11/site-packages (from torch>=2.5.0->cusrl[all]) (0.6.3)
Requirement already satisfied: nvidia-nccl-cu12==2.26.2 in ./.venv/lib/python3.11/site-packages (from torch>=2.5.0->cusrl[all]) (2.26.2)
Requirement already satisfied: nvidia-nvtx-cu12==12.8.55 in ./.venv/lib/python3.11/site-packages (from torch>=2.5.0->cusrl[all]) (12.8.55)
Requirement already satisfied: nvidia-nvjitlink-cu12==12.8.61 in ./.venv/lib/python3.11/site-packages (from torch>=2.5.0->cusrl[all]) (12.8.61)
Requirement already satisfied: nvidia-cufile-cu12==1.13.0.11 in ./.venv/lib/python3.11/site-packages (from torch>=2.5.0->cusrl[all]) (1.13.0.11)
Requirement already satisfied: triton==3.3.0 in ./.venv/lib/python3.11/site-packages (from torch>=2.5.0->cusrl[all]) (3.3.0)
Requirement already satisfied: setuptools>=40.8.0 in ./.venv/lib/python3.11/site-packages (from triton==3.3.0->torch>=2.5.0->cusrl[all]) (80.10.2)
Requirement already satisfied: mpmath<1.4,>=1.1.0 in ./.venv/lib/python3.11/site-packages (from sympy>=1.13.3->torch>=2.5.0->cusrl[all]) (1.3.0)
Requirement already satisfied: onnx in ./.venv/lib/python3.11/site-packages (from cusrl[all]) (1.22.0)
Collecting onnxruntime (from cusrl[all])
  Downloading onnxruntime-1.27.0-cp311-cp311-manylinux_2_27_x86_64.manylinux_2_28_x86_64.whl.metadata (5.4 kB)
Collecting onnxscript (from cusrl[all])
  Downloading onnxscript-0.7.1-py3-none-any.whl.metadata (13 kB)
Collecting onnxoptimizer (from cusrl[all])
  Downloading onnxoptimizer-0.4.2-cp311-cp311-manylinux_2_24_x86_64.manylinux_2_28_x86_64.whl.metadata (3.1 kB)
Collecting swanlab (from cusrl[all])
  Downloading swanlab-0.8.4-py3-none-any.whl.metadata (48 kB)
Requirement already satisfied: tensorboard in ./.venv/lib/python3.11/site-packages (from cusrl[all]) (2.21.0)
Collecting wandb (from cusrl[all])
  Using cached wandb-0.28.0-py3-none-manylinux_2_28_x86_64.whl.metadata (11 kB)
Requirement already satisfied: MarkupSafe>=2.0 in ./.venv/lib/python3.11/site-packages (from jinja2->torch>=2.5.0->cusrl[all]) (3.0.3)
Requirement already satisfied: protobuf>=4.25.1 in ./.venv/lib/python3.11/site-packages (from onnx->cusrl[all]) (7.35.1)
Requirement already satisfied: ml_dtypes>=0.5.4 in ./.venv/lib/python3.11/site-packages (from onnx->cusrl[all]) (0.5.4)
Requirement already satisfied: flatbuffers in ./.venv/lib/python3.11/site-packages (from onnxruntime->cusrl[all]) (25.12.19)
Requirement already satisfied: packaging in ./.venv/lib/python3.11/site-packages (from onnxruntime->cusrl[all]) (23.0)
Collecting onnx_ir<2,>=0.1.16 (from onnxscript->cusrl[all])
  Downloading onnx_ir-0.2.1-py3-none-any.whl.metadata (3.3 kB)
Requirement already satisfied: click in ./.venv/lib/python3.11/site-packages (from swanlab->cusrl[all]) (8.4.2)
Collecting nvidia-ml-py (from swanlab->cusrl[all])
  Downloading nvidia_ml_py-13.610.43-py3-none-any.whl.metadata (9.7 kB)
Requirement already satisfied: orjson in ./.venv/lib/python3.11/site-packages (from swanlab->cusrl[all]) (3.11.9)
Collecting platformdirs>=4.2.0 (from swanlab->cusrl[all])
  Using cached platformdirs-4.10.0-py3-none-any.whl.metadata (5.5 kB)
Collecting protobuf>=4.25.1 (from onnx->cusrl[all])
  Using cached protobuf-6.33.6-cp39-abi3-manylinux2014_x86_64.whl.metadata (593 bytes)
Requirement already satisfied: psutil>=5.0.0 in ./.venv/lib/python3.11/site-packages (from swanlab->cusrl[all]) (7.2.2)
Collecting pydantic-settings>=2.8.1 (from swanlab->cusrl[all])
  Downloading pydantic_settings-2.14.2-py3-none-any.whl.metadata (3.4 kB)
Requirement already satisfied: pydantic~=2.0 in ./.venv/lib/python3.11/site-packages (from swanlab->cusrl[all]) (2.11.10)
Collecting pyecharts>=2.0.0 (from swanlab->cusrl[all])
  Using cached pyecharts-2.1.0-py3-none-any.whl.metadata (1.5 kB)
Requirement already satisfied: requests>=2.28.0 in ./.venv/lib/python3.11/site-packages (from swanlab->cusrl[all]) (2.32.3)
Requirement already satisfied: rich>=13.6.0 in ./.venv/lib/python3.11/site-packages (from swanlab->cusrl[all]) (15.0.0)
Requirement already satisfied: urllib3>=1.26.0 in ./.venv/lib/python3.11/site-packages (from swanlab->cusrl[all]) (2.7.0)
Requirement already satisfied: watchdog in ./.venv/lib/python3.11/site-packages (from swanlab->cusrl[all]) (4.0.0)
Collecting wrapt>=1.17.0 (from swanlab->cusrl[all])
  Downloading wrapt-2.2.2-cp311-cp311-manylinux1_x86_64.manylinux_2_28_x86_64.manylinux_2_5_x86_64.whl.metadata (7.4 kB)
Requirement already satisfied: annotated-types>=0.6.0 in ./.venv/lib/python3.11/site-packages (from pydantic~=2.0->swanlab->cusrl[all]) (0.7.0)
Requirement already satisfied: pydantic-core==2.33.2 in ./.venv/lib/python3.11/site-packages (from pydantic~=2.0->swanlab->cusrl[all]) (2.33.2)
Requirement already satisfied: typing-inspection>=0.4.0 in ./.venv/lib/python3.11/site-packages (from pydantic~=2.0->swanlab->cusrl[all]) (0.4.2)
Requirement already satisfied: python-dotenv>=0.21.0 in ./.venv/lib/python3.11/site-packages (from pydantic-settings>=2.8.1->swanlab->cusrl[all]) (1.2.2)
Requirement already satisfied: prettytable in ./.venv/lib/python3.11/site-packages (from pyecharts>=2.0.0->swanlab->cusrl[all]) (3.3.0)
Collecting simplejson (from pyecharts>=2.0.0->swanlab->cusrl[all])
  Downloading simplejson-4.1.1-cp311-cp311-manylinux1_x86_64.manylinux_2_28_x86_64.manylinux_2_5_x86_64.whl.metadata (3.8 kB)
Requirement already satisfied: charset-normalizer<4,>=2 in ./.venv/lib/python3.11/site-packages (from requests>=2.28.0->swanlab->cusrl[all]) (3.3.2)
Requirement already satisfied: idna<4,>=2.5 in ./.venv/lib/python3.11/site-packages (from requests>=2.28.0->swanlab->cusrl[all]) (3.10)
Requirement already satisfied: certifi>=2017.4.17 in ./.venv/lib/python3.11/site-packages (from requests>=2.28.0->swanlab->cusrl[all]) (2026.6.17)
Requirement already satisfied: markdown-it-py>=2.2.0 in ./.venv/lib/python3.11/site-packages (from rich>=13.6.0->swanlab->cusrl[all]) (4.2.0)
Requirement already satisfied: pygments<3.0.0,>=2.13.0 in ./.venv/lib/python3.11/site-packages (from rich>=13.6.0->swanlab->cusrl[all]) (2.20.0)
Requirement already satisfied: mdurl~=0.1 in ./.venv/lib/python3.11/site-packages (from markdown-it-py>=2.2.0->rich>=13.6.0->swanlab->cusrl[all]) (0.1.2)
Requirement already satisfied: wcwidth in ./.venv/lib/python3.11/site-packages (from prettytable->pyecharts>=2.0.0->swanlab->cusrl[all]) (0.8.2)
Requirement already satisfied: absl-py>=0.4 in ./.venv/lib/python3.11/site-packages (from tensorboard->cusrl[all]) (2.5.0)
Requirement already satisfied: grpcio<2.0,>=1.74.0 in ./.venv/lib/python3.11/site-packages (from tensorboard->cusrl[all]) (1.82.1)
Requirement already satisfied: markdown>=2.6.8 in ./.venv/lib/python3.11/site-packages (from tensorboard->cusrl[all]) (3.10.2)
Requirement already satisfied: pillow in ./.venv/lib/python3.11/site-packages (from tensorboard->cusrl[all]) (11.3.0)
Requirement already satisfied: tensorboard-data-server<0.8.0,>=0.7.0 in ./.venv/lib/python3.11/site-packages (from tensorboard->cusrl[all]) (0.7.2)
Requirement already satisfied: werkzeug>=1.0.1 in ./.venv/lib/python3.11/site-packages (from tensorboard->cusrl[all]) (3.1.8)
Requirement already satisfied: sentry-sdk>=2.0.0 in ./.venv/lib/python3.11/site-packages (from wandb->cusrl[all]) (2.29.1)
Would install cusrl-1.2.0 docstring_parser-0.18.0 nvidia-ml-py-13.610.43 objprint-0.3.0 onnx-ir-0.2.1 onnxoptimizer-0.4.2 onnxruntime-1.27.0 onnxscript-0.7.1 platformdirs-4.10.0 protobuf-6.33.6 pydantic-settings-2.14.2 pyecharts-2.1.0 simplejson-4.1.1 swanlab-0.8.4 tqdm-4.67.3 typeguard-4.5.2 tyro-1.0.15 wandb-0.28.0 wrapt-2.2.2
