Loading user config located at: '/home/jingxiang/workspace/agenticsim-runtime/.venv/lib/python3.11/site-packages/isaacsim/kit/data/Kit/Isaac-Sim/5.1/user.config.json'
[Info] [carb] Logging to file: /home/jingxiang/workspace/agenticsim-runtime/.venv/lib/python3.11/site-packages/isaacsim/kit/logs/Kit/Isaac-Sim/5.1/kit_20260713_182942.log
2026-07-13T10:29:42Z [96ms] [Warning] [carb.windowing-glfw.plugin] GLFW initialization failed.
2026-07-13T10:29:42Z [96ms] [Warning] [carb] Failed to startup plugin carb.windowing-glfw.plugin (interfaces: [carb::windowing::IGLContext v1.0],[carb::windowing::IWindowing v1.5]) (impl: carb.windowing-glfw.plugin)
2026-07-13T10:29:42Z [107ms] [Warning] [omni.platforminfo.plugin] failed to open the default display.  Can't verify X Server version.
2026-07-13T10:29:43Z [304ms] [Warning] [carb.windowing-glfw.plugin] GLFW initialization failed.
2026-07-13T10:29:43Z [304ms] [Warning] [carb] Failed to startup plugin carb.windowing-glfw.plugin (interfaces: [carb::windowing::IGLContext v1.0],[carb::windowing::IWindowing v1.5]) (impl: carb.windowing-glfw.plugin)
2026-07-13T10:29:43Z [430ms] [Warning] [gpu.foundation.plugin] Skipping unsupported non-NVIDIA GPU: AMD Ryzen 7 7800X3D 8-Core Processor (RADV RAPHAEL_MENDOCINO)
2026-07-13T10:29:43Z [430ms] [Warning] [gpu.foundation.plugin] Skipping unsupported non-NVIDIA GPU: AMD Ryzen 7 7800X3D 8-Core Processor (RADV RAPHAEL_MENDOCINO)

|---------------------------------------------------------------------------------------------|
| Driver Version: 580.159.03    | Graphics API: Vulkan
|=============================================================================================|
| GPU | Name                             | Active | LDA | GPU Memory | Vendor-ID | LUID       |
|     |                                  |        |     |            | Device-ID | UUID       |
|     |                                  |        |     |            | Bus-ID    |            |
|---------------------------------------------------------------------------------------------|
| 0   | NVIDIA GeForce RTX 5090          | Yes: 0 |     | 32607   MB | 10de      | 0          |
|     |                                  |        |     |            | 2b85      | f854badd.. |
|     |                                  |        |     |            | 1         |            |
|---------------------------------------------------------------------------------------------|
| 1   | AMD Ryzen 7 7800X3D 8-Core Pro.. |        |     | 21476   MB | 1002      | 0          |
|     |                                  |        |     |            | 164e      | 00000000.. |
|     |                                  |        |     |            | 12        |            |
|=============================================================================================|
| OS: 24.04.4 LTS (Noble Numbat) ubuntu, Version: 24.04.4, Kernel: 6.17.0-35-generic
| Processor: AMD Ryzen 7 7800X3D 8-Core Processor
| Cores: 8 | Logical Cores: 16
|---------------------------------------------------------------------------------------------|
| Total Memory (MB): 63405 | Free Memory: 59524
| Total Page/Swap (MB): 62499 | Free Page/Swap: 62499
|---------------------------------------------------------------------------------------------|
2026-07-13T10:29:43Z [696ms] [Warning] [gpu.foundation.plugin] IOMMU is enabled.
2026-07-13T10:29:43Z [696ms] [Warning] [gpu.foundation.plugin] Detected IOMMU is enabled. Running CUDA peer-to-peer bandwidth and latency validation.
Unidirectional P2P=Enabled Bandwidth (P2P Writes) Matrix (GB/s)
   D\D     0 
     0 1522.90 
P2P=Enabled Latency (P2P Writes) Matrix (us)
   GPU     0 
     0   2.07 

   CPU     0 
     0   1.61 
2026-07-13T10:29:43Z [1,093ms] [Warning] [carb.windowing-glfw.plugin] GLFW initialization failed.
2026-07-13T10:29:43Z [1,093ms] [Warning] [carb] Failed to startup plugin carb.windowing-glfw.plugin (interfaces: [carb::windowing::IGLContext v1.0],[carb::windowing::IWindowing v1.5]) (impl: carb.windowing-glfw.plugin)
2026-07-13T10:29:43Z [1,107ms] [Warning] [carb.windowing-glfw.plugin] GLFW initialization failed.
Exception ignored in: <function AssetBase.__del__ at 0x7cd9e536c540>
Traceback (most recent call last):
  File "/home/jingxiang/workspace/agenticsim-runtime/IsaacLab/source/isaaclab/isaaclab/assets/asset_base.py", line 106, in __del__
    self._clear_callbacks()
  File "/home/jingxiang/workspace/agenticsim-runtime/IsaacLab/source/isaaclab/isaaclab/assets/asset_base.py", line 351, in _clear_callbacks
    if self._prim_deletion_callback_id:
       ^^^^^^^^^^^^^^^^^^^^^^^^^^^^^^^
AttributeError: 'Articulation' object has no attribute '_prim_deletion_callback_id'
Exception ignored in: <function ManagerBasedEnv.__del__ at 0x7cd9e2359620>
Traceback (most recent call last):
  File "/home/jingxiang/workspace/agenticsim-runtime/IsaacLab/source/isaaclab/isaaclab/envs/manager_based_env.py", line 195, in __del__
    self.close()
  File "/home/jingxiang/workspace/agenticsim-runtime/IsaacLab/source/isaaclab/isaaclab/envs/manager_based_rl_env.py", line 310, in close
    del self.command_manager
        ^^^^^^^^^^^^^^^^^^^^
AttributeError: 'ManagerBasedRLEnv' object has no attribute 'command_manager'
2026-07-13T10:29:43Z [1,107ms] [Warning] [carb] Failed to startup plugin carb.windowing-glfw.plugin (interfaces: [carb::windowing::IGLContext v1.0],[carb::windowing::IWindowing v1.5]) (impl: carb.windowing-glfw.plugin)
2026-07-13T10:29:43Z [1,113ms] [Warning] [carb.windowing-glfw.plugin] GLFW initialization failed.
2026-07-13T10:29:43Z [1,113ms] [Warning] [carb] Failed to startup plugin carb.windowing-glfw.plugin (interfaces: [carb::windowing::IGLContext v1.0],[carb::windowing::IWindowing v1.5]) (impl: carb.windowing-glfw.plugin)
2026-07-13T10:29:43Z [1,125ms] [Warning] [carb.windowing-glfw.plugin] GLFW initialization failed.
2026-07-13T10:29:43Z [1,125ms] [Warning] [carb] Failed to startup plugin carb.windowing-glfw.plugin (interfaces: [carb::windowing::IGLContext v1.0],[carb::windowing::IWindowing v1.5]) (impl: carb.windowing-glfw.plugin)
2026-07-13T10:29:43Z [1,126ms] [Warning] [carb.windowing-glfw.plugin] GLFW initialization failed.
2026-07-13T10:29:43Z [1,126ms] [Warning] [carb] Failed to startup plugin carb.windowing-glfw.plugin (interfaces: [carb::windowing::IGLContext v1.0],[carb::windowing::IWindowing v1.5]) (impl: carb.windowing-glfw.plugin)
2026-07-13T10:29:43Z [1,127ms] [Warning] [carb.windowing-glfw.plugin] GLFW initialization failed.
2026-07-13T10:29:43Z [1,127ms] [Warning] [carb] Failed to startup plugin carb.windowing-glfw.plugin (interfaces: [carb::windowing::IGLContext v1.0],[carb::windowing::IWindowing v1.5]) (impl: carb.windowing-glfw.plugin)
2026-07-13T10:29:43Z [1,216ms] [Warning] [omni.log] Source: omni.hydra was already registered.
2026-07-13T10:29:44Z [1,395ms] [Warning] [carb] Acquiring non optional plugin interface which is not listed as dependency: [omni::physx::IPhysxBenchmarks v1.0] (plugin: <default plugin>), by client: omni.physics.physx.plugin. Add it to CARB_PLUGIN_IMPL_DEPS() macro of a client.
2026-07-13T10:29:44Z [1,406ms] [Warning] [omni.isaac.dynamic_control] omni.isaac.dynamic_control is deprecated as of Isaac Sim 4.5. No action is needed from end-users.
2026-07-13T10:29:45Z [2,790ms] [Warning] [pxr.Semantics] pxr.Semantics is deprecated - please use Semantics instead
2026-07-13T10:29:45Z [2,883ms] [Warning] [omni.graph.core.plugin] Found duplicate of category 'Replicator' - was 'Annotators', adding 'Fabric Reader'
2026-07-13T10:29:45Z [2,883ms] [Warning] [omni.graph.core.plugin] Category 'Replicator' not accepted on node type 'omni.replicator.core.FabricReader' in extension 'omni.replicator.core'
2026-07-13T10:29:45Z [2,884ms] [Warning] [omni.replicator.core.scripts.extension] No material configuration file, adding configuration to material settings directly.
2026-07-13T10:29:48Z [6,288ms] [Warning] [omni.fabric.plugin] Warning: attribute viewPickingId not found for bucket id 7

2026-07-13T10:29:49Z [6,320ms] [Warning] [rtx.postprocessing.plugin] DLSS increasing input dimensions: Render resolution of (480, 270) is below minimal input resolution of 300.
2026-07-13T10:29:49Z [6,835ms] [Warning] [isaaclab.envs.manager_based_env] Seed not set for the environment. The environment creation may not be deterministic.
