/home/yuhang/miniconda3/envs/env-gen-yuxin/lib/python3.10/site-packages/sapien/__init__.py:2: UserWarning: pkg_resources is deprecated as an API. See https://setuptools.pypa.io/en/latest/pkg_resources.html. The pkg_resources package is slated for removal as early as 2025-11-30. Refrain from using this package or pin to Setuptools<81.
  import pkg_resources
/home/yuhang/workspace/robot-harness-gen-env/external/RoboTwin/envs/curobo/src/curobo/opt/opt_base.py:298: UserWarning: Sparse invariant checks are implicitly disabled. Memory errors (e.g. SEGFAULT) will occur when operating on a sparse tensor which violates the invariants, but checks incur performance overhead. To silence this warning, explicitly opt in or out. See `torch.sparse.check_sparse_tensor_invariants.__doc__` for guidance.  (Triggered internally at /pytorch/aten/src/ATen/Context.cpp:760.)
  self.problem_kernel_ = torch.sparse_coo_tensor(
[2026-08-19 15:14:03.012] [svulkan2] [error] OIDN Error: unsupported device type: CUDA
[2026-08-19 15:14:03.027] [svulkan2] [error] OIDN Error: invalid handle
[2026-08-19 15:14:03.039] [svulkan2] [error] OIDN Error: invalid handle
[2026-08-19 15:14:03.050] [svulkan2] [error] OIDN Error: invalid handle
[2026-08-19 15:14:03.061] [svulkan2] [error] OIDN Error: invalid handle
[2026-08-19 15:14:03.072] [svulkan2] [error] OIDN Error: invalid handle
[2026-08-19 15:14:03.083] [svulkan2] [error] OIDN Error: invalid handle
[2026-08-19 15:14:03.094] [svulkan2] [error] OIDN Error: invalid handle
[2026-08-19 15:14:03.105] [svulkan2] [error] OIDN Error: invalid handle
[2026-08-19 15:14:03.116] [svulkan2] [error] OIDN Error: invalid handle
[2026-08-19 15:14:03.127] [svulkan2] [error] OIDN Error: invalid handle
[2026-08-19 15:14:03.191] [svulkan2] [error] OIDN Error: invalid handle
[2026-08-19 15:14:03.208] [svulkan2] [error] OIDN Error: invalid handle
[2026-08-19 15:14:03.221] [svulkan2] [error] OIDN Error: invalid handle
[2026-08-19 15:14:03.267] [svulkan2] [error] OIDN Error: invalid handle
[2026-08-19 15:14:03.305] [svulkan2] [error] OIDN Error: invalid handle
missing pytorch3d
Warp DeprecationWarning: The symbol `warp.torch.device_from_torch` will soon be removed from the public API. Use `warp.device_from_torch` instead.
PASS scene=place_a_bottle_on_the_table_1829138cd7 fail=0 video_frames=12
