/home/jingxiang/workspace/alchedata-self-improving-agents/external/RoboTwin/envs/curobo/src/curobo/opt/opt_base.py:298: UserWarning: Sparse invariant checks are implicitly disabled. Memory errors (e.g. SEGFAULT) will occur when operating on a sparse tensor which violates the invariants, but checks incur performance overhead. To silence this warning, explicitly opt in or out. See `torch.sparse.check_sparse_tensor_invariants.__doc__` for guidance.  (Triggered internally at /pytorch/aten/src/ATen/Context.cpp:760.)
  self.problem_kernel_ = torch.sparse_coo_tensor(
[2026-07-16 11:38:44.196] [svulkan2] [error] OIDN Error: unsupported device type: CUDA
[2026-07-16 11:38:44.213] [svulkan2] [error] OIDN Error: invalid handle
[2026-07-16 11:38:44.224] [svulkan2] [error] OIDN Error: invalid handle
[2026-07-16 11:38:44.235] [svulkan2] [error] OIDN Error: invalid handle
[2026-07-16 11:38:44.246] [svulkan2] [error] OIDN Error: invalid handle
[2026-07-16 11:38:44.258] [svulkan2] [error] OIDN Error: invalid handle
[2026-07-16 11:38:44.270] [svulkan2] [error] OIDN Error: invalid handle
[2026-07-16 11:38:44.282] [svulkan2] [error] OIDN Error: invalid handle
[2026-07-16 11:38:44.293] [svulkan2] [error] OIDN Error: invalid handle
[2026-07-16 11:38:44.304] [svulkan2] [error] OIDN Error: invalid handle
[2026-07-16 11:38:44.316] [svulkan2] [error] OIDN Error: invalid handle
[2026-07-16 11:38:44.328] [svulkan2] [error] OIDN Error: invalid handle
[2026-07-16 11:38:44.339] [svulkan2] [error] OIDN Error: invalid handle
[2026-07-16 11:38:44.351] [svulkan2] [error] OIDN Error: invalid handle
[2026-07-16 11:38:44.363] [svulkan2] [error] OIDN Error: invalid handle
[2026-07-16 11:38:44.374] [svulkan2] [error] OIDN Error: invalid handle
[2026-07-16 11:38:44.385] [svulkan2] [error] OIDN Error: invalid handle
[2026-07-16 11:38:44.398] [svulkan2] [error] OIDN Error: invalid handle
[2026-07-16 11:38:44.409] [svulkan2] [error] OIDN Error: invalid handle
[2026-07-16 11:38:44.421] [svulkan2] [error] OIDN Error: invalid handle
[2026-07-16 11:38:44.432] [svulkan2] [error] OIDN Error: invalid handle
[2026-07-16 11:38:44.443] [svulkan2] [error] OIDN Error: invalid handle
[2026-07-16 11:38:44.455] [svulkan2] [error] OIDN Error: invalid handle
[2026-07-16 11:38:44.467] [svulkan2] [error] OIDN Error: invalid handle
[2026-07-16 11:38:44.478] [svulkan2] [error] OIDN Error: invalid handle
[2026-07-16 11:38:44.490] [svulkan2] [error] OIDN Error: invalid handle
[2026-07-16 11:38:44.501] [svulkan2] [error] OIDN Error: invalid handle
[2026-07-16 11:38:44.513] [svulkan2] [error] OIDN Error: invalid handle
[2026-07-16 11:38:44.524] [svulkan2] [error] OIDN Error: invalid handle
[2026-07-16 11:38:44.536] [svulkan2] [error] OIDN Error: invalid handle
[2026-07-16 11:38:44.548] [svulkan2] [error] OIDN Error: invalid handle
[2026-07-16 11:38:44.559] [svulkan2] [error] OIDN Error: invalid handle
[2026-07-16 11:38:44.571] [svulkan2] [error] OIDN Error: invalid handle
[2026-07-16 11:38:44.582] [svulkan2] [error] OIDN Error: invalid handle
[2026-07-16 11:38:44.594] [svulkan2] [error] OIDN Error: invalid handle
[2026-07-16 11:38:44.605] [svulkan2] [error] OIDN Error: invalid handle
[2026-07-16 11:38:44.617] [svulkan2] [error] OIDN Error: invalid handle
[2026-07-16 11:38:44.630] [svulkan2] [error] OIDN Error: invalid handle
[2026-07-16 11:38:44.641] [svulkan2] [error] OIDN Error: invalid handle
[2026-07-16 11:38:44.653] [svulkan2] [error] OIDN Error: invalid handle
[2026-07-16 11:38:44.664] [svulkan2] [error] OIDN Error: invalid handle
[2026-07-16 11:38:44.676] [svulkan2] [error] OIDN Error: invalid handle
[2026-07-16 11:38:44.687] [svulkan2] [error] OIDN Error: invalid handle
[2026-07-16 11:38:44.699] [svulkan2] [error] OIDN Error: invalid handle
[2026-07-16 11:38:44.710] [svulkan2] [error] OIDN Error: invalid handle
[2026-07-16 11:38:44.722] [svulkan2] [error] OIDN Error: invalid handle
[2026-07-16 11:38:44.734] [svulkan2] [error] OIDN Error: invalid handle
[2026-07-16 11:38:44.745] [svulkan2] [error] OIDN Error: invalid handle
[2026-07-16 11:38:44.757] [svulkan2] [error] OIDN Error: invalid handle
[2026-07-16 11:38:44.768] [svulkan2] [error] OIDN Error: invalid handle
[2026-07-16 11:38:44.779] [svulkan2] [error] OIDN Error: invalid handle
[2026-07-16 11:38:44.791] [svulkan2] [error] OIDN Error: invalid handle
[2026-07-16 11:38:44.803] [svulkan2] [error] OIDN Error: invalid handle
[2026-07-16 11:38:44.814] [svulkan2] [error] OIDN Error: invalid handle
[2026-07-16 11:38:44.826] [svulkan2] [error] OIDN Error: invalid handle
[2026-07-16 11:38:44.837] [svulkan2] [error] OIDN Error: invalid handle
[2026-07-16 11:38:44.848] [svulkan2] [error] OIDN Error: invalid handle
[2026-07-16 11:38:44.859] [svulkan2] [error] OIDN Error: invalid handle
[2026-07-16 11:38:44.871] [svulkan2] [error] OIDN Error: invalid handle
[2026-07-16 11:38:44.882] [svulkan2] [error] OIDN Error: invalid handle
[2026-07-16 11:38:44.894] [svulkan2] [error] OIDN Error: invalid handle
[2026-07-16 11:38:44.906] [svulkan2] [error] OIDN Error: invalid handle
[2026-07-16 11:38:44.917] [svulkan2] [error] OIDN Error: invalid handle
[2026-07-16 11:38:44.928] [svulkan2] [error] OIDN Error: invalid handle
[2026-07-16 11:38:44.940] [svulkan2] [error] OIDN Error: invalid handle
[2026-07-16 11:38:44.952] [svulkan2] [error] OIDN Error: invalid handle
[2026-07-16 11:38:44.963] [svulkan2] [error] OIDN Error: invalid handle
[2026-07-16 11:38:44.975] [svulkan2] [error] OIDN Error: invalid handle
[2026-07-16 11:38:44.986] [svulkan2] [error] OIDN Error: invalid handle
[2026-07-16 11:38:44.998] [svulkan2] [error] OIDN Error: invalid handle
[2026-07-16 11:38:45.009] [svulkan2] [error] OIDN Error: invalid handle
[2026-07-16 11:38:45.021] [svulkan2] [error] OIDN Error: invalid handle
[2026-07-16 11:38:45.032] [svulkan2] [error] OIDN Error: invalid handle
[2026-07-16 11:38:45.044] [svulkan2] [error] OIDN Error: invalid handle
[2026-07-16 11:38:45.056] [svulkan2] [error] OIDN Error: invalid handle
[2026-07-16 11:38:45.067] [svulkan2] [error] OIDN Error: invalid handle
[2026-07-16 11:38:45.079] [svulkan2] [error] OIDN Error: invalid handle
[2026-07-16 11:38:45.090] [svulkan2] [error] OIDN Error: invalid handle
[2026-07-16 11:38:45.102] [svulkan2] [error] OIDN Error: invalid handle
[2026-07-16 11:38:45.113] [svulkan2] [error] OIDN Error: invalid handle
[2026-07-16 11:38:45.125] [svulkan2] [error] OIDN Error: invalid handle
[2026-07-16 11:38:45.136] [svulkan2] [error] OIDN Error: invalid handle
[2026-07-16 11:38:45.147] [svulkan2] [error] OIDN Error: invalid handle
[2026-07-16 11:38:45.159] [svulkan2] [error] OIDN Error: invalid handle
[2026-07-16 11:38:45.170] [svulkan2] [error] OIDN Error: invalid handle
[2026-07-16 11:38:45.182] [svulkan2] [error] OIDN Error: invalid handle
[2026-07-16 11:38:45.193] [svulkan2] [error] OIDN Error: invalid handle
[2026-07-16 11:38:45.205] [svulkan2] [error] OIDN Error: invalid handle
[2026-07-16 11:38:45.216] [svulkan2] [error] OIDN Error: invalid handle
[2026-07-16 11:38:45.228] [svulkan2] [error] OIDN Error: invalid handle
[2026-07-16 11:38:45.239] [svulkan2] [error] OIDN Error: invalid handle
[2026-07-16 11:38:45.251] [svulkan2] [error] OIDN Error: invalid handle
[2026-07-16 11:38:45.262] [svulkan2] [error] OIDN Error: invalid handle
[2026-07-16 11:38:45.274] [svulkan2] [error] OIDN Error: invalid handle
[2026-07-16 11:38:45.286] [svulkan2] [error] OIDN Error: invalid handle
[2026-07-16 11:38:45.297] [svulkan2] [error] OIDN Error: invalid handle
[2026-07-16 11:38:45.309] [svulkan2] [error] OIDN Error: invalid handle
[2026-07-16 11:38:45.320] [svulkan2] [error] OIDN Error: invalid handle
[2026-07-16 11:38:45.332] [svulkan2] [error] OIDN Error: invalid handle
[2026-07-16 11:38:45.344] [svulkan2] [error] OIDN Error: invalid handle
[2026-07-16 11:38:45.356] [svulkan2] [error] OIDN Error: invalid handle
[2026-07-16 11:38:45.367] [svulkan2] [error] OIDN Error: invalid handle
[2026-07-16 11:38:45.379] [svulkan2] [error] OIDN Error: invalid handle
[2026-07-16 11:38:45.390] [svulkan2] [error] OIDN Error: invalid handle
[2026-07-16 11:38:45.402] [svulkan2] [error] OIDN Error: invalid handle
[2026-07-16 11:38:45.414] [svulkan2] [error] OIDN Error: invalid handle
[2026-07-16 11:38:45.426] [svulkan2] [error] OIDN Error: invalid handle
[2026-07-16 11:38:45.437] [svulkan2] [error] OIDN Error: invalid handle
[2026-07-16 11:38:45.449] [svulkan2] [error] OIDN Error: invalid handle
[2026-07-16 11:38:45.461] [svulkan2] [error] OIDN Error: invalid handle
[2026-07-16 11:38:45.473] [svulkan2] [error] OIDN Error: invalid handle
[2026-07-16 11:38:45.484] [svulkan2] [error] OIDN Error: invalid handle
[2026-07-16 11:38:45.495] [svulkan2] [error] OIDN Error: invalid handle
[2026-07-16 11:38:45.507] [svulkan2] [error] OIDN Error: invalid handle
[2026-07-16 11:38:45.519] [svulkan2] [error] OIDN Error: invalid handle
[2026-07-16 11:38:45.531] [svulkan2] [error] OIDN Error: invalid handle
[2026-07-16 11:38:45.542] [svulkan2] [error] OIDN Error: invalid handle
[2026-07-16 11:38:45.553] [svulkan2] [error] OIDN Error: invalid handle
[2026-07-16 11:38:45.565] [svulkan2] [error] OIDN Error: invalid handle
[2026-07-16 11:38:45.576] [svulkan2] [error] OIDN Error: invalid handle
[2026-07-16 11:38:45.597] [svulkan2] [error] OIDN Error: invalid handle
[2026-07-16 11:38:45.611] [svulkan2] [error] OIDN Error: invalid handle
missing pytorch3d
Warp DeprecationWarning: The symbol `warp.torch.device_from_torch` will soon be removed from the public API. Use `warp.device_from_torch` instead.
PASS scene=place_a_red_can_to_the_left_of_b21824b743 fail=0 video_frames=120
