[Info] [carb] Logging to file: /home/jingxiang/workspace/agenticsim-runtime/.venv/lib/python3.11/site-packages/isaacsim/kit/logs/Kit/Isaac-Sim Python/5.1/kit_20260715_160314.log
2026-07-15T08:03:14Z [0ms] [Warning] [carb.crashreporter-breakpad.plugin] [previous crash] preventing upload of minidump due to user opt-out: '/home/jingxiang/workspace/agenticsim-runtime/.venv/lib/python3.11/site-packages/isaacsim/kit/data/Kit/Isaac-Sim Python/5.1/cc42f149-c97a-484f-4e970ebc-3249862a.dmp'
[0.031s] [ext: omni.kit.async_engine-0.0.3] startup
[0.102s] [ext: omni.metrics.core-0.0.3] startup
[0.102s] [ext: omni.client.lib-1.1.0] startup
[0.111s] [ext: omni.blobkey-1.1.2] startup
[0.111s] [ext: omni.stats-1.0.1] startup
[0.112s] [ext: omni.datastore-0.0.0] startup
[0.116s] [ext: omni.client-1.3.0] startup
[0.119s] [ext: omni.ujitso.default-1.0.0] startup
[0.120s] [ext: omni.hsscclient-1.1.2] startup
[0.123s] [ext: omni.gpu_foundation.shadercache.vulkan-1.0.0] startup
[0.124s] [ext: omni.assets.plugins-0.0.0] startup
[0.125s] [ext: omni.gpu_foundation-0.0.0] startup
[0.131s] [ext: carb.windowing.plugins-1.0.0] startup
2026-07-15T08:03:15Z [121ms] [Warning] [carb.windowing-glfw.plugin] GLFW initialization failed.
2026-07-15T08:03:15Z [121ms] [Warning] [carb] Failed to startup plugin carb.windowing-glfw.plugin (interfaces: [carb::windowing::IGLContext v1.0],[carb::windowing::IWindowing v1.5]) (impl: carb.windowing-glfw.plugin)
[0.132s] [ext: omni.kit.renderer.init-0.0.0] startup
2026-07-15T08:03:15Z [131ms] [Warning] [omni.platforminfo.plugin] failed to open the default display.  Can't verify X Server version.

|---------------------------------------------------------------------------------------------|
| Driver Version: 580.159.03    | Graphics API: Vulkan
|=============================================================================================|
| GPU | Name                             | Active | LDA | GPU Memory | Vendor-ID | LUID       |
|     |                                  |        |     |            | Device-ID | UUID       |
|     |                                  |        |     |            | Bus-ID    |            |
|---------------------------------------------------------------------------------------------|
| 0   | NVIDIA GeForce RTX 5090          | Yes: 0 |     | 32607   MB | 10de      | 0          |
|     |                                  |        |     |            | 2b85      | f854badd.. |
|     |                                  |        |     |            | 1         |            |
|=============================================================================================|
| OS: 24.04.4 LTS (Noble Numbat) ubuntu, Version: 24.04.4, Kernel: 6.17.0-35-generic
| Processor: AMD Ryzen 7 7800X3D 8-Core Processor
| Cores: 8 | Logical Cores: 16
|---------------------------------------------------------------------------------------------|
| Total Memory (MB): 63405 | Free Memory: 59435
| Total Page/Swap (MB): 62499 | Free Page/Swap: 62499
|---------------------------------------------------------------------------------------------|
2026-07-15T08:03:15Z [697ms] [Warning] [gpu.foundation.plugin] IOMMU is enabled.
[0.818s] [ext: omni.materialx.libs-1.0.7] startup
[0.823s] [ext: omni.kit.telemetry-0.5.2] startup
[0.842s] [ext: omni.usd.config-1.0.6] startup
[0.845s] [ext: omni.gpucompute.plugins-0.0.0] startup
[0.846s] [ext: omni.usd.libs-1.0.1] startup
[0.901s] [ext: omni.kit.loop-isaac-1.3.7] startup
[0.902s] [ext: omni.kit.test-2.0.1] startup
[0.938s] [ext: omni.mdl-56.0.3] startup
[0.997s] [ext: omni.iray.libs-0.0.0] startup
[1.002s] [ext: omni.mdl.neuraylib-0.2.12] startup
[1.004s] [ext: omni.kit.usd.mdl-1.1.5] startup
[1.065s] [ext: omni.kit.pipapi-0.0.0] startup
[1.065s] [ext: omni.appwindow-1.1.10] startup
2026-07-15T08:03:15Z [1,056ms] [Warning] [carb.windowing-glfw.plugin] GLFW initialization failed.
2026-07-15T08:03:15Z [1,056ms] [Warning] [carb] Failed to startup plugin carb.windowing-glfw.plugin (interfaces: [carb::windowing::IGLContext v1.0],[carb::windowing::IWindowing v1.5]) (impl: carb.windowing-glfw.plugin)
[1.067s] [ext: omni.kit.renderer.core-1.1.0] startup
2026-07-15T08:03:15Z [1,068ms] [Warning] [carb.windowing-glfw.plugin] GLFW initialization failed.
2026-07-15T08:03:15Z [1,068ms] [Warning] [carb] Failed to startup plugin carb.windowing-glfw.plugin (interfaces: [carb::windowing::IGLContext v1.0],[carb::windowing::IWindowing v1.5]) (impl: carb.windowing-glfw.plugin)
2026-07-15T08:03:15Z [1,074ms] [Warning] [carb.windowing-glfw.plugin] GLFW initialization failed.
2026-07-15T08:03:15Z [1,074ms] [Warning] [carb] Failed to startup plugin carb.windowing-glfw.plugin (interfaces: [carb::windowing::IGLContext v1.0],[carb::windowing::IWindowing v1.5]) (impl: carb.windowing-glfw.plugin)
[1.085s] [ext: omni.kit.renderer.capture-0.0.0] startup
[1.086s] [ext: omni.kit.renderer.imgui-2.0.5] startup
2026-07-15T08:03:15Z [1,079ms] [Warning] [carb.windowing-glfw.plugin] GLFW initialization failed.
2026-07-15T08:03:15Z [1,079ms] [Warning] [carb] Failed to startup plugin carb.windowing-glfw.plugin (interfaces: [carb::windowing::IGLContext v1.0],[carb::windowing::IWindowing v1.5]) (impl: carb.windowing-glfw.plugin)
2026-07-15T08:03:15Z [1,080ms] [Warning] [carb.windowing-glfw.plugin] GLFW initialization failed.
2026-07-15T08:03:15Z [1,080ms] [Warning] [carb] Failed to startup plugin carb.windowing-glfw.plugin (interfaces: [carb::windowing::IGLContext v1.0],[carb::windowing::IWindowing v1.5]) (impl: carb.windowing-glfw.plugin)
2026-07-15T08:03:15Z [1,081ms] [Warning] [carb.windowing-glfw.plugin] GLFW initialization failed.
2026-07-15T08:03:15Z [1,081ms] [Warning] [carb] Failed to startup plugin carb.windowing-glfw.plugin (interfaces: [carb::windowing::IGLContext v1.0],[carb::windowing::IWindowing v1.5]) (impl: carb.windowing-glfw.plugin)
[1.133s] [ext: omni.ui-2.27.1] startup
[1.140s] [ext: omni.kit.mainwindow-1.0.3] startup
[1.140s] [ext: carb.audio-0.1.0] startup
[1.144s] [ext: omni.uiaudio-1.0.0] startup
[1.145s] [ext: omni.kit.uiapp-0.0.0] startup
[1.145s] [ext: omni.usd.schema.metrics.assembler-107.3.1] startup
[1.147s] [ext: omni.usd.schema.physx-107.3.26] startup
[1.166s] [ext: omni.usd.schema.geospatial-0.0.0] startup
[1.167s] [ext: omni.usd.schema.audio-0.0.0] startup
[1.169s] [ext: omni.usd.schema.anim-0.0.0] startup
[1.179s] [ext: omni.usd.schema.flow-107.1.1] startup
[1.180s] [ext: omni.usd_resolver-1.0.0] startup
[1.182s] [ext: omni.usd.core-1.5.3] startup
[1.184s] [ext: omni.usd.schema.omni_sensors-0.0.0] startup
[1.193s] [ext: omni.usd.schema.semantics-0.0.0] startup
[1.194s] [ext: omni.usd.schema.omniscripting-1.0.0] startup
[1.196s] [ext: omni.usd.schema.omni_lens_distortion-0.0.0] startup
[1.197s] [ext: omni.usd.schema.omnigraph-1.0.0] startup
[1.200s] [ext: omni.kit.window.popup_dialog-2.0.24] startup
[1.202s] [ext: omni.graph.exec-0.9.6] startup
[1.202s] [ext: omni.kit.widget.nucleus_connector-2.0.1] startup
[1.203s] [ext: omni.kit.usd_undo-0.1.8] startup
[1.203s] [ext: omni.kit.exec.core-0.13.4] startup
[1.204s] [ext: omni.kit.actions.core-1.0.0] startup
[1.206s] [ext: omni.resourcemonitor-107.0.1] startup
[1.207s] [ext: omni.activity.core-1.0.3] startup
[1.208s] [ext: omni.timeline-1.0.14] startup
[1.210s] [ext: omni.kit.commands-1.4.10] startup
[1.212s] [ext: usdrt.scenegraph-7.6.1] startup
[1.234s] [ext: omni.kit.audiodeviceenum-1.0.2] startup
[1.235s] [ext: omni.hydra.usdrt_delegate-7.5.1] startup
[1.239s] [ext: omni.hydra.scene_delegate-0.3.4] startup
[1.242s] [ext: omni.usd-1.13.10] startup
[1.258s] [ext: omni.inspect-1.0.2] startup
[1.259s] [ext: omni.kit.notification_manager-1.0.10] startup
[1.260s] [ext: omni.graph.core-2.184.5] startup
[1.262s] [ext: isaacsim.core.deprecation_manager-0.2.7] startup
[1.262s] [ext: omni.anim.graph.schema-107.3.3] startup
[1.266s] [ext: omni.usd.schema.isaac-3.0.5] startup
[1.266s] [ext: omni.anim.navigation.schema-107.3.3] startup
[1.268s] [ext: omni.kit.asset_converter-5.0.17] startup
[1.276s] [ext: isaacsim.robot.schema-3.6.0] startup
[1.280s] [ext: omni.usd.schema.render_settings.rtx-0.0.0] startup
[1.281s] [ext: omni.kit.menu.core-1.1.2] startup
[1.281s] [ext: omni.kit.widget.path_field-2.0.11] startup
[1.282s] [ext: omni.kit.widget.context_menu-1.2.5] startup
[1.282s] [ext: omni.kit.widget.browser_bar-2.0.10] startup
[1.283s] [ext: omni.kit.clipboard-1.0.5] startup
[1.283s] [ext: omni.kit.numpy.common-0.1.3] startup
[1.284s] [ext: omni.kit.widget.options_menu-1.1.6] startup
[1.286s] [ext: omni.kit.helper.file_utils-0.1.9] startup
[1.287s] [ext: omni.ui.scene-1.11.5] startup
[1.289s] [ext: omni.kit.widget.options_button-1.0.3] startup
[1.290s] [ext: omni.kit.widget.filebrowser-2.12.3] startup
[1.292s] [ext: omni.kit.usd.layers-2.2.11] startup
[1.297s] [ext: omni.kit.window.filepicker-2.13.4] startup
[1.305s] [ext: omni.kit.hotkeys.core-1.3.10] startup
[1.307s] [ext: omni.kit.context_menu-1.8.6] startup
[1.308s] [ext: omni.kit.property.adapter.core-1.0.2] startup
[1.310s] [ext: omni.kit.window.file_exporter-1.0.33] startup
[1.311s] [ext: omni.kit.widget.searchfield-1.1.8] startup
[1.311s] [ext: omni.kit.widget.filter-1.1.4] startup
[1.312s] [ext: omni.kit.widget.graph-2.0.0] startup
[1.315s] [ext: omni.kit.widget.stage-3.1.4] startup
[1.320s] [ext: omni.kit.property.adapter.usd-1.0.2] startup
[1.321s] [ext: omni.kit.property.adapter.fabric-1.0.3] startup
[1.322s] [ext: omni.kit.graph.delegate.default-1.2.3] startup
[1.322s] [ext: omni.kit.window.file_importer-1.1.18] startup
[1.322s] [ext: omni.kit.stage_template.core-1.1.22] startup
[1.323s] [ext: omni.kit.menu.utils-2.0.5] startup
[1.325s] [ext: omni.kit.window.file-2.0.5] startup
[1.327s] [ext: omni.kit.widget.highlight_label-1.0.3] startup
[1.327s] [ext: omni.kit.window.drop_support-1.0.5] startup
[1.328s] [ext: omni.kit.window.content_browser_registry-0.0.6] startup
[1.328s] [ext: omni.kit.window.property-1.12.1] startup
[1.329s] [ext: omni.kit.window.content_browser-3.1.3] startup
[1.336s] [ext: isaacsim.core.version-2.0.6] startup
[1.336s] [ext: omni.kit.property.usd-4.5.12] startup
[1.342s] [ext: omni.kit.graph.editor.core-1.5.3] startup
[1.343s] [ext: omni.kit.material.library-2.0.7] startup
[1.345s] [ext: omni.kit.graph.usd.commands-1.3.1] startup
[1.346s] [ext: omni.kvdb-107.3.26] startup
[1.347s] [ext: omni.usdphysics-107.3.26] startup
[1.348s] [ext: omni.physx.foundation-107.3.26] startup
[1.349s] [ext: omni.localcache-107.3.26] startup
[1.350s] [ext: omni.convexdecomposition-107.3.26] startup
[1.352s] [ext: omni.physics-107.3.26] startup
[1.353s] [ext: omni.physx.cooking-107.3.26] startup
[1.355s] [ext: omni.physics.stageupdate-107.3.26] startup
[1.356s] [ext: omni.physx-107.3.26] startup
[1.362s] [ext: omni.index.libs-380600.8087.0] startup
[1.362s] [ext: omni.physics.physx-107.3.26] startup
2026-07-15T08:03:16Z [1,353ms] [Warning] [carb] Acquiring non optional plugin interface which is not listed as dependency: [omni::physx::IPhysxBenchmarks v1.0] (plugin: <default plugin>), by client: omni.physics.physx.plugin. Add it to CARB_PLUGIN_IMPL_DEPS() macro of a client.
[1.363s] [ext: omni.index-1.0.1] startup
[1.363s] [ext: omni.volume-0.5.2] startup
[1.365s] [ext: omni.ujitso.client-0.0.0] startup
[1.366s] [ext: omni.hydra.rtx.shadercache.vulkan-1.0.0] startup
[1.366s] [ext: omni.kit.widget.searchable_combobox-1.0.6] startup
[1.367s] [ext: omni.hydra.rtx-1.0.0] startup
2026-07-15T08:03:16Z [1,369ms] [Warning] [omni.log] Source: omni.hydra was already registered.
[1.392s] [ext: omni.kit.widget.settings-1.2.6] startup
[1.393s] [ext: omni.kit.hydra_texture-1.4.6] startup
[1.395s] [ext: omni.graph.tools-1.79.2] startup
[1.409s] [ext: omni.kit.window.preferences-1.8.0] startup
[1.411s] [ext: omni.kit.widget.material_preview-1.0.16] startup
[1.412s] [ext: omni.graph-1.141.2] startup
[1.436s] [ext: omni.kit.window.material_graph-1.9.1] startup
[1.442s] [ext: omni.isaac.dynamic_control-2.0.7] startup
2026-07-15T08:03:16Z [1,434ms] [Warning] [omni.isaac.dynamic_control] omni.isaac.dynamic_control is deprecated as of Isaac Sim 4.5. No action is needed from end-users.
[1.445s] [ext: isaacsim.storage.native-1.5.1] startup
[1.446s] [ext: omni.graph.scriptnode-1.50.0] startup
[1.448s] [ext: omni.hydra.engine.stats-1.0.3] startup
[1.450s] [ext: omni.kit.viewport.legacy_gizmos-1.0.19] startup
[1.452s] [ext: omni.kit.raycast.query-1.1.0] startup
[1.456s] [ext: omni.graph.action_core-1.1.7] startup
[1.458s] [ext: omni.kit.viewport.scene_camera_model-1.0.6] startup
[1.462s] [ext: omni.graph.image.core-0.6.1] startup
[1.463s] [ext: omni.kit.widget.viewport-107.1.3] startup
[1.465s] [ext: omni.kit.viewport.registry-104.0.6] startup
[1.466s] [ext: omni.usd.metrics.assembler-107.3.1] startup
[1.468s] [ext: omni.kit.viewport.window-107.2.0] startup
[1.480s] [ext: omni.kit.viewport.menubar.core-107.2.1] startup
[1.487s] [ext: omni.graph.image.nodes-1.3.1] startup
[1.488s] [ext: omni.usd.metrics.assembler.physics-107.3.26] startup
[1.489s] [ext: omni.warp.core-1.8.2] startup
[1.609s] [ext: omni.kit.viewport.utility-1.1.2] startup
[1.610s] [ext: omni.physics.tensors-107.3.26] startup
[1.614s] [ext: omni.syntheticdata-0.6.13] startup
[1.629s] [ext: isaacsim.test.docstring-1.1.0] startup
[1.633s] [ext: isaacsim.core.utils-3.5.1] startup
[1.637s] [ext: omni.physx.tensors-107.3.26] startup
[1.641s] [ext: omni.graph.nodes-1.170.10] startup
[1.648s] [ext: omni.graph.action_nodes-1.50.4] startup
[1.651s] [ext: omni.kit.primitive.mesh-1.0.17] startup
[1.656s] [ext: isaacsim.core.simulation_manager-1.4.4] startup
[2.607s] [ext: omni.graph.ui_nodes-1.50.5] startup
[2.610s] [ext: omni.graph.action-1.130.0] startup
[2.611s] [ext: omni.kit.stage_templates-2.0.0] startup
[2.614s] [ext: isaacsim.core.prims-0.6.1] startup
[2.633s] [ext: omni.warp-1.8.2] startup
[2.638s] [ext: omni.videoencoding-0.1.2] startup
[2.641s] [ext: isaacsim.core.api-4.8.0] startup
[2.658s] [ext: isaacsim.core.experimental.utils-0.3.0] startup
[2.661s] [ext: omni.replicator.core-1.12.27] startup
2026-07-15T08:03:17Z [2,664ms] [Warning] [pxr.Semantics] pxr.Semantics is deprecated - please use Semantics instead
2026-07-15T08:03:17Z [2,764ms] [Warning] [omni.graph.core.plugin] Found duplicate of category 'Replicator' - was 'Annotators', adding 'Fabric Reader'
2026-07-15T08:03:17Z [2,764ms] [Warning] [omni.graph.core.plugin] Category 'Replicator' not accepted on node type 'omni.replicator.core.FabricReader' in extension 'omni.replicator.core'
2026-07-15T08:03:17Z [2,764ms] [Warning] [omni.replicator.core.scripts.extension] No material configuration file, adding configuration to material settings directly.
[2.777s] [ext: isaacsim.core.experimental.prims-0.8.1] startup
[2.809s] [ext: omni.kit.window.extensions-1.4.27] startup
[2.816s] [ext: isaacsim.core.experimental.objects-0.4.0] startup
[2.820s] [ext: omni.ui_query-1.1.8] startup
[2.823s] [ext: omni.kit.manipulator.viewport-107.0.1] startup
[2.824s] [ext: isaacsim.robot.surface_gripper-3.3.1] startup
[2.830s] [ext: omni.kit.ui_test-1.3.7] startup
[2.834s] [ext: omni.graph.visualization.nodes-2.1.3] startup
[2.858s] [ext: isaacsim.robot_motion.lula-4.0.8] startup
[2.865s] [ext: isaacsim.core.nodes-3.4.3] startup
[2.879s] [ext: isaacsim.gui.components-1.2.1] startup
[2.890s] [ext: isaacsim.robot_motion.motion_generation-8.0.26] startup
[2.911s] [ext: isaacsim.robot.manipulators-3.3.6] startup
[2.923s] [ext: isaacsim.core.experimental.materials-0.4.0] startup
[2.934s] [ext: isaacsim.robot.manipulators.examples-1.1.2] startup
[2.938s] [ext: isaacsim.cortex.framework-1.0.12] startup
[2.943s] [ext: isaacsim.cortex.behaviors-2.0.14] startup
[2.944s] [ext: omni.isaac.cortex.sample_behaviors-2.0.5] startup
2026-07-15T08:03:17Z [2,937ms] [Warning] [omni.isaac.cortex] omni.isaac.cortex has been deprecated in favor of isaacsim.cortex.framework. Please update your code accordingly.
2026-07-15T08:03:17Z [2,937ms] [Warning] [omni.isaac.cortex.sample_behaviors] omni.isaac.cortex.sample_behaviors has been deprecated in favor of isaacsim.cortex.behaviors. Please update your code accordingly.
[2.948s] [ext: omni.kit.widget.zoombar-1.0.6] startup
[2.952s] [ext: isaacsim.gui.content_browser-0.1.11] startup
[2.954s] [ext: omni.kit.browser.core-2.3.13] startup
[2.959s] [ext: omni.kit.widget.stage_icons-1.0.8] startup
[2.960s] [ext: omni.kit.widget.prompt-1.0.7] startup
[2.961s] [ext: omni.kit.usd.collect-2.4.5] startup
[2.964s] [ext: omni.kit.browser.folder.core-1.10.9] startup
[2.979s] [ext: omni.kit.window.stage-2.6.1] startup
[3.014s] [ext: omni.kit.usdz_export-1.0.9] startup
[3.028s] [ext: omni.kit.tool.collect-2.2.18] startup
[3.068s] [ext: omni.kit.menu.stage-1.2.7] startup
[3.070s] [ext: omni.kit.tool.asset_importer-4.3.2] startup
[3.133s] [ext: isaacsim.robot.wheeled_robots-4.0.24] startup
[3.203s] [ext: isaacsim.examples.browser-0.2.1] startup
[3.283s] [ext: isaacsim.asset.importer.urdf-2.4.30] startup
[3.340s] [ext: omni.isaac.wheeled_robots-3.0.7] startup
2026-07-15T08:03:18Z [3,331ms] [Warning] [omni.isaac.wheeled_robots] omni.isaac.wheeled_robots has been deprecated in favor of isaacsim.robot.wheeled_robots. Please update your code accordingly.
2026-07-15T08:03:18Z [3,331ms] [Warning] [omni.isaac.wheeled_robots.controllers] omni.isaac.wheeled_robots has been deprecated in favor of isaacsim.robot.wheeled_robots. Please update your code accordingly.
2026-07-15T08:03:18Z [3,331ms] [Warning] [omni.isaac.wheeled_robots.controllers.ackermann_controller] omni.isaac.wheeled_robots has been deprecated in favor of isaacsim.robot.wheeled_robots. Please update your code accordingly.
2026-07-15T08:03:18Z [3,331ms] [Warning] [omni.isaac.wheeled_robots.controllers.differential_controller] omni.isaac.wheeled_robots has been deprecated in favor of isaacsim.robot.wheeled_robots. Please update your code accordingly.
2026-07-15T08:03:18Z [3,331ms] [Warning] [omni.isaac.wheeled_robots.controllers.holonomic_controller] omni.isaac.wheeled_robots has been deprecated in favor of isaacsim.robot.wheeled_robots. Please update your code accordingly.
2026-07-15T08:03:18Z [3,331ms] [Warning] [omni.isaac.wheeled_robots.controllers.quintic_path_planner] omni.isaac.wheeled_robots has been deprecated in favor of isaacsim.robot.wheeled_robots. Please update your code accordingly.
2026-07-15T08:03:18Z [3,332ms] [Warning] [omni.isaac.wheeled_robots.controllers.stanley_control] omni.isaac.wheeled_robots has been deprecated in favor of isaacsim.robot.wheeled_robots. Please update your code accordingly.
2026-07-15T08:03:18Z [3,332ms] [Warning] [omni.isaac.wheeled_robots.controllers.wheel_base_pose_controller] omni.isaac.wheeled_robots has been deprecated in favor of isaacsim.robot.wheeled_robots. Please update your code accordingly.
2026-07-15T08:03:18Z [3,332ms] [Warning] [omni.isaac.wheeled_robots.impl] omni.isaac.wheeled_robots has been deprecated in favor of isaacsim.robot.wheeled_robots. Please update your code accordingly.
2026-07-15T08:03:18Z [3,333ms] [Warning] [omni.isaac.wheeled_robots.robots] omni.isaac.wheeled_robots has been deprecated in favor of isaacsim.robot.wheeled_robots. Please update your code accordingly.
2026-07-15T08:03:18Z [3,334ms] [Warning] [omni.isaac.wheeled_robots.robots.holonomic_robot_usd_setup] omni.isaac.wheeled_robots has been deprecated in favor of isaacsim.robot.wheeled_robots. Please update your code accordingly.
2026-07-15T08:03:18Z [3,334ms] [Warning] [omni.isaac.wheeled_robots.robots.wheeled_robot] omni.isaac.wheeled_robots has been deprecated in favor of isaacsim.robot.wheeled_robots. Please update your code accordingly.
[3.347s] [ext: isaacsim.simulation_app-2.12.2] startup
[3.349s] [ext: omni.isaac.franka-1.0.7] startup
2026-07-15T08:03:18Z [3,339ms] [Warning] [omni.isaac.franka] omni.isaac.franka has been deprecated in favor of isaacsim.robot.manipulators.examples.franka. Please update your code accordingly.
2026-07-15T08:03:18Z [3,339ms] [Warning] [omni.isaac.franka.franka] omni.isaac.franka has been deprecated in favor of isaacsim.robot.manipulators.examples.franka. Please update your code accordingly.
2026-07-15T08:03:18Z [3,353ms] [Warning] [omni.isaac.franka.kinematics_solver] omni.isaac.franka has been deprecated in favor of isaacsim.robot.manipulators.examples.franka. Please update your code accordingly.
[3.363s] [ext: omni.isaac.kit-2.0.6] startup
2026-07-15T08:03:18Z [3,355ms] [Warning] [omni.isaac.kit] omni.isaac.kit has been deprecated in favor of isaacsim.simulation_app. Please update your code accordingly.
[3.365s] [ext: omni.kit.selection-0.1.6] startup
[3.366s] [ext: omni.isaac.lula-4.0.6] startup
2026-07-15T08:03:18Z [3,357ms] [Warning] [omni.isaac.lula] omni.isaac.lula has been deprecated in favor of isaacsim.robot_motion.lula. Please update your code accordingly.
[3.367s] [ext: isaacsim.robot_motion.lula_test_widget-1.0.12] startup
[3.369s] [ext: isaacsim.asset.browser-1.3.23] startup
[3.426s] [ext: omni.kit.viewport.actions-107.0.2] startup
[3.429s] [ext: isaacsim.gui.menu-2.4.4] startup
[3.433s] [ext: omni.isaac.manipulators-3.0.7] startup
2026-07-15T08:03:18Z [3,424ms] [Warning] [omni.isaac.manipulators] omni.isaac.manipulators has been deprecated in favor of isaacsim.robot.manipulators. Please update your code accordingly.
2026-07-15T08:03:18Z [3,424ms] [Warning] [omni.isaac.manipulators.controllers] omni.isaac.manipulators has been deprecated in favor of isaacsim.robot.manipulators. Please update your code accordingly.
2026-07-15T08:03:18Z [3,424ms] [Warning] [omni.isaac.manipulators.controllers.pick_place_controller] omni.isaac.manipulators has been deprecated in favor of isaacsim.robot.manipulators. Please update your code accordingly.
2026-07-15T08:03:18Z [3,425ms] [Warning] [omni.isaac.manipulators.controllers.stacking_controller] omni.isaac.manipulators has been deprecated in favor of isaacsim.robot.manipulators. Please update your code accordingly.
2026-07-15T08:03:18Z [3,425ms] [Warning] [omni.isaac.manipulators.grippers] omni.isaac.manipulators has been deprecated in favor of isaacsim.robot.manipulators. Please update your code accordingly.
2026-07-15T08:03:18Z [3,425ms] [Warning] [omni.isaac.manipulators.grippers.gripper] omni.isaac.manipulators has been deprecated in favor of isaacsim.robot.manipulators. Please update your code accordingly.
2026-07-15T08:03:18Z [3,426ms] [Warning] [omni.isaac.manipulators.grippers.parallel_gripper] omni.isaac.manipulators has been deprecated in favor of isaacsim.robot.manipulators. Please update your code accordingly.
2026-07-15T08:03:18Z [3,426ms] [Warning] [omni.isaac.manipulators.grippers.surface_gripper] omni.isaac.manipulators has been deprecated in favor of isaacsim.robot.manipulators. Please update your code accordingly.
2026-07-15T08:03:18Z [3,426ms] [Warning] [omni.isaac.manipulators.manipulators] omni.isaac.manipulators has been deprecated in favor of isaacsim.robot.manipulators. Please update your code accordingly.
2026-07-15T08:03:18Z [3,426ms] [Warning] [omni.isaac.manipulators.manipulators.single_manipulator] omni.isaac.manipulators has been deprecated in favor of isaacsim.robot.manipulators. Please update your code accordingly.
[3.437s] [ext: omni.isaac.lula_test_widget-1.0.6] startup
2026-07-15T08:03:18Z [3,428ms] [Warning] [omni.isaac.lula_test_widget] omni.isaac.lula_test_widget has been deprecated in favor of isaacsim.robot_motion.lula_test_widget. Please update your code accordingly.
[3.438s] [ext: omni.isaac.asset_browser-1.0.6] startup
2026-07-15T08:03:18Z [3,429ms] [Warning] [omni.isaac.asset_browser] omni.isaac.asset_browser has been deprecated in favor of isaacsim.asset.browser. Please update your code accordingly.
[3.440s] [ext: omni.kit.viewport.menubar.display-107.0.3] startup
[3.444s] [ext: omni.isaac.menu-1.0.6] startup
2026-07-15T08:03:18Z [3,435ms] [Warning] [omni.isaac.menu] omni.isaac.menu has been deprecated in favor of isaacsim.gui.menu. Please update your code accordingly.
[3.445s] [ext: omni.isaac.motion_generation-8.0.7] startup
2026-07-15T08:03:18Z [3,436ms] [Warning] [omni.isaac.motion_generation] omni.isaac.motion_generation has been deprecated in favor of isaacsim.robot_motion.motion_generation. Please update your code accordingly.
2026-07-15T08:03:18Z [3,436ms] [Warning] [omni.isaac.motion_generation.articulation_kinematics_solver] omni.isaac.motion_generation has been deprecated in favor of isaacsim.robot_motion.motion_generation. Please update your code accordingly.
2026-07-15T08:03:18Z [3,436ms] [Warning] [omni.isaac.motion_generation.articulation_motion_policy] omni.isaac.motion_generation has been deprecated in favor of isaacsim.robot_motion.motion_generation. Please update your code accordingly.
2026-07-15T08:03:18Z [3,437ms] [Warning] [omni.isaac.motion_generation.articulation_trajectory] omni.isaac.motion_generation has been deprecated in favor of isaacsim.robot_motion.motion_generation. Please update your code accordingly.
2026-07-15T08:03:18Z [3,437ms] [Warning] [omni.isaac.motion_generation.kinematics_interface] omni.isaac.motion_generation has been deprecated in favor of isaacsim.robot_motion.motion_generation. Please update your code accordingly.
2026-07-15T08:03:18Z [3,438ms] [Warning] [omni.isaac.motion_generation.lula] omni.isaac.motion_generation has been deprecated in favor of isaacsim.robot_motion.motion_generation. Please update your code accordingly.
2026-07-15T08:03:18Z [3,438ms] [Warning] [omni.isaac.motion_generation.lula.kinematics] omni.isaac.motion_generation has been deprecated in favor of isaacsim.robot_motion.motion_generation. Please update your code accordingly.
2026-07-15T08:03:18Z [3,438ms] [Warning] [omni.isaac.motion_generation.lula.motion_policies] omni.isaac.motion_generation has been deprecated in favor of isaacsim.robot_motion.motion_generation. Please update your code accordingly.
2026-07-15T08:03:18Z [3,438ms] [Warning] [omni.isaac.motion_generation.lula.path_planners] omni.isaac.motion_generation has been deprecated in favor of isaacsim.robot_motion.motion_generation. Please update your code accordingly.
2026-07-15T08:03:18Z [3,438ms] [Warning] [omni.isaac.motion_generation.lula.trajectory_generator] omni.isaac.motion_generation has been deprecated in favor of isaacsim.robot_motion.motion_generation. Please update your code accordingly.
2026-07-15T08:03:18Z [3,438ms] [Warning] [omni.isaac.motion_generation.motion_policy_controller] omni.isaac.motion_generation has been deprecated in favor of isaacsim.robot_motion.motion_generation. Please update your code accordingly.
2026-07-15T08:03:18Z [3,438ms] [Warning] [omni.isaac.motion_generation.motion_policy_interface] omni.isaac.motion_generation has been deprecated in favor of isaacsim.robot_motion.motion_generation. Please update your code accordingly.
2026-07-15T08:03:18Z [3,438ms] [Warning] [omni.isaac.motion_generation.path_planner_visualizer] omni.isaac.motion_generation has been deprecated in favor of isaacsim.robot_motion.motion_generation. Please update your code accordingly.
2026-07-15T08:03:18Z [3,438ms] [Warning] [omni.isaac.motion_generation.path_planning_interface] omni.isaac.motion_generation has been deprecated in favor of isaacsim.robot_motion.motion_generation. Please update your code accordingly.
2026-07-15T08:03:18Z [3,438ms] [Warning] [omni.isaac.motion_generation.trajectory] omni.isaac.motion_generation has been deprecated in favor of isaacsim.robot_motion.motion_generation. Please update your code accordingly.
2026-07-15T08:03:18Z [3,438ms] [Warning] [omni.isaac.motion_generation.world_interface] omni.isaac.motion_generation has been deprecated in favor of isaacsim.robot_motion.motion_generation. Please update your code accordingly.
[3.449s] [ext: omni.isaac.assets_check-0.3.13] startup
2026-07-15T08:03:18Z [3,440ms] [Warning] [omni.isaac.assets_check] omni.isaac.assets_check has been deprecated in favor of isaacsim.asset.browser. Please update your code accordingly.
[3.450s] [ext: isaacsim.gui.sensors.icon-2.0.3] startup
[3.459s] [ext: isaacsim.asset.importer.mjcf-2.5.13] startup
[3.462s] [ext: omni.sensors.nv.common-3.0.0] startup
[3.470s] [ext: isaacsim.sensors.physics-0.4.3] startup
[3.474s] [ext: omni.sensors.net-1.0.0] startup
[3.477s] [ext: omni.isaac.nucleus-1.0.6] startup
2026-07-15T08:03:18Z [3,467ms] [Warning] [omni.isaac.nucleus] omni.isaac.nucleus has been deprecated in favor of isaacsim.storage.native. Please update your code accordingly.
2026-07-15T08:03:18Z [3,467ms] [Warning] [omni.isaac.nucleus.nucleus] omni.isaac.nucleus.nucleus has been deprecated in favor of isaacsim.storage.native. Please update your code accordingly.
[3.477s] [ext: omni.sensors.nv.materials-2.0.0] startup
[3.482s] [ext: isaacsim.robot.policy.examples-4.1.11] startup
[3.484s] [ext: omni.sensors.nv.wpm-3.0.0] startup
[3.487s] [ext: omni.sensors.nv.lidar-3.0.0] startup
[3.492s] [ext: isaacsim.util.debug_draw-3.1.0] startup
[3.494s] [ext: omni.sensors.nv.radar-3.0.0] startup
[3.497s] [ext: omni.sensors.nv.ids-2.0.0] startup
[3.499s] [ext: isaacsim.core.cloner-1.4.10] startup
[3.500s] [ext: isaacsim.sensors.physx-2.3.2] startup
[3.503s] [ext: isaacsim.sensors.rtx-15.8.4] startup
[3.509s] [ext: isaacsim.sensors.camera-1.3.6] startup
[3.516s] [ext: omni.isaac.quadruped-3.0.7] startup
2026-07-15T08:03:18Z [3,508ms] [Warning] [omni.isaac.quadruped] omni.isaac.quadruped has been deprecated in favor of isaacsim.robot.policy.examples. Please update your code accordingly.
[3.519s] [ext: omni.isaac.cloner-1.0.7] startup
2026-07-15T08:03:18Z [3,509ms] [Warning] [omni.isaac.cloner] omni.isaac.cloner has been deprecated in favor of isaacsim.core.cloner. Please update your code accordingly.
[3.521s] [ext: omni.isaac.range_sensor-4.0.6] startup
2026-07-15T08:03:18Z [3,513ms] [Warning] [omni.isaac.range_sensor] omni.isaac.range_sensor has been deprecated in favor of isaacsim.sensors.physx. Please update your code accordingly.
2026-07-15T08:03:18Z [3,513ms] [Warning] [omni.isaac.range_sensor.commands] omni.isaac.range_sensor.commands has been deprecated in favor of isaacsim.sensors.physx.commands. Please update your code accordingly.
[3.523s] [ext: omni.isaac.sensor-13.0.7] startup
2026-07-15T08:03:18Z [3,515ms] [Warning] [omni.isaac.sensor] omni.isaac.sensor has been deprecated in favor of isaacsim.sensors.camera, isaacsim.sensors.physics, isaacsim.sensors.physx, and isaacsim.sensors.rtx. Please update your code accordingly.
2026-07-15T08:03:18Z [3,516ms] [Warning] [omni.isaac.sensor.camera] omni.isaac.sensor.camera has been deprecated in favor of isaacsim.sensors.camera.camera. Please update your code accordingly.
2026-07-15T08:03:18Z [3,517ms] [Warning] [omni.isaac.sensor.camera_view] omni.isaac.sensor.camera_view has been deprecated in favor of isaacsim.sensors.camera.camera_view. Please update your code accordingly.
2026-07-15T08:03:18Z [3,517ms] [Warning] [omni.isaac.sensor.commands] omni.isaac.sensor.commands has been deprecated in favor of isaacsim.sensors.physics.commands, isaacsim.sensors.physx.commands, and isaacsim.sensors.rtx.commands. Please update your code accordingly.
2026-07-15T08:03:18Z [3,517ms] [Warning] [omni.isaac.sensor.contact_sensor] omni.isaac.sensor.contact_sensor has been deprecated in favor of isaacsim.sensors.physics.contact_sensor. Please update your code accordingly.
2026-07-15T08:03:18Z [3,517ms] [Warning] [omni.isaac.sensor.imu_sensor] omni.isaac.sensor.imu_sensor has been deprecated in favor of isaacsim.sensors.physics.imu_sensor. Please update your code accordingly.
2026-07-15T08:03:18Z [3,517ms] [Warning] [omni.isaac.sensor.lidar_rtx] omni.isaac.sensor.lidar_rtx has been deprecated in favor of isaacsim.sensors.rtx.lidar_rtx. Please update your code accordingly.
2026-07-15T08:03:18Z [3,517ms] [Warning] [omni.isaac.sensor.rotating_lidar_physX] omni.isaac.sensor.imu_sensor has been deprecated in favor of isaacsim.sensors.physix.rotating_lidar_physX. Please update your code accordingly.
2026-07-15T08:03:18Z [3,518ms] [Warning] [omni.isaac.sensor.scripts.samples.contact_sensor] omni.isaac.sensor.scripts.samples.contact_sensor has been deprecated in favor of isaacsim.sensors.physics.scripts.samples.contact_sensor. Please update your code accordingly.
2026-07-15T08:03:18Z [3,518ms] [Warning] [omni.isaac.sensor.scripts.samples.imu_sensor] omni.isaac.sensor.scripts.samples.imu_sensor has been deprecated in favor of isaacsim.sensors.physics.scripts.samples.imu_sensor. Please update your code accordingly.
2026-07-15T08:03:18Z [3,518ms] [Warning] [omni.isaac.sensor.scripts.samples.lightbeam_sensor] omni.isaac.sensor.scripts.samples.lightbeam_sensor has been deprecated in favor of isaacsim.sensors.physx.scripts.samples.lightbeam_sensor. Please update your code accordingly.
[3.528s] [ext: omni.kit.menu.create-2.0.1] startup
[3.531s] [ext: omni.kit.widget.toolbar-2.0.1] startup
[3.540s] [ext: omni.kit.manipulator.transform-107.0.0] startup
[3.543s] [ext: omni.isaac.core-4.0.7] startup
2026-07-15T08:03:18Z [3,534ms] [Warning] [omni.isaac.core.physics_context.physics_context] omni.isaac.core.physics_context.physics_context has been deprecated in favor of isaacsim.core.api.physics_context.physics_context. Please update your code accordingly.
2026-07-15T08:03:18Z [3,534ms] [Warning] [omni.isaac.core.simulation_context.simulation_context] omni.isaac.core.simulation_context.simulation_context has been deprecated in favor of isaacsim.core.api.simulation_context.simulation_context. Please update your code accordingly.
2026-07-15T08:03:18Z [3,534ms] [Warning] [omni.isaac.core.world.world] omni.isaac.core.world.world has been deprecated in favor of isaacsim.core.api.world.world. Please update your code accordingly.
2026-07-15T08:03:18Z [3,534ms] [Warning] [omni.isaac.core] omni.isaac.core has been deprecated in favor of isaacsim.core.api. Please update your code accordingly.
[3.544s] [ext: omni.kit.scripting-107.3.2] startup
[3.549s] [ext: omni.kit.manipulator.tool.snap-1.5.13] startup
[3.552s] [ext: omni.kit.manipulator.selector-1.1.3] startup
[3.553s] [ext: isaacsim.app.about-2.0.11] startup
[3.556s] [ext: isaacsim.replicator.behavior-1.1.16] startup
[3.557s] [ext: omni.kit.viewport.manipulator.transform-107.0.4] startup
[3.559s] [ext: omni.isaac.window.about-2.0.7] startup
2026-07-15T08:03:18Z [3,550ms] [Warning] [omni.isaac.window.about] omni.isaac.window.about has been deprecated in favor of isaacsim.app.about. Please update your code accordingly.
2026-07-15T08:03:18Z [3,550ms] [Warning] [omni.isaac.window.about.about] omni.isaac.window.about.about has been deprecated in favor of isaacsim.app.about.about. Please update your code accordingly.
[3.561s] [ext: omni.fabric.commands-1.1.6] startup
[3.563s] [ext: omni.kit.manipulator.prim.core-107.0.8] startup
[3.567s] [ext: omni.kit.property.audio-1.0.16] startup
[3.568s] [ext: omni.kit.property.camera-1.0.10] startup
[3.569s] [ext: omni.kit.property.geometry-2.0.4] startup
[3.571s] [ext: omni.hydra.scene_api-0.1.2] startup
[3.574s] [ext: omni.kit.property.light-1.0.12] startup
[3.582s] [ext: omni.kit.manipulator.prim.fabric-107.0.4] startup
[3.584s] [ext: omni.kit.manipulator.prim.usd-107.0.3] startup
[3.585s] [ext: omni.kit.property.material-1.11.9] startup
[3.589s] [ext: omni.kit.property.render-1.2.1] startup
[3.590s] [ext: omni.kit.property.transform-1.5.13] startup
[3.593s] [ext: isaacsim.gui.property-1.1.3] startup
[3.594s] [ext: omni.kit.manipulator.camera-106.0.4] startup
[3.597s] [ext: omni.kit.manipulator.prim-107.0.0] startup
[3.597s] [ext: omni.isaac.surface_gripper-2.0.6] startup
2026-07-15T08:03:18Z [3,587ms] [Warning] [omni.isaac.surface_gripper] omni.isaac.surface_gripper has been deprecated in favor of isaacsim.robot.surface_gripper. Please update your code accordingly.
[3.598s] [ext: omni.kit.manipulator.selection-106.0.1] startup
[3.600s] [ext: omni.kit.property.bundle-1.4.1] startup
[3.601s] [ext: omni.kit.property.isaac-1.0.6] startup
2026-07-15T08:03:18Z [3,592ms] [Warning] [omni.kit.property.isaac] omni.kit.property.isaac has been deprecated in favor of isaacsim.gui.property. Please update your code accordingly.
2026-07-15T08:03:18Z [3,592ms] [Warning] [omni.kit.property.isaac.widgets] omni.kit.property.isaac.widgets has been deprecated in favor of isaacsim.gui.property.widgets. Please update your code accordingly.
[3.602s] [ext: omni.isaac.universal_robots-1.0.6] startup
2026-07-15T08:03:18Z [3,593ms] [Warning] [omni.isaac.universal_robots] omni.isaac.universal_robots has been deprecated in favor of isaacsim.robot.manipulators.examples.universal_robots. Please update your code accordingly.
2026-07-15T08:03:18Z [3,593ms] [Warning] [omni.isaac.universal_robots.kinematics_solver] omni.isaac.franka has been deprecated in favor of isaacsim.robot.manipulators.examples.universal_robots. Please update your code accordingly.
2026-07-15T08:03:18Z [3,593ms] [Warning] [omni.isaac.universal_robots.ur10] omni.isaac.franka has been deprecated in favor of isaacsim.robot.manipulators.examples.universal_robots. Please update your code accordingly.
[3.604s] [ext: omni.isaac.core_nodes-2.0.6] startup
2026-07-15T08:03:18Z [3,595ms] [Warning] [omni.isaac.core_nodes] omni.isaac.core_nodes has been deprecated in favor of isaacsim.core.nodes. Please update your code accordingly.
[3.606s] [ext: omni.kit.viewport.menubar.camera-107.0.6] startup
[3.612s] [ext: omni.kit.viewport.menubar.lighting-107.3.1] startup
[3.613s] [ext: isaacsim.replicator.writers-1.0.17] startup
[3.622s] [ext: omni.kit.viewport.menubar.render-107.0.10] startup
[3.626s] [ext: omni.kit.viewport.menubar.settings-107.0.3] startup
[3.631s] [ext: omni.kit.window.console-1.1.4] startup
[3.635s] [ext: isaacsim.replicator.domain_randomization-1.0.16] startup
[3.636s] [ext: isaacsim.replicator.examples-1.3.6] startup
[3.638s] [ext: omni.ocio-0.1.1] startup
[3.640s] [ext: omni.rtx.window.settings-0.6.19] startup
[3.649s] [ext: omni.kit.window.status_bar-0.1.9] startup
[3.656s] [ext: omni.kit.window.toolbar-2.0.0] startup
[3.659s] [ext: omni.replicator.isaac-2.0.8] startup
2026-07-15T08:03:18Z [3,650ms] [Warning] [omni.replicator.isaac] omni.replicator.isaac has been deprecated in favor of isaacsim.replicator.domain_randomization, isaacsim.replicator.examples, isaacsim.replicator.writers. Please update your code accordingly.
[3.660s] [ext: omni.replicator.replicator_yaml-2.0.11] startup
[3.673s] [ext: omni.rtx.settings.core-0.6.5] startup
[3.677s] [ext: omni.usd.metrics.assembler.ui-107.3.1] startup
[3.685s] [ext: omni.isaac.utils-2.0.6] startup
[3.686s] [ext: semantics.schema.editor-2.0.2] startup
[3.689s] [ext: omni.kit.ui.actions-1.0.5] startup
[3.690s] [ext: semantics.schema.property-2.0.1] startup
[3.692s] [ext: omni.isaac.version-2.0.7] startup
2026-07-15T08:03:18Z [3,682ms] [Warning] [omni.isaac.version] omni.isaac.version has been deprecated in favor of isaacsim.core.version. Please update your code accordingly.
[3.693s] [ext: omni.isaac.cortex-1.0.5] startup
[3.693s] [ext: omni.anim.curve.core-1.3.1] startup
[3.700s] [ext: isaacsim.core.throttling-2.2.2] startup
[3.701s] [ext: omni.kit.menu.common-2.0.1] startup
[3.703s] [ext: isaacsim.exp.base-5.1.0] startup
[3.704s] [ext: isaacsim.exp.base.python-5.1.0] startup
[3.705s] Simulation App Starting
2026-07-15T08:03:18Z [3,766ms] [Warning] [omni.fabric.plugin] Warning: attribute viewportHandle not found for bucket id 9

[3.809s] app ready
[5.489s] Simulation App Startup Complete
[8.119s] Simulation App Shutting Down
