/home/yuhang/miniconda3/envs/env-gen-yuxin/lib/python3.10/site-packages/sapien/__init__.py:2: UserWarning: pkg_resources is deprecated as an API. See https://setuptools.pypa.io/en/latest/pkg_resources.html. The pkg_resources package is slated for removal as early as 2025-11-30. Refrain from using this package or pin to Setuptools<81.
  import pkg_resources
/home/yuhang/workspace/robot-harness-gen-env/external/RoboTwin/envs/curobo/src/curobo/opt/opt_base.py:298: UserWarning: Sparse invariant checks are implicitly disabled. Memory errors (e.g. SEGFAULT) will occur when operating on a sparse tensor which violates the invariants, but checks incur performance overhead. To silence this warning, explicitly opt in or out. See `torch.sparse.check_sparse_tensor_invariants.__doc__` for guidance.  (Triggered internally at /pytorch/aten/src/ATen/Context.cpp:760.)
  self.problem_kernel_ = torch.sparse_coo_tensor(
[2026-08-19 15:14:56.747] [svulkan2] [error] OIDN Error: unsupported device type: CUDA
[2026-08-19 15:14:56.764] [svulkan2] [error] OIDN Error: invalid handle
[2026-08-19 15:14:56.775] [svulkan2] [error] OIDN Error: invalid handle
[2026-08-19 15:14:56.786] [svulkan2] [error] OIDN Error: invalid handle
[2026-08-19 15:14:56.798] [svulkan2] [error] OIDN Error: invalid handle
[2026-08-19 15:14:56.809] [svulkan2] [error] OIDN Error: invalid handle
[2026-08-19 15:14:56.820] [svulkan2] [error] OIDN Error: invalid handle
[2026-08-19 15:14:56.831] [svulkan2] [error] OIDN Error: invalid handle
[2026-08-19 15:14:56.842] [svulkan2] [error] OIDN Error: invalid handle
[2026-08-19 15:14:56.853] [svulkan2] [error] OIDN Error: invalid handle
[2026-08-19 15:14:56.864] [svulkan2] [error] OIDN Error: invalid handle
[2026-08-19 15:14:56.912] [svulkan2] [error] OIDN Error: invalid handle
[2026-08-19 15:14:56.929] [svulkan2] [error] OIDN Error: invalid handle
[2026-08-19 15:14:56.942] [svulkan2] [error] OIDN Error: invalid handle
[2026-08-19 15:14:56.974] [svulkan2] [error] OIDN Error: invalid handle
[2026-08-19 15:14:57.004] [svulkan2] [error] OIDN Error: invalid handle
missing pytorch3d
Warp DeprecationWarning: The symbol `warp.torch.device_from_torch` will soon be removed from the public API. Use `warp.device_from_torch` instead.
PASS scene=place_a_teddy_bear_on_the_table_71bdcfd0b6 fail=0 video_frames=12
