/home/yuhang/miniconda3/envs/env-gen-yuxin/lib/python3.10/site-packages/sapien/__init__.py:2: UserWarning: pkg_resources is deprecated as an API. See https://setuptools.pypa.io/en/latest/pkg_resources.html. The pkg_resources package is slated for removal as early as 2025-11-30. Refrain from using this package or pin to Setuptools<81.
  import pkg_resources
/home/yuhang/workspace/robot-harness-gen-env/external/RoboTwin/envs/curobo/src/curobo/opt/opt_base.py:298: UserWarning: Sparse invariant checks are implicitly disabled. Memory errors (e.g. SEGFAULT) will occur when operating on a sparse tensor which violates the invariants, but checks incur performance overhead. To silence this warning, explicitly opt in or out. See `torch.sparse.check_sparse_tensor_invariants.__doc__` for guidance.  (Triggered internally at /pytorch/aten/src/ATen/Context.cpp:760.)
  self.problem_kernel_ = torch.sparse_coo_tensor(
[2026-08-19 15:13:29.610] [svulkan2] [error] OIDN Error: unsupported device type: CUDA
[2026-08-19 15:13:29.626] [svulkan2] [error] OIDN Error: invalid handle
[2026-08-19 15:13:29.638] [svulkan2] [error] OIDN Error: invalid handle
[2026-08-19 15:13:29.649] [svulkan2] [error] OIDN Error: invalid handle
[2026-08-19 15:13:29.660] [svulkan2] [error] OIDN Error: invalid handle
[2026-08-19 15:13:29.672] [svulkan2] [error] OIDN Error: invalid handle
[2026-08-19 15:13:29.683] [svulkan2] [error] OIDN Error: invalid handle
[2026-08-19 15:13:29.695] [svulkan2] [error] OIDN Error: invalid handle
[2026-08-19 15:13:29.706] [svulkan2] [error] OIDN Error: invalid handle
[2026-08-19 15:13:29.717] [svulkan2] [error] OIDN Error: invalid handle
[2026-08-19 15:13:29.728] [svulkan2] [error] OIDN Error: invalid handle
[2026-08-19 15:13:29.771] [svulkan2] [error] OIDN Error: invalid handle
[2026-08-19 15:13:29.790] [svulkan2] [error] OIDN Error: invalid handle
[2026-08-19 15:13:29.803] [svulkan2] [error] OIDN Error: invalid handle
[2026-08-19 15:13:29.838] [svulkan2] [error] OIDN Error: invalid handle
[2026-08-19 15:13:29.870] [svulkan2] [error] OIDN Error: invalid handle
missing pytorch3d
Warp DeprecationWarning: The symbol `warp.torch.device_from_torch` will soon be removed from the public API. Use `warp.device_from_torch` instead.
FAIL scene=place_a_dustbin_on_the_table_f70e98a43e fail=1 video_frames=12
