<USER_HOME>/workspace/alchedata-self-improving-agents/external/RoboTwin/envs/curobo/src/curobo/opt/opt_base.py:298: UserWarning: Sparse invariant checks are implicitly disabled. Memory errors (e.g. SEGFAULT) will occur when operating on a sparse tensor which violates the invariants, but checks incur performance overhead. To silence this warning, explicitly opt in or out. See `torch.sparse.check_sparse_tensor_invariants.__doc__` for guidance.  (Triggered internally at /pytorch/aten/src/ATen/Context.cpp:760.)
  self.problem_kernel_ = torch.sparse_coo_tensor(
[2026-07-16 11:13:56.029] [svulkan2] [error] OIDN Error: unsupported device type: CUDA
[2026-07-16 11:13:56.045] [svulkan2] [error] OIDN Error: invalid handle
[2026-07-16 11:13:56.056] [svulkan2] [error] OIDN Error: invalid handle
[2026-07-16 11:13:56.068] [svulkan2] [error] OIDN Error: invalid handle
[2026-07-16 11:13:56.079] [svulkan2] [error] OIDN Error: invalid handle
[2026-07-16 11:13:56.091] [svulkan2] [error] OIDN Error: invalid handle
[2026-07-16 11:13:56.102] [svulkan2] [error] OIDN Error: invalid handle
[2026-07-16 11:13:56.113] [svulkan2] [error] OIDN Error: invalid handle
[2026-07-16 11:13:56.126] [svulkan2] [error] OIDN Error: invalid handle
[2026-07-16 11:13:56.137] [svulkan2] [error] OIDN Error: invalid handle
[2026-07-16 11:13:56.148] [svulkan2] [error] OIDN Error: invalid handle
[2026-07-16 11:13:56.160] [svulkan2] [error] OIDN Error: invalid handle
[2026-07-16 11:13:56.171] [svulkan2] [error] OIDN Error: invalid handle
[2026-07-16 11:13:56.182] [svulkan2] [error] OIDN Error: invalid handle
[2026-07-16 11:13:56.194] [svulkan2] [error] OIDN Error: invalid handle
[2026-07-16 11:13:56.205] [svulkan2] [error] OIDN Error: invalid handle
[2026-07-16 11:13:56.217] [svulkan2] [error] OIDN Error: invalid handle
[2026-07-16 11:13:56.228] [svulkan2] [error] OIDN Error: invalid handle
[2026-07-16 11:13:56.239] [svulkan2] [error] OIDN Error: invalid handle
[2026-07-16 11:13:56.250] [svulkan2] [error] OIDN Error: invalid handle
[2026-07-16 11:13:56.262] [svulkan2] [error] OIDN Error: invalid handle
[2026-07-16 11:13:56.273] [svulkan2] [error] OIDN Error: invalid handle
[2026-07-16 11:13:56.284] [svulkan2] [error] OIDN Error: invalid handle
[2026-07-16 11:13:56.296] [svulkan2] [error] OIDN Error: invalid handle
[2026-07-16 11:13:56.307] [svulkan2] [error] OIDN Error: invalid handle
[2026-07-16 11:13:56.319] [svulkan2] [error] OIDN Error: invalid handle
[2026-07-16 11:13:56.330] [svulkan2] [error] OIDN Error: invalid handle
[2026-07-16 11:13:56.342] [svulkan2] [error] OIDN Error: invalid handle
[2026-07-16 11:13:56.353] [svulkan2] [error] OIDN Error: invalid handle
[2026-07-16 11:13:56.364] [svulkan2] [error] OIDN Error: invalid handle
[2026-07-16 11:13:56.375] [svulkan2] [error] OIDN Error: invalid handle
[2026-07-16 11:13:56.387] [svulkan2] [error] OIDN Error: invalid handle
[2026-07-16 11:13:56.398] [svulkan2] [error] OIDN Error: invalid handle
[2026-07-16 11:13:56.410] [svulkan2] [error] OIDN Error: invalid handle
[2026-07-16 11:13:56.421] [svulkan2] [error] OIDN Error: invalid handle
[2026-07-16 11:13:56.432] [svulkan2] [error] OIDN Error: invalid handle
[2026-07-16 11:13:56.444] [svulkan2] [error] OIDN Error: invalid handle
[2026-07-16 11:13:56.455] [svulkan2] [error] OIDN Error: invalid handle
[2026-07-16 11:13:56.466] [svulkan2] [error] OIDN Error: invalid handle
[2026-07-16 11:13:56.478] [svulkan2] [error] OIDN Error: invalid handle
[2026-07-16 11:13:56.489] [svulkan2] [error] OIDN Error: invalid handle
[2026-07-16 11:13:56.500] [svulkan2] [error] OIDN Error: invalid handle
[2026-07-16 11:13:56.511] [svulkan2] [error] OIDN Error: invalid handle
[2026-07-16 11:13:56.523] [svulkan2] [error] OIDN Error: invalid handle
[2026-07-16 11:13:56.534] [svulkan2] [error] OIDN Error: invalid handle
[2026-07-16 11:13:56.546] [svulkan2] [error] OIDN Error: invalid handle
[2026-07-16 11:13:56.557] [svulkan2] [error] OIDN Error: invalid handle
[2026-07-16 11:13:56.569] [svulkan2] [error] OIDN Error: invalid handle
[2026-07-16 11:13:56.580] [svulkan2] [error] OIDN Error: invalid handle
[2026-07-16 11:13:56.591] [svulkan2] [error] OIDN Error: invalid handle
[2026-07-16 11:13:56.603] [svulkan2] [error] OIDN Error: invalid handle
[2026-07-16 11:13:56.614] [svulkan2] [error] OIDN Error: invalid handle
[2026-07-16 11:13:56.625] [svulkan2] [error] OIDN Error: invalid handle
[2026-07-16 11:13:56.637] [svulkan2] [error] OIDN Error: invalid handle
[2026-07-16 11:13:56.648] [svulkan2] [error] OIDN Error: invalid handle
[2026-07-16 11:13:56.660] [svulkan2] [error] OIDN Error: invalid handle
[2026-07-16 11:13:56.671] [svulkan2] [error] OIDN Error: invalid handle
[2026-07-16 11:13:56.682] [svulkan2] [error] OIDN Error: invalid handle
[2026-07-16 11:13:56.694] [svulkan2] [error] OIDN Error: invalid handle
[2026-07-16 11:13:56.705] [svulkan2] [error] OIDN Error: invalid handle
[2026-07-16 11:13:56.716] [svulkan2] [error] OIDN Error: invalid handle
[2026-07-16 11:13:56.727] [svulkan2] [error] OIDN Error: invalid handle
[2026-07-16 11:13:56.739] [svulkan2] [error] OIDN Error: invalid handle
[2026-07-16 11:13:56.750] [svulkan2] [error] OIDN Error: invalid handle
[2026-07-16 11:13:56.762] [svulkan2] [error] OIDN Error: invalid handle
[2026-07-16 11:13:56.773] [svulkan2] [error] OIDN Error: invalid handle
[2026-07-16 11:13:56.785] [svulkan2] [error] OIDN Error: invalid handle
[2026-07-16 11:13:56.796] [svulkan2] [error] OIDN Error: invalid handle
[2026-07-16 11:13:56.808] [svulkan2] [error] OIDN Error: invalid handle
[2026-07-16 11:13:56.819] [svulkan2] [error] OIDN Error: invalid handle
[2026-07-16 11:13:56.830] [svulkan2] [error] OIDN Error: invalid handle
[2026-07-16 11:13:56.842] [svulkan2] [error] OIDN Error: invalid handle
[2026-07-16 11:13:56.853] [svulkan2] [error] OIDN Error: invalid handle
[2026-07-16 11:13:56.865] [svulkan2] [error] OIDN Error: invalid handle
[2026-07-16 11:13:56.876] [svulkan2] [error] OIDN Error: invalid handle
[2026-07-16 11:13:56.888] [svulkan2] [error] OIDN Error: invalid handle
[2026-07-16 11:13:56.899] [svulkan2] [error] OIDN Error: invalid handle
[2026-07-16 11:13:56.910] [svulkan2] [error] OIDN Error: invalid handle
[2026-07-16 11:13:56.922] [svulkan2] [error] OIDN Error: invalid handle
[2026-07-16 11:13:56.933] [svulkan2] [error] OIDN Error: invalid handle
[2026-07-16 11:13:56.945] [svulkan2] [error] OIDN Error: invalid handle
[2026-07-16 11:13:56.956] [svulkan2] [error] OIDN Error: invalid handle
[2026-07-16 11:13:56.968] [svulkan2] [error] OIDN Error: invalid handle
[2026-07-16 11:13:56.979] [svulkan2] [error] OIDN Error: invalid handle
[2026-07-16 11:13:56.990] [svulkan2] [error] OIDN Error: invalid handle
[2026-07-16 11:13:57.002] [svulkan2] [error] OIDN Error: invalid handle
[2026-07-16 11:13:57.014] [svulkan2] [error] OIDN Error: invalid handle
[2026-07-16 11:13:57.025] [svulkan2] [error] OIDN Error: invalid handle
[2026-07-16 11:13:57.037] [svulkan2] [error] OIDN Error: invalid handle
[2026-07-16 11:13:57.049] [svulkan2] [error] OIDN Error: invalid handle
[2026-07-16 11:13:57.060] [svulkan2] [error] OIDN Error: invalid handle
[2026-07-16 11:13:57.072] [svulkan2] [error] OIDN Error: invalid handle
[2026-07-16 11:13:57.084] [svulkan2] [error] OIDN Error: invalid handle
[2026-07-16 11:13:57.096] [svulkan2] [error] OIDN Error: invalid handle
[2026-07-16 11:13:57.107] [svulkan2] [error] OIDN Error: invalid handle
[2026-07-16 11:13:57.119] [svulkan2] [error] OIDN Error: invalid handle
[2026-07-16 11:13:57.130] [svulkan2] [error] OIDN Error: invalid handle
[2026-07-16 11:13:57.142] [svulkan2] [error] OIDN Error: invalid handle
[2026-07-16 11:13:57.153] [svulkan2] [error] OIDN Error: invalid handle
[2026-07-16 11:13:57.164] [svulkan2] [error] OIDN Error: invalid handle
[2026-07-16 11:13:57.176] [svulkan2] [error] OIDN Error: invalid handle
[2026-07-16 11:13:57.188] [svulkan2] [error] OIDN Error: invalid handle
[2026-07-16 11:13:57.199] [svulkan2] [error] OIDN Error: invalid handle
[2026-07-16 11:13:57.211] [svulkan2] [error] OIDN Error: invalid handle
[2026-07-16 11:13:57.222] [svulkan2] [error] OIDN Error: invalid handle
[2026-07-16 11:13:57.233] [svulkan2] [error] OIDN Error: invalid handle
[2026-07-16 11:13:57.245] [svulkan2] [error] OIDN Error: invalid handle
[2026-07-16 11:13:57.256] [svulkan2] [error] OIDN Error: invalid handle
[2026-07-16 11:13:57.268] [svulkan2] [error] OIDN Error: invalid handle
[2026-07-16 11:13:57.280] [svulkan2] [error] OIDN Error: invalid handle
[2026-07-16 11:13:57.291] [svulkan2] [error] OIDN Error: invalid handle
[2026-07-16 11:13:57.302] [svulkan2] [error] OIDN Error: invalid handle
[2026-07-16 11:13:57.314] [svulkan2] [error] OIDN Error: invalid handle
[2026-07-16 11:13:57.326] [svulkan2] [error] OIDN Error: invalid handle
[2026-07-16 11:13:57.337] [svulkan2] [error] OIDN Error: invalid handle
[2026-07-16 11:13:57.349] [svulkan2] [error] OIDN Error: invalid handle
[2026-07-16 11:13:57.360] [svulkan2] [error] OIDN Error: invalid handle
[2026-07-16 11:13:57.371] [svulkan2] [error] OIDN Error: invalid handle
[2026-07-16 11:13:57.383] [svulkan2] [error] OIDN Error: invalid handle
[2026-07-16 11:13:57.394] [svulkan2] [error] OIDN Error: invalid handle
[2026-07-16 11:13:57.414] [svulkan2] [error] OIDN Error: invalid handle
[2026-07-16 11:13:57.427] [svulkan2] [error] OIDN Error: invalid handle
missing pytorch3d
Warp DeprecationWarning: The symbol `warp.torch.device_from_torch` will soon be removed from the public API. Use `warp.device_from_torch` instead.
PASS scene=place_a_red_can_to_the_left_of_b21824b743 fail=0 video_frames=120
