<USER_HOME>/workspace/alchedata-self-improving-agents/external/RoboTwin/envs/curobo/src/curobo/opt/opt_base.py:298: UserWarning: Sparse invariant checks are implicitly disabled. Memory errors (e.g. SEGFAULT) will occur when operating on a sparse tensor which violates the invariants, but checks incur performance overhead. To silence this warning, explicitly opt in or out. See `torch.sparse.check_sparse_tensor_invariants.__doc__` for guidance.  (Triggered internally at /pytorch/aten/src/ATen/Context.cpp:760.)
  self.problem_kernel_ = torch.sparse_coo_tensor(
[2026-07-16 11:18:12.507] [svulkan2] [error] OIDN Error: unsupported device type: CUDA
[2026-07-16 11:18:12.524] [svulkan2] [error] OIDN Error: invalid handle
[2026-07-16 11:18:12.535] [svulkan2] [error] OIDN Error: invalid handle
[2026-07-16 11:18:12.546] [svulkan2] [error] OIDN Error: invalid handle
[2026-07-16 11:18:12.558] [svulkan2] [error] OIDN Error: invalid handle
[2026-07-16 11:18:12.570] [svulkan2] [error] OIDN Error: invalid handle
[2026-07-16 11:18:12.582] [svulkan2] [error] OIDN Error: invalid handle
[2026-07-16 11:18:12.593] [svulkan2] [error] OIDN Error: invalid handle
[2026-07-16 11:18:12.604] [svulkan2] [error] OIDN Error: invalid handle
[2026-07-16 11:18:12.616] [svulkan2] [error] OIDN Error: invalid handle
[2026-07-16 11:18:12.627] [svulkan2] [error] OIDN Error: invalid handle
[2026-07-16 11:18:12.638] [svulkan2] [error] OIDN Error: invalid handle
[2026-07-16 11:18:12.650] [svulkan2] [error] OIDN Error: invalid handle
[2026-07-16 11:18:12.661] [svulkan2] [error] OIDN Error: invalid handle
[2026-07-16 11:18:12.672] [svulkan2] [error] OIDN Error: invalid handle
[2026-07-16 11:18:12.684] [svulkan2] [error] OIDN Error: invalid handle
[2026-07-16 11:18:12.695] [svulkan2] [error] OIDN Error: invalid handle
[2026-07-16 11:18:12.707] [svulkan2] [error] OIDN Error: invalid handle
[2026-07-16 11:18:12.718] [svulkan2] [error] OIDN Error: invalid handle
[2026-07-16 11:18:12.730] [svulkan2] [error] OIDN Error: invalid handle
[2026-07-16 11:18:12.741] [svulkan2] [error] OIDN Error: invalid handle
[2026-07-16 11:18:12.753] [svulkan2] [error] OIDN Error: invalid handle
[2026-07-16 11:18:12.765] [svulkan2] [error] OIDN Error: invalid handle
[2026-07-16 11:18:12.776] [svulkan2] [error] OIDN Error: invalid handle
[2026-07-16 11:18:12.787] [svulkan2] [error] OIDN Error: invalid handle
[2026-07-16 11:18:12.799] [svulkan2] [error] OIDN Error: invalid handle
[2026-07-16 11:18:12.810] [svulkan2] [error] OIDN Error: invalid handle
[2026-07-16 11:18:12.822] [svulkan2] [error] OIDN Error: invalid handle
[2026-07-16 11:18:12.834] [svulkan2] [error] OIDN Error: invalid handle
[2026-07-16 11:18:12.845] [svulkan2] [error] OIDN Error: invalid handle
[2026-07-16 11:18:12.857] [svulkan2] [error] OIDN Error: invalid handle
[2026-07-16 11:18:12.868] [svulkan2] [error] OIDN Error: invalid handle
[2026-07-16 11:18:12.880] [svulkan2] [error] OIDN Error: invalid handle
[2026-07-16 11:18:12.891] [svulkan2] [error] OIDN Error: invalid handle
[2026-07-16 11:18:12.903] [svulkan2] [error] OIDN Error: invalid handle
[2026-07-16 11:18:12.914] [svulkan2] [error] OIDN Error: invalid handle
[2026-07-16 11:18:12.925] [svulkan2] [error] OIDN Error: invalid handle
[2026-07-16 11:18:12.937] [svulkan2] [error] OIDN Error: invalid handle
[2026-07-16 11:18:12.949] [svulkan2] [error] OIDN Error: invalid handle
[2026-07-16 11:18:12.960] [svulkan2] [error] OIDN Error: invalid handle
[2026-07-16 11:18:12.972] [svulkan2] [error] OIDN Error: invalid handle
[2026-07-16 11:18:12.984] [svulkan2] [error] OIDN Error: invalid handle
[2026-07-16 11:18:12.995] [svulkan2] [error] OIDN Error: invalid handle
[2026-07-16 11:18:13.007] [svulkan2] [error] OIDN Error: invalid handle
[2026-07-16 11:18:13.018] [svulkan2] [error] OIDN Error: invalid handle
[2026-07-16 11:18:13.030] [svulkan2] [error] OIDN Error: invalid handle
[2026-07-16 11:18:13.042] [svulkan2] [error] OIDN Error: invalid handle
[2026-07-16 11:18:13.054] [svulkan2] [error] OIDN Error: invalid handle
[2026-07-16 11:18:13.065] [svulkan2] [error] OIDN Error: invalid handle
[2026-07-16 11:18:13.077] [svulkan2] [error] OIDN Error: invalid handle
[2026-07-16 11:18:13.089] [svulkan2] [error] OIDN Error: invalid handle
[2026-07-16 11:18:13.100] [svulkan2] [error] OIDN Error: invalid handle
[2026-07-16 11:18:13.112] [svulkan2] [error] OIDN Error: invalid handle
[2026-07-16 11:18:13.123] [svulkan2] [error] OIDN Error: invalid handle
[2026-07-16 11:18:13.135] [svulkan2] [error] OIDN Error: invalid handle
[2026-07-16 11:18:13.146] [svulkan2] [error] OIDN Error: invalid handle
[2026-07-16 11:18:13.158] [svulkan2] [error] OIDN Error: invalid handle
[2026-07-16 11:18:13.169] [svulkan2] [error] OIDN Error: invalid handle
[2026-07-16 11:18:13.181] [svulkan2] [error] OIDN Error: invalid handle
[2026-07-16 11:18:13.193] [svulkan2] [error] OIDN Error: invalid handle
[2026-07-16 11:18:13.204] [svulkan2] [error] OIDN Error: invalid handle
[2026-07-16 11:18:13.216] [svulkan2] [error] OIDN Error: invalid handle
[2026-07-16 11:18:13.227] [svulkan2] [error] OIDN Error: invalid handle
[2026-07-16 11:18:13.239] [svulkan2] [error] OIDN Error: invalid handle
[2026-07-16 11:18:13.250] [svulkan2] [error] OIDN Error: invalid handle
[2026-07-16 11:18:13.262] [svulkan2] [error] OIDN Error: invalid handle
[2026-07-16 11:18:13.273] [svulkan2] [error] OIDN Error: invalid handle
[2026-07-16 11:18:13.285] [svulkan2] [error] OIDN Error: invalid handle
[2026-07-16 11:18:13.297] [svulkan2] [error] OIDN Error: invalid handle
[2026-07-16 11:18:13.308] [svulkan2] [error] OIDN Error: invalid handle
[2026-07-16 11:18:13.320] [svulkan2] [error] OIDN Error: invalid handle
[2026-07-16 11:18:13.331] [svulkan2] [error] OIDN Error: invalid handle
[2026-07-16 11:18:13.342] [svulkan2] [error] OIDN Error: invalid handle
[2026-07-16 11:18:13.353] [svulkan2] [error] OIDN Error: invalid handle
[2026-07-16 11:18:13.365] [svulkan2] [error] OIDN Error: invalid handle
[2026-07-16 11:18:13.377] [svulkan2] [error] OIDN Error: invalid handle
[2026-07-16 11:18:13.389] [svulkan2] [error] OIDN Error: invalid handle
[2026-07-16 11:18:13.400] [svulkan2] [error] OIDN Error: invalid handle
[2026-07-16 11:18:13.411] [svulkan2] [error] OIDN Error: invalid handle
[2026-07-16 11:18:13.424] [svulkan2] [error] OIDN Error: invalid handle
[2026-07-16 11:18:13.435] [svulkan2] [error] OIDN Error: invalid handle
[2026-07-16 11:18:13.447] [svulkan2] [error] OIDN Error: invalid handle
[2026-07-16 11:18:13.458] [svulkan2] [error] OIDN Error: invalid handle
[2026-07-16 11:18:13.470] [svulkan2] [error] OIDN Error: invalid handle
[2026-07-16 11:18:13.482] [svulkan2] [error] OIDN Error: invalid handle
[2026-07-16 11:18:13.494] [svulkan2] [error] OIDN Error: invalid handle
[2026-07-16 11:18:13.506] [svulkan2] [error] OIDN Error: invalid handle
[2026-07-16 11:18:13.517] [svulkan2] [error] OIDN Error: invalid handle
[2026-07-16 11:18:13.529] [svulkan2] [error] OIDN Error: invalid handle
[2026-07-16 11:18:13.541] [svulkan2] [error] OIDN Error: invalid handle
[2026-07-16 11:18:13.553] [svulkan2] [error] OIDN Error: invalid handle
[2026-07-16 11:18:13.564] [svulkan2] [error] OIDN Error: invalid handle
[2026-07-16 11:18:13.576] [svulkan2] [error] OIDN Error: invalid handle
[2026-07-16 11:18:13.587] [svulkan2] [error] OIDN Error: invalid handle
[2026-07-16 11:18:13.599] [svulkan2] [error] OIDN Error: invalid handle
[2026-07-16 11:18:13.610] [svulkan2] [error] OIDN Error: invalid handle
[2026-07-16 11:18:13.621] [svulkan2] [error] OIDN Error: invalid handle
[2026-07-16 11:18:13.633] [svulkan2] [error] OIDN Error: invalid handle
[2026-07-16 11:18:13.645] [svulkan2] [error] OIDN Error: invalid handle
[2026-07-16 11:18:13.656] [svulkan2] [error] OIDN Error: invalid handle
[2026-07-16 11:18:13.668] [svulkan2] [error] OIDN Error: invalid handle
[2026-07-16 11:18:13.680] [svulkan2] [error] OIDN Error: invalid handle
[2026-07-16 11:18:13.691] [svulkan2] [error] OIDN Error: invalid handle
[2026-07-16 11:18:13.703] [svulkan2] [error] OIDN Error: invalid handle
[2026-07-16 11:18:13.714] [svulkan2] [error] OIDN Error: invalid handle
[2026-07-16 11:18:13.726] [svulkan2] [error] OIDN Error: invalid handle
[2026-07-16 11:18:13.739] [svulkan2] [error] OIDN Error: invalid handle
[2026-07-16 11:18:13.750] [svulkan2] [error] OIDN Error: invalid handle
[2026-07-16 11:18:13.762] [svulkan2] [error] OIDN Error: invalid handle
[2026-07-16 11:18:13.774] [svulkan2] [error] OIDN Error: invalid handle
[2026-07-16 11:18:13.785] [svulkan2] [error] OIDN Error: invalid handle
[2026-07-16 11:18:13.798] [svulkan2] [error] OIDN Error: invalid handle
[2026-07-16 11:18:13.810] [svulkan2] [error] OIDN Error: invalid handle
[2026-07-16 11:18:13.821] [svulkan2] [error] OIDN Error: invalid handle
[2026-07-16 11:18:13.833] [svulkan2] [error] OIDN Error: invalid handle
[2026-07-16 11:18:13.845] [svulkan2] [error] OIDN Error: invalid handle
[2026-07-16 11:18:13.856] [svulkan2] [error] OIDN Error: invalid handle
[2026-07-16 11:18:13.868] [svulkan2] [error] OIDN Error: invalid handle
[2026-07-16 11:18:13.880] [svulkan2] [error] OIDN Error: invalid handle
[2026-07-16 11:18:13.891] [svulkan2] [error] OIDN Error: invalid handle
[2026-07-16 11:18:13.912] [svulkan2] [error] OIDN Error: invalid handle
[2026-07-16 11:18:13.926] [svulkan2] [error] OIDN Error: invalid handle
missing pytorch3d
Warp DeprecationWarning: The symbol `warp.torch.device_from_torch` will soon be removed from the public API. Use `warp.device_from_torch` instead.
PASS scene=place_a_red_can_to_the_left_of_b21824b743 fail=0 video_frames=120
