/home/yuhang/miniconda3/envs/env-gen-yuxin/lib/python3.10/site-packages/sapien/__init__.py:2: UserWarning: pkg_resources is deprecated as an API. See https://setuptools.pypa.io/en/latest/pkg_resources.html. The pkg_resources package is slated for removal as early as 2025-11-30. Refrain from using this package or pin to Setuptools<81.
  import pkg_resources
/home/yuhang/workspace/robot-harness-gen-env/external/RoboTwin/envs/curobo/src/curobo/opt/opt_base.py:298: UserWarning: Sparse invariant checks are implicitly disabled. Memory errors (e.g. SEGFAULT) will occur when operating on a sparse tensor which violates the invariants, but checks incur performance overhead. To silence this warning, explicitly opt in or out. See `torch.sparse.check_sparse_tensor_invariants.__doc__` for guidance.  (Triggered internally at /pytorch/aten/src/ATen/Context.cpp:760.)
  self.problem_kernel_ = torch.sparse_coo_tensor(
[2026-08-19 15:14:20.430] [svulkan2] [error] OIDN Error: unsupported device type: CUDA
[2026-08-19 15:14:20.449] [svulkan2] [error] OIDN Error: invalid handle
[2026-08-19 15:14:20.461] [svulkan2] [error] OIDN Error: invalid handle
[2026-08-19 15:14:20.472] [svulkan2] [error] OIDN Error: invalid handle
[2026-08-19 15:14:20.484] [svulkan2] [error] OIDN Error: invalid handle
[2026-08-19 15:14:20.495] [svulkan2] [error] OIDN Error: invalid handle
[2026-08-19 15:14:20.507] [svulkan2] [error] OIDN Error: invalid handle
[2026-08-19 15:14:20.519] [svulkan2] [error] OIDN Error: invalid handle
[2026-08-19 15:14:20.530] [svulkan2] [error] OIDN Error: invalid handle
[2026-08-19 15:14:20.542] [svulkan2] [error] OIDN Error: invalid handle
[2026-08-19 15:14:20.554] [svulkan2] [error] OIDN Error: invalid handle
[2026-08-19 15:14:20.604] [svulkan2] [error] OIDN Error: invalid handle
[2026-08-19 15:14:20.627] [svulkan2] [error] OIDN Error: invalid handle
[2026-08-19 15:14:20.643] [svulkan2] [error] OIDN Error: invalid handle
[2026-08-19 15:14:20.687] [svulkan2] [error] OIDN Error: invalid handle
[2026-08-19 15:14:20.729] [svulkan2] [error] OIDN Error: invalid handle
missing pytorch3d
Warp DeprecationWarning: The symbol `warp.torch.device_from_torch` will soon be removed from the public API. Use `warp.device_from_torch` instead.
PASS scene=place_a_bottle_on_the_table_1829138cd7 fail=0 video_frames=12
